--------- beginning of system
--------- beginning of main
05-06 10:28:23.173 22446 22446 D GAPS    : METHOD=<com.evancharlton.mileage.adapters.VehicleStatisticsAdapter: int getCount()>
05-06 10:28:23.173 22446 22446 D GAPS    : METHOD=<com.evancharlton.mileage.adapters.VehicleStatisticsAdapter: int getViewTypeCount()>
05-06 10:28:23.173 22446 22446 D GAPS    : CLASS=com.evancharlton.mileage.VehicleStatisticsActivity$2
05-06 10:28:23.173 22446 22446 D GAPS    : METHOD=<com.evancharlton.mileage.VehicleStatisticsActivity$2: void <init>(com.evancharlton.mileage.VehicleStatisticsActivity)>
05-06 10:28:23.173 22446 22446 D GAPS    : CLASS=com.evancharlton.mileage.VehicleStatisticsActivity$3
05-06 10:28:23.173 22446 22446 D GAPS    : METHOD=<com.evancharlton.mileage.VehicleStatisticsActivity$3: void <init>(com.evancharlton.mileage.VehicleStatisticsActivity)>
05-06 10:28:23.174 22446 22446 D GAPS    : METHOD=<com.evancharlton.mileage.VehicleStatisticsActivity: void onResume()>
05-06 10:28:23.174 22446 22504 D GAPS    : CLASS=com.evancharlton.mileage.services.AutomaticBackupService
05-06 10:28:23.174 22446 22504 D GAPS    : METHOD=<com.evancharlton.mileage.services.AutomaticBackupService: void <clinit>()>
05-06 10:28:23.174 22446 22504 D GAPS    : METHOD=<com.evancharlton.mileage.services.AutomaticBackupService: void run(android.content.Context)>
05-06 10:28:23.181 22446 22446 D GAPS    : METHOD=<com.evancharlton.mileage.adapters.VehicleStatisticsAdapter: int getItemViewType(int)>
05-06 10:28:23.181 22446 22446 D GAPS    : METHOD=<com.evancharlton.mileage.adapters.VehicleStatisticsAdapter: android.view.View getView(int,android.view.View,android.view.ViewGroup)>
05-06 10:28:23.182 22446 22446 D GAPS    : CLASS=com.evancharlton.mileage.adapters.VehicleStatisticsAdapter$ViewHolder
05-06 10:28:23.182 22446 22446 D GAPS    : METHOD=<com.evancharlton.mileage.adapters.VehicleStatisticsAdapter$ViewHolder: void <init>(android.view.View)>
05-06 10:28:23.182 22446 22446 D GAPS    : METHOD=<com.evancharlton.mileage.adapters.VehicleStatisticsAdapter: boolean isEnabled(int)>
05-06 10:28:23.222 22446 22446 D GAPS    : METHOD=<com.evancharlton.mileage.services.AutomaticBackupService: void <init>()>
05-06 10:28:23.223 22446 22560 D GAPS    : METHOD=<com.evancharlton.mileage.services.AutomaticBackupService: void onHandleIntent(android.content.Intent)>
05-06 10:28:23.223 22446 22446 D GAPS    : METHOD=<com.evancharlton.mileage.tasks.VehicleStatisticsTask: void onPostExecute(java.lang.Object)>
05-06 10:28:23.223 22446 22446 D GAPS    : METHOD=<com.evancharlton.mileage.tasks.VehicleStatisticsTask: void onPostExecute(java.lang.Integer)>
05-06 10:28:23.223 22446 22446 D GAPS    : METHOD=<com.evancharlton.mileage.VehicleStatisticsActivity: com.evancharlton.mileage.adapters.VehicleStatisticsAdapter getAdapter()>
05-06 10:28:23.223 22446 22446 D GAPS    : METHOD=<com.evancharlton.mileage.adapters.VehicleStatisticsAdapter: long getItemId(int)>
05-06 10:28:23.224 22446 22446 D GAPS    : METHOD=<com.evancharlton.mileage.VehicleStatisticsActivity: void stopCalculations()>
05-06 10:28:23.224 22446 22446 D GAPS    : METHOD=<com.evancharlton.mileage.adapters.VehicleStatisticsAdapter: void flush()>
05-06 10:28:23.224 22446 22446 D GAPS    : CLASS=com.evancharlton.mileage.adapters.VehicleStatisticsAdapter$1
05-06 10:28:23.224 22446 22446 D GAPS    : METHOD=<com.evancharlton.mileage.adapters.VehicleStatisticsAdapter$1: void <init>(com.evancharlton.mileage.adapters.VehicleStatisticsAdapter)>
05-06 10:28:23.224 22446 22561 D GAPS    : METHOD=<com.evancharlton.mileage.adapters.VehicleStatisticsAdapter$1: void run()>
05-06 10:28:23.224 22446 22561 D GAPS    : METHOD=<com.evancharlton.mileage.adapters.VehicleStatisticsAdapter: com.evancharlton.mileage.dao.Vehicle access$000(com.evancharlton.mileage.adapters.VehicleStatisticsAdapter)>
05-06 10:28:23.224 22446 22561 D GAPS    : METHOD=<com.evancharlton.mileage.adapters.VehicleStatisticsAdapter: android.content.Context access$100(com.evancharlton.mileage.adapters.VehicleStatisticsAdapter)>
05-06 10:28:23.225 22446 22560 D GAPS    : METHOD=<com.evancharlton.mileage.util.Util: java.io.File getExternalFolder()>
05-06 10:28:23.226 22446 22561 D GAPS    : METHOD=<com.evancharlton.mileage.adapters.VehicleStatisticsAdapter: java.util.ArrayList access$200(com.evancharlton.mileage.adapters.VehicleStatisticsAdapter)>
05-06 10:28:23.226 22446 22561 D GAPS    : METHOD=<com.evancharlton.mileage.adapters.VehicleStatisticsAdapter: java.util.HashMap access$300(com.evancharlton.mileage.adapters.VehicleStatisticsAdapter)>
05-06 10:28:23.227 22446 22561 D GAPS    : METHOD=<com.evancharlton.mileage.provider.FillUpsProvider: android.net.Uri insert(android.net.Uri,android.content.ContentValues)>
05-06 10:28:23.227 22446 22561 D GAPS    : METHOD=<com.evancharlton.mileage.provider.tables.CacheTable: long insert(int,android.database.sqlite.SQLiteDatabase,android.content.ContentValues)>
05-06 10:28:25.458 22446 22446 D GAPS    : METHOD=<com.evancharlton.mileage.VehicleStatisticsActivity$2: void onItemClick(android.widget.AdapterView,android.view.View,int,long)>
05-06 10:28:25.458 22446 22446 D GAPS    : METHOD=<com.evancharlton.mileage.VehicleStatisticsActivity: com.evancharlton.mileage.adapters.VehicleStatisticsAdapter access$400(com.evancharlton.mileage.VehicleStatisticsActivity)>
05-06 10:28:25.458 22446 22446 D GAPS    : METHOD=<com.evancharlton.mileage.adapters.VehicleStatisticsAdapter: int getNumHeadersAbove(int)>
05-06 10:28:25.458 22446 22446 D GAPS    : METHOD=<com.evancharlton.mileage.provider.Statistic: java.lang.Class getChartClass()>
05-06 10:28:25.458 22446 22446 D GAPS    : METHOD=<com.evancharlton.mileage.VehicleStatisticsActivity: com.evancharlton.mileage.dao.Vehicle access$000(com.evancharlton.mileage.VehicleStatisticsActivity)>
05-06 10:28:25.487 22446 22446 D GAPS    : CLASS=com.evancharlton.mileage.charts.MaximumPriceChart
05-06 10:28:25.487 22446 22446 D GAPS    : METHOD=<com.evancharlton.mileage.charts.MaximumPriceChart: void <init>()>
05-06 10:28:25.487 22446 22446 D GAPS    : CLASS=com.evancharlton.mileage.charts.PriceChart
05-06 10:28:25.487 22446 22446 D GAPS    : METHOD=<com.evancharlton.mileage.charts.PriceChart: void <init>()>
05-06 10:28:25.487 22446 22446 D GAPS    : CLASS=com.evancharlton.mileage.charts.LineChart
05-06 10:28:25.487 22446 22446 D GAPS    : METHOD=<com.evancharlton.mileage.charts.LineChart: void <init>()>
05-06 10:28:25.487 22446 22446 D GAPS    : CLASS=com.evancharlton.mileage.ChartActivity
05-06 10:28:25.487 22446 22446 D GAPS    : METHOD=<com.evancharlton.mileage.ChartActivity: void <init>()>
05-06 10:28:25.487 22446 22446 D GAPS    : ACTIVITY=com.evancharlton.mileage.ChartActivity
05-06 10:28:25.487 22446 22446 D GAPS    : METHOD=<com.evancharlton.mileage.ChartActivity: void onCreate(android.os.Bundle)>
05-06 10:28:25.490 22446 22446 D GAPS    : CLASS=com.artfulbits.aiCharts.ChartView
05-06 10:28:25.490 22446 22446 D GAPS    : METHOD=<com.artfulbits.aiCharts.ChartView: void <init>(android.content.Context,android.util.AttributeSet)>
05-06 10:28:25.490 22446 22446 D GAPS    : METHOD=<com.artfulbits.aiCharts.ChartView: void <init>(android.content.Context,android.util.AttributeSet,int)>
05-06 10:28:25.491 22446 22446 D GAPS    : METHOD=<com.artfulbits.aiCharts.ChartView: void <init>(android.content.Context,android.util.AttributeSet,int,int)>
05-06 10:28:25.491 22446 22446 D GAPS    : CLASS=com.artfulbits.aiCharts.a
05-06 10:28:25.491 22446 22446 D GAPS    : METHOD=<com.artfulbits.aiCharts.a: void <init>(com.artfulbits.aiCharts.ChartView)>
05-06 10:28:25.491 22446 22446 D GAPS    : CLASS=com.artfulbits.aiCharts.Base.ChartEngine
05-06 10:28:25.491 22446 22446 D GAPS    : METHOD=<com.artfulbits.aiCharts.Base.ChartEngine: void <clinit>()>
05-06 10:28:25.491 22446 22446 D GAPS    : METHOD=<com.artfulbits.license.LicenseData: com.artfulbits.license.LicenseData fromPackage(java.lang.Class,java.lang.String,java.lang.String,byte[],byte[])>
05-06 10:28:25.491 22446 22446 D GAPS    : METHOD=<com.artfulbits.license.LicenseData: byte[] b(java.lang.Class,java.lang.String)>
05-06 10:28:25.492 22446 22446 D GAPS    : METHOD=<com.artfulbits.license.LicenseData: byte[] a(java.lang.Class,java.lang.String)>
05-06 10:28:25.492 22446 22446 D GAPS    : METHOD=<com.artfulbits.aiCharts.Base.r: com.artfulbits.aiCharts.Base.r a(com.artfulbits.license.LicenseData)>
05-06 10:28:25.492 22446 22446 D GAPS    : CLASS=com.artfulbits.aiCharts.Base.r
05-06 10:28:25.492 22446 22446 D GAPS    : METHOD=<com.artfulbits.aiCharts.Base.r: void <init>(java.lang.String)>
05-06 10:28:25.493 22446 22446 D GAPS    : METHOD=<com.artfulbits.aiCharts.Base.ChartEngine: void <init>()>
05-06 10:28:25.493 22446 22446 D GAPS    : CLASS=com.artfulbits.aiCharts.Base.f
05-06 10:28:25.493 22446 22446 D GAPS    : METHOD=<com.artfulbits.aiCharts.Base.f: void <init>()>
05-06 10:28:25.493 22446 22446 D GAPS    : CLASS=com.artfulbits.aiCharts.Base.ChartPalette
05-06 10:28:25.493 22446 22446 D GAPS    : METHOD=<com.artfulbits.aiCharts.Base.ChartPalette: void <clinit>()>
05-06 10:28:25.493 22446 22446 D GAPS    : METHOD=<com.artfulbits.aiCharts.Base.ChartPalette: void <init>(int[])>
05-06 10:28:25.493 22446 22446 D GAPS    : CLASS=com.artfulbits.aiCharts.Base.ChartGraph
05-06 10:28:25.493 22446 22446 D GAPS    : METHOD=<com.artfulbits.aiCharts.Base.ChartGraph: void <init>()>
05-06 10:28:25.493 22446 22446 D GAPS    : CLASS=com.artfulbits.aiCharts.Base.ChartGraph$b
05-06 10:28:25.493 22446 22446 D GAPS    : METHOD=<com.artfulbits.aiCharts.Base.ChartGraph$b: void <clinit>()>
05-06 10:28:25.493 22446 22446 D GAPS    : METHOD=<com.artfulbits.aiCharts.Base.ChartGraph$b: void <init>()>
05-06 10:28:25.494 22446 22446 D GAPS    : CLASS=com.artfulbits.aiCharts.Base.j
05-06 10:28:25.494 22446 22446 D GAPS    : METHOD=<com.artfulbits.aiCharts.Base.j: void <init>()>
05-06 10:28:25.494 22446 22446 D GAPS    : CLASS=com.artfulbits.aiCharts.Base.g
05-06 10:28:25.494 22446 22446 D GAPS    : METHOD=<com.artfulbits.aiCharts.Base.g: void <init>(com.artfulbits.aiCharts.Base.ChartEngine)>
05-06 10:28:25.494 22446 22446 D GAPS    : CLASS=com.artfulbits.aiCharts.Base.ChartEngine$3
05-06 10:28:25.494 22446 22446 D GAPS    : METHOD=<com.artfulbits.aiCharts.Base.ChartEngine$3: void <init>(com.artfulbits.aiCharts.Base.ChartEngine)>
05-06 10:28:25.494 22446 22446 D GAPS    : CLASS=com.artfulbits.aiCharts.Base.ChartEngine$4
05-06 10:28:25.494 22446 22446 D GAPS    : METHOD=<com.artfulbits.aiCharts.Base.ChartEngine$4: void <init>(com.artfulbits.aiCharts.Base.ChartEngine)>
05-06 10:28:25.494 22446 22446 D GAPS    : CLASS=com.artfulbits.aiCharts.Base.ChartEngine$a
05-06 10:28:25.494 22446 22446 D GAPS    : METHOD=<com.artfulbits.aiCharts.Base.ChartEngine$a: void <init>(com.artfulbits.aiCharts.Base.ChartEngine)>
05-06 10:28:25.494 22446 22446 D GAPS    : METHOD=<com.artfulbits.aiCharts.Base.ChartEngine$a: void <init>(com.artfulbits.aiCharts.Base.ChartEngine,byte)>
05-06 10:28:25.494 22446 22446 D GAPS    : CLASS=com.artfulbits.aiCharts.Base.ChartNamedCollection
05-06 10:28:25.494 22446 22446 D GAPS    : METHOD=<com.artfulbits.aiCharts.Base.ChartNamedCollection: void <init>(com.artfulbits.aiCharts.Base.ChartCollection$IChangeListener,java.lang.String)>
05-06 10:28:25.494 22446 22446 D GAPS    : CLASS=com.artfulbits.aiCharts.Base.ChartCollection
05-06 10:28:25.494 22446 22446 D GAPS    : METHOD=<com.artfulbits.aiCharts.Base.ChartCollection: void <init>(com.artfulbits.aiCharts.Base.ChartCollection$IChangeListener)>
05-06 10:28:25.494 22446 22446 D GAPS    : CLASS=com.artfulbits.aiCharts.Base.ChartEngine$c
05-06 10:28:25.494 22446 22446 D GAPS    : METHOD=<com.artfulbits.aiCharts.Base.ChartEngine$c: void <init>(com.artfulbits.aiCharts.Base.ChartEngine)>
05-06 10:28:25.494 22446 22446 D GAPS    : METHOD=<com.artfulbits.aiCharts.Base.ChartEngine$c: void <init>(com.artfulbits.aiCharts.Base.ChartEngine,byte)>
05-06 10:28:25.494 22446 22446 D GAPS    : CLASS=com.artfulbits.aiCharts.Base.ChartEngine$b
05-06 10:28:25.494 22446 22446 D GAPS    : METHOD=<com.artfulbits.aiCharts.Base.ChartEngine$b: void <init>(com.artfulbits.aiCharts.Base.ChartEngine)>
05-06 10:28:25.494 22446 22446 D GAPS    : METHOD=<com.artfulbits.aiCharts.Base.ChartEngine$b: void <init>(com.artfulbits.aiCharts.Base.ChartEngine,byte)>
05-06 10:28:25.495 22446 22446 D GAPS    : CLASS=com.artfulbits.aiCharts.Base.ChartEngine$1
05-06 10:28:25.495 22446 22446 D GAPS    : METHOD=<com.artfulbits.aiCharts.Base.ChartEngine$1: void <init>(com.artfulbits.aiCharts.Base.ChartEngine)>
05-06 10:28:25.495 22446 22446 D GAPS    : CLASS=com.artfulbits.aiCharts.Base.ChartEngine$2
05-06 10:28:25.495 22446 22446 D GAPS    : METHOD=<com.artfulbits.aiCharts.Base.ChartEngine$2: void <init>(com.artfulbits.aiCharts.Base.ChartEngine)>
05-06 10:28:25.495 22446 22446 D GAPS    : METHOD=<com.artfulbits.aiCharts.ChartView: void setChart(com.artfulbits.aiCharts.Base.ChartEngine)>
05-06 10:28:25.495 22446 22446 D GAPS    : METHOD=<com.artfulbits.aiCharts.Base.ChartEngine: void addInvalidateListener(com.artfulbits.aiCharts.Base.IInvalidateListener)>
05-06 10:28:25.505 22446 22446 D GAPS    : METHOD=<com.evancharlton.mileage.ChartActivity: void restoreLastNonConfigurationInstance()>
05-06 10:28:25.505 22446 22446 D GAPS    : METHOD=<com.evancharlton.mileage.charts.PriceChart: com.evancharlton.mileage.ChartActivity$ChartGenerator createChartGenerator()>
05-06 10:28:25.505 22446 22446 D GAPS    : METHOD=<com.evancharlton.mileage.charts.LineChart: com.evancharlton.mileage.dao.Vehicle getVehicle()>
05-06 10:28:25.507 22446 22446 D GAPS    : CLASS=com.evancharlton.mileage.charts.LineChart$LineChartGenerator
05-06 10:28:25.507 22446 22446 D GAPS    : METHOD=<com.evancharlton.mileage.charts.LineChart$LineChartGenerator: void <init>(com.evancharlton.mileage.charts.LineChart,com.evancharlton.mileage.dao.Vehicle,java.lang.String[])>
05-06 10:28:25.507 22446 22446 D GAPS    : CLASS=com.evancharlton.mileage.ChartActivity$ChartGenerator
05-06 10:28:25.507 22446 22446 D GAPS    : METHOD=<com.evancharlton.mileage.ChartActivity$ChartGenerator: void <init>()>
05-06 10:28:25.507 22446 22446 D GAPS    : METHOD=<com.evancharlton.mileage.ChartActivity$ChartGenerator: void attach(com.evancharlton.mileage.ChartActivity)>
05-06 10:28:25.507 22446 22446 D GAPS    : METHOD=<com.evancharlton.mileage.ChartActivity: android.app.ProgressDialog getProgressDialog()>
05-06 10:28:25.507 22446 22446 D GAPS    : METHOD=<com.evancharlton.mileage.charts.LineChart: java.lang.Object[] getExecuteParameters()>
05-06 10:28:25.507 22446 22446 D GAPS    : METHOD=<com.evancharlton.mileage.ChartActivity$ChartGenerator: void onPreExecute()>
05-06 10:28:25.507 22446 22446 D GAPS    : METHOD=<com.evancharlton.mileage.ChartActivity: android.app.Dialog onCreateDialog(int)>
05-06 10:28:25.522 22446 22446 D GAPS    : METHOD=<com.artfulbits.aiCharts.ChartView: void setPanning(int)>
05-06 10:28:25.522 22446 22504 D GAPS    : METHOD=<com.evancharlton.mileage.charts.LineChart$LineChartGenerator: java.lang.Object doInBackground(java.lang.Object[])>
05-06 10:28:25.522 22446 22504 D GAPS    : METHOD=<com.evancharlton.mileage.charts.LineChart$LineChartGenerator: com.artfulbits.aiCharts.Base.ChartSeries[] doInBackground(java.lang.Object[])>
05-06 10:28:25.522 22446 22504 D GAPS    : METHOD=<com.evancharlton.mileage.charts.LineChart: com.artfulbits.aiCharts.Base.ChartSeries createSeries()>
05-06 10:28:25.522 22446 22446 D GAPS    : CLASS=com.artfulbits.aiCharts.ChartGestureListener
05-06 10:28:25.522 22446 22446 D GAPS    : METHOD=<com.artfulbits.aiCharts.ChartGestureListener: void <init>(com.artfulbits.aiCharts.ChartView)>
05-06 10:28:25.522 22446 22446 D GAPS    : METHOD=<com.artfulbits.aiCharts.ChartGestureListener: void <init>(com.artfulbits.aiCharts.ChartView,int)>
05-06 10:28:25.522 22446 22504 D GAPS    : CLASS=com.artfulbits.aiCharts.Base.ChartPointAttributes
05-06 10:28:25.522 22446 22504 D GAPS    : METHOD=<com.artfulbits.aiCharts.Base.ChartPointAttributes: void <clinit>()>
05-06 10:28:25.522 22446 22446 D GAPS    : CLASS=com.artfulbits.aiCharts.ChartGestureListener$a
05-06 10:28:25.522 22446 22446 D GAPS    : METHOD=<com.artfulbits.aiCharts.ChartGestureListener$a: void <init>(com.artfulbits.aiCharts.ChartGestureListener,android.content.Context)>
05-06 10:28:25.522 22446 22504 D GAPS    : CLASS=com.artfulbits.aiCharts.Enums.Alignment
05-06 10:28:25.522 22446 22504 D GAPS    : METHOD=<com.artfulbits.aiCharts.Enums.Alignment: void <clinit>()>
05-06 10:28:25.522 22446 22446 D GAPS    : METHOD=<com.artfulbits.aiCharts.ChartGestureListener: void setFlags(int)>
05-06 10:28:25.522 22446 22504 D GAPS    : METHOD=<com.artfulbits.aiCharts.Enums.Alignment: void <init>(java.lang.String,int)>
05-06 10:28:25.522 22446 22446 D GAPS    : CLASS=com.evancharlton.mileage.ChartActivity$1
05-06 10:28:25.522 22446 22446 D GAPS    : METHOD=<com.evancharlton.mileage.ChartActivity$1: void <init>(com.evancharlton.mileage.ChartActivity)>
05-06 10:28:25.522 22446 22504 D GAPS    : METHOD=<com.evancharlton.mileage.charts.MaximumPriceChart: java.lang.String getAxisTitle()>
05-06 10:28:25.522 22446 22446 D GAPS    : CLASS=com.evancharlton.mileage.ChartActivity$2
05-06 10:28:25.522 22446 22446 D GAPS    : METHOD=<com.evancharlton.mileage.ChartActivity$2: void <init>(com.evancharlton.mileage.ChartActivity)>
05-06 10:28:25.523 22446 22504 D GAPS    : CLASS=com.artfulbits.aiCharts.Types.ChartTypes
05-06 10:28:25.523 22446 22504 D GAPS    : METHOD=<com.artfulbits.aiCharts.Types.ChartTypes: void <clinit>()>
05-06 10:28:25.523 22446 22504 D GAPS    : CLASS=com.artfulbits.aiCharts.Base.ChartSeries
05-06 10:28:25.523 22446 22504 D GAPS    : METHOD=<com.artfulbits.aiCharts.Base.ChartSeries: void <init>(java.lang.String,java.lang.Class)>
05-06 10:28:25.523 22446 22504 D GAPS    : METHOD=<com.artfulbits.aiCharts.Types.ChartTypes: com.artfulbits.aiCharts.Base.ChartType get(java.lang.Class)>
05-06 10:28:25.523 22446 22504 D GAPS    : CLASS=com.artfulbits.aiCharts.Base.ChartType
05-06 10:28:25.523 22446 22504 D GAPS    : METHOD=<com.artfulbits.aiCharts.Base.ChartType: void <clinit>()>
05-06 10:28:25.524 22446 22504 D GAPS    : CLASS=com.artfulbits.aiCharts.Base.ChartCustomAttribute
05-06 10:28:25.524 22446 22504 D GAPS    : METHOD=<com.artfulbits.aiCharts.Base.ChartCustomAttribute: void <clinit>()>
05-06 10:28:25.524 22446 22504 D GAPS    : METHOD=<com.artfulbits.aiCharts.Base.ChartCustomAttribute: com.artfulbits.aiCharts.Base.ChartCustomAttribute register(java.lang.String,java.lang.Class,java.lang.Class,java.lang.Object)>
05-06 10:28:25.524 22446 22504 D GAPS    : METHOD=<com.artfulbits.aiCharts.Base.ChartCustomAttribute: com.artfulbits.aiCharts.Base.ChartCustomAttribute register(java.lang.String,java.lang.Class,java.lang.Class,java.lang.Object,int)>
05-06 10:28:25.524 22446 22504 D GAPS    : METHOD=<com.artfulbits.aiCharts.Base.ChartCustomAttribute: void <init>(java.lang.String,java.lang.Class,java.lang.Class,java.lang.Object,int)>
05-06 10:28:25.524 22446 22504 D GAPS    : CLASS=com.artfulbits.aiCharts.Types.ChartLineType
05-06 10:28:25.524 22446 22504 D GAPS    : METHOD=<com.artfulbits.aiCharts.Types.ChartLineType: void <clinit>()>
05-06 10:28:25.524 22446 22504 D GAPS    : CLASS=com.artfulbits.aiCharts.Types.ChartLineType$BreakMode
05-06 10:28:25.524 22446 22504 D GAPS    : METHOD=<com.artfulbits.aiCharts.Types.ChartLineType$BreakMode: void <clinit>()>
05-06 10:28:25.524 22446 22504 D GAPS    : METHOD=<com.artfulbits.aiCharts.Types.ChartLineType$BreakMode: void <init>(java.lang.String,int)>
05-06 10:28:25.524 22446 22504 D GAPS    : METHOD=<com.artfulbits.aiCharts.Types.ChartLineType: void <init>()>
05-06 10:28:25.524 22446 22504 D GAPS    : METHOD=<com.artfulbits.aiCharts.Base.ChartType: void <init>()>
05-06 10:28:25.524 22446 22504 D GAPS    : METHOD=<com.artfulbits.aiCharts.Base.ChartSeries: void <init>(java.lang.String,com.artfulbits.aiCharts.Base.ChartType)>
05-06 10:28:25.524 22446 22504 D GAPS    : METHOD=<com.artfulbits.aiCharts.Base.ChartPointAttributes: void <init>()>
05-06 10:28:25.524 22446 22504 D GAPS    : CLASS=com.artfulbits.aiCharts.Base.ChartPointDeclaration
05-06 10:28:25.524 22446 22504 D GAPS    : METHOD=<com.artfulbits.aiCharts.Base.ChartPointDeclaration: void <clinit>()>
05-06 10:28:25.524 22446 22504 D GAPS    : METHOD=<com.artfulbits.aiCharts.Base.ChartPointDeclaration: void <init>()>
05-06 10:28:25.524 22446 22504 D GAPS    : METHOD=<com.artfulbits.aiCharts.Types.ChartTypes: com.artfulbits.aiCharts.Base.ChartType getDefault()>
05-06 10:28:25.524 22446 22504 D GAPS    : CLASS=com.artfulbits.aiCharts.Types.ChartColumnType
05-06 10:28:25.524 22446 22504 D GAPS    : METHOD=<com.artfulbits.aiCharts.Types.ChartColumnType: void <clinit>()>
05-06 10:28:25.524 22446 22504 D GAPS    : CLASS=com.artfulbits.aiCharts.Enums.Shape3D
05-06 10:28:25.524 22446 22504 D GAPS    : METHOD=<com.artfulbits.aiCharts.Enums.Shape3D: void <clinit>()>
05-06 10:28:25.524 22446 22504 D GAPS    : METHOD=<com.artfulbits.aiCharts.Enums.Shape3D: void <init>(java.lang.String,int)>
05-06 10:28:25.524 22446 22504 D GAPS    : METHOD=<com.artfulbits.aiCharts.Types.ChartColumnType: void <init>()>
05-06 10:28:25.524 22446 22504 D GAPS    : CLASS=com.artfulbits.aiCharts.Base.DoubleRange
05-06 10:28:25.524 22446 22504 D GAPS    : METHOD=<com.artfulbits.aiCharts.Base.DoubleRange: void <init>()>
05-06 10:28:25.524 22446 22504 D GAPS    : METHOD=<com.artfulbits.aiCharts.Base.DoubleRange: void b()>
05-06 10:28:25.525 22446 22504 D GAPS    : CLASS=com.artfulbits.aiCharts.Base.ChartSeries$a
05-06 10:28:25.525 22446 22504 D GAPS    : METHOD=<com.artfulbits.aiCharts.Base.ChartSeries$a: void <init>()>
05-06 10:28:25.525 22446 22504 D GAPS    : CLASS=com.artfulbits.aiCharts.Base.ChartAxis$ValueType
05-06 10:28:25.525 22446 22504 D GAPS    : METHOD=<com.artfulbits.aiCharts.Base.ChartAxis$ValueType: void <clinit>()>
05-06 10:28:25.525 22446 22504 D GAPS    : METHOD=<com.artfulbits.aiCharts.Base.ChartAxis$ValueType: void <init>(java.lang.String,int)>
05-06 10:28:25.525 22446 22504 D GAPS    : CLASS=com.artfulbits.aiCharts.Base.ChartPointCollection
05-06 10:28:25.525 22446 22504 D GAPS    : METHOD=<com.artfulbits.aiCharts.Base.ChartPointCollection: void <init>(com.artfulbits.aiCharts.Base.ChartSeries)>
05-06 10:28:25.525 22446 22504 D GAPS    : METHOD=<com.artfulbits.aiCharts.Base.ChartSeries: com.artfulbits.aiCharts.Base.ChartPointCollection getPoints()>
05-06 10:28:25.525 22446 22504 D GAPS    : METHOD=<com.evancharlton.mileage.ChartActivity$ChartGenerator: com.evancharlton.mileage.ChartActivity getActivity()>
05-06 10:28:25.527 22446 22504 D GAPS    : METHOD=<com.evancharlton.mileage.charts.LineChart: void createSeries(com.evancharlton.mileage.charts.LineChart$LineChartGenerator,com.artfulbits.aiCharts.Base.ChartPointCollection,android.database.Cursor,com.evancharlton.mileage.dao.Vehicle)>
05-06 10:28:25.527 22446 22504 D GAPS    : METHOD=<com.evancharlton.mileage.charts.MaximumPriceChart: void processCursor(com.evancharlton.mileage.charts.LineChart$LineChartGenerator,android.database.Cursor,com.evancharlton.mileage.dao.Vehicle)>
05-06 10:28:25.549 22446 22446 D GAPS    : METHOD=<com.artfulbits.aiCharts.ChartView: void onLayout(boolean,int,int,int,int)>
05-06 10:28:25.549 22446 22446 D GAPS    : METHOD=<com.artfulbits.aiCharts.Base.ChartEngine: void setBounds(int,int,int,int)>
05-06 10:28:25.555 22446 22446 D GAPS    : METHOD=<com.artfulbits.aiCharts.ChartView: void onDraw(android.graphics.Canvas)>
05-06 10:28:25.555 22446 22446 D GAPS    : METHOD=<com.artfulbits.aiCharts.Base.ChartEngine: void draw(android.graphics.Canvas)>
05-06 10:28:25.556 22446 22446 D GAPS    : METHOD=<com.artfulbits.aiCharts.Base.r: void a(android.graphics.Canvas,android.graphics.Rect)>
05-06 10:28:25.562 22446 22446 D GAPS    : METHOD=<com.evancharlton.mileage.ChartActivity$ChartGenerator: void onProgressUpdate(java.lang.Object[])>
05-06 10:28:25.562 22446 22446 D GAPS    : METHOD=<com.evancharlton.mileage.ChartActivity$ChartGenerator: void onProgressUpdate(java.lang.Integer[])>
05-06 10:28:25.563 22446 22446 D GAPS    : METHOD=<com.evancharlton.mileage.ChartActivity$ChartGenerator: void onPostExecute(java.lang.Object)>
05-06 10:28:25.563 22446 22446 D GAPS    : METHOD=<com.evancharlton.mileage.ChartActivity$ChartGenerator: void onPostExecute(com.artfulbits.aiCharts.Base.ChartSeries[])>
05-06 10:28:25.573 22446 22446 D GAPS    : METHOD=<com.evancharlton.mileage.ChartActivity: void addChartSeries(com.artfulbits.aiCharts.Base.ChartSeries)>
05-06 10:28:25.573 22446 22446 D GAPS    : CLASS=com.artfulbits.aiCharts.Base.ChartArea
05-06 10:28:25.573 22446 22446 D GAPS    : METHOD=<com.artfulbits.aiCharts.Base.ChartArea: void <init>()>
05-06 10:28:25.573 22446 22446 D GAPS    : CLASS=com.artfulbits.aiCharts.Base.ChartAxis
05-06 10:28:25.573 22446 22446 D GAPS    : METHOD=<com.artfulbits.aiCharts.Base.ChartAxis: void <clinit>()>
05-06 10:28:25.573 22446 22446 D GAPS    : CLASS=com.artfulbits.aiCharts.Base.b
05-06 10:28:25.573 22446 22446 D GAPS    : METHOD=<com.artfulbits.aiCharts.Base.b: void <init>()>
05-06 10:28:25.573 22446 22446 D GAPS    : CLASS=com.artfulbits.aiCharts.Base.c
05-06 10:28:25.573 22446 22446 D GAPS    : METHOD=<com.artfulbits.aiCharts.Base.c: void <init>()>
05-06 10:28:25.573 22446 22446 D GAPS    : CLASS=com.artfulbits.aiCharts.Base.d
05-06 10:28:25.573 22446 22446 D GAPS    : METHOD=<com.artfulbits.aiCharts.Base.d: void <init>()>
05-06 10:28:25.573 22446 22446 D GAPS    : CLASS=com.artfulbits.aiCharts.Base.ChartAxis$Position
05-06 10:28:25.573 22446 22446 D GAPS    : METHOD=<com.artfulbits.aiCharts.Base.ChartAxis$Position: void <clinit>()>
05-06 10:28:25.573 22446 22446 D GAPS    : METHOD=<com.artfulbits.aiCharts.Base.ChartAxis$Position: void <init>(java.lang.String,int,boolean,boolean,boolean)>
05-06 10:28:25.573 22446 22446 D GAPS    : METHOD=<com.artfulbits.aiCharts.Base.ChartAxis: void <init>(com.artfulbits.aiCharts.Base.ChartAxis$Position)>
05-06 10:28:25.574 22446 22446 D GAPS    : CLASS=com.artfulbits.aiCharts.Base.ChartAxis$LabelPosition
05-06 10:28:25.574 22446 22446 D GAPS    : METHOD=<com.artfulbits.aiCharts.Base.ChartAxis$LabelPosition: void <clinit>()>
05-06 10:28:25.574 22446 22446 D GAPS    : METHOD=<com.artfulbits.aiCharts.Base.ChartAxis$LabelPosition: void <init>(java.lang.String,int)>
05-06 10:28:25.574 22446 22446 D GAPS    : CLASS=com.artfulbits.aiCharts.Base.ChartAxis$TickMarkMode
05-06 10:28:25.574 22446 22446 D GAPS    : METHOD=<com.artfulbits.aiCharts.Base.ChartAxis$TickMarkMode: void <clinit>()>
05-06 10:28:25.574 22446 22446 D GAPS    : METHOD=<com.artfulbits.aiCharts.Base.ChartAxis$TickMarkMode: void <init>(java.lang.String,int)>
05-06 10:28:25.574 22446 22446 D GAPS    : CLASS=com.artfulbits.aiCharts.Base.n
05-06 10:28:25.574 22446 22446 D GAPS    : METHOD=<com.artfulbits.aiCharts.Base.n: void <init>(android.graphics.Paint)>
05-06 10:28:25.574 22446 22446 D GAPS    : CLASS=com.artfulbits.aiCharts.Base.ChartAxis$LabelLayoutMode
05-06 10:28:25.574 22446 22446 D GAPS    : METHOD=<com.artfulbits.aiCharts.Base.ChartAxis$LabelLayoutMode: void <clinit>()>
05-06 10:28:25.574 22446 22446 D GAPS    : METHOD=<com.artfulbits.aiCharts.Base.ChartAxis$LabelLayoutMode: void <init>(java.lang.String,int)>
05-06 10:28:25.574 22446 22446 D GAPS    : CLASS=com.artfulbits.aiCharts.Base.k
05-06 10:28:25.574 22446 22446 D GAPS    : METHOD=<com.artfulbits.aiCharts.Base.k: void <init>()>
05-06 10:28:25.574 22446 22446 D GAPS    : CLASS=com.artfulbits.aiCharts.Base.ChartAxisScale
05-06 10:28:25.574 22446 22446 D GAPS    : METHOD=<com.artfulbits.aiCharts.Base.ChartAxisScale: void <clinit>()>
05-06 10:28:25.574 22446 22446 D GAPS    : METHOD=<com.artfulbits.aiCharts.Base.ChartAxisScale: void <init>(com.artfulbits.aiCharts.Base.ChartAxis)>
05-06 10:28:25.574 22446 22446 D GAPS    : CLASS=com.artfulbits.aiCharts.Base.e
05-06 10:28:25.574 22446 22446 D GAPS    : METHOD=<com.artfulbits.aiCharts.Base.e: void <clinit>()>
05-06 10:28:25.574 22446 22446 D GAPS    : METHOD=<com.artfulbits.aiCharts.Base.e: void <init>(com.artfulbits.aiCharts.Base.ChartAxis)>
05-06 10:28:25.575 22446 22446 D GAPS    : CLASS=com.artfulbits.aiCharts.Base.ChartAxisScrollBar
05-06 10:28:25.575 22446 22446 D GAPS    : METHOD=<com.artfulbits.aiCharts.Base.ChartAxisScrollBar: void <init>(com.artfulbits.aiCharts.Base.ChartAxis)>
05-06 10:28:25.575 22446 22446 D GAPS    : METHOD=<com.artfulbits.aiCharts.Base.ChartAxis: void setPosition(com.artfulbits.aiCharts.Base.ChartAxis$Position)>
05-06 10:28:25.575 22446 22446 D GAPS    : CLASS=com.artfulbits.aiCharts.Base.ChartAxis$1
05-06 10:28:25.575 22446 22446 D GAPS    : METHOD=<com.artfulbits.aiCharts.Base.ChartAxis$1: void <init>(com.artfulbits.aiCharts.Base.ChartAxis)>
05-06 10:28:25.575 22446 22446 D GAPS    : CLASS=com.artfulbits.aiCharts.Base.ChartAxis$2
05-06 10:28:25.575 22446 22446 D GAPS    : METHOD=<com.artfulbits.aiCharts.Base.ChartAxis$2: void <init>(com.artfulbits.aiCharts.Base.ChartAxis)>
05-06 10:28:25.575 22446 22446 D GAPS    : METHOD=<com.artfulbits.aiCharts.Base.ChartArea: void <init>(com.artfulbits.aiCharts.Base.ChartAxis,com.artfulbits.aiCharts.Base.ChartAxis)>
05-06 10:28:25.575 22446 22446 D GAPS    : METHOD=<com.artfulbits.aiCharts.Base.ChartArea: void <init>(com.artfulbits.aiCharts.Base.ChartAxis,com.artfulbits.aiCharts.Base.ChartAxis,com.artfulbits.aiCharts.Base.ChartAxis)>
05-06 10:28:25.575 22446 22446 D GAPS    : CLASS=com.artfulbits.aiCharts.Base.l
05-06 10:28:25.575 22446 22446 D GAPS    : METHOD=<com.artfulbits.aiCharts.Base.l: void <init>()>
05-06 10:28:25.575 22446 22446 D GAPS    : CLASS=com.artfulbits.aiCharts.Base.a
05-06 10:28:25.575 22446 22446 D GAPS    : METHOD=<com.artfulbits.aiCharts.Base.a: void <init>(com.artfulbits.aiCharts.Base.ChartArea)>
05-06 10:28:25.575 22446 22446 D GAPS    : CLASS=com.artfulbits.aiCharts.Base.View3D
05-06 10:28:25.575 22446 22446 D GAPS    : METHOD=<com.artfulbits.aiCharts.Base.View3D: void <clinit>()>
05-06 10:28:25.575 22446 22446 D GAPS    : METHOD=<com.artfulbits.aiCharts.Base.View3D: void <init>(com.artfulbits.aiCharts.Base.ChartArea)>
05-06 10:28:25.575 22446 22446 D GAPS    : CLASS=com.artfulbits.aiCharts.Base.ChartArea$1
05-06 10:28:25.575 22446 22446 D GAPS    : METHOD=<com.artfulbits.aiCharts.Base.ChartArea$1: void <init>(com.artfulbits.aiCharts.Base.ChartArea)>
05-06 10:28:25.575 22446 22446 D GAPS    : METHOD=<com.artfulbits.aiCharts.Base.ChartCollection: boolean add(java.lang.Object)>
05-06 10:28:25.575 22446 22446 D GAPS    : METHOD=<com.artfulbits.aiCharts.Base.ChartCollection: void validate(java.lang.Object)>
05-06 10:28:25.575 22446 22446 D GAPS    : METHOD=<com.artfulbits.aiCharts.Base.ChartCollection: void onChanged(java.lang.Object,java.lang.Object,int)>
05-06 10:28:25.575 22446 22446 D GAPS    : METHOD=<com.artfulbits.aiCharts.Base.ChartArea$1: void onChanged(java.lang.Object,java.lang.Object,int)>
05-06 10:28:25.575 22446 22446 D GAPS    : METHOD=<com.artfulbits.aiCharts.Base.ChartAxis: void setArea(com.artfulbits.aiCharts.Base.ChartArea)>
05-06 10:28:25.575 22446 22446 D GAPS    : METHOD=<com.artfulbits.aiCharts.Base.ChartArea: com.artfulbits.aiCharts.Base.ChartAxis getDefaultXAxis()>
05-06 10:28:25.575 22446 22446 D GAPS    : METHOD=<com.artfulbits.aiCharts.Base.ChartAxis: void setFormat(java.text.Format)>
05-06 10:28:25.575 22446 22446 D GAPS    : METHOD=<com.artfulbits.aiCharts.Base.e: void a(java.text.Format)>
05-06 10:28:25.575 22446 22446 D GAPS    : METHOD=<com.artfulbits.aiCharts.Base.ChartAxis: void invalidate(int)>
05-06 10:28:25.575 22446 22446 D GAPS    : METHOD=<com.artfulbits.aiCharts.Base.ChartArea: void invalidate(int)>
05-06 10:28:25.575 22446 22446 D GAPS    : METHOD=<com.artfulbits.aiCharts.ChartView: com.artfulbits.aiCharts.Base.ChartNamedCollection getSeries()>
05-06 10:28:25.575 22446 22446 D GAPS    : METHOD=<com.artfulbits.aiCharts.Base.ChartEngine: com.artfulbits.aiCharts.Base.ChartNamedCollection getSeries()>
05-06 10:28:25.576 22446 22446 D GAPS    : METHOD=<com.artfulbits.aiCharts.Base.ChartNamedCollection: void validate(java.lang.Object)>
05-06 10:28:25.576 22446 22446 D GAPS    : METHOD=<com.artfulbits.aiCharts.Base.ChartNamedCollection: void validate(com.artfulbits.aiCharts.Base.o)>
05-06 10:28:25.576 22446 22446 D GAPS    : METHOD=<com.artfulbits.aiCharts.Base.ChartSeries: java.lang.String getName()>
05-06 10:28:25.576 22446 22446 D GAPS    : METHOD=<com.artfulbits.aiCharts.Base.ChartNamedCollection: void validateName(java.lang.String)>
05-06 10:28:25.576 22446 22446 D GAPS    : METHOD=<com.artfulbits.aiCharts.Base.ChartNamedCollection: boolean contains(java.lang.String)>
05-06 10:28:25.576 22446 22446 D GAPS    : METHOD=<com.artfulbits.aiCharts.Base.ChartNamedCollection: com.artfulbits.aiCharts.Base.o get(java.lang.String)>
05-06 10:28:25.576 22446 22446 D GAPS    : METHOD=<com.artfulbits.aiCharts.Base.ChartEngine$c: void onChanged(java.lang.Object,java.lang.Object,int)>
05-06 10:28:25.576 22446 22446 D GAPS    : METHOD=<com.artfulbits.aiCharts.Base.ChartSeries: void setChart(com.artfulbits.aiCharts.Base.ChartEngine)>
05-06 10:28:25.576 22446 22446 D GAPS    : METHOD=<com.artfulbits.aiCharts.Base.ChartPointAttributes: void setChart(com.artfulbits.aiCharts.Base.ChartEngine)>
05-06 10:28:25.576 22446 22446 D GAPS    : METHOD=<com.artfulbits.aiCharts.Base.ChartPointAttributes: void a(android.graphics.drawable.Drawable,com.artfulbits.aiCharts.Base.ChartEngine)>
05-06 10:28:25.576 22446 22446 D GAPS    : METHOD=<com.artfulbits.aiCharts.Base.ChartPointCollection: java.util.Iterator iterator()>
05-06 10:28:25.576 22446 22446 D GAPS    : METHOD=<com.artfulbits.aiCharts.Base.ChartSeries: void invalidate()>
05-06 10:28:25.576 22446 22446 D GAPS    : METHOD=<com.artfulbits.aiCharts.Base.ChartSeries: com.artfulbits.aiCharts.Base.ChartArea a()>
05-06 10:28:25.576 22446 22446 D GAPS    : METHOD=<com.artfulbits.aiCharts.Base.ChartEngine: com.artfulbits.aiCharts.Base.ChartNamedCollection getAreas()>
05-06 10:28:25.576 22446 22446 D GAPS    : METHOD=<com.artfulbits.aiCharts.Base.ChartEngine: com.artfulbits.aiCharts.Base.ChartSeriesStyle c(com.artfulbits.aiCharts.Base.ChartEngine)>
05-06 10:28:25.576 22446 22446 D GAPS    : METHOD=<com.artfulbits.aiCharts.Base.ChartPointAttributes: void setBaseAttributes(com.artfulbits.aiCharts.Base.ChartPointAttributes)>
05-06 10:28:25.576 22446 22446 D GAPS    : METHOD=<com.artfulbits.aiCharts.Base.ChartSeries: void onChanged(int,java.lang.Object,java.lang.Object)>
05-06 10:28:25.576 22446 22446 D GAPS    : METHOD=<com.artfulbits.aiCharts.Base.ChartPointAttributes: void onChanged(int,java.lang.Object,java.lang.Object)>
05-06 10:28:25.576 22446 22446 D GAPS    : METHOD=<com.artfulbits.aiCharts.Base.ChartEngine: void notify(int)>
05-06 10:28:25.576 22446 22446 D GAPS    : METHOD=<com.artfulbits.aiCharts.ChartView: com.artfulbits.aiCharts.Base.ChartNamedCollection getAreas()>
05-06 10:28:25.576 22446 22446 D GAPS    : METHOD=<com.artfulbits.aiCharts.Base.ChartArea: java.lang.String getName()>
05-06 10:28:25.576 22446 22446 D GAPS    : METHOD=<com.artfulbits.aiCharts.Base.ChartArea: void setName(java.lang.String)>
05-06 10:28:25.576 22446 22446 D GAPS    : METHOD=<com.artfulbits.aiCharts.Base.ChartEngine$a: void onChanged(java.lang.Object,java.lang.Object,int)>
05-06 10:28:25.576 22446 22446 D GAPS    : METHOD=<com.artfulbits.aiCharts.Base.ChartArea: void setChart(com.artfulbits.aiCharts.Base.ChartEngine)>
05-06 10:28:25.576 22446 22446 D GAPS    : METHOD=<com.artfulbits.aiCharts.Base.ChartEngine: void addNotificationListener(com.artfulbits.aiCharts.Base.p)>
05-06 10:28:25.576 22446 22446 D GAPS    : METHOD=<com.artfulbits.aiCharts.Base.ChartEngine: void invalidate(int)>
05-06 10:28:25.576 22446 22446 D GAPS    : METHOD=<com.artfulbits.aiCharts.Base.a: void a(int)>
05-06 10:28:25.576 22446 22446 D GAPS    : METHOD=<com.artfulbits.aiCharts.a: void onInvalidate()>
05-06 10:28:27.660 22446 22446 D GAPS    : METHOD=<com.evancharlton.mileage.ChartActivity$1: void onClick(android.view.View)>
05-06 10:28:27.660 22446 22446 D GAPS    : METHOD=<com.evancharlton.mileage.ChartActivity: void zoom(double)>
05-06 10:28:27.660 22446 22446 D GAPS    : METHOD=<com.evancharlton.mileage.ChartActivity: com.artfulbits.aiCharts.ChartView getChart()>
05-06 10:28:27.660 22446 22446 D GAPS    : METHOD=<com.artfulbits.aiCharts.Base.ChartAxis: com.artfulbits.aiCharts.Base.ChartAxisScale getScale()>
05-06 10:28:27.660 22446 22446 D GAPS    : METHOD=<com.artfulbits.aiCharts.Base.ChartAxisScale: void mulZoom(double)>
05-06 10:28:27.660 22446 22446 D GAPS    : METHOD=<com.artfulbits.aiCharts.Base.ChartAxis: com.artfulbits.aiCharts.Base.ChartArea getArea()>
05-06 10:28:27.660 22446 22446 D GAPS    : METHOD=<com.artfulbits.aiCharts.Base.ChartArea: void ensureRefresh()>
05-06 10:28:27.660 22446 22446 D GAPS    : METHOD=<com.artfulbits.aiCharts.Base.ChartArea: void refresh()>
05-06 10:28:27.660 22446 22446 D GAPS    : METHOD=<com.artfulbits.aiCharts.Base.View3D: int getMode()>
05-06 10:28:27.660 22446 22446 D GAPS    : METHOD=<com.artfulbits.aiCharts.Base.ChartSeries: com.artfulbits.aiCharts.Base.ChartType getType()>
05-06 10:28:27.660 22446 22446 D GAPS    : METHOD=<com.artfulbits.aiCharts.Base.ChartType: boolean isFlags(int)>
05-06 10:28:27.661 22446 22446 D GAPS    : METHOD=<com.artfulbits.aiCharts.Base.l: void a(java.util.ArrayList,boolean)>
05-06 10:28:27.661 22446 22446 D GAPS    : METHOD=<com.artfulbits.aiCharts.Base.ChartType: boolean isStacked()>
05-06 10:28:27.661 22446 22446 D GAPS    : METHOD=<com.artfulbits.aiCharts.Base.ChartType: boolean isSideBySide()>
05-06 10:28:27.661 22446 22446 D GAPS    : METHOD=<com.artfulbits.aiCharts.Base.ChartType: com.artfulbits.aiCharts.Enums.CoordinateSystem getRequiredCoordinateSystem()>
05-06 10:28:27.661 22446 22446 D GAPS    : CLASS=com.artfulbits.aiCharts.Enums.CoordinateSystem
05-06 10:28:27.661 22446 22446 D GAPS    : METHOD=<com.artfulbits.aiCharts.Enums.CoordinateSystem: void <clinit>()>
05-06 10:28:27.662 22446 22446 D GAPS    : METHOD=<com.artfulbits.aiCharts.Enums.CoordinateSystem: void <init>(java.lang.String,int)>
05-06 10:28:27.662 22446 22446 D GAPS    : METHOD=<com.artfulbits.aiCharts.Base.ChartAxisScale: boolean isAuto()>
05-06 10:28:27.662 22446 22446 D GAPS    : METHOD=<com.artfulbits.aiCharts.Base.ChartSeries: com.artfulbits.aiCharts.Base.ChartAxis getActualXAxis()>
05-06 10:28:27.662 22446 22446 D GAPS    : METHOD=<com.artfulbits.aiCharts.Base.ChartType: boolean isRotated()>
05-06 10:28:27.662 22446 22446 D GAPS    : METHOD=<com.artfulbits.aiCharts.Base.ChartSeries: com.artfulbits.aiCharts.Base.ChartAxis getXAxis()>
05-06 10:28:27.662 22446 22446 D GAPS    : METHOD=<com.artfulbits.aiCharts.Base.ChartSeries: com.artfulbits.aiCharts.Base.DoubleRange getXRange()>
05-06 10:28:27.662 22446 22446 D GAPS    : METHOD=<com.artfulbits.aiCharts.Base.DoubleRange: boolean a()>
05-06 10:28:27.662 22446 22446 D GAPS    : METHOD=<com.artfulbits.aiCharts.Base.ChartType: void getXRange(com.artfulbits.aiCharts.Base.ChartSeries,com.artfulbits.aiCharts.Base.DoubleRange)>
05-06 10:28:27.662 22446 22446 D GAPS    : METHOD=<com.artfulbits.aiCharts.Base.ChartType: void computeXRange(com.artfulbits.aiCharts.Base.ChartType,com.artfulbits.aiCharts.Base.ChartSeries,com.artfulbits.aiCharts.Base.DoubleRange)>
05-06 10:28:27.663 22446 22446 D GAPS    : METHOD=<com.artfulbits.aiCharts.Base.ChartPointCollection: int size()>
05-06 10:28:27.663 22446 22446 D GAPS    : METHOD=<com.artfulbits.aiCharts.Base.ChartType: boolean isIndexed()>
05-06 10:28:27.663 22446 22446 D GAPS    : METHOD=<com.artfulbits.aiCharts.Base.ChartAxisScale: void computeRange(double,double)>
05-06 10:28:27.663 22446 22446 D GAPS    : METHOD=<com.artfulbits.aiCharts.Base.ChartAxisScale: void recalculate()>
05-06 10:28:27.663 22446 22446 D GAPS    : METHOD=<com.artfulbits.aiCharts.Base.ChartAxis: int getValueTypeInternal()>
05-06 10:28:27.663 22446 22446 D GAPS    : METHOD=<com.artfulbits.aiCharts.Base.ChartAxis: boolean isIndexed()>
05-06 10:28:27.663 22446 22446 D GAPS    : METHOD=<com.artfulbits.aiCharts.Base.ChartAxisScale: double a(double)>
05-06 10:28:27.663 22446 22446 D GAPS    : METHOD=<com.artfulbits.aiCharts.Base.ChartAxis: boolean isPrimaryAxis()>
05-06 10:28:27.663 22446 22446 D GAPS    : METHOD=<com.artfulbits.aiCharts.Base.ChartArea: double b()>
05-06 10:28:27.663 22446 22446 D GAPS    : METHOD=<com.artfulbits.aiCharts.Base.ChartSeries: java.util.List getPointsCache()>
05-06 10:28:27.663 22446 22446 D GAPS    : METHOD=<com.artfulbits.aiCharts.Base.ChartAxis: void onScaleChanged()>
05-06 10:28:27.664 22446 22446 D GAPS    : METHOD=<com.artfulbits.aiCharts.Base.ChartAxis: void onScaleChanging()>
05-06 10:28:27.664 22446 22446 D GAPS    : METHOD=<com.artfulbits.aiCharts.Base.ChartSeries: com.artfulbits.aiCharts.Base.ChartAxis getActualYAxis()>
05-06 10:28:27.664 22446 22446 D GAPS    : METHOD=<com.artfulbits.aiCharts.Base.ChartSeries: com.artfulbits.aiCharts.Base.ChartAxis getYAxis()>
05-06 10:28:27.664 22446 22446 D GAPS    : METHOD=<com.artfulbits.aiCharts.Base.ChartArea: com.artfulbits.aiCharts.Base.ChartAxis getDefaultYAxis()>
05-06 10:28:27.664 22446 22446 D GAPS    : METHOD=<com.artfulbits.aiCharts.Base.ChartSeries: com.artfulbits.aiCharts.Base.DoubleRange getYRange()>
05-06 10:28:27.664 22446 22446 D GAPS    : METHOD=<com.artfulbits.aiCharts.Base.ChartType: void getYRange(com.artfulbits.aiCharts.Base.ChartSeries,com.artfulbits.aiCharts.Base.DoubleRange)>
05-06 10:28:27.664 22446 22446 D GAPS    : METHOD=<com.artfulbits.aiCharts.Base.ChartSeries: com.artfulbits.aiCharts.Base.ChartPointDeclaration getPointDeclaration()>
05-06 10:28:27.664 22446 22446 D GAPS    : METHOD=<com.artfulbits.aiCharts.Base.ChartType: void computeYRange(com.artfulbits.aiCharts.Base.ChartType,com.artfulbits.aiCharts.Base.ChartSeries,com.artfulbits.aiCharts.Base.DoubleRange,int[])>
05-06 10:28:27.665 22446 22446 D GAPS    : METHOD=<com.artfulbits.aiCharts.Base.MathUtils: double floorTo(double,double)>
05-06 10:28:27.665 22446 22446 D GAPS    : METHOD=<com.artfulbits.aiCharts.Base.MathUtils: double cellingTo(double,double)>
05-06 10:28:27.665 22446 22446 D GAPS    : METHOD=<com.artfulbits.aiCharts.Base.ChartSeries: com.artfulbits.aiCharts.Base.ChartAxis getActualZAxis()>
05-06 10:28:27.665 22446 22446 D GAPS    : METHOD=<com.artfulbits.aiCharts.Base.ChartArea: com.artfulbits.aiCharts.Base.ChartAxis getDefaultZAxis()>
05-06 10:28:27.665 22446 22446 D GAPS    : METHOD=<com.artfulbits.aiCharts.Base.ChartSeries: com.artfulbits.aiCharts.Base.DoubleRange getZRange()>
05-06 10:28:27.665 22446 22446 D GAPS    : METHOD=<com.artfulbits.aiCharts.Base.ChartType: void getZRange(com.artfulbits.aiCharts.Base.ChartSeries,com.artfulbits.aiCharts.Base.DoubleRange)>
05-06 10:28:27.666 22446 22446 D GAPS    : METHOD=<com.artfulbits.aiCharts.Base.DoubleRange: void set(double,double)>
05-06 10:28:27.666 22446 22446 D GAPS    : METHOD=<com.artfulbits.aiCharts.Base.ChartAxisScale: void setZoom(double,double)>
05-06 10:28:27.666 22446 22446 D GAPS    : METHOD=<com.artfulbits.aiCharts.Base.MathUtils: double clamp(double,double,double)>
05-06 10:28:29.264 22446 22446 D GAPS    : METHOD=<com.evancharlton.mileage.ChartActivity$2: void onClick(android.view.View)>
05-06 10:28:31.235 22446 22446 D GAPS    : METHOD=<com.artfulbits.aiCharts.ChartView: boolean onTouchEvent(android.view.MotionEvent)>
05-06 10:28:31.236 22446 22446 D GAPS    : METHOD=<com.artfulbits.aiCharts.ChartGestureListener: boolean onDown(android.view.MotionEvent)>
05-06 10:28:31.236 22446 22446 D GAPS    : METHOD=<com.artfulbits.aiCharts.ChartGestureListener: void onShowPress(android.view.MotionEvent)>
05-06 10:28:31.236 22446 22446 D GAPS    : METHOD=<com.artfulbits.aiCharts.ChartGestureListener: void onLongPress(android.view.MotionEvent)>
05-06 10:29:18.077 22446 22446 D GAPS    : CLASS=com.evancharlton.mileage.charts.LastMonthCostChart
05-06 10:29:18.077 22446 22446 D GAPS    : METHOD=<com.evancharlton.mileage.charts.LastMonthCostChart: void <init>()>
05-06 10:29:18.077 22446 22446 D GAPS    : CLASS=com.evancharlton.mileage.charts.IntervalCostChart
05-06 10:29:18.077 22446 22446 D GAPS    : METHOD=<com.evancharlton.mileage.charts.IntervalCostChart: void <init>()>
05-06 10:29:18.077 22446 22446 D GAPS    : CLASS=com.evancharlton.mileage.charts.CostChart
05-06 10:29:18.077 22446 22446 D GAPS    : METHOD=<com.evancharlton.mileage.charts.CostChart: void <init>()>
05-06 10:29:18.080 22446 22446 D GAPS    : METHOD=<com.evancharlton.mileage.charts.CostChart: com.evancharlton.mileage.ChartActivity$ChartGenerator createChartGenerator()>
05-06 10:29:18.094 22446 22504 D GAPS    : METHOD=<com.evancharlton.mileage.charts.LastMonthCostChart: java.lang.String getAxisTitle()>
05-06 10:29:18.096 22446 22504 D GAPS    : METHOD=<com.evancharlton.mileage.charts.IntervalCostChart: void processCursor(com.evancharlton.mileage.charts.LineChart$LineChartGenerator,android.database.Cursor,com.evancharlton.mileage.dao.Vehicle)>
05-06 10:29:18.096 22446 22504 D GAPS    : METHOD=<com.evancharlton.mileage.charts.LastMonthCostChart: long getInterval()>
05-06 10:29:32.345 22446 22446 D GAPS    : CLASS=com.evancharlton.mileage.VehicleListActivity
05-06 10:29:32.345 22446 22446 D GAPS    : METHOD=<com.evancharlton.mileage.VehicleListActivity: void <init>()>
05-06 10:29:32.345 22446 22446 D GAPS    : CLASS=com.evancharlton.mileage.BaseListActivity
05-06 10:29:32.345 22446 22446 D GAPS    : METHOD=<com.evancharlton.mileage.BaseListActivity: void <init>()>
05-06 10:29:32.345 22446 22446 D GAPS    : ACTIVITY=com.evancharlton.mileage.BaseListActivity
05-06 10:29:32.345 22446 22446 D GAPS    : METHOD=<com.evancharlton.mileage.BaseListActivity: void onCreate(android.os.Bundle)>
05-06 10:29:32.345 22446 22446 D GAPS    : METHOD=<com.evancharlton.mileage.BaseListActivity: void onCreate(android.os.Bundle,int)>
05-06 10:29:32.348 22446 22446 D GAPS    : METHOD=<com.evancharlton.mileage.BaseListActivity: void onResume()>
05-06 10:29:32.348 22446 22446 D GAPS    : METHOD=<com.evancharlton.mileage.BaseListActivity: void initUI()>
05-06 10:29:32.348 22446 22446 D GAPS    : METHOD=<com.evancharlton.mileage.BaseListActivity: int getListLayout()>
05-06 10:29:32.348 22446 22446 D GAPS    : METHOD=<com.evancharlton.mileage.BaseListActivity: android.database.Cursor getCursor()>
05-06 10:29:32.348 22446 22446 D GAPS    : METHOD=<com.evancharlton.mileage.VehicleListActivity: android.net.Uri getUri()>
05-06 10:29:32.348 22446 22446 D GAPS    : METHOD=<com.evancharlton.mileage.BaseListActivity: java.lang.String[] getProjectionArray()>
05-06 10:29:32.348 22446 22446 D GAPS    : METHOD=<com.evancharlton.mileage.VehicleListActivity: java.lang.String[] getFrom()>
05-06 10:29:32.348 22446 22446 D GAPS    : METHOD=<com.evancharlton.mileage.BaseListActivity: java.lang.String getSelection()>
05-06 10:29:32.348 22446 22446 D GAPS    : METHOD=<com.evancharlton.mileage.BaseListActivity: java.lang.String[] getSelectionArgs()>
05-06 10:29:32.348 22446 22446 D GAPS    : METHOD=<com.evancharlton.mileage.BaseListActivity: java.lang.String getSortOrder()>
05-06 10:29:32.349 22446 22446 D GAPS    : METHOD=<com.evancharlton.mileage.BaseListActivity: int[] getTo()>
05-06 10:29:32.350 22446 22446 D GAPS    : METHOD=<com.evancharlton.mileage.BaseListActivity: void setupEmptyView()>
05-06 10:29:32.350 22446 22446 D GAPS    : METHOD=<com.evancharlton.mileage.BaseListActivity: void postUI()>
05-06 10:29:35.231 22446 22446 D GAPS    : METHOD=<com.evancharlton.mileage.BaseFormActivity$1: void onClick(android.view.View)>
05-06 10:29:35.231 22446 22446 D GAPS    : METHOD=<com.evancharlton.mileage.FillupActivity: void setFields()>
05-06 10:29:35.231 22446 22446 D GAPS    : METHOD=<com.evancharlton.mileage.dao.Fillup: void setVolume(double)>
05-06 10:29:35.232 22446 22446 D GAPS    : CLASS=com.evancharlton.mileage.exceptions.InvalidFieldException
05-06 10:29:35.232 22446 22446 D GAPS    : METHOD=<com.evancharlton.mileage.exceptions.InvalidFieldException: void <init>(android.widget.TextView,int)>
05-06 10:29:35.232 22446 22446 D GAPS    : METHOD=<com.evancharlton.mileage.BaseFormActivity: void handleInvalidField(com.evancharlton.mileage.exceptions.InvalidFieldException)>
05-06 10:29:35.232 22446 22446 D GAPS    : METHOD=<com.evancharlton.mileage.exceptions.InvalidFieldException: android.widget.TextView getField()>
05-06 10:29:35.232 22446 22446 D GAPS    : METHOD=<com.evancharlton.mileage.exceptions.InvalidFieldException: int getErrorMessage()>
05-06 10:29:38.758 22446 22446 D GAPS    : CLASS=com.evancharlton.mileage.charts.TotalCostChart
05-06 10:29:38.758 22446 22446 D GAPS    : METHOD=<com.evancharlton.mileage.charts.TotalCostChart: void <init>()>
05-06 10:29:38.778 22446 22504 D GAPS    : METHOD=<com.evancharlton.mileage.charts.TotalCostChart: java.lang.String getAxisTitle()>
05-06 10:29:38.780 22446 22504 D GAPS    : METHOD=<com.evancharlton.mileage.charts.TotalCostChart: void processCursor(com.evancharlton.mileage.charts.LineChart$LineChartGenerator,android.database.Cursor,com.evancharlton.mileage.dao.Vehicle)>
05-06 10:29:46.888 22446 22446 D GAPS    : METHOD=<com.evancharlton.mileage.VehicleStatisticsActivity: boolean onCreateOptionsMenu(android.view.Menu)>
--------- beginning of crash
05-06 10:30:00.814 22762 22762 D GAPS    : CLASS=com.evancharlton.mileage.provider.FillUpsProvider
05-06 10:30:00.814 22762 22762 D GAPS    : METHOD=<com.evancharlton.mileage.provider.FillUpsProvider: void <clinit>()>
05-06 10:30:00.814 22762 22762 D GAPS    : CLASS=com.evancharlton.mileage.provider.tables.ContentTable
05-06 10:30:00.814 22762 22762 D GAPS    : METHOD=<com.evancharlton.mileage.provider.tables.ContentTable: void <clinit>()>
05-06 10:30:00.814 22762 22762 D GAPS    : CLASS=com.evancharlton.mileage.provider.tables.FillupsTable
