08-29 00:49:52.923 15433 15433 D GAPS    : CLASS=kotlin.coroutines.jvm.internal.BaseContinuationImpl
08-29 00:49:52.923 15433 15433 D GAPS    : METHOD=<kotlin.coroutines.jvm.internal.BaseContinuationImpl: void <init>(kotlin.coroutines.Continuation)>
08-29 00:49:52.923 15433 15433 D GAPS    : METHOD=<kotlinx.coroutines.BuildersKt: kotlinx.coroutines.Job launch$default(kotlinx.coroutines.CoroutineScope,kotlin.coroutines.CoroutineContext,kotlinx.coroutines.CoroutineStart,kotlin.jvm.functions.Function2,int,java.lang.Object)>
08-29 00:49:52.923 15433 15433 D GAPS    : METHOD=<kotlinx.coroutines.BuildersKt__Builders_commonKt: kotlinx.coroutines.Job launch$default(kotlinx.coroutines.CoroutineScope,kotlin.coroutines.CoroutineContext,kotlinx.coroutines.CoroutineStart,kotlin.jvm.functions.Function2,int,java.lang.Object)>
08-29 00:49:52.923 15433 15433 D GAPS    : CLASS=kotlinx.coroutines.CoroutineStart
08-29 00:49:52.923 15433 15433 D GAPS    : METHOD=<kotlinx.coroutines.CoroutineStart: void <clinit>()>
08-29 00:49:52.923 15433 15433 D GAPS    : METHOD=<kotlinx.coroutines.CoroutineStart: void <init>(java.lang.String,int)>
08-29 00:49:52.923 15433 15433 D GAPS    : METHOD=<kotlinx.coroutines.CoroutineStart: kotlinx.coroutines.CoroutineStart[] $values()>
08-29 00:49:52.923 15433 15433 D GAPS    : METHOD=<kotlinx.coroutines.BuildersKt: kotlinx.coroutines.Job launch(kotlinx.coroutines.CoroutineScope,kotlin.coroutines.CoroutineContext,kotlinx.coroutines.CoroutineStart,kotlin.jvm.functions.Function2)>
08-29 00:49:52.923 15433 15433 D GAPS    : METHOD=<kotlinx.coroutines.BuildersKt__Builders_commonKt: kotlinx.coroutines.Job launch(kotlinx.coroutines.CoroutineScope,kotlin.coroutines.CoroutineContext,kotlinx.coroutines.CoroutineStart,kotlin.jvm.functions.Function2)>
08-29 00:49:52.923 15433 15433 D GAPS    : METHOD=<kotlinx.coroutines.CoroutineContextKt: kotlin.coroutines.CoroutineContext newCoroutineContext(kotlinx.coroutines.CoroutineScope,kotlin.coroutines.CoroutineContext)>
08-29 00:49:52.923 15433 15433 D GAPS    : METHOD=<kotlinx.coroutines.internal.ContextScope: kotlin.coroutines.CoroutineContext getCoroutineContext()>
08-29 00:49:52.923 15433 15433 D GAPS    : METHOD=<kotlinx.coroutines.CoroutineContextKt: kotlin.coroutines.CoroutineContext foldCopies(kotlin.coroutines.CoroutineContext,kotlin.coroutines.CoroutineContext,boolean)>
08-29 00:49:52.923 15433 15433 D GAPS    : METHOD=<kotlinx.coroutines.CoroutineContextKt: boolean hasCopyableElements(kotlin.coroutines.CoroutineContext)>
08-29 00:49:52.923 15433 15433 D GAPS    : CLASS=kotlinx.coroutines.CoroutineContextKt$hasCopyableElements$1
08-29 00:49:52.923 15433 15433 D GAPS    : METHOD=<kotlinx.coroutines.CoroutineContextKt$hasCopyableElements$1: void <clinit>()>
08-29 00:49:52.923 15433 15433 D GAPS    : METHOD=<kotlinx.coroutines.CoroutineContextKt$hasCopyableElements$1: void <init>()>
08-29 00:49:52.923 15433 15433 D GAPS    : METHOD=<kotlin.coroutines.CombinedContext: java.lang.Object fold(java.lang.Object,kotlin.jvm.functions.Function2)>
08-29 00:49:52.923 15433 15433 D GAPS    : METHOD=<kotlinx.coroutines.CoroutineContextKt$hasCopyableElements$1: java.lang.Object invoke(java.lang.Object,java.lang.Object)>
08-29 00:49:52.923 15433 15433 D GAPS    : METHOD=<kotlinx.coroutines.CoroutineContextKt$hasCopyableElements$1: java.lang.Boolean invoke(boolean,kotlin.coroutines.CoroutineContext$Element)>
08-29 00:49:52.923 15433 15433 D GAPS    : METHOD=<kotlin.coroutines.AbstractCoroutineContextElement: java.lang.Object fold(java.lang.Object,kotlin.jvm.functions.Function2)>
08-29 00:49:52.923 15433 15433 D GAPS    : METHOD=<kotlin.coroutines.CombinedContext: kotlin.coroutines.CoroutineContext plus(kotlin.coroutines.CoroutineContext)>
08-29 00:49:52.923 15433 15433 D GAPS    : METHOD=<kotlin.coroutines.AbstractCoroutineContextElement: kotlin.coroutines.CoroutineContext$Key getKey()>
08-29 00:49:52.923 15433 15433 D GAPS    : METHOD=<kotlin.coroutines.CombinedContext: kotlin.coroutines.CoroutineContext minusKey(kotlin.coroutines.CoroutineContext$Key)>
08-29 00:49:52.923 15433 15433 D GAPS    : METHOD=<kotlinx.coroutines.JobSupport: kotlin.coroutines.CoroutineContext minusKey(kotlin.coroutines.CoroutineContext$Key)>
08-29 00:49:52.923 15433 15433 D GAPS    : METHOD=<kotlinx.coroutines.Job$DefaultImpls: kotlin.coroutines.CoroutineContext minusKey(kotlinx.coroutines.Job,kotlin.coroutines.CoroutineContext$Key)>
08-29 00:49:52.923 15433 15433 D GAPS    : METHOD=<kotlin.coroutines.CoroutineContext$Element$DefaultImpls: kotlin.coroutines.CoroutineContext minusKey(kotlin.coroutines.CoroutineContext$Element,kotlin.coroutines.CoroutineContext$Key)>
08-29 00:49:52.923 15433 15433 D GAPS    : METHOD=<kotlin.coroutines.CombinedContext: kotlin.coroutines.CoroutineContext$Element get(kotlin.coroutines.CoroutineContext$Key)>
08-29 00:49:52.923 15433 15433 D GAPS    : METHOD=<kotlinx.coroutines.CoroutineStart: boolean isLazy()>
08-29 00:49:52.923 15433 15433 D GAPS    : CLASS=kotlinx.coroutines.StandaloneCoroutine
08-29 00:49:52.923 15433 15433 D GAPS    : METHOD=<kotlinx.coroutines.StandaloneCoroutine: void <init>(kotlin.coroutines.CoroutineContext,boolean)>
08-29 00:49:52.923 15433 15433 D GAPS    : CLASS=kotlinx.coroutines.AbstractCoroutine
08-29 00:49:52.923 15433 15433 D GAPS    : METHOD=<kotlinx.coroutines.AbstractCoroutine: void <init>(kotlin.coroutines.CoroutineContext,boolean,boolean)>
08-29 00:49:52.923 15433 15433 D GAPS    : METHOD=<kotlin.coroutines.AbstractCoroutineContextElement: kotlin.coroutines.CoroutineContext$Element get(kotlin.coroutines.CoroutineContext$Key)>
08-29 00:49:52.923 15433 15433 D GAPS    : METHOD=<kotlin.coroutines.CoroutineContext$Element$DefaultImpls: kotlin.coroutines.CoroutineContext$Element get(kotlin.coroutines.CoroutineContext$Element,kotlin.coroutines.CoroutineContext$Key)>
08-29 00:49:52.923 15433 15433 D GAPS    : METHOD=<kotlinx.coroutines.JobSupport: kotlin.coroutines.CoroutineContext$Element get(kotlin.coroutines.CoroutineContext$Key)>
08-29 00:49:52.923 15433 15433 D GAPS    : METHOD=<kotlinx.coroutines.Job$DefaultImpls: kotlin.coroutines.CoroutineContext$Element get(kotlinx.coroutines.Job,kotlin.coroutines.CoroutineContext$Key)>
08-29 00:49:52.923 15433 15433 D GAPS    : METHOD=<kotlinx.coroutines.JobSupport: boolean start()>
08-29 00:49:52.923 15433 15433 D GAPS    : METHOD=<kotlinx.coroutines.JobSupport: java.lang.Object getState$kotlinx_coroutines_core()>
08-29 00:49:52.923 15433 15433 D GAPS    : METHOD=<kotlinx.coroutines.JobSupport: int startInternal(java.lang.Object)>
08-29 00:49:52.923 15433 15433 D GAPS    : METHOD=<kotlinx.coroutines.Empty: boolean isActive()>
08-29 00:49:52.923 15433 15433 D GAPS    : METHOD=<kotlinx.coroutines.JobSupport: kotlinx.coroutines.ChildHandle attachChild(kotlinx.coroutines.ChildJob)>
08-29 00:49:52.923 15433 15433 D GAPS    : CLASS=kotlinx.coroutines.internal.LockFreeLinkedListNode
08-29 00:49:52.923 15433 15433 D GAPS    : METHOD=<kotlinx.coroutines.internal.LockFreeLinkedListNode: void <clinit>()>
08-29 00:49:52.924 15433 15433 D GAPS    : CLASS=kotlinx.coroutines.ChildHandleNode
08-29 00:49:52.924 15433 15433 D GAPS    : METHOD=<kotlinx.coroutines.ChildHandleNode: void <init>(kotlinx.coroutines.ChildJob)>
08-29 00:49:52.924 15433 15433 D GAPS    : CLASS=kotlinx.coroutines.JobCancellingNode
08-29 00:49:52.924 15433 15433 D GAPS    : METHOD=<kotlinx.coroutines.JobCancellingNode: void <init>()>
08-29 00:49:52.924 15433 15433 D GAPS    : CLASS=kotlinx.coroutines.JobNode
08-29 00:49:52.924 15433 15433 D GAPS    : METHOD=<kotlinx.coroutines.JobNode: void <init>()>
08-29 00:49:52.924 15433 15433 D GAPS    : CLASS=kotlinx.coroutines.CompletionHandlerBase
08-29 00:49:52.924 15433 15433 D GAPS    : METHOD=<kotlinx.coroutines.CompletionHandlerBase: void <init>()>
08-29 00:49:52.924 15433 15433 D GAPS    : METHOD=<kotlinx.coroutines.internal.LockFreeLinkedListNode: void <init>()>
08-29 00:49:52.924 15433 15433 D GAPS    : METHOD=<kotlinx.coroutines.Job$DefaultImpls: kotlinx.coroutines.DisposableHandle invokeOnCompletion$default(kotlinx.coroutines.Job,boolean,boolean,kotlin.jvm.functions.Function1,int,java.lang.Object)>
08-29 00:49:52.924 15433 15433 D GAPS    : METHOD=<kotlinx.coroutines.JobSupport: kotlinx.coroutines.DisposableHandle invokeOnCompletion(boolean,boolean,kotlin.jvm.functions.Function1)>
08-29 00:49:52.924 15433 15433 D GAPS    : METHOD=<kotlinx.coroutines.JobSupport: kotlinx.coroutines.JobNode makeNode(kotlin.jvm.functions.Function1,boolean)>
08-29 00:49:52.924 15433 15433 D GAPS    : METHOD=<kotlinx.coroutines.JobNode: void setJob(kotlinx.coroutines.JobSupport)>
08-29 00:49:52.924 15433 15433 D GAPS    : METHOD=<androidx.concurrent.futures.AbstractResolvableFuture$SafeAtomicHelper$$ExternalSyntheticBackportWithForwarding0: boolean m(java.util.concurrent.atomic.AtomicReferenceFieldUpdater,java.lang.Object,java.lang.Object,java.lang.Object)>
08-29 00:49:52.924 15433 15433 D GAPS    : METHOD=<kotlinx.coroutines.JobSupport: boolean isCompleted()>
08-29 00:49:52.924 15433 15433 D GAPS    : METHOD=<kotlinx.coroutines.AbstractCoroutine: void start(kotlinx.coroutines.CoroutineStart,java.lang.Object,kotlin.jvm.functions.Function2)>
08-29 00:49:52.924 15433 15433 D GAPS    : METHOD=<kotlinx.coroutines.CoroutineStart: void invoke(kotlin.jvm.functions.Function2,java.lang.Object,kotlin.coroutines.Continuation)>
08-29 00:49:52.924 15433 15433 D GAPS    : CLASS=kotlinx.coroutines.CoroutineStart$WhenMappings
08-29 00:49:52.924 15433 15433 D GAPS    : METHOD=<kotlinx.coroutines.CoroutineStart$WhenMappings: void <clinit>()>
08-29 00:49:52.924 15433 15433 D GAPS    : METHOD=<kotlinx.coroutines.CoroutineStart: kotlinx.coroutines.CoroutineStart[] values()>
08-29 00:49:52.924 15433 15433 D GAPS    : METHOD=<kotlinx.coroutines.intrinsics.CancellableKt: void startCoroutineCancellable$default(kotlin.jvm.functions.Function2,java.lang.Object,kotlin.coroutines.Continuation,kotlin.jvm.functions.Function1,int,java.lang.Object)>
08-29 00:49:52.924 15433 15433 D GAPS    : METHOD=<kotlinx.coroutines.intrinsics.CancellableKt: void startCoroutineCancellable(kotlin.jvm.functions.Function2,java.lang.Object,kotlin.coroutines.Continuation,kotlin.jvm.functions.Function1)>
08-29 00:49:52.924 15433 15433 D GAPS    : METHOD=<kotlin.coroutines.intrinsics.IntrinsicsKt: kotlin.coroutines.Continuation createCoroutineUnintercepted(kotlin.jvm.functions.Function2,java.lang.Object,kotlin.coroutines.Continuation)>
08-29 00:49:52.924 15433 15433 D GAPS    : METHOD=<kotlin.coroutines.intrinsics.IntrinsicsKt__IntrinsicsJvmKt: kotlin.coroutines.Continuation createCoroutineUnintercepted(kotlin.jvm.functions.Function2,java.lang.Object,kotlin.coroutines.Continuation)>
08-29 00:49:52.924 15433 15433 D GAPS    : METHOD=<kotlin.coroutines.jvm.internal.DebugProbesKt: kotlin.coroutines.Continuation probeCoroutineCreated(kotlin.coroutines.Continuation)>
08-29 00:49:52.924 15433 15433 D GAPS    : METHOD=<org.wikipedia.appshortcuts.AppShortcuts$Companion$setShortcuts$2: kotlin.coroutines.Continuation create(java.lang.Object,kotlin.coroutines.Continuation)>
08-29 00:49:52.924 15433 15433 D GAPS    : METHOD=<kotlinx.coroutines.AbstractCoroutine: kotlin.coroutines.CoroutineContext getContext()>
08-29 00:49:52.924 15433 15433 D GAPS    : METHOD=<kotlin.coroutines.intrinsics.IntrinsicsKt: kotlin.coroutines.Continuation intercepted(kotlin.coroutines.Continuation)>
08-29 00:49:52.924 15433 15433 D GAPS    : METHOD=<kotlin.coroutines.intrinsics.IntrinsicsKt__IntrinsicsJvmKt: kotlin.coroutines.Continuation intercepted(kotlin.coroutines.Continuation)>
08-29 00:49:52.924 15433 15433 D GAPS    : METHOD=<kotlin.coroutines.jvm.internal.ContinuationImpl: kotlin.coroutines.Continuation intercepted()>
08-29 00:49:52.924 15433 15433 D GAPS    : METHOD=<kotlin.coroutines.jvm.internal.ContinuationImpl: kotlin.coroutines.CoroutineContext getContext()>
08-29 00:49:52.924 15433 15433 D GAPS    : METHOD=<kotlinx.coroutines.CoroutineDispatcher: kotlin.coroutines.Continuation interceptContinuation(kotlin.coroutines.Continuation)>
08-29 00:49:52.924 15433 15433 D GAPS    : CLASS=kotlinx.coroutines.internal.DispatchedContinuation
08-29 00:49:52.924 15433 15433 D GAPS    : METHOD=<kotlinx.coroutines.internal.DispatchedContinuation: void <clinit>()>
08-29 00:49:52.924 15433 15433 D GAPS    : METHOD=<kotlinx.coroutines.internal.DispatchedContinuation: void <init>(kotlinx.coroutines.CoroutineDispatcher,kotlin.coroutines.Continuation)>
08-29 00:49:52.924 15433 15433 D GAPS    : CLASS=kotlinx.coroutines.DispatchedTask
08-29 00:49:52.924 15433 15433 D GAPS    : METHOD=<kotlinx.coroutines.DispatchedTask: void <init>(int)>
08-29 00:49:52.924 15433 15433 D GAPS    : CLASS=kotlinx.coroutines.scheduling.Task
08-29 00:49:52.924 15433 15433 D GAPS    : METHOD=<kotlinx.coroutines.scheduling.Task: void <init>()>
08-29 00:49:52.924 15433 15433 D GAPS    : METHOD=<kotlinx.coroutines.scheduling.Task: void <init>(long,kotlinx.coroutines.scheduling.TaskContext)>
08-29 00:49:52.924 15433 15433 D GAPS    : CLASS=kotlinx.coroutines.internal.DispatchedContinuationKt
08-29 00:49:52.924 15433 15433 D GAPS    : METHOD=<kotlinx.coroutines.internal.DispatchedContinuationKt: void <clinit>()>
08-29 00:49:52.924 15433 15433 D GAPS    : METHOD=<kotlinx.coroutines.internal.DispatchedContinuationKt: kotlinx.coroutines.internal.Symbol access$getUNDEFINED$p()>
08-29 00:49:52.924 15433 15433 D GAPS    : METHOD=<kotlinx.coroutines.internal.DispatchedContinuation: kotlin.coroutines.CoroutineContext getContext()>
08-29 00:49:52.924 15433 15433 D GAPS    : CLASS=kotlinx.coroutines.internal.ThreadContextKt
08-29 00:49:52.924 15433 15433 D GAPS    : METHOD=<kotlinx.coroutines.internal.ThreadContextKt: void <clinit>()>
08-29 00:49:52.924 15433 15433 D GAPS    : CLASS=kotlinx.coroutines.internal.ThreadContextKt$countAll$1
08-29 00:49:52.924 15433 15433 D GAPS    : METHOD=<kotlinx.coroutines.internal.ThreadContextKt$countAll$1: void <clinit>()>
08-29 00:49:52.924 15433 15433 D GAPS    : METHOD=<kotlinx.coroutines.internal.ThreadContextKt$countAll$1: void <init>()>
08-29 00:49:52.924 15433 15433 D GAPS    : CLASS=kotlinx.coroutines.internal.ThreadContextKt$findOne$1
08-29 00:49:52.924 15433 15433 D GAPS    : METHOD=<kotlinx.coroutines.internal.ThreadContextKt$findOne$1: void <clinit>()>
08-29 00:49:52.924 15433 15433 D GAPS    : METHOD=<kotlinx.coroutines.internal.ThreadContextKt$findOne$1: void <init>()>
08-29 00:49:52.924 15433 15433 D GAPS    : CLASS=kotlinx.coroutines.internal.ThreadContextKt$updateState$1
08-29 00:49:52.924 15433 15433 D GAPS    : METHOD=<kotlinx.coroutines.internal.ThreadContextKt$updateState$1: void <clinit>()>
08-29 00:49:52.924 15433 15433 D GAPS    : METHOD=<kotlinx.coroutines.internal.ThreadContextKt$updateState$1: void <init>()>
08-29 00:49:52.924 15433 15433 D GAPS    : METHOD=<kotlinx.coroutines.internal.ThreadContextKt: java.lang.Object threadContextElements(kotlin.coroutines.CoroutineContext)>
08-29 00:49:52.924 15433 15433 D GAPS    : METHOD=<kotlinx.coroutines.internal.ThreadContextKt$countAll$1: java.lang.Object invoke(java.lang.Object,java.lang.Object)>
08-29 00:49:52.924 15433 15433 D GAPS    : METHOD=<kotlinx.coroutines.internal.ThreadContextKt$countAll$1: java.lang.Object invoke(java.lang.Object,kotlin.coroutines.CoroutineContext$Element)>
08-29 00:49:52.925 15433 15433 D GAPS    : CLASS=kotlin.Result
08-29 00:49:52.925 15433 15433 D GAPS    : METHOD=<kotlin.Result: void <clinit>()>
08-29 00:49:52.925 15433 15433 D GAPS    : CLASS=kotlin.Result$Companion
08-29 00:49:52.925 15433 15433 D GAPS    : METHOD=<kotlin.Result$Companion: void <init>(kotlin.jvm.internal.DefaultConstructorMarker)>
08-29 00:49:52.925 15433 15433 D GAPS    : METHOD=<kotlin.Result$Companion: void <init>()>
08-29 00:49:52.925 15433 15433 D GAPS    : METHOD=<kotlin.Result: java.lang.Object constructor-impl(java.lang.Object)>
08-29 00:49:52.925 15433 15433 D GAPS    : METHOD=<kotlinx.coroutines.internal.DispatchedContinuationKt: void resumeCancellableWith(kotlin.coroutines.Continuation,java.lang.Object,kotlin.jvm.functions.Function1)>
08-29 00:49:52.925 15433 15433 D GAPS    : METHOD=<kotlinx.coroutines.CompletionStateKt: java.lang.Object toState(java.lang.Object,kotlin.jvm.functions.Function1)>
08-29 00:49:52.925 15433 15433 D GAPS    : METHOD=<kotlin.Result: java.lang.Throwable exceptionOrNull-impl(java.lang.Object)>
08-29 00:49:52.925 15433 15433 D GAPS    : METHOD=<kotlinx.coroutines.CoroutineDispatcher: boolean isDispatchNeeded(kotlin.coroutines.CoroutineContext)>
08-29 00:49:52.925 15433 15433 D GAPS    : METHOD=<kotlinx.coroutines.scheduling.SchedulerCoroutineDispatcher: void dispatch(kotlin.coroutines.CoroutineContext,java.lang.Runnable)>
08-29 00:49:52.925 15433 15433 D GAPS    : METHOD=<kotlinx.coroutines.scheduling.CoroutineScheduler: void dispatch$default(kotlinx.coroutines.scheduling.CoroutineScheduler,java.lang.Runnable,kotlinx.coroutines.scheduling.TaskContext,boolean,int,java.lang.Object)>
08-29 00:49:52.925 15433 15433 D GAPS    : METHOD=<kotlinx.coroutines.scheduling.CoroutineScheduler: void dispatch(java.lang.Runnable,kotlinx.coroutines.scheduling.TaskContext,boolean)>
08-29 00:49:52.925 15433 15433 D GAPS    : CLASS=kotlinx.coroutines.AbstractTimeSourceKt
08-29 00:49:52.925 15433 15433 D GAPS    : METHOD=<kotlinx.coroutines.AbstractTimeSourceKt: void <clinit>()>
08-29 00:49:52.925 15433 15433 D GAPS    : METHOD=<kotlinx.coroutines.AbstractTimeSourceKt: kotlinx.coroutines.AbstractTimeSource getTimeSource()>
08-29 00:49:52.925 15433 15433 D GAPS    : METHOD=<kotlinx.coroutines.scheduling.CoroutineScheduler: kotlinx.coroutines.scheduling.Task createTask(java.lang.Runnable,kotlinx.coroutines.scheduling.TaskContext)>
08-29 00:49:52.925 15433 15433 D GAPS    : METHOD=<kotlinx.coroutines.scheduling.NanoTimeSource: long nanoTime()>
08-29 00:49:52.925 15433 15433 D GAPS    : METHOD=<kotlinx.coroutines.scheduling.TaskContextImpl: int getTaskMode()>
08-29 00:49:52.925 15433 15433 D GAPS    : METHOD=<kotlinx.coroutines.scheduling.CoroutineScheduler: kotlinx.coroutines.scheduling.CoroutineScheduler$Worker currentWorker()>
08-29 00:49:52.925 15433 15433 D GAPS    : METHOD=<kotlinx.coroutines.scheduling.CoroutineScheduler: kotlinx.coroutines.scheduling.Task submitToLocalQueue(kotlinx.coroutines.scheduling.CoroutineScheduler$Worker,kotlinx.coroutines.scheduling.Task,boolean)>
08-29 00:49:52.925 15433 15433 D GAPS    : METHOD=<kotlinx.coroutines.scheduling.CoroutineScheduler: boolean addToGlobalQueue(kotlinx.coroutines.scheduling.Task)>
08-29 00:49:52.925 15433 15433 D GAPS    : METHOD=<kotlinx.coroutines.internal.LockFreeTaskQueue: boolean addLast(java.lang.Object)>
08-29 00:49:52.925 15433 15433 D GAPS    : METHOD=<kotlinx.coroutines.internal.LockFreeTaskQueueCore: int addLast(java.lang.Object)>
08-29 00:49:52.925 15433 15433 D GAPS    : METHOD=<kotlinx.coroutines.internal.LockFreeTaskQueueCore$Companion: long updateTail(long,int)>
08-29 00:49:52.925 15433 15433 D GAPS    : METHOD=<kotlinx.coroutines.internal.LockFreeTaskQueueCore$Companion: long wo(long,long)>
08-29 00:49:52.925 15433 15433 D GAPS    : METHOD=<kotlinx.coroutines.scheduling.CoroutineScheduler: void signalCpuWork()>
08-29 00:49:52.925 15433 15433 D GAPS    : METHOD=<kotlinx.coroutines.scheduling.CoroutineScheduler: boolean tryUnpark()>
08-29 00:49:52.925 15433 15433 D GAPS    : METHOD=<kotlinx.coroutines.scheduling.CoroutineScheduler: kotlinx.coroutines.scheduling.CoroutineScheduler$Worker parkedWorkersStackPop()>
08-29 00:49:52.925 15433 15433 D GAPS    : METHOD=<kotlinx.coroutines.internal.ResizableAtomicArray: java.lang.Object get(int)>
08-29 00:49:52.925 15433 15433 D GAPS    : METHOD=<kotlinx.coroutines.scheduling.CoroutineScheduler: boolean tryCreateWorker$default(kotlinx.coroutines.scheduling.CoroutineScheduler,long,int,java.lang.Object)>
08-29 00:49:52.925 15433 15433 D GAPS    : METHOD=<kotlinx.coroutines.scheduling.CoroutineScheduler: boolean tryCreateWorker(long)>
08-29 00:49:52.925 15433 15433 D GAPS    : METHOD=<kotlinx.coroutines.scheduling.CoroutineScheduler: int createNewWorker()>
08-29 00:49:52.925 15433 15433 D GAPS    : METHOD=<kotlinx.coroutines.scheduling.CoroutineScheduler: boolean isTerminated()>
08-29 00:49:52.925 15433 15433 D GAPS    : METHOD=<kotlinx.coroutines.scheduling.CoroutineScheduler: java.util.concurrent.atomic.AtomicLongFieldUpdater access$getControlState$FU$p()>
08-29 00:49:52.925 15433 15433 D GAPS    : CLASS=kotlinx.coroutines.scheduling.CoroutineScheduler$Worker
08-29 00:49:52.925 15433 15433 D GAPS    : METHOD=<kotlinx.coroutines.scheduling.CoroutineScheduler$Worker: void <clinit>()>
08-29 00:49:52.925 15433 15433 D GAPS    : METHOD=<kotlinx.coroutines.scheduling.CoroutineScheduler$Worker: void <init>(kotlinx.coroutines.scheduling.CoroutineScheduler,int)>
08-29 00:49:52.925 15433 15433 D GAPS    : METHOD=<kotlinx.coroutines.scheduling.CoroutineScheduler$Worker: void <init>(kotlinx.coroutines.scheduling.CoroutineScheduler)>
08-29 00:49:52.925 15433 15433 D GAPS    : CLASS=kotlinx.coroutines.scheduling.WorkQueue
08-29 00:49:52.925 15433 15433 D GAPS    : METHOD=<kotlinx.coroutines.scheduling.WorkQueue: void <clinit>()>
08-29 00:49:52.925 15433 15433 D GAPS    : METHOD=<kotlinx.coroutines.scheduling.WorkQueue: void <init>()>
08-29 00:49:52.925 15433 15433 D GAPS    : CLASS=kotlin.jvm.internal.Ref$ObjectRef
08-29 00:49:52.925 15433 15433 D GAPS    : METHOD=<kotlin.jvm.internal.Ref$ObjectRef: void <init>()>
08-29 00:49:52.925 15433 15433 D GAPS    : CLASS=kotlinx.coroutines.scheduling.CoroutineScheduler$WorkerState
08-29 00:49:52.925 15433 15433 D GAPS    : METHOD=<kotlinx.coroutines.scheduling.CoroutineScheduler$WorkerState: void <clinit>()>
08-29 00:49:52.925 15433 15433 D GAPS    : METHOD=<kotlinx.coroutines.scheduling.CoroutineScheduler$WorkerState: void <init>(java.lang.String,int)>
08-29 00:49:52.925 15433 15433 D GAPS    : METHOD=<kotlinx.coroutines.scheduling.CoroutineScheduler$WorkerState: kotlinx.coroutines.scheduling.CoroutineScheduler$WorkerState[] $values()>
08-29 00:49:52.925 15433 15433 D GAPS    : CLASS=kotlin.random.Random
08-29 00:49:52.925 15433 15433 D GAPS    : METHOD=<kotlin.random.Random: void <clinit>()>
08-29 00:49:52.925 15433 15433 D GAPS    : CLASS=kotlin.random.Random$Default
08-29 00:49:52.925 15433 15433 D GAPS    : METHOD=<kotlin.random.Random$Default: void <init>(kotlin.jvm.internal.DefaultConstructorMarker)>
08-29 00:49:52.925 15433 15433 D GAPS    : METHOD=<kotlin.random.Random$Default: void <init>()>
08-29 00:49:52.925 15433 15433 D GAPS    : METHOD=<kotlin.random.Random: void <init>()>
08-29 00:49:52.925 15433 15433 D GAPS    : CLASS=kotlin.internal.PlatformImplementationsKt
08-29 00:49:52.925 15433 15433 D GAPS    : METHOD=<kotlin.internal.PlatformImplementationsKt: void <clinit>()>
08-29 00:49:52.925 15433 15433 D GAPS    : CLASS=kotlin.internal.jdk8.JDK8PlatformImplementations
08-29 00:49:52.925 15433 15433 D GAPS    : METHOD=<kotlin.internal.jdk8.JDK8PlatformImplementations: void <init>()>
08-29 00:49:52.925 15433 15433 D GAPS    : CLASS=kotlin.internal.jdk7.JDK7PlatformImplementations
08-29 00:49:52.925 15433 15433 D GAPS    : METHOD=<kotlin.internal.jdk7.JDK7PlatformImplementations: void <init>()>
08-29 00:49:52.925 15433 15433 D GAPS    : CLASS=kotlin.internal.PlatformImplementations
08-29 00:49:52.925 15433 15433 D GAPS    : METHOD=<kotlin.internal.PlatformImplementations: void <init>()>
08-29 00:49:52.925 15433 15433 D GAPS    : METHOD=<kotlin.internal.jdk8.JDK8PlatformImplementations: kotlin.random.Random defaultPlatformRandom()>
08-29 00:49:52.926 15433 15433 D GAPS    : METHOD=<kotlin.internal.jdk8.JDK8PlatformImplementations: boolean sdkIsNullOrAtLeast(int)>
08-29 00:49:52.926 15433 15433 D GAPS    : CLASS=kotlin.internal.jdk8.JDK8PlatformImplementations$ReflectSdkVersion
08-29 00:49:52.926 15433 15433 D GAPS    : METHOD=<kotlin.internal.jdk8.JDK8PlatformImplementations$ReflectSdkVersion: void <clinit>()>
08-29 00:49:52.926 15433 15433 D GAPS    : METHOD=<kotlin.internal.jdk8.JDK8PlatformImplementations$ReflectSdkVersion: void <init>()>
08-29 00:49:52.926 15433 15433 D GAPS    : METHOD=<kotlin.internal.PlatformImplementations: kotlin.random.Random defaultPlatformRandom()>
08-29 00:49:52.926 15433 15433 D GAPS    : CLASS=kotlin.random.FallbackThreadLocalRandom
08-29 00:49:52.926 15433 15433 D GAPS    : METHOD=<kotlin.random.FallbackThreadLocalRandom: void <init>()>
08-29 00:49:52.926 15433 15433 D GAPS    : CLASS=kotlin.random.AbstractPlatformRandom
08-29 00:49:52.926 15433 15433 D GAPS    : METHOD=<kotlin.random.AbstractPlatformRandom: void <init>()>
08-29 00:49:52.926 15433 15433 D GAPS    : CLASS=kotlin.random.FallbackThreadLocalRandom$implStorage$1
08-29 00:49:52.926 15433 15433 D GAPS    : METHOD=<kotlin.random.FallbackThreadLocalRandom$implStorage$1: void <init>()>
08-29 00:49:52.926 15433 15433 D GAPS    : METHOD=<kotlin.random.Random$Default: int nextInt()>
08-29 00:49:52.926 15433 15433 D GAPS    : METHOD=<kotlin.random.Random: kotlin.random.Random access$getDefaultRandom$cp()>
08-29 00:49:52.926 15433 15433 D GAPS    : METHOD=<kotlin.random.AbstractPlatformRandom: int nextInt()>
08-29 00:49:52.926 15433 15433 D GAPS    : METHOD=<kotlin.random.FallbackThreadLocalRandom: java.util.Random getImpl()>
08-29 00:49:52.926 15433 15433 D GAPS    : METHOD=<kotlin.random.FallbackThreadLocalRandom$implStorage$1: java.lang.Object initialValue()>
08-29 00:49:52.926 15433 15433 D GAPS    : METHOD=<kotlin.random.FallbackThreadLocalRandom$implStorage$1: java.util.Random initialValue()>
08-29 00:49:52.926 15433 15433 D GAPS    : METHOD=<kotlinx.coroutines.scheduling.CoroutineScheduler$Worker: void setIndexInArray(int)>
08-29 00:49:52.926 15433 15433 D GAPS    : METHOD=<kotlinx.coroutines.internal.ResizableAtomicArray: void setSynchronized(int,java.lang.Object)>
08-29 00:49:52.926 15433 15470 D GAPS    : METHOD=<kotlinx.coroutines.scheduling.CoroutineScheduler$Worker: void run()>
08-29 00:49:52.926 15433 15470 D GAPS    : METHOD=<kotlinx.coroutines.scheduling.CoroutineScheduler$Worker: void runWorker()>
08-29 00:49:52.926 15433 15471 D GAPS    : METHOD=<kotlinx.coroutines.scheduling.CoroutineScheduler$Worker: void run()>
08-29 00:49:52.926 15433 15471 D GAPS    : METHOD=<kotlinx.coroutines.scheduling.CoroutineScheduler$Worker: kotlinx.coroutines.scheduling.Task findTask(boolean)>
08-29 00:49:52.926 15433 15470 D GAPS    : METHOD=<kotlinx.coroutines.scheduling.CoroutineScheduler$Worker: kotlinx.coroutines.scheduling.Task findTask(boolean)>
08-29 00:49:52.926 15433 15470 D GAPS    : METHOD=<kotlinx.coroutines.scheduling.CoroutineScheduler$Worker: boolean tryAcquireCpuPermit()>
08-29 00:49:52.926 15433 15471 D GAPS    : METHOD=<kotlinx.coroutines.scheduling.CoroutineScheduler$Worker: boolean tryAcquireCpuPermit()>
08-29 00:49:52.926 15433 15433 D GAPS    : CLASS=org.wikipedia.notifications.NotificationPollBroadcastReceiver
08-29 00:49:52.926 15433 15470 D GAPS    : METHOD=<kotlinx.coroutines.scheduling.CoroutineScheduler$Worker: kotlinx.coroutines.scheduling.Task findAnyTask(boolean)>
08-29 00:49:52.926 15433 15470 D GAPS    : METHOD=<kotlinx.coroutines.scheduling.CoroutineScheduler$Worker: kotlinx.coroutines.scheduling.Task pollGlobalQueues()>
08-29 00:49:52.926 15433 15470 D GAPS    : METHOD=<kotlinx.coroutines.scheduling.CoroutineScheduler$Worker: int nextInt(int)>
08-29 00:49:52.926 15433 15470 D GAPS    : METHOD=<kotlinx.coroutines.internal.LockFreeTaskQueue: java.lang.Object removeFirstOrNull()>
08-29 00:49:52.926 15433 15471 D GAPS    : METHOD=<kotlinx.coroutines.internal.LockFreeTaskQueue: java.lang.Object removeFirstOrNull()>
08-29 00:49:52.926 15433 15471 D GAPS    : METHOD=<kotlinx.coroutines.internal.LockFreeTaskQueueCore: java.lang.Object removeFirstOrNull()>
08-29 00:49:52.926 15433 15433 D GAPS    : METHOD=<org.wikipedia.notifications.NotificationPollBroadcastReceiver: void <clinit>()>
08-29 00:49:52.926 15433 15471 D GAPS    : METHOD=<kotlinx.coroutines.internal.LockFreeTaskQueueCore$Companion: long updateHead(long,int)>
08-29 00:49:52.926 15433 15471 D GAPS    : METHOD=<kotlinx.coroutines.scheduling.CoroutineScheduler$Worker: void executeTask(kotlinx.coroutines.scheduling.Task)>
08-29 00:49:52.926 15433 15471 D GAPS    : METHOD=<kotlinx.coroutines.scheduling.CoroutineScheduler$Worker: void idleReset(int)>
08-29 00:49:52.926 15433 15471 D GAPS    : METHOD=<kotlinx.coroutines.scheduling.CoroutineScheduler$Worker: void beforeTask(int)>
08-29 00:49:52.926 15433 15471 D GAPS    : METHOD=<kotlinx.coroutines.scheduling.CoroutineScheduler: void runSafely(kotlinx.coroutines.scheduling.Task)>
08-29 00:49:52.926 15433 15433 D GAPS    : CLASS=org.wikipedia.notifications.NotificationPollBroadcastReceiver$Companion
08-29 00:49:52.926 15433 15471 D GAPS    : METHOD=<kotlinx.coroutines.DispatchedTask: void run()>
08-29 00:49:52.926 15433 15433 D GAPS    : METHOD=<org.wikipedia.notifications.NotificationPollBroadcastReceiver$Companion: void <init>(kotlin.jvm.internal.DefaultConstructorMarker)>
08-29 00:49:52.926 15433 15471 D GAPS    : METHOD=<kotlinx.coroutines.internal.DispatchedContinuation: kotlin.coroutines.Continuation getDelegate$kotlinx_coroutines_core()>
08-29 00:49:52.926 15433 15471 D GAPS    : METHOD=<kotlinx.coroutines.internal.ThreadContextKt: java.lang.Object updateThreadContext(kotlin.coroutines.CoroutineContext,java.lang.Object)>
08-29 00:49:52.926 15433 15471 D GAPS    : METHOD=<kotlinx.coroutines.internal.DispatchedContinuation: java.lang.Object takeState$kotlinx_coroutines_core()>
08-29 00:49:52.926 15433 15471 D GAPS    : METHOD=<kotlinx.coroutines.DispatchedTask: java.lang.Throwable getExceptionalResult$kotlinx_coroutines_core(java.lang.Object)>
08-29 00:49:52.926 15433 15433 D GAPS    : METHOD=<org.wikipedia.notifications.NotificationPollBroadcastReceiver$Companion: void <init>()>
08-29 00:49:52.926 15433 15433 D GAPS    : METHOD=<org.wikipedia.notifications.NotificationPollBroadcastReceiver$Companion: void startPollTask(android.content.Context)>
08-29 00:49:52.926 15433 15471 D GAPS    : METHOD=<kotlinx.coroutines.DispatchedTaskKt: boolean isCancellableMode(int)>
08-29 00:49:52.926 15433 15471 D GAPS    : METHOD=<kotlinx.coroutines.AbstractCoroutine: boolean isActive()>
08-29 00:49:52.926 15433 15471 D GAPS    : METHOD=<kotlinx.coroutines.JobSupport: boolean isActive()>
08-29 00:49:52.926 15433 15471 D GAPS    : METHOD=<kotlinx.coroutines.DispatchedTask: java.lang.Object getSuccessfulResult$kotlinx_coroutines_core(java.lang.Object)>
08-29 00:49:52.926 15433 15471 D GAPS    : METHOD=<kotlin.coroutines.jvm.internal.BaseContinuationImpl: void resumeWith(java.lang.Object)>
08-29 00:49:52.926 15433 15471 D GAPS    : METHOD=<kotlin.coroutines.jvm.internal.DebugProbesKt: void probeCoroutineResumed(kotlin.coroutines.Continuation)>
08-29 00:49:52.926 15433 15471 D GAPS    : METHOD=<org.wikipedia.appshortcuts.AppShortcuts$Companion$setShortcuts$2: java.lang.Object invokeSuspend(java.lang.Object)>
08-29 00:49:52.926 15433 15471 D GAPS    : METHOD=<kotlin.coroutines.intrinsics.IntrinsicsKt: java.lang.Object getCOROUTINE_SUSPENDED()>
08-29 00:49:52.926 15433 15471 D GAPS    : METHOD=<kotlin.coroutines.intrinsics.IntrinsicsKt__IntrinsicsKt: java.lang.Object getCOROUTINE_SUSPENDED()>
08-29 00:49:52.926 15433 15471 D GAPS    : CLASS=kotlin.coroutines.intrinsics.CoroutineSingletons
08-29 00:49:52.926 15433 15433 D GAPS    : METHOD=<org.wikipedia.settings.Prefs: boolean isSuggestedEditsReactivationTestEnabled()>
08-29 00:49:52.926 15433 15471 D GAPS    : METHOD=<kotlin.coroutines.intrinsics.CoroutineSingletons: void <clinit>()>
08-29 00:49:52.926 15433 15471 D GAPS    : METHOD=<kotlin.coroutines.intrinsics.CoroutineSingletons: void <init>(java.lang.String,int)>
08-29 00:49:52.926 15433 15471 D GAPS    : METHOD=<kotlin.coroutines.intrinsics.CoroutineSingletons: kotlin.coroutines.intrinsics.CoroutineSingletons[] $values()>
08-29 00:49:52.927 15433 15471 D GAPS    : METHOD=<kotlin.ResultKt: void throwOnFailure(java.lang.Object)>
08-29 00:49:52.927 15433 15433 D GAPS    : METHOD=<org.wikipedia.notifications.NotificationPollBroadcastReceiver$Companion: android.app.PendingIntent getAlarmPendingIntent(android.content.Context)>
08-29 00:49:52.927 15433 15433 D GAPS    : METHOD=<androidx.core.app.PendingIntentCompat: android.app.PendingIntent getBroadcast(android.content.Context,int,android.content.Intent,int,boolean)>
08-29 00:49:52.927 15433 15433 D GAPS    : METHOD=<androidx.core.app.PendingIntentCompat: int addMutabilityFlags(boolean,int)>
08-29 00:49:52.927 15433 15470 D GAPS    : METHOD=<kotlinx.coroutines.scheduling.CoroutineScheduler$Worker: kotlinx.coroutines.scheduling.Task trySteal(int)>
08-29 00:49:52.927 15433 15470 D GAPS    : METHOD=<kotlinx.coroutines.scheduling.WorkQueue: long trySteal(int,kotlin.jvm.internal.Ref$ObjectRef)>
08-29 00:49:52.927 15433 15470 D GAPS    : METHOD=<kotlinx.coroutines.scheduling.WorkQueue: kotlinx.coroutines.scheduling.Task pollBuffer()>
08-29 00:49:52.927 15433 15470 D GAPS    : METHOD=<kotlinx.coroutines.scheduling.WorkQueue: long tryStealLastScheduled(int,kotlin.jvm.internal.Ref$ObjectRef)>
08-29 00:49:52.927 15433 15470 D GAPS    : METHOD=<kotlinx.coroutines.scheduling.CoroutineScheduler$Worker: void tryPark()>
08-29 00:49:52.927 15433 15470 D GAPS    : METHOD=<kotlinx.coroutines.scheduling.CoroutineScheduler$Worker: boolean inStack()>
08-29 00:49:52.927 15433 15470 D GAPS    : METHOD=<kotlinx.coroutines.scheduling.CoroutineScheduler: boolean parkedWorkersStackPush(kotlinx.coroutines.scheduling.CoroutineScheduler$Worker)>
08-29 00:49:52.927 15433 15470 D GAPS    : METHOD=<kotlinx.coroutines.scheduling.CoroutineScheduler$Worker: java.lang.Object getNextParkedWorker()>
08-29 00:49:52.927 15433 15470 D GAPS    : METHOD=<kotlinx.coroutines.scheduling.CoroutineScheduler$Worker: int getIndexInArray()>
08-29 00:49:52.927 15433 15470 D GAPS    : METHOD=<kotlinx.coroutines.scheduling.CoroutineScheduler$Worker: void setNextParkedWorker(java.lang.Object)>
08-29 00:49:52.927 15433 15470 D GAPS    : METHOD=<kotlinx.coroutines.scheduling.CoroutineScheduler$Worker: boolean tryReleaseCpu(kotlinx.coroutines.scheduling.CoroutineScheduler$WorkerState)>
08-29 00:49:52.927 15433 15470 D GAPS    : METHOD=<kotlinx.coroutines.scheduling.CoroutineScheduler$Worker: void park()>
08-29 00:49:52.927 15433 15471 D GAPS    : METHOD=<org.wikipedia.appshortcuts.AppShortcuts$Companion: androidx.core.content.pm.ShortcutInfoCompat access$searchShortcut(org.wikipedia.appshortcuts.AppShortcuts$Companion,android.content.Context)>
08-29 00:49:52.927 15433 15471 D GAPS    : METHOD=<org.wikipedia.appshortcuts.AppShortcuts$Companion: androidx.core.content.pm.ShortcutInfoCompat searchShortcut(android.content.Context)>
08-29 00:49:52.927 15433 15471 D GAPS    : CLASS=androidx.core.content.pm.ShortcutInfoCompat$Builder
08-29 00:49:52.927 15433 15471 D GAPS    : METHOD=<androidx.core.content.pm.ShortcutInfoCompat$Builder: void <init>(android.content.Context,java.lang.String)>
08-29 00:49:52.927 15433 15471 D GAPS    : CLASS=androidx.core.content.pm.ShortcutInfoCompat
08-29 00:49:52.927 15433 15471 D GAPS    : METHOD=<androidx.core.content.pm.ShortcutInfoCompat: void <init>()>
08-29 00:49:52.927 15433 15471 D GAPS    : METHOD=<androidx.core.content.pm.ShortcutInfoCompat$Builder: androidx.core.content.pm.ShortcutInfoCompat$Builder setShortLabel(java.lang.CharSequence)>
08-29 00:49:52.927 15433 15471 D GAPS    : METHOD=<androidx.core.content.pm.ShortcutInfoCompat$Builder: androidx.core.content.pm.ShortcutInfoCompat$Builder setLongLabel(java.lang.CharSequence)>
08-29 00:49:52.927 15433 15471 D GAPS    : CLASS=androidx.core.graphics.drawable.IconCompat
08-29 00:49:52.927 15433 15471 D GAPS    : METHOD=<androidx.core.graphics.drawable.IconCompat: void <clinit>()>
08-29 00:49:52.927 15433 15471 D GAPS    : METHOD=<androidx.core.graphics.drawable.IconCompat: androidx.core.graphics.drawable.IconCompat createWithResource(android.content.Context,int)>
08-29 00:49:52.927 15433 15471 D GAPS    : METHOD=<androidx.core.util.ObjectsCompat: java.lang.Object requireNonNull(java.lang.Object)>
08-29 00:49:52.927 15433 15471 D GAPS    : METHOD=<androidx.core.graphics.drawable.IconCompat: androidx.core.graphics.drawable.IconCompat createWithResource(android.content.res.Resources,java.lang.String,int)>
08-29 00:49:52.927 15433 15471 D GAPS    : METHOD=<androidx.core.graphics.drawable.IconCompat: void <init>(int)>
08-29 00:49:52.927 15433 15471 D GAPS    : CLASS=androidx.versionedparcelable.CustomVersionedParcelable
08-29 00:49:52.928 15433 15433 D GAPS    : CLASS=org.wikipedia.analytics.InstallReferrerListener
08-29 00:49:52.928 15433 15433 D GAPS    : METHOD=<org.wikipedia.analytics.InstallReferrerListener: void <clinit>()>
08-29 00:49:52.928 15433 15433 D GAPS    : CLASS=org.wikipedia.analytics.InstallReferrerListener$Companion
08-29 00:49:52.928 15433 15433 D GAPS    : METHOD=<org.wikipedia.analytics.InstallReferrerListener$Companion: void <init>(kotlin.jvm.internal.DefaultConstructorMarker)>
08-29 00:49:52.928 15433 15433 D GAPS    : METHOD=<org.wikipedia.analytics.InstallReferrerListener$Companion: void <init>()>
08-29 00:49:52.928 15433 15433 D GAPS    : METHOD=<org.wikipedia.analytics.InstallReferrerListener$Companion: void newInstance(android.content.Context)>
08-29 00:49:52.928 15433 15433 D GAPS    : METHOD=<org.wikipedia.settings.Prefs: int getInstallReferrerAttempts()>
08-29 00:49:52.928 15433 15471 D GAPS    : METHOD=<androidx.versionedparcelable.CustomVersionedParcelable: void <init>()>
08-29 00:49:52.928 15433 15433 D GAPS    : CLASS=org.wikipedia.push.WikipediaFirebaseMessagingService
08-29 00:49:52.928 15433 15433 D GAPS    : METHOD=<org.wikipedia.push.WikipediaFirebaseMessagingService: void <clinit>()>
08-29 00:49:52.928 15433 15433 D GAPS    : CLASS=org.wikipedia.push.WikipediaFirebaseMessagingService$Companion
08-29 00:49:52.928 15433 15433 D GAPS    : METHOD=<org.wikipedia.push.WikipediaFirebaseMessagingService$Companion: void <init>(kotlin.jvm.internal.DefaultConstructorMarker)>
08-29 00:49:52.928 15433 15433 D GAPS    : METHOD=<org.wikipedia.push.WikipediaFirebaseMessagingService$Companion: void <init>()>
08-29 00:49:52.928 15433 15433 D GAPS    : METHOD=<org.wikipedia.push.WikipediaFirebaseMessagingService$Companion: void updateSubscription()>
08-29 00:49:52.928 15433 15433 D GAPS    : METHOD=<org.wikipedia.analytics.eventplatform.EventPlatformClient: void setUpStreamConfigs()>
08-29 00:49:52.928 15433 15433 D GAPS    : METHOD=<org.wikipedia.settings.Prefs: java.util.Map getStreamConfigs()>
08-29 00:49:52.929 15433 15433 D GAPS    : CLASS=org.wikipedia.json.JsonUtil
08-29 00:49:52.929 15433 15471 D GAPS    : METHOD=<androidx.core.content.pm.ShortcutInfoCompat$Builder: androidx.core.content.pm.ShortcutInfoCompat$Builder setIcon(androidx.core.graphics.drawable.IconCompat)>
08-29 00:49:52.929 15433 15433 D GAPS    : METHOD=<org.wikipedia.json.JsonUtil: void <clinit>()>
08-29 00:49:52.929 15433 15433 D GAPS    : METHOD=<org.wikipedia.json.JsonUtil: void <init>()>
08-29 00:49:52.929 15433 15433 D GAPS    : CLASS=org.wikipedia.json.JsonUtil$json$1
08-29 00:49:52.929 15433 15433 D GAPS    : METHOD=<org.wikipedia.json.JsonUtil$json$1: void <clinit>()>
08-29 00:49:52.929 15433 15433 D GAPS    : METHOD=<org.wikipedia.json.JsonUtil$json$1: void <init>()>
08-29 00:49:52.929 15433 15433 D GAPS    : METHOD=<kotlinx.serialization.json.JsonKt: kotlinx.serialization.json.Json Json$default(kotlinx.serialization.json.Json,kotlin.jvm.functions.Function1,int,java.lang.Object)>
08-29 00:49:52.929 15433 15433 D GAPS    : CLASS=kotlinx.serialization.json.Json
08-29 00:49:52.929 15433 15433 D GAPS    : METHOD=<kotlinx.serialization.json.Json: void <clinit>()>
08-29 00:49:52.929 15433 15433 D GAPS    : CLASS=kotlinx.serialization.json.Json$Default
08-29 00:49:52.929 15433 15433 D GAPS    : METHOD=<kotlinx.serialization.json.Json$Default: void <init>(kotlin.jvm.internal.DefaultConstructorMarker)>
08-29 00:49:52.929 15433 15433 D GAPS    : METHOD=<kotlinx.serialization.json.Json$Default: void <init>()>
08-29 00:49:52.929 15433 15433 D GAPS    : CLASS=kotlinx.serialization.json.JsonConfiguration
08-29 00:49:52.929 15433 15433 D GAPS    : METHOD=<kotlinx.serialization.json.JsonConfiguration: void <init>(boolean,boolean,boolean,boolean,boolean,boolean,java.lang.String,boolean,boolean,java.lang.String,boolean,boolean,kotlinx.serialization.json.JsonNamingStrategy,int,kotlin.jvm.internal.DefaultConstructorMarker)>
08-29 00:49:52.929 15433 15433 D GAPS    : METHOD=<kotlinx.serialization.json.JsonConfiguration: void <init>(boolean,boolean,boolean,boolean,boolean,boolean,java.lang.String,boolean,boolean,java.lang.String,boolean,boolean,kotlinx.serialization.json.JsonNamingStrategy)>
08-29 00:49:52.929 15433 15433 D GAPS    : METHOD=<kotlinx.serialization.modules.SerializersModuleBuildersKt: kotlinx.serialization.modules.SerializersModule EmptySerializersModule()>
08-29 00:49:52.929 15433 15433 D GAPS    : CLASS=kotlinx.serialization.modules.SerializersModuleKt
08-29 00:49:52.929 15433 15433 D GAPS    : METHOD=<kotlinx.serialization.modules.SerializersModuleKt: void <clinit>()>
08-29 00:49:52.929 15433 15433 D GAPS    : CLASS=kotlinx.serialization.modules.SerialModuleImpl
08-29 00:49:52.929 15433 15433 D GAPS    : METHOD=<kotlinx.serialization.modules.SerialModuleImpl: void <init>(java.util.Map,java.util.Map,java.util.Map,java.util.Map,java.util.Map)>
08-29 00:49:52.929 15433 15433 D GAPS    : CLASS=kotlinx.serialization.modules.SerializersModule
08-29 00:49:52.929 15433 15433 D GAPS    : METHOD=<kotlinx.serialization.modules.SerializersModule: void <init>(kotlin.jvm.internal.DefaultConstructorMarker)>
08-29 00:49:52.929 15433 15433 D GAPS    : METHOD=<kotlinx.serialization.modules.SerializersModule: void <init>()>
08-29 00:49:52.929 15433 15433 D GAPS    : METHOD=<kotlinx.serialization.modules.SerializersModuleKt: kotlinx.serialization.modules.SerializersModule getEmptySerializersModule()>
08-29 00:49:52.929 15433 15433 D GAPS    : METHOD=<kotlinx.serialization.json.Json: void <init>(kotlinx.serialization.json.JsonConfiguration,kotlinx.serialization.modules.SerializersModule,kotlin.jvm.internal.DefaultConstructorMarker)>
08-29 00:49:52.930 15433 15433 D GAPS    : METHOD=<kotlinx.serialization.json.Json: void <init>(kotlinx.serialization.json.JsonConfiguration,kotlinx.serialization.modules.SerializersModule)>
08-29 00:49:52.930 15433 15433 D GAPS    : CLASS=kotlinx.serialization.json.internal.DescriptorSchemaCache
08-29 00:49:52.930 15433 15433 D GAPS    : METHOD=<kotlinx.serialization.json.internal.DescriptorSchemaCache: void <init>()>
08-29 00:49:52.930 15433 15433 D GAPS    : METHOD=<kotlinx.serialization.json.internal.CreateMapForCacheKt: java.util.Map createMapForCache(int)>
08-29 00:49:52.930 15433 15433 D GAPS    : CLASS=j$.util.concurrent.ConcurrentHashMap
08-29 00:49:52.930 15433 15433 D GAPS    : METHOD=<j$.util.concurrent.ConcurrentHashMap: void <clinit>()>
08-29 00:49:52.930 15433 15433 D GAPS    : CLASS=j$.sun.misc.DesugarUnsafe
08-29 00:49:52.930 15433 15433 D GAPS    : METHOD=<j$.sun.misc.DesugarUnsafe: void <clinit>()>
08-29 00:49:52.930 15433 15433 D GAPS    : METHOD=<j$.sun.misc.DesugarUnsafe: java.lang.reflect.Field getUnsafeField()>
08-29 00:49:52.930 15433 15433 D GAPS    : METHOD=<j$.sun.misc.DesugarUnsafe: void <init>(sun.misc.Unsafe)>
08-29 00:49:52.930 15433 15433 D GAPS    : METHOD=<j$.sun.misc.DesugarUnsafe: j$.sun.misc.DesugarUnsafe getUnsafe()>
08-29 00:49:52.930 15433 15433 D GAPS    : METHOD=<j$.sun.misc.DesugarUnsafe: long objectFieldOffset(java.lang.Class,java.lang.String)>
08-29 00:49:52.930 15433 15433 D GAPS    : METHOD=<j$.sun.misc.DesugarUnsafe: long objectFieldOffset(java.lang.reflect.Field)>
08-29 00:49:52.930 15433 15433 D GAPS    : METHOD=<j$.sun.misc.DesugarUnsafe: int arrayBaseOffset(java.lang.Class)>
08-29 00:49:52.930 15433 15433 D GAPS    : METHOD=<j$.sun.misc.DesugarUnsafe: int arrayIndexScale(java.lang.Class)>
08-29 00:49:52.930 15433 15433 D GAPS    : METHOD=<j$.util.concurrent.ConcurrentHashMap: void <init>(int)>
08-29 00:49:52.930 15433 15433 D GAPS    : METHOD=<j$.util.concurrent.ConcurrentHashMap: void <init>(int,float,int)>
08-29 00:49:52.930 15433 15433 D GAPS    : METHOD=<j$.util.concurrent.ConcurrentHashMap: int tableSizeFor(int)>
08-29 00:49:52.930 15433 15433 D GAPS    : METHOD=<kotlinx.serialization.json.JsonKt: kotlinx.serialization.json.Json Json(kotlinx.serialization.json.Json,kotlin.jvm.functions.Function1)>
08-29 00:49:52.930 15433 15433 D GAPS    : CLASS=kotlinx.serialization.json.JsonBuilder
08-29 00:49:52.930 15433 15433 D GAPS    : METHOD=<kotlinx.serialization.json.JsonBuilder: void <init>(kotlinx.serialization.json.Json)>
08-29 00:49:52.930 15433 15433 D GAPS    : METHOD=<kotlinx.serialization.json.Json: kotlinx.serialization.json.JsonConfiguration getConfiguration()>
08-29 00:49:52.930 15433 15433 D GAPS    : METHOD=<kotlinx.serialization.json.JsonConfiguration: boolean getEncodeDefaults()>
08-29 00:49:52.930 15433 15433 D GAPS    : METHOD=<kotlinx.serialization.json.JsonConfiguration: boolean getExplicitNulls()>
08-29 00:49:52.930 15433 15433 D GAPS    : METHOD=<kotlinx.serialization.json.JsonConfiguration: boolean getIgnoreUnknownKeys()>
08-29 00:49:52.930 15433 15433 D GAPS    : METHOD=<kotlinx.serialization.json.JsonConfiguration: boolean isLenient()>
08-29 00:49:52.930 15433 15433 D GAPS    : METHOD=<kotlinx.serialization.json.JsonConfiguration: boolean getAllowStructuredMapKeys()>
08-29 00:49:52.930 15433 15433 D GAPS    : METHOD=<kotlinx.serialization.json.JsonConfiguration: boolean getPrettyPrint()>
08-29 00:49:52.930 15433 15433 D GAPS    : METHOD=<kotlinx.serialization.json.JsonConfiguration: java.lang.String getPrettyPrintIndent()>
08-29 00:49:52.930 15433 15433 D GAPS    : METHOD=<kotlinx.serialization.json.JsonConfiguration: boolean getCoerceInputValues()>
08-29 00:49:52.930 15433 15433 D GAPS    : METHOD=<kotlinx.serialization.json.JsonConfiguration: boolean getUseArrayPolymorphism()>
08-29 00:49:52.930 15433 15433 D GAPS    : METHOD=<kotlinx.serialization.json.JsonConfiguration: java.lang.String getClassDiscriminator()>
08-29 00:49:52.930 15433 15433 D GAPS    : METHOD=<kotlinx.serialization.json.JsonConfiguration: boolean getAllowSpecialFloatingPointValues()>
08-29 00:49:52.930 15433 15433 D GAPS    : METHOD=<kotlinx.serialization.json.JsonConfiguration: boolean getUseAlternativeNames()>
08-29 00:49:52.930 15433 15433 D GAPS    : METHOD=<kotlinx.serialization.json.JsonConfiguration: kotlinx.serialization.json.JsonNamingStrategy getNamingStrategy()>
08-29 00:49:52.930 15433 15433 D GAPS    : METHOD=<kotlinx.serialization.json.Json: kotlinx.serialization.modules.SerializersModule getSerializersModule()>
08-29 00:49:52.930 15433 15433 D GAPS    : METHOD=<org.wikipedia.json.JsonUtil$json$1: java.lang.Object invoke(java.lang.Object)>
08-29 00:49:52.930 15433 15433 D GAPS    : METHOD=<org.wikipedia.json.JsonUtil$json$1: void invoke(kotlinx.serialization.json.JsonBuilder)>
08-29 00:49:52.930 15433 15433 D GAPS    : METHOD=<kotlinx.serialization.json.JsonBuilder: void setIgnoreUnknownKeys(boolean)>
08-29 00:49:52.930 15433 15433 D GAPS    : METHOD=<kotlinx.serialization.json.JsonBuilder: void setCoerceInputValues(boolean)>
08-29 00:49:52.930 15433 15433 D GAPS    : METHOD=<kotlinx.serialization.json.JsonBuilder: void setClassDiscriminator(java.lang.String)>
08-29 00:49:52.931 15433 15433 D GAPS    : METHOD=<kotlinx.serialization.json.JsonBuilder: kotlinx.serialization.json.JsonConfiguration build$kotlinx_serialization_json()>
08-29 00:49:52.931 15433 15433 D GAPS    : METHOD=<kotlinx.serialization.json.JsonBuilder: kotlinx.serialization.modules.SerializersModule getSerializersModule()>
08-29 00:49:52.931 15433 15433 D GAPS    : CLASS=kotlinx.serialization.json.JsonImpl
08-29 00:49:52.931 15433 15433 D GAPS    : METHOD=<kotlinx.serialization.json.JsonImpl: void <init>(kotlinx.serialization.json.JsonConfiguration,kotlinx.serialization.modules.SerializersModule)>
08-29 00:49:52.931 15433 15433 D GAPS    : METHOD=<kotlinx.serialization.json.JsonImpl: void validateConfiguration()>
08-29 00:49:52.931 15433 15433 D GAPS    : METHOD=<org.wikipedia.json.JsonUtil: kotlinx.serialization.json.Json getJson()>
08-29 00:49:52.931 15433 15433 D GAPS    : CLASS=kotlinx.serialization.internal.StringSerializer
08-29 00:49:52.931 15433 15433 D GAPS    : METHOD=<kotlinx.serialization.internal.StringSerializer: void <clinit>()>
08-29 00:49:52.931 15433 15433 D GAPS    : METHOD=<kotlinx.serialization.internal.StringSerializer: void <init>()>
08-29 00:49:52.931 15433 15471 D GAPS    : METHOD=<androidx.core.content.pm.ShortcutInfoCompat$Builder: androidx.core.content.pm.ShortcutInfoCompat$Builder setIntent(android.content.Intent)>
08-29 00:49:52.931 15433 15471 D GAPS    : METHOD=<androidx.core.content.pm.ShortcutInfoCompat$Builder: androidx.core.content.pm.ShortcutInfoCompat$Builder setIntents(android.content.Intent[])>
08-29 00:49:52.931 15433 15471 D GAPS    : METHOD=<androidx.core.content.pm.ShortcutInfoCompat$Builder: androidx.core.content.pm.ShortcutInfoCompat build()>
08-29 00:49:52.931 15433 15433 D GAPS    : CLASS=kotlinx.serialization.descriptors.PrimitiveKind$STRING
08-29 00:49:52.931 15433 15433 D GAPS    : METHOD=<kotlinx.serialization.descriptors.PrimitiveKind$STRING: void <clinit>()>
08-29 00:49:52.931 15433 15471 D GAPS    : METHOD=<org.wikipedia.appshortcuts.AppShortcuts$Companion: androidx.core.content.pm.ShortcutInfoCompat access$continueReadingShortcut(org.wikipedia.appshortcuts.AppShortcuts$Companion,android.content.Context)>
08-29 00:49:52.931 15433 15433 D GAPS    : METHOD=<kotlinx.serialization.descriptors.PrimitiveKind$STRING: void <init>()>
