08-29 00:49:52.880 15433 15433 D GAPS    : METHOD=<androidx.work.impl.WorkManagerImpl: androidx.work.impl.WorkManagerImpl getInstance(android.content.Context)>
08-29 00:49:52.880 15433 15433 D GAPS    : METHOD=<androidx.work.impl.WorkManagerImpl: androidx.work.impl.WorkManagerImpl getInstance()>
08-29 00:49:52.880 15433 15433 D GAPS    : CLASS=androidx.profileinstaller.ProfileInstallerInitializer
08-29 00:49:52.880 15433 15460 D GAPS    : METHOD=<androidx.work.impl.utils.SerialExecutorImpl$Task: void run()>
08-29 00:49:52.880 15433 15460 D GAPS    : METHOD=<androidx.work.impl.utils.ForceStopRunnable: void run()>
08-29 00:49:52.880 15433 15460 D GAPS    : METHOD=<androidx.work.impl.utils.ForceStopRunnable: boolean multiProcessChecks()>
08-29 00:49:52.880 15433 15460 D GAPS    : METHOD=<androidx.work.impl.WorkManagerImpl: androidx.work.Configuration getConfiguration()>
08-29 00:49:52.880 15433 15460 D GAPS    : METHOD=<androidx.work.Configuration: java.lang.String getDefaultProcessName()>
08-29 00:49:52.880 15433 15460 D GAPS    : CLASS=androidx.work.impl.WorkDatabasePathHelper
08-29 00:49:52.880 15433 15460 D GAPS    : METHOD=<androidx.work.impl.WorkDatabasePathHelper: void <clinit>()>
08-29 00:49:52.880 15433 15460 D GAPS    : METHOD=<androidx.work.impl.WorkDatabasePathHelper: void <init>()>
08-29 00:49:52.880 15433 15460 D GAPS    : METHOD=<androidx.work.impl.WorkDatabasePathHelper: void migrateDatabase(android.content.Context)>
08-29 00:49:52.880 15433 15460 D GAPS    : METHOD=<androidx.work.impl.WorkDatabasePathHelper: java.io.File getDefaultDatabasePath(android.content.Context)>
08-29 00:49:52.880 15433 15460 D GAPS    : METHOD=<androidx.work.impl.utils.ForceStopRunnable: void forceStopRunnable()>
08-29 00:49:52.880 15433 15460 D GAPS    : METHOD=<androidx.work.impl.utils.ForceStopRunnable: boolean cleanUp()>
08-29 00:49:52.880 15433 15460 D GAPS    : METHOD=<androidx.work.impl.background.systemjob.SystemJobScheduler: boolean reconcileJobs(android.content.Context,androidx.work.impl.WorkManagerImpl)>
08-29 00:49:52.880 15433 15460 D GAPS    : METHOD=<androidx.work.impl.background.systemjob.SystemJobScheduler: java.util.List getPendingJobs(android.content.Context,android.app.job.JobScheduler)>
08-29 00:49:52.881 15433 15460 D GAPS    : METHOD=<androidx.work.impl.WorkManagerImpl: androidx.work.impl.WorkDatabase getWorkDatabase()>
08-29 00:49:52.881 15433 15460 D GAPS    : METHOD=<androidx.work.impl.WorkDatabase_Impl: androidx.work.impl.model.SystemIdInfoDao systemIdInfoDao()>
08-29 00:49:52.881 15433 15460 D GAPS    : CLASS=androidx.work.impl.model.SystemIdInfoDao_Impl
08-29 00:49:52.881 15433 15460 D GAPS    : METHOD=<androidx.work.impl.model.SystemIdInfoDao_Impl: void <init>(androidx.room.RoomDatabase)>
08-29 00:49:52.881 15433 15460 D GAPS    : CLASS=androidx.work.impl.model.SystemIdInfoDao_Impl$1
08-29 00:49:52.881 15433 15460 D GAPS    : METHOD=<androidx.work.impl.model.SystemIdInfoDao_Impl$1: void <init>(androidx.work.impl.model.SystemIdInfoDao_Impl,androidx.room.RoomDatabase)>
08-29 00:49:52.881 15433 15460 D GAPS    : CLASS=androidx.room.EntityInsertionAdapter
08-29 00:49:52.881 15433 15460 D GAPS    : METHOD=<androidx.room.EntityInsertionAdapter: void <init>(androidx.room.RoomDatabase)>
08-29 00:49:52.881 15433 15460 D GAPS    : CLASS=androidx.room.SharedSQLiteStatement
08-29 00:49:52.881 15433 15460 D GAPS    : METHOD=<androidx.room.SharedSQLiteStatement: void <init>(androidx.room.RoomDatabase)>
08-29 00:49:52.881 15433 15460 D GAPS    : CLASS=androidx.room.SharedSQLiteStatement$stmt$2
08-29 00:49:52.881 15433 15460 D GAPS    : METHOD=<androidx.room.SharedSQLiteStatement$stmt$2: void <init>(androidx.room.SharedSQLiteStatement)>
08-29 00:49:52.881 15433 15460 D GAPS    : CLASS=androidx.work.impl.model.SystemIdInfoDao_Impl$2
08-29 00:49:52.881 15433 15460 D GAPS    : METHOD=<androidx.work.impl.model.SystemIdInfoDao_Impl$2: void <init>(androidx.work.impl.model.SystemIdInfoDao_Impl,androidx.room.RoomDatabase)>
08-29 00:49:52.881 15433 15460 D GAPS    : CLASS=androidx.work.impl.model.SystemIdInfoDao_Impl$3
08-29 00:49:52.881 15433 15460 D GAPS    : METHOD=<androidx.work.impl.model.SystemIdInfoDao_Impl$3: void <init>(androidx.work.impl.model.SystemIdInfoDao_Impl,androidx.room.RoomDatabase)>
08-29 00:49:52.881 15433 15460 D GAPS    : METHOD=<androidx.work.impl.model.SystemIdInfoDao_Impl: java.util.List getWorkSpecIds()>
08-29 00:49:52.881 15433 15460 D GAPS    : CLASS=androidx.room.RoomSQLiteQuery
08-29 00:49:52.881 15433 15460 D GAPS    : METHOD=<androidx.room.RoomSQLiteQuery: void <clinit>()>
08-29 00:49:52.881 15433 15460 D GAPS    : CLASS=androidx.room.RoomSQLiteQuery$Companion
08-29 00:49:52.881 15433 15460 D GAPS    : METHOD=<androidx.room.RoomSQLiteQuery$Companion: void <init>(kotlin.jvm.internal.DefaultConstructorMarker)>
08-29 00:49:52.881 15433 15460 D GAPS    : METHOD=<androidx.room.RoomSQLiteQuery$Companion: void <init>()>
08-29 00:49:52.881 15433 15460 D GAPS    : METHOD=<androidx.room.RoomSQLiteQuery: androidx.room.RoomSQLiteQuery acquire(java.lang.String,int)>
08-29 00:49:52.881 15433 15460 D GAPS    : METHOD=<androidx.room.RoomSQLiteQuery$Companion: androidx.room.RoomSQLiteQuery acquire(java.lang.String,int)>
08-29 00:49:52.881 15433 15460 D GAPS    : CLASS=kotlin.Unit
08-29 00:49:52.881 15433 15460 D GAPS    : METHOD=<kotlin.Unit: void <clinit>()>
08-29 00:49:52.881 15433 15460 D GAPS    : METHOD=<kotlin.Unit: void <init>()>
08-29 00:49:52.881 15433 15460 D GAPS    : METHOD=<androidx.room.RoomSQLiteQuery: void <init>(int,kotlin.jvm.internal.DefaultConstructorMarker)>
08-29 00:49:52.881 15433 15460 D GAPS    : METHOD=<androidx.room.RoomSQLiteQuery: void <init>(int)>
08-29 00:49:52.881 15433 15433 D GAPS    : METHOD=<androidx.profileinstaller.ProfileInstallerInitializer: void <init>()>
08-29 00:49:52.881 15433 15460 D GAPS    : METHOD=<androidx.room.RoomSQLiteQuery: void init(java.lang.String,int)>
08-29 00:49:52.881 15433 15460 D GAPS    : METHOD=<androidx.room.RoomDatabase: void assertNotSuspendingTransaction()>
08-29 00:49:52.881 15433 15433 D GAPS    : METHOD=<androidx.profileinstaller.ProfileInstallerInitializer: java.util.List dependencies()>
08-29 00:49:52.881 15433 15460 D GAPS    : METHOD=<androidx.room.RoomDatabase: boolean inTransaction()>
08-29 00:49:52.881 15433 15460 D GAPS    : METHOD=<androidx.sqlite.db.framework.FrameworkSQLiteOpenHelper: androidx.sqlite.db.SupportSQLiteDatabase getWritableDatabase()>
08-29 00:49:52.881 15433 15433 D GAPS    : METHOD=<androidx.profileinstaller.ProfileInstallerInitializer: java.lang.Object create(android.content.Context)>
08-29 00:49:52.881 15433 15460 D GAPS    : METHOD=<androidx.sqlite.db.framework.FrameworkSQLiteOpenHelper: androidx.sqlite.db.framework.FrameworkSQLiteOpenHelper$OpenHelper getDelegate()>
08-29 00:49:52.881 15433 15433 D GAPS    : METHOD=<androidx.profileinstaller.ProfileInstallerInitializer: androidx.profileinstaller.ProfileInstallerInitializer$Result create(android.content.Context)>
08-29 00:49:52.881 15433 15433 D GAPS    : METHOD=<androidx.profileinstaller.ProfileInstallerInitializer: void delayAfterFirstFrame(android.content.Context)>
08-29 00:49:52.881 15433 15433 D GAPS    : CLASS=androidx.profileinstaller.ProfileInstallerInitializer$$ExternalSyntheticLambda0
08-29 00:49:52.881 15433 15433 D GAPS    : METHOD=<androidx.profileinstaller.ProfileInstallerInitializer$$ExternalSyntheticLambda0: void <init>(androidx.profileinstaller.ProfileInstallerInitializer,android.content.Context)>
08-29 00:49:52.881 15433 15433 D GAPS    : METHOD=<androidx.profileinstaller.ProfileInstallerInitializer$Choreographer16Impl: void postFrameCallback(java.lang.Runnable)>
08-29 00:49:52.881 15433 15460 D GAPS    : METHOD=<kotlin.SynchronizedLazyImpl: java.lang.Object getValue()>
08-29 00:49:52.881 15433 15460 D GAPS    : METHOD=<androidx.sqlite.db.framework.FrameworkSQLiteOpenHelper$lazyDelegate$1: java.lang.Object invoke()>
08-29 00:49:52.881 15433 15460 D GAPS    : METHOD=<androidx.sqlite.db.framework.FrameworkSQLiteOpenHelper$lazyDelegate$1: androidx.sqlite.db.framework.FrameworkSQLiteOpenHelper$OpenHelper invoke()>
08-29 00:49:52.881 15433 15460 D GAPS    : METHOD=<androidx.sqlite.db.framework.FrameworkSQLiteOpenHelper: java.lang.String access$getName$p(androidx.sqlite.db.framework.FrameworkSQLiteOpenHelper)>
08-29 00:49:52.881 15433 15460 D GAPS    : METHOD=<androidx.sqlite.db.framework.FrameworkSQLiteOpenHelper: boolean access$getUseNoBackupDirectory$p(androidx.sqlite.db.framework.FrameworkSQLiteOpenHelper)>
08-29 00:49:52.881 15433 15460 D GAPS    : METHOD=<androidx.sqlite.db.framework.FrameworkSQLiteOpenHelper: android.content.Context access$getContext$p(androidx.sqlite.db.framework.FrameworkSQLiteOpenHelper)>
08-29 00:49:52.881 15433 15460 D GAPS    : CLASS=androidx.sqlite.db.SupportSQLiteCompat$Api21Impl
08-29 00:49:52.881 15433 15460 D GAPS    : METHOD=<androidx.sqlite.db.SupportSQLiteCompat$Api21Impl: void <clinit>()>
08-29 00:49:52.881 15433 15460 D GAPS    : METHOD=<androidx.sqlite.db.SupportSQLiteCompat$Api21Impl: void <init>()>
08-29 00:49:52.881 15433 15460 D GAPS    : METHOD=<androidx.sqlite.db.SupportSQLiteCompat$Api21Impl: java.io.File getNoBackupFilesDir(android.content.Context)>
08-29 00:49:52.881 15433 15460 D GAPS    : CLASS=androidx.sqlite.db.framework.FrameworkSQLiteOpenHelper$OpenHelper
08-29 00:49:52.881 15433 15460 D GAPS    : METHOD=<androidx.sqlite.db.framework.FrameworkSQLiteOpenHelper$OpenHelper: void <clinit>()>
08-29 00:49:52.881 15433 15460 D GAPS    : CLASS=androidx.sqlite.db.framework.FrameworkSQLiteOpenHelper$OpenHelper$Companion
08-29 00:49:52.881 15433 15460 D GAPS    : METHOD=<androidx.sqlite.db.framework.FrameworkSQLiteOpenHelper$OpenHelper$Companion: void <init>(kotlin.jvm.internal.DefaultConstructorMarker)>
08-29 00:49:52.881 15433 15460 D GAPS    : METHOD=<androidx.sqlite.db.framework.FrameworkSQLiteOpenHelper$OpenHelper$Companion: void <init>()>
08-29 00:49:52.881 15433 15460 D GAPS    : CLASS=androidx.sqlite.db.framework.FrameworkSQLiteOpenHelper$DBRefHolder
08-29 00:49:52.881 15433 15460 D GAPS    : METHOD=<androidx.sqlite.db.framework.FrameworkSQLiteOpenHelper$DBRefHolder: void <init>(androidx.sqlite.db.framework.FrameworkSQLiteDatabase)>
08-29 00:49:52.881 15433 15460 D GAPS    : METHOD=<androidx.sqlite.db.framework.FrameworkSQLiteOpenHelper: androidx.sqlite.db.SupportSQLiteOpenHelper$Callback access$getCallback$p(androidx.sqlite.db.framework.FrameworkSQLiteOpenHelper)>
08-29 00:49:52.881 15433 15460 D GAPS    : METHOD=<androidx.sqlite.db.framework.FrameworkSQLiteOpenHelper: boolean access$getAllowDataLossOnRecovery$p(androidx.sqlite.db.framework.FrameworkSQLiteOpenHelper)>
08-29 00:49:52.881 15433 15460 D GAPS    : METHOD=<androidx.sqlite.db.framework.FrameworkSQLiteOpenHelper$OpenHelper: void <init>(android.content.Context,java.lang.String,androidx.sqlite.db.framework.FrameworkSQLiteOpenHelper$DBRefHolder,androidx.sqlite.db.SupportSQLiteOpenHelper$Callback,boolean)>
08-29 00:49:52.881 15433 15460 D GAPS    : CLASS=androidx.sqlite.db.framework.FrameworkSQLiteOpenHelper$OpenHelper$$ExternalSyntheticLambda0
08-29 00:49:52.881 15433 15460 D GAPS    : METHOD=<androidx.sqlite.db.framework.FrameworkSQLiteOpenHelper$OpenHelper$$ExternalSyntheticLambda0: void <init>(androidx.sqlite.db.SupportSQLiteOpenHelper$Callback,androidx.sqlite.db.framework.FrameworkSQLiteOpenHelper$DBRefHolder)>
08-29 00:49:52.881 15433 15460 D GAPS    : CLASS=androidx.sqlite.util.ProcessLock
08-29 00:49:52.881 15433 15460 D GAPS    : METHOD=<androidx.sqlite.util.ProcessLock: void <clinit>()>
08-29 00:49:52.881 15433 15460 D GAPS    : CLASS=androidx.sqlite.util.ProcessLock$Companion
08-29 00:49:52.881 15433 15460 D GAPS    : METHOD=<androidx.sqlite.util.ProcessLock$Companion: void <init>(kotlin.jvm.internal.DefaultConstructorMarker)>
08-29 00:49:52.881 15433 15460 D GAPS    : METHOD=<androidx.sqlite.util.ProcessLock$Companion: void <init>()>
08-29 00:49:52.881 15433 15460 D GAPS    : METHOD=<androidx.sqlite.util.ProcessLock: void <init>(java.lang.String,java.io.File,boolean)>
08-29 00:49:52.881 15433 15460 D GAPS    : METHOD=<androidx.sqlite.util.ProcessLock$Companion: java.util.concurrent.locks.Lock access$getThreadLock(androidx.sqlite.util.ProcessLock$Companion,java.lang.String)>
08-29 00:49:52.881 15433 15460 D GAPS    : METHOD=<androidx.sqlite.util.ProcessLock$Companion: java.util.concurrent.locks.Lock getThreadLock(java.lang.String)>
08-29 00:49:52.881 15433 15460 D GAPS    : METHOD=<androidx.sqlite.util.ProcessLock: java.util.Map access$getThreadLocksMap$cp()>
08-29 00:49:52.881 15433 15460 D GAPS    : METHOD=<androidx.sqlite.db.framework.FrameworkSQLiteOpenHelper: boolean access$getWriteAheadLoggingEnabled$p(androidx.sqlite.db.framework.FrameworkSQLiteOpenHelper)>
08-29 00:49:52.881 15433 15433 D GAPS    : CLASS=androidx.profileinstaller.ProfileInstallerInitializer$Choreographer16Impl$$ExternalSyntheticLambda0
08-29 00:49:52.881 15433 15433 D GAPS    : METHOD=<androidx.profileinstaller.ProfileInstallerInitializer$Choreographer16Impl$$ExternalSyntheticLambda0: void <init>(java.lang.Runnable)>
08-29 00:49:52.881 15433 15433 D GAPS    : CLASS=androidx.profileinstaller.ProfileInstallerInitializer$Result
08-29 00:49:52.881 15433 15433 D GAPS    : METHOD=<androidx.profileinstaller.ProfileInstallerInitializer$Result: void <init>()>
08-29 00:49:52.882 15433 15460 D GAPS    : CLASS=androidx.sqlite.db.SupportSQLiteCompat$Api16Impl
08-29 00:49:52.882 15433 15460 D GAPS    : METHOD=<androidx.sqlite.db.SupportSQLiteCompat$Api16Impl: void <clinit>()>
08-29 00:49:52.882 15433 15460 D GAPS    : METHOD=<androidx.sqlite.db.SupportSQLiteCompat$Api16Impl: void <init>()>
08-29 00:49:52.882 15433 15460 D GAPS    : METHOD=<androidx.sqlite.db.SupportSQLiteCompat$Api16Impl: void setWriteAheadLoggingEnabled(android.database.sqlite.SQLiteOpenHelper,boolean)>
08-29 00:49:52.882 15433 15460 D GAPS    : METHOD=<androidx.sqlite.db.framework.FrameworkSQLiteOpenHelper$OpenHelper: androidx.sqlite.db.SupportSQLiteDatabase getSupportDatabase(boolean)>
08-29 00:49:52.882 15433 15460 D GAPS    : METHOD=<androidx.sqlite.util.ProcessLock: void lock(boolean)>
08-29 00:49:52.882 15433 15433 D GAPS    : METHOD=<org.wikipedia.WikipediaApp: void onCreate()>
08-29 00:49:52.883 15433 15460 D GAPS    : METHOD=<androidx.sqlite.db.framework.FrameworkSQLiteOpenHelper$OpenHelper: android.database.sqlite.SQLiteDatabase innerGetDatabase(boolean)>
08-29 00:49:52.883 15433 15460 D GAPS    : METHOD=<androidx.sqlite.db.framework.FrameworkSQLiteOpenHelper$OpenHelper: android.database.sqlite.SQLiteDatabase getWritableOrReadableDatabase(boolean)>
08-29 00:49:52.883 15433 15433 D GAPS    : CLASS=org.wikipedia.dataclient.WikiSite
08-29 00:49:52.884 15433 15433 D GAPS    : METHOD=<org.wikipedia.dataclient.WikiSite: void <clinit>()>
08-29 00:49:52.884 15433 15433 D GAPS    : CLASS=org.wikipedia.dataclient.WikiSite$Companion
08-29 00:49:52.884 15433 15433 D GAPS    : METHOD=<org.wikipedia.dataclient.WikiSite$Companion: void <init>(kotlin.jvm.internal.DefaultConstructorMarker)>
08-29 00:49:52.884 15433 15433 D GAPS    : METHOD=<org.wikipedia.dataclient.WikiSite$Companion: void <init>()>
08-29 00:49:52.884 15433 15433 D GAPS    : CLASS=org.wikipedia.dataclient.WikiSite$Creator
08-29 00:49:52.884 15433 15433 D GAPS    : METHOD=<org.wikipedia.dataclient.WikiSite$Creator: void <init>()>
08-29 00:49:52.885 15433 15433 D GAPS    : CLASS=org.wikipedia.settings.Prefs
08-29 00:49:52.885 15433 15433 D GAPS    : METHOD=<org.wikipedia.settings.Prefs: void <clinit>()>
08-29 00:49:52.885 15433 15433 D GAPS    : METHOD=<org.wikipedia.settings.Prefs: void <init>()>
08-29 00:49:52.885 15433 15433 D GAPS    : METHOD=<org.wikipedia.settings.Prefs: java.lang.String getMediaWikiBaseUrl()>
08-29 00:49:52.885 15433 15433 D GAPS    : METHOD=<org.wikipedia.settings.PrefsIoUtil: java.lang.String getString(int,java.lang.String)>
08-29 00:49:52.885 15433 15433 D GAPS    : METHOD=<org.wikipedia.settings.PrefsIoUtil: java.lang.String getKey(int,java.lang.Object[])>
08-29 00:49:52.885 15433 15433 D GAPS    : METHOD=<org.wikipedia.settings.PrefsIoUtil: android.content.res.Resources getResources()>
08-29 00:49:52.885 15433 15433 D GAPS    : METHOD=<org.wikipedia.settings.PrefsIoUtil: android.content.Context getContext()>
08-29 00:49:52.885 15433 15433 D GAPS    : METHOD=<org.wikipedia.WikipediaApp$Companion: org.wikipedia.WikipediaApp getInstance()>
08-29 00:49:52.885 15433 15433 D GAPS    : METHOD=<org.wikipedia.WikipediaApp: org.wikipedia.WikipediaApp access$getInstance$cp()>
08-29 00:49:52.885 15433 15433 D GAPS    : METHOD=<org.wikipedia.settings.PrefsIoUtil: java.lang.String getString(java.lang.String,java.lang.String)>
08-29 00:49:52.885 15433 15433 D GAPS    : METHOD=<org.wikipedia.settings.PrefsIoUtil: android.content.SharedPreferences getPreferences()>
08-29 00:49:52.904 15433 15433 D GAPS    : METHOD=<org.wikipedia.dataclient.WikiSite$Companion: void setDefaultBaseUrl(java.lang.String)>
08-29 00:49:52.904 15433 15433 D GAPS    : METHOD=<org.wikipedia.dataclient.WikiSite: void access$setDEFAULT_BASE_URL$cp(java.lang.String)>
08-29 00:49:52.904 15433 15433 D GAPS    : METHOD=<org.wikipedia.connectivity.ConnectionStateMonitor: void enable()>
08-29 00:49:52.904 15433 15433 D GAPS    : METHOD=<org.wikipedia.connectivity.ConnectionStateMonitor: void ensureNetworkCallbackRegistered()>
08-29 00:49:52.904 15433 15433 D GAPS    : METHOD=<androidx.work.impl.utils.NetworkApi24$$ExternalSyntheticApiModelOutline0: void m(android.net.ConnectivityManager,android.net.ConnectivityManager$NetworkCallback)>
08-29 00:49:52.904 15433 15460 D GAPS    : METHOD=<androidx.sqlite.db.framework.FrameworkSQLiteOpenHelper$OpenHelper: void onConfigure(android.database.sqlite.SQLiteDatabase)>
08-29 00:49:52.904 15433 15460 D GAPS    : METHOD=<androidx.sqlite.db.framework.FrameworkSQLiteOpenHelper$OpenHelper: androidx.sqlite.db.framework.FrameworkSQLiteDatabase getWrappedDb(android.database.sqlite.SQLiteDatabase)>
08-29 00:49:52.904 15433 15460 D GAPS    : METHOD=<androidx.sqlite.db.framework.FrameworkSQLiteOpenHelper$OpenHelper$Companion: androidx.sqlite.db.framework.FrameworkSQLiteDatabase getWrappedDb(androidx.sqlite.db.framework.FrameworkSQLiteOpenHelper$DBRefHolder,android.database.sqlite.SQLiteDatabase)>
08-29 00:49:52.904 15433 15460 D GAPS    : METHOD=<androidx.sqlite.db.framework.FrameworkSQLiteOpenHelper$DBRefHolder: androidx.sqlite.db.framework.FrameworkSQLiteDatabase getDb()>
08-29 00:49:52.904 15433 15460 D GAPS    : CLASS=androidx.sqlite.db.framework.FrameworkSQLiteDatabase
08-29 00:49:52.904 15433 15460 D GAPS    : METHOD=<androidx.sqlite.db.framework.FrameworkSQLiteDatabase: void <clinit>()>
08-29 00:49:52.904 15433 15460 D GAPS    : CLASS=androidx.sqlite.db.framework.FrameworkSQLiteDatabase$Companion
08-29 00:49:52.904 15433 15460 D GAPS    : METHOD=<androidx.sqlite.db.framework.FrameworkSQLiteDatabase$Companion: void <init>(kotlin.jvm.internal.DefaultConstructorMarker)>
08-29 00:49:52.904 15433 15460 D GAPS    : METHOD=<androidx.sqlite.db.framework.FrameworkSQLiteDatabase$Companion: void <init>()>
08-29 00:49:52.904 15433 15460 D GAPS    : METHOD=<androidx.sqlite.db.framework.FrameworkSQLiteDatabase: void <init>(android.database.sqlite.SQLiteDatabase)>
08-29 00:49:52.904 15433 15460 D GAPS    : METHOD=<androidx.sqlite.db.framework.FrameworkSQLiteOpenHelper$DBRefHolder: void setDb(androidx.sqlite.db.framework.FrameworkSQLiteDatabase)>
08-29 00:49:52.904 15433 15460 D GAPS    : METHOD=<androidx.room.RoomOpenHelper: void onConfigure(androidx.sqlite.db.SupportSQLiteDatabase)>
08-29 00:49:52.904 15433 15460 D GAPS    : METHOD=<androidx.sqlite.db.SupportSQLiteOpenHelper$Callback: void onConfigure(androidx.sqlite.db.SupportSQLiteDatabase)>
08-29 00:49:52.904 15433 15460 D GAPS    : METHOD=<androidx.sqlite.db.framework.FrameworkSQLiteOpenHelper$OpenHelper: void onOpen(android.database.sqlite.SQLiteDatabase)>
08-29 00:49:52.904 15433 15460 D GAPS    : METHOD=<androidx.sqlite.db.framework.FrameworkSQLiteDatabase: boolean isDelegate(android.database.sqlite.SQLiteDatabase)>
08-29 00:49:52.904 15433 15460 D GAPS    : METHOD=<androidx.room.RoomOpenHelper: void onOpen(androidx.sqlite.db.SupportSQLiteDatabase)>
08-29 00:49:52.904 15433 15460 D GAPS    : METHOD=<androidx.sqlite.db.SupportSQLiteOpenHelper$Callback: void onOpen(androidx.sqlite.db.SupportSQLiteDatabase)>
08-29 00:49:52.904 15433 15460 D GAPS    : METHOD=<androidx.room.RoomOpenHelper: void checkIdentity(androidx.sqlite.db.SupportSQLiteDatabase)>
08-29 00:49:52.904 15433 15460 D GAPS    : METHOD=<androidx.room.RoomOpenHelper$Companion: boolean hasRoomMasterTable$room_runtime_release(androidx.sqlite.db.SupportSQLiteDatabase)>
08-29 00:49:52.904 15433 15460 D GAPS    : METHOD=<androidx.sqlite.db.framework.FrameworkSQLiteDatabase: android.database.Cursor query(java.lang.String)>
08-29 00:49:52.904 15433 15460 D GAPS    : CLASS=androidx.sqlite.db.SimpleSQLiteQuery
08-29 00:49:52.904 15433 15460 D GAPS    : METHOD=<androidx.sqlite.db.SimpleSQLiteQuery: void <clinit>()>
08-29 00:49:52.904 15433 15460 D GAPS    : CLASS=androidx.sqlite.db.SimpleSQLiteQuery$Companion
08-29 00:49:52.904 15433 15460 D GAPS    : METHOD=<androidx.sqlite.db.SimpleSQLiteQuery$Companion: void <init>(kotlin.jvm.internal.DefaultConstructorMarker)>
08-29 00:49:52.904 15433 15460 D GAPS    : METHOD=<androidx.sqlite.db.SimpleSQLiteQuery$Companion: void <init>()>
08-29 00:49:52.904 15433 15460 D GAPS    : METHOD=<androidx.sqlite.db.SimpleSQLiteQuery: void <init>(java.lang.String)>
08-29 00:49:52.904 15433 15460 D GAPS    : METHOD=<androidx.sqlite.db.SimpleSQLiteQuery: void <init>(java.lang.String,java.lang.Object[])>
08-29 00:49:52.904 15433 15460 D GAPS    : METHOD=<androidx.sqlite.db.framework.FrameworkSQLiteDatabase: android.database.Cursor query(androidx.sqlite.db.SupportSQLiteQuery)>
08-29 00:49:52.904 15433 15460 D GAPS    : CLASS=androidx.sqlite.db.framework.FrameworkSQLiteDatabase$query$cursorFactory$1
08-29 00:49:52.904 15433 15460 D GAPS    : METHOD=<androidx.sqlite.db.framework.FrameworkSQLiteDatabase$query$cursorFactory$1: void <init>(androidx.sqlite.db.SupportSQLiteQuery)>
08-29 00:49:52.905 15433 15460 D GAPS    : CLASS=androidx.sqlite.db.framework.FrameworkSQLiteDatabase$$ExternalSyntheticLambda1
08-29 00:49:52.905 15433 15460 D GAPS    : METHOD=<androidx.sqlite.db.framework.FrameworkSQLiteDatabase$$ExternalSyntheticLambda1: void <init>(kotlin.jvm.functions.Function4)>
08-29 00:49:52.905 15433 15460 D GAPS    : METHOD=<androidx.sqlite.db.SimpleSQLiteQuery: java.lang.String getSql()>
08-29 00:49:52.905 15433 15460 D GAPS    : METHOD=<androidx.sqlite.db.framework.FrameworkSQLiteDatabase$$ExternalSyntheticLambda1: android.database.Cursor newCursor(android.database.sqlite.SQLiteDatabase,android.database.sqlite.SQLiteCursorDriver,java.lang.String,android.database.sqlite.SQLiteQuery)>
08-29 00:49:52.905 15433 15460 D GAPS    : METHOD=<androidx.sqlite.db.framework.FrameworkSQLiteDatabase: android.database.Cursor $r8$lambda$xWs7VTYEzeAWyi_2-SJixQ1HyKQ(kotlin.jvm.functions.Function4,android.database.sqlite.SQLiteDatabase,android.database.sqlite.SQLiteCursorDriver,java.lang.String,android.database.sqlite.SQLiteQuery)>
08-29 00:49:52.905 15433 15460 D GAPS    : METHOD=<androidx.sqlite.db.framework.FrameworkSQLiteDatabase: android.database.Cursor query$lambda$0(kotlin.jvm.functions.Function4,android.database.sqlite.SQLiteDatabase,android.database.sqlite.SQLiteCursorDriver,java.lang.String,android.database.sqlite.SQLiteQuery)>
08-29 00:49:52.905 15433 15460 D GAPS    : METHOD=<androidx.sqlite.db.framework.FrameworkSQLiteDatabase$query$cursorFactory$1: java.lang.Object invoke(java.lang.Object,java.lang.Object,java.lang.Object,java.lang.Object)>
08-29 00:49:52.905 15433 15460 D GAPS    : METHOD=<androidx.sqlite.db.framework.FrameworkSQLiteDatabase$query$cursorFactory$1: android.database.sqlite.SQLiteCursor invoke(android.database.sqlite.SQLiteDatabase,android.database.sqlite.SQLiteCursorDriver,java.lang.String,android.database.sqlite.SQLiteQuery)>
08-29 00:49:52.905 15433 15460 D GAPS    : CLASS=androidx.sqlite.db.framework.FrameworkSQLiteProgram
08-29 00:49:52.905 15433 15460 D GAPS    : METHOD=<androidx.sqlite.db.framework.FrameworkSQLiteProgram: void <init>(android.database.sqlite.SQLiteProgram)>
08-29 00:49:52.905 15433 15460 D GAPS    : METHOD=<androidx.sqlite.db.SimpleSQLiteQuery: void bindTo(androidx.sqlite.db.SupportSQLiteProgram)>
08-29 00:49:52.905 15433 15460 D GAPS    : METHOD=<androidx.sqlite.db.SimpleSQLiteQuery$Companion: void bind(androidx.sqlite.db.SupportSQLiteProgram,java.lang.Object[])>
08-29 00:49:52.905 15433 15460 D GAPS    : METHOD=<kotlin.io.CloseableKt: void closeFinally(java.io.Closeable,java.lang.Throwable)>
08-29 00:49:52.905 15433 15460 D GAPS    : METHOD=<androidx.work.impl.WorkDatabase_Impl$1: void onOpen(androidx.sqlite.db.SupportSQLiteDatabase)>
08-29 00:49:52.905 15433 15460 D GAPS    : METHOD=<androidx.work.impl.WorkDatabase_Impl: androidx.sqlite.db.SupportSQLiteDatabase access$602(androidx.work.impl.WorkDatabase_Impl,androidx.sqlite.db.SupportSQLiteDatabase)>
08-29 00:49:52.905 15433 15460 D GAPS    : METHOD=<androidx.sqlite.db.framework.FrameworkSQLiteDatabase: void execSQL(java.lang.String)>
08-29 00:49:52.905 15433 15460 D GAPS    : METHOD=<androidx.work.impl.WorkDatabase_Impl: void access$700(androidx.work.impl.WorkDatabase_Impl,androidx.sqlite.db.SupportSQLiteDatabase)>
08-29 00:49:52.905 15433 15460 D GAPS    : METHOD=<androidx.room.RoomDatabase: void internalInitInvalidationTracker(androidx.sqlite.db.SupportSQLiteDatabase)>
08-29 00:49:52.905 15433 15460 D GAPS    : METHOD=<androidx.room.RoomDatabase: androidx.room.InvalidationTracker getInvalidationTracker()>
08-29 00:49:52.905 15433 15460 D GAPS    : METHOD=<androidx.room.InvalidationTracker: void internalInit$room_runtime_release(androidx.sqlite.db.SupportSQLiteDatabase)>
08-29 00:49:52.905 15433 15460 D GAPS    : METHOD=<androidx.room.InvalidationTracker: void syncTriggers$room_runtime_release(androidx.sqlite.db.SupportSQLiteDatabase)>
08-29 00:49:52.905 15433 15460 D GAPS    : METHOD=<androidx.sqlite.db.framework.FrameworkSQLiteDatabase: boolean inTransaction()>
08-29 00:49:52.905 15433 15460 D GAPS    : METHOD=<androidx.room.RoomDatabase: java.util.concurrent.locks.Lock getCloseLock$room_runtime_release()>
08-29 00:49:52.905 15433 15460 D GAPS    : METHOD=<androidx.room.InvalidationTracker$ObservedTableTracker: int[] getTablesToSync()>
08-29 00:49:52.905 15433 15460 D GAPS    : METHOD=<androidx.sqlite.db.framework.FrameworkSQLiteDatabase: androidx.sqlite.db.SupportSQLiteStatement compileStatement(java.lang.String)>
08-29 00:49:52.905 15433 15460 D GAPS    : CLASS=androidx.sqlite.db.framework.FrameworkSQLiteStatement
08-29 00:49:52.905 15433 15460 D GAPS    : METHOD=<androidx.sqlite.db.framework.FrameworkSQLiteStatement: void <init>(android.database.sqlite.SQLiteStatement)>
08-29 00:49:52.905 15433 15460 D GAPS    : METHOD=<androidx.work.impl.WorkDatabase_Impl: java.util.List access$800(androidx.work.impl.WorkDatabase_Impl)>
08-29 00:49:52.905 15433 15460 D GAPS    : METHOD=<androidx.work.impl.WorkDatabase_Impl: java.util.List access$900(androidx.work.impl.WorkDatabase_Impl)>
08-29 00:49:52.905 15433 15460 D GAPS    : METHOD=<androidx.work.impl.WorkDatabase_Impl: java.util.List access$1000(androidx.work.impl.WorkDatabase_Impl)>
08-29 00:49:52.905 15433 15460 D GAPS    : METHOD=<androidx.work.impl.CleanupCallback: void onOpen(androidx.sqlite.db.SupportSQLiteDatabase)>
08-29 00:49:52.905 15433 15460 D GAPS    : METHOD=<androidx.room.RoomDatabase$Callback: void onOpen(androidx.sqlite.db.SupportSQLiteDatabase)>
08-29 00:49:52.905 15433 15460 D GAPS    : METHOD=<androidx.sqlite.db.framework.FrameworkSQLiteDatabase: void beginTransaction()>
08-29 00:49:52.905 15433 15460 D GAPS    : METHOD=<androidx.work.impl.CleanupCallback: java.lang.String getPruneSQL()>
08-29 00:49:52.905 15433 15460 D GAPS    : METHOD=<androidx.work.impl.CleanupCallback: long getPruneDate()>
08-29 00:49:52.905 15433 15460 D GAPS    : CLASS=androidx.work.impl.WorkDatabaseKt
08-29 00:49:52.905 15433 15460 D GAPS    : METHOD=<androidx.work.impl.WorkDatabaseKt: void <clinit>()>
08-29 00:49:52.905 15433 15460 D GAPS    : METHOD=<androidx.work.impl.WorkDatabaseKt: long access$getPRUNE_THRESHOLD_MILLIS$p()>
08-29 00:49:52.905 15433 15460 D GAPS    : METHOD=<androidx.sqlite.db.framework.FrameworkSQLiteDatabase: void setTransactionSuccessful()>
08-29 00:49:52.905 15433 15460 D GAPS    : METHOD=<androidx.sqlite.db.framework.FrameworkSQLiteDatabase: void endTransaction()>
08-29 00:49:52.905 15433 15460 D GAPS    : METHOD=<androidx.sqlite.util.ProcessLock: void unlock()>
08-29 00:49:52.905 15433 15460 D GAPS    : METHOD=<androidx.room.util.DBUtil: android.database.Cursor query(androidx.room.RoomDatabase,androidx.sqlite.db.SupportSQLiteQuery,boolean,android.os.CancellationSignal)>
08-29 00:49:52.905 15433 15460 D GAPS    : METHOD=<androidx.room.RoomDatabase: android.database.Cursor query(androidx.sqlite.db.SupportSQLiteQuery,android.os.CancellationSignal)>
08-29 00:49:52.905 15433 15460 D GAPS    : METHOD=<androidx.room.RoomDatabase: void assertNotMainThread()>
08-29 00:49:52.905 15433 15460 D GAPS    : METHOD=<androidx.room.RoomDatabase: boolean isMainThread$room_runtime_release()>
08-29 00:49:52.905 15433 15460 D GAPS    : METHOD=<androidx.room.RoomSQLiteQuery: java.lang.String getSql()>
08-29 00:49:52.905 15433 15433 D GAPS    : METHOD=<org.wikipedia.connectivity.ConnectionStateMonitor: void updateOnlineState()>
08-29 00:49:52.905 15433 15433 D GAPS    : METHOD=<androidx.work.impl.utils.NetworkApi23$$ExternalSyntheticApiModelOutline0: android.net.Network m(android.net.ConnectivityManager)>
08-29 00:49:52.905 15433 15460 D GAPS    : METHOD=<androidx.room.RoomSQLiteQuery: void bindTo(androidx.sqlite.db.SupportSQLiteProgram)>
08-29 00:49:52.905 15433 15460 D GAPS    : METHOD=<androidx.room.RoomSQLiteQuery: int getArgCount()>
08-29 00:49:52.906 15433 15460 D GAPS    : METHOD=<androidx.room.RoomSQLiteQuery: void release()>
08-29 00:49:52.906 15433 15460 D GAPS    : METHOD=<androidx.room.RoomSQLiteQuery$Companion: void prunePoolLocked$room_runtime_release()>
08-29 00:49:52.906 15433 15460 D GAPS    : METHOD=<androidx.work.impl.WorkDatabase_Impl: androidx.work.impl.model.WorkSpecDao workSpecDao()>
08-29 00:49:52.906 15433 15460 D GAPS    : CLASS=androidx.work.impl.model.WorkSpecDao_Impl
08-29 00:49:52.906 15433 15460 D GAPS    : METHOD=<androidx.work.impl.model.WorkSpecDao_Impl: void <init>(androidx.room.RoomDatabase)>
08-29 00:49:52.906 15433 15460 D GAPS    : CLASS=androidx.work.impl.model.WorkSpecDao_Impl$1
08-29 00:49:52.906 15433 15460 D GAPS    : METHOD=<androidx.work.impl.model.WorkSpecDao_Impl$1: void <init>(androidx.work.impl.model.WorkSpecDao_Impl,androidx.room.RoomDatabase)>
08-29 00:49:52.906 15433 15460 D GAPS    : CLASS=androidx.work.impl.model.WorkSpecDao_Impl$2
08-29 00:49:52.906 15433 15460 D GAPS    : METHOD=<androidx.work.impl.model.WorkSpecDao_Impl$2: void <init>(androidx.work.impl.model.WorkSpecDao_Impl,androidx.room.RoomDatabase)>
08-29 00:49:52.906 15433 15460 D GAPS    : CLASS=androidx.room.EntityDeletionOrUpdateAdapter
08-29 00:49:52.906 15433 15460 D GAPS    : METHOD=<androidx.room.EntityDeletionOrUpdateAdapter: void <init>(androidx.room.RoomDatabase)>
08-29 00:49:52.906 15433 15460 D GAPS    : CLASS=androidx.work.impl.model.WorkSpecDao_Impl$3
08-29 00:49:52.906 15433 15460 D GAPS    : METHOD=<androidx.work.impl.model.WorkSpecDao_Impl$3: void <init>(androidx.work.impl.model.WorkSpecDao_Impl,androidx.room.RoomDatabase)>
08-29 00:49:52.906 15433 15460 D GAPS    : CLASS=androidx.work.impl.model.WorkSpecDao_Impl$4
08-29 00:49:52.906 15433 15460 D GAPS    : METHOD=<androidx.work.impl.model.WorkSpecDao_Impl$4: void <init>(androidx.work.impl.model.WorkSpecDao_Impl,androidx.room.RoomDatabase)>
08-29 00:49:52.906 15433 15460 D GAPS    : CLASS=androidx.work.impl.model.WorkSpecDao_Impl$5
08-29 00:49:52.906 15433 15460 D GAPS    : METHOD=<androidx.work.impl.model.WorkSpecDao_Impl$5: void <init>(androidx.work.impl.model.WorkSpecDao_Impl,androidx.room.RoomDatabase)>
08-29 00:49:52.906 15433 15460 D GAPS    : CLASS=androidx.work.impl.model.WorkSpecDao_Impl$6
08-29 00:49:52.906 15433 15460 D GAPS    : METHOD=<androidx.work.impl.model.WorkSpecDao_Impl$6: void <init>(androidx.work.impl.model.WorkSpecDao_Impl,androidx.room.RoomDatabase)>
08-29 00:49:52.906 15433 15460 D GAPS    : CLASS=androidx.work.impl.model.WorkSpecDao_Impl$7
08-29 00:49:52.906 15433 15460 D GAPS    : METHOD=<androidx.work.impl.model.WorkSpecDao_Impl$7: void <init>(androidx.work.impl.model.WorkSpecDao_Impl,androidx.room.RoomDatabase)>
08-29 00:49:52.906 15433 15460 D GAPS    : CLASS=androidx.work.impl.model.WorkSpecDao_Impl$8
08-29 00:49:52.906 15433 15460 D GAPS    : METHOD=<androidx.work.impl.model.WorkSpecDao_Impl$8: void <init>(androidx.work.impl.model.WorkSpecDao_Impl,androidx.room.RoomDatabase)>
08-29 00:49:52.906 15433 15460 D GAPS    : CLASS=androidx.work.impl.model.WorkSpecDao_Impl$9
08-29 00:49:52.906 15433 15460 D GAPS    : METHOD=<androidx.work.impl.model.WorkSpecDao_Impl$9: void <init>(androidx.work.impl.model.WorkSpecDao_Impl,androidx.room.RoomDatabase)>
08-29 00:49:52.906 15433 15460 D GAPS    : CLASS=androidx.work.impl.model.WorkSpecDao_Impl$10
08-29 00:49:52.906 15433 15460 D GAPS    : METHOD=<androidx.work.impl.model.WorkSpecDao_Impl$10: void <init>(androidx.work.impl.model.WorkSpecDao_Impl,androidx.room.RoomDatabase)>
08-29 00:49:52.906 15433 15460 D GAPS    : CLASS=androidx.work.impl.model.WorkSpecDao_Impl$11
08-29 00:49:52.906 15433 15460 D GAPS    : METHOD=<androidx.work.impl.model.WorkSpecDao_Impl$11: void <init>(androidx.work.impl.model.WorkSpecDao_Impl,androidx.room.RoomDatabase)>
08-29 00:49:52.906 15433 15460 D GAPS    : CLASS=androidx.work.impl.model.WorkSpecDao_Impl$12
08-29 00:49:52.906 15433 15460 D GAPS    : METHOD=<androidx.work.impl.model.WorkSpecDao_Impl$12: void <init>(androidx.work.impl.model.WorkSpecDao_Impl,androidx.room.RoomDatabase)>
08-29 00:49:52.906 15433 15460 D GAPS    : CLASS=androidx.work.impl.model.WorkSpecDao_Impl$13
08-29 00:49:52.906 15433 15460 D GAPS    : METHOD=<androidx.work.impl.model.WorkSpecDao_Impl$13: void <init>(androidx.work.impl.model.WorkSpecDao_Impl,androidx.room.RoomDatabase)>
08-29 00:49:52.906 15433 15460 D GAPS    : METHOD=<androidx.work.impl.WorkDatabase_Impl: androidx.work.impl.model.WorkProgressDao workProgressDao()>
08-29 00:49:52.906 15433 15460 D GAPS    : CLASS=androidx.work.impl.model.WorkProgressDao_Impl
08-29 00:49:52.906 15433 15460 D GAPS    : METHOD=<androidx.work.impl.model.WorkProgressDao_Impl: void <init>(androidx.room.RoomDatabase)>
08-29 00:49:52.906 15433 15460 D GAPS    : CLASS=androidx.work.impl.model.WorkProgressDao_Impl$1
08-29 00:49:52.906 15433 15460 D GAPS    : METHOD=<androidx.work.impl.model.WorkProgressDao_Impl$1: void <init>(androidx.work.impl.model.WorkProgressDao_Impl,androidx.room.RoomDatabase)>
08-29 00:49:52.906 15433 15460 D GAPS    : CLASS=androidx.work.impl.model.WorkProgressDao_Impl$2
08-29 00:49:52.906 15433 15460 D GAPS    : METHOD=<androidx.work.impl.model.WorkProgressDao_Impl$2: void <init>(androidx.work.impl.model.WorkProgressDao_Impl,androidx.room.RoomDatabase)>
08-29 00:49:52.906 15433 15460 D GAPS    : CLASS=androidx.work.impl.model.WorkProgressDao_Impl$3
08-29 00:49:52.906 15433 15460 D GAPS    : METHOD=<androidx.work.impl.model.WorkProgressDao_Impl$3: void <init>(androidx.work.impl.model.WorkProgressDao_Impl,androidx.room.RoomDatabase)>
08-29 00:49:52.906 15433 15460 D GAPS    : METHOD=<androidx.room.RoomDatabase: void beginTransaction()>
08-29 00:49:52.906 15433 15460 D GAPS    : METHOD=<androidx.room.RoomDatabase: void internalBeginTransaction()>
08-29 00:49:52.906 15433 15460 D GAPS    : METHOD=<androidx.sqlite.db.framework.FrameworkSQLiteDatabase: boolean isWriteAheadLoggingEnabled()>
08-29 00:49:52.906 15433 15460 D GAPS    : METHOD=<androidx.sqlite.db.SupportSQLiteCompat$Api16Impl: boolean isWriteAheadLoggingEnabled(android.database.sqlite.SQLiteDatabase)>
08-29 00:49:52.906 15433 15460 D GAPS    : METHOD=<androidx.sqlite.db.framework.FrameworkSQLiteDatabase: void beginTransactionNonExclusive()>
08-29 00:49:52.906 15433 15460 D GAPS    : METHOD=<androidx.work.impl.model.WorkSpecDao_Impl: java.util.List getRunningWork()>
08-29 00:49:52.906 15433 15465 D GAPS    : METHOD=<org.wikipedia.connectivity.ConnectionStateMonitor: void onAvailable(android.net.Network)>
08-29 00:49:52.906 15433 15460 D GAPS    : METHOD=<androidx.room.util.CursorUtil: int getColumnIndexOrThrow(android.database.Cursor,java.lang.String)>
08-29 00:49:52.906 15433 15460 D GAPS    : METHOD=<androidx.room.util.CursorUtil: int getColumnIndex(android.database.Cursor,java.lang.String)>
08-29 00:49:52.906 15433 15460 D GAPS    : METHOD=<androidx.work.impl.model.WorkProgressDao_Impl: void deleteAll()>
08-29 00:49:52.906 15433 15460 D GAPS    : METHOD=<androidx.room.SharedSQLiteStatement: androidx.sqlite.db.SupportSQLiteStatement acquire()>
08-29 00:49:52.906 15433 15460 D GAPS    : METHOD=<androidx.room.SharedSQLiteStatement: void assertNotMainThread()>
08-29 00:49:52.906 15433 15460 D GAPS    : METHOD=<androidx.room.SharedSQLiteStatement: androidx.sqlite.db.SupportSQLiteStatement getStmt(boolean)>
08-29 00:49:52.906 15433 15460 D GAPS    : METHOD=<androidx.room.SharedSQLiteStatement: androidx.sqlite.db.SupportSQLiteStatement getStmt()>
08-29 00:49:52.906 15433 15460 D GAPS    : METHOD=<androidx.room.SharedSQLiteStatement$stmt$2: java.lang.Object invoke()>
08-29 00:49:52.906 15433 15460 D GAPS    : METHOD=<androidx.room.SharedSQLiteStatement$stmt$2: androidx.sqlite.db.SupportSQLiteStatement invoke()>
08-29 00:49:52.906 15433 15460 D GAPS    : METHOD=<androidx.room.SharedSQLiteStatement: androidx.sqlite.db.SupportSQLiteStatement access$createNewStatement(androidx.room.SharedSQLiteStatement)>
08-29 00:49:52.906 15433 15460 D GAPS    : METHOD=<androidx.room.SharedSQLiteStatement: androidx.sqlite.db.SupportSQLiteStatement createNewStatement()>
08-29 00:49:52.906 15433 15460 D GAPS    : METHOD=<androidx.work.impl.model.WorkProgressDao_Impl$3: java.lang.String createQuery()>
08-29 00:49:52.906 15433 15460 D GAPS    : METHOD=<androidx.room.RoomDatabase: androidx.sqlite.db.SupportSQLiteStatement compileStatement(java.lang.String)>
08-29 00:49:52.906 15433 15460 D GAPS    : METHOD=<androidx.sqlite.db.framework.FrameworkSQLiteStatement: int executeUpdateDelete()>
08-29 00:49:52.906 15433 15460 D GAPS    : METHOD=<androidx.room.RoomDatabase: void setTransactionSuccessful()>
08-29 00:49:52.906 15433 15460 D GAPS    : METHOD=<androidx.room.RoomDatabase: void endTransaction()>
08-29 00:49:52.906 15433 15460 D GAPS    : METHOD=<androidx.room.RoomDatabase: void internalEndTransaction()>
08-29 00:49:52.906 15433 15460 D GAPS    : METHOD=<androidx.room.SharedSQLiteStatement: void release(androidx.sqlite.db.SupportSQLiteStatement)>
08-29 00:49:52.906 15433 15460 D GAPS    : METHOD=<androidx.room.InvalidationTracker: void refreshVersionsAsync()>
08-29 00:49:52.906 15433 15460 D GAPS    : METHOD=<androidx.room.RoomDatabase: java.util.concurrent.Executor getQueryExecutor()>
08-29 00:49:52.906 15433 15460 D GAPS    : METHOD=<androidx.work.impl.utils.ForceStopRunnable: boolean shouldRescheduleWorkers()>
08-29 00:49:52.906 15433 15460 D GAPS    : METHOD=<androidx.work.impl.utils.PreferenceUtils: boolean getNeedsReschedule()>
08-29 00:49:52.906 15433 15460 D GAPS    : METHOD=<androidx.work.impl.WorkDatabase_Impl: androidx.work.impl.model.PreferenceDao preferenceDao()>
08-29 00:49:52.906 15433 15460 D GAPS    : CLASS=androidx.work.impl.model.PreferenceDao_Impl
08-29 00:49:52.906 15433 15460 D GAPS    : METHOD=<androidx.work.impl.model.PreferenceDao_Impl: void <init>(androidx.room.RoomDatabase)>
08-29 00:49:52.906 15433 15460 D GAPS    : CLASS=androidx.work.impl.model.PreferenceDao_Impl$1
08-29 00:49:52.906 15433 15460 D GAPS    : METHOD=<androidx.work.impl.model.PreferenceDao_Impl$1: void <init>(androidx.work.impl.model.PreferenceDao_Impl,androidx.room.RoomDatabase)>
08-29 00:49:52.906 15433 15460 D GAPS    : METHOD=<androidx.work.impl.model.PreferenceDao_Impl: java.lang.Long getLongValue(java.lang.String)>
08-29 00:49:52.906 15433 15460 D GAPS    : METHOD=<androidx.room.RoomSQLiteQuery: void bindString(int,java.lang.String)>
08-29 00:49:52.906 15433 15460 D GAPS    : METHOD=<androidx.sqlite.db.framework.FrameworkSQLiteProgram: void bindString(int,java.lang.String)>
08-29 00:49:52.907 15433 15460 D GAPS    : METHOD=<androidx.work.impl.utils.ForceStopRunnable: boolean isForceStopped()>
08-29 00:49:52.907 15433 15433 D GAPS    : CLASS=org.wikipedia.analytics.eventplatform.EventPlatformClient
08-29 00:49:52.907 15433 15460 D GAPS    : METHOD=<androidx.work.impl.utils.ForceStopRunnable: android.app.PendingIntent getPendingIntent(android.content.Context,int)>
08-29 00:49:52.907 15433 15460 D GAPS    : METHOD=<androidx.work.impl.utils.ForceStopRunnable: android.content.Intent getIntent(android.content.Context)>
08-29 00:49:52.907 15433 15460 D GAPS    : METHOD=<androidx.work.impl.utils.ForceStopRunnable$$ExternalSyntheticApiModelOutline0: java.util.List m(android.app.ActivityManager,java.lang.String,int,int)>
08-29 00:49:52.907 15433 15460 D GAPS    : METHOD=<androidx.work.impl.utils.PreferenceUtils: long getLastForceStopEventMillis()>
08-29 00:49:52.907 15433 15433 D GAPS    : METHOD=<org.wikipedia.analytics.eventplatform.EventPlatformClient: void <clinit>()>
08-29 00:49:52.907 15433 15433 D GAPS    : METHOD=<org.wikipedia.analytics.eventplatform.EventPlatformClient: void <init>()>
08-29 00:49:52.907 15433 15460 D GAPS    : METHOD=<androidx.work.impl.utils.ForceStopRunnable$$ExternalSyntheticApiModelOutline1: android.app.ApplicationExitInfo m(java.lang.Object)>
08-29 00:49:52.907 15433 15460 D GAPS    : METHOD=<androidx.work.impl.utils.ForceStopRunnable$$ExternalSyntheticApiModelOutline2: int m(android.app.ApplicationExitInfo)>
08-29 00:49:52.907 15433 15460 D GAPS    : METHOD=<androidx.work.impl.utils.ForceStopRunnable$$ExternalSyntheticApiModelOutline3: long m(android.app.ApplicationExitInfo)>
08-29 00:49:52.907 15433 15460 D GAPS    : METHOD=<androidx.work.impl.WorkManagerImpl: void onForceStopRunnableCompleted()>
08-29 00:49:52.907 15433 15433 D GAPS    : METHOD=<org.wikipedia.WikipediaApp: boolean isOnline()>
08-29 00:49:52.907 15433 15433 D GAPS    : METHOD=<org.wikipedia.connectivity.ConnectionStateMonitor: boolean isOnline()>
08-29 00:49:52.907 15433 15466 D GAPS    : METHOD=<androidx.room.InvalidationTracker$refreshRunnable$1: void run()>
08-29 00:49:52.907 15433 15466 D GAPS    : METHOD=<androidx.room.InvalidationTracker: androidx.room.RoomDatabase getDatabase$room_runtime_release()>
08-29 00:49:52.907 15433 15466 D GAPS    : METHOD=<androidx.room.InvalidationTracker: boolean ensureInitialization$room_runtime_release()>
08-29 00:49:52.907 15433 15466 D GAPS    : METHOD=<androidx.room.RoomDatabase: boolean isOpenInternal()>
08-29 00:49:52.907 15433 15466 D GAPS    : METHOD=<androidx.sqlite.db.framework.FrameworkSQLiteDatabase: boolean isOpen()>
08-29 00:49:52.907 15433 15466 D GAPS    : METHOD=<androidx.room.InvalidationTracker: java.util.concurrent.atomic.AtomicBoolean getPendingRefresh()>
08-29 00:49:52.907 15433 15466 D GAPS    : METHOD=<androidx.room.InvalidationTracker$refreshRunnable$1: java.util.Set checkUpdatedTable()>
08-29 00:49:52.907 15433 15433 D GAPS    : METHOD=<org.wikipedia.analytics.eventplatform.EventPlatformClient: void setEnabled(boolean)>
08-29 00:49:52.907 15433 15433 D GAPS    : CLASS=org.wikipedia.analytics.eventplatform.EventPlatformClient$OutputBuffer
08-29 00:49:52.907 15433 15433 D GAPS    : METHOD=<org.wikipedia.analytics.eventplatform.EventPlatformClient$OutputBuffer: void <clinit>()>
08-29 00:49:52.907 15433 15433 D GAPS    : METHOD=<org.wikipedia.analytics.eventplatform.EventPlatformClient$OutputBuffer: void <init>()>
08-29 00:49:52.907 15433 15433 D GAPS    : METHOD=<org.wikipedia.analytics.eventplatform.EventPlatformClient$OutputBuffer: void sendAllScheduled()>
08-29 00:49:52.907 15433 15466 D GAPS    : METHOD=<kotlin.collections.SetsKt: java.util.Set createSetBuilder()>
08-29 00:49:52.907 15433 15466 D GAPS    : METHOD=<kotlin.collections.SetsKt__SetsJVMKt: java.util.Set createSetBuilder()>
08-29 00:49:52.907 15433 15433 D GAPS    : METHOD=<org.wikipedia.WikipediaApp: android.os.Handler getMainThreadHandler()>
08-29 00:49:52.907 15433 15433 D GAPS    : METHOD=<org.wikipedia.WikipediaApp$mainThreadHandler$2: java.lang.Object invoke()>
08-29 00:49:52.907 15433 15433 D GAPS    : METHOD=<org.wikipedia.WikipediaApp$mainThreadHandler$2: android.os.Handler invoke()>
08-29 00:49:52.908 15433 15433 D GAPS    : METHOD=<org.wikipedia.analytics.eventplatform.EventPlatformClient: boolean access$getENABLED$p()>
08-29 00:49:52.908 15433 15433 D GAPS    : METHOD=<org.wikipedia.analytics.eventplatform.EventPlatformClient$OutputBuffer: void send()>
08-29 00:49:52.908 15433 15433 D GAPS    : METHOD=<org.wikipedia.settings.Prefs: boolean isEventLoggingEnabled()>
08-29 00:49:52.908 15433 15433 D GAPS    : METHOD=<org.wikipedia.settings.PrefsIoUtil: boolean getBoolean(int,boolean)>
08-29 00:49:52.908 15433 15433 D GAPS    : METHOD=<org.wikipedia.settings.PrefsIoUtil: boolean getBoolean(java.lang.String,boolean)>
08-29 00:49:52.908 15433 15466 D GAPS    : CLASS=kotlin.collections.builders.SetBuilder
08-29 00:49:52.908 15433 15466 D GAPS    : METHOD=<kotlin.collections.builders.SetBuilder: void <clinit>()>
08-29 00:49:52.908 15433 15466 D GAPS    : CLASS=kotlin.collections.builders.SetBuilder$Companion
08-29 00:49:52.908 15433 15466 D GAPS    : METHOD=<kotlin.collections.builders.SetBuilder$Companion: void <init>(kotlin.jvm.internal.DefaultConstructorMarker)>
08-29 00:49:52.908 15433 15466 D GAPS    : METHOD=<kotlin.collections.builders.SetBuilder$Companion: void <init>()>
08-29 00:49:52.908 15433 15433 D GAPS    : METHOD=<org.wikipedia.LeakCanaryStubKt: void setupLeakCanary()>
08-29 00:49:52.908 15433 15466 D GAPS    : CLASS=kotlin.collections.builders.MapBuilder
08-29 00:49:52.908 15433 15466 D GAPS    : METHOD=<kotlin.collections.builders.MapBuilder: void <clinit>()>
08-29 00:49:52.908 15433 15466 D GAPS    : CLASS=kotlin.collections.builders.MapBuilder$Companion
08-29 00:49:52.908 15433 15466 D GAPS    : METHOD=<kotlin.collections.builders.MapBuilder$Companion: void <init>(kotlin.jvm.internal.DefaultConstructorMarker)>
08-29 00:49:52.908 15433 15466 D GAPS    : METHOD=<kotlin.collections.builders.MapBuilder$Companion: void <init>()>
08-29 00:49:52.908 15433 15466 D GAPS    : METHOD=<kotlin.collections.builders.MapBuilder: void <init>(int)>
08-29 00:49:52.908 15433 15466 D GAPS    : METHOD=<kotlin.collections.builders.ListBuilderKt: java.lang.Object[] arrayOfUninitializedElements(int)>
08-29 00:49:52.908 15433 15466 D GAPS    : METHOD=<kotlin.collections.builders.MapBuilder$Companion: int access$computeHashSize(kotlin.collections.builders.MapBuilder$Companion,int)>
08-29 00:49:52.908 15433 15466 D GAPS    : METHOD=<kotlin.collections.builders.MapBuilder$Companion: int computeHashSize(int)>
08-29 00:49:52.908 15433 15466 D GAPS    : METHOD=<kotlin.ranges.RangesKt: int coerceAtLeast(int,int)>
08-29 00:49:52.908 15433 15466 D GAPS    : METHOD=<kotlin.ranges.RangesKt___RangesKt: int coerceAtLeast(int,int)>
08-29 00:49:52.908 15433 15466 D GAPS    : METHOD=<kotlin.collections.builders.MapBuilder: void <init>(java.lang.Object[],java.lang.Object[],int[],int[],int,int)>
08-29 00:49:52.908 15433 15466 D GAPS    : METHOD=<kotlin.collections.builders.MapBuilder: int getHashSize()>
08-29 00:49:52.908 15433 15466 D GAPS    : METHOD=<kotlin.collections.builders.MapBuilder$Companion: int access$computeShift(kotlin.collections.builders.MapBuilder$Companion,int)>
08-29 00:49:52.908 15433 15466 D GAPS    : METHOD=<kotlin.collections.builders.MapBuilder$Companion: int computeShift(int)>
08-29 00:49:52.908 15433 15466 D GAPS    : METHOD=<kotlin.collections.builders.MapBuilder$Companion: kotlin.collections.builders.MapBuilder getEmpty$kotlin_stdlib()>
08-29 00:49:52.908 15433 15466 D GAPS    : METHOD=<kotlin.collections.builders.MapBuilder: kotlin.collections.builders.MapBuilder access$getEmpty$cp()>
08-29 00:49:52.908 15433 15466 D GAPS    : METHOD=<kotlin.collections.builders.SetBuilder: void <init>(kotlin.collections.builders.MapBuilder)>
08-29 00:49:52.908 15433 15466 D GAPS    : CLASS=kotlin.collections.AbstractMutableSet
08-29 00:49:52.908 15433 15466 D GAPS    : METHOD=<kotlin.collections.AbstractMutableSet: void <init>()>
08-29 00:49:52.908 15433 15466 D GAPS    : METHOD=<kotlin.collections.builders.SetBuilder: void <init>()>
08-29 00:49:52.908 15433 15466 D GAPS    : METHOD=<kotlin.collections.builders.MapBuilder: void <init>()>
08-29 00:49:52.908 15433 15466 D GAPS    : METHOD=<androidx.room.RoomDatabase: android.database.Cursor query$default(androidx.room.RoomDatabase,androidx.sqlite.db.SupportSQLiteQuery,android.os.CancellationSignal,int,java.lang.Object)>
08-29 00:49:52.908 15433 15466 D GAPS    : METHOD=<kotlin.collections.SetsKt: java.util.Set build(java.util.Set)>
08-29 00:49:52.908 15433 15466 D GAPS    : METHOD=<kotlin.collections.SetsKt__SetsJVMKt: java.util.Set build(java.util.Set)>
08-29 00:49:52.908 15433 15466 D GAPS    : METHOD=<kotlin.collections.builders.SetBuilder: java.util.Set build()>
08-29 00:49:52.908 15433 15466 D GAPS    : METHOD=<kotlin.collections.builders.MapBuilder: java.util.Map build()>
08-29 00:49:52.908 15433 15466 D GAPS    : METHOD=<kotlin.collections.builders.MapBuilder: void checkIsMutable$kotlin_stdlib()>
08-29 00:49:52.908 15433 15466 D GAPS    : METHOD=<kotlin.collections.builders.MapBuilder: int size()>
