08-29 00:49:52.931 15433 15471 D GAPS    : METHOD=<org.wikipedia.appshortcuts.AppShortcuts$Companion: androidx.core.content.pm.ShortcutInfoCompat continueReadingShortcut(android.content.Context)>
08-29 00:49:52.931 15433 15433 D GAPS    : CLASS=kotlinx.serialization.descriptors.PrimitiveKind
08-29 00:49:52.931 15433 15433 D GAPS    : METHOD=<kotlinx.serialization.descriptors.PrimitiveKind: void <init>(kotlin.jvm.internal.DefaultConstructorMarker)>
08-29 00:49:52.931 15433 15433 D GAPS    : METHOD=<kotlinx.serialization.descriptors.PrimitiveKind: void <init>()>
08-29 00:49:52.931 15433 15433 D GAPS    : CLASS=kotlinx.serialization.descriptors.SerialKind
08-29 00:49:52.931 15433 15433 D GAPS    : METHOD=<kotlinx.serialization.descriptors.SerialKind: void <init>(kotlin.jvm.internal.DefaultConstructorMarker)>
08-29 00:49:52.931 15433 15433 D GAPS    : METHOD=<kotlinx.serialization.descriptors.SerialKind: void <init>()>
08-29 00:49:52.931 15433 15433 D GAPS    : CLASS=kotlinx.serialization.internal.PrimitiveSerialDescriptor
08-29 00:49:52.931 15433 15433 D GAPS    : METHOD=<kotlinx.serialization.internal.PrimitiveSerialDescriptor: void <init>(java.lang.String,kotlinx.serialization.descriptors.PrimitiveKind)>
08-29 00:49:52.931 15433 15433 D GAPS    : CLASS=org.wikipedia.analytics.eventplatform.StreamConfig
08-29 00:49:52.931 15433 15433 D GAPS    : METHOD=<org.wikipedia.analytics.eventplatform.StreamConfig: void <clinit>()>
08-29 00:49:52.931 15433 15433 D GAPS    : CLASS=org.wikipedia.analytics.eventplatform.StreamConfig$Companion
08-29 00:49:52.931 15433 15433 D GAPS    : METHOD=<org.wikipedia.analytics.eventplatform.StreamConfig$Companion: void <init>(kotlin.jvm.internal.DefaultConstructorMarker)>
08-29 00:49:52.931 15433 15433 D GAPS    : METHOD=<org.wikipedia.analytics.eventplatform.StreamConfig$Companion: void <init>()>
08-29 00:49:52.931 15433 15433 D GAPS    : CLASS=org.wikipedia.analytics.eventplatform.DestinationEventService
08-29 00:49:52.931 15433 15433 D GAPS    : METHOD=<org.wikipedia.analytics.eventplatform.DestinationEventService: void <clinit>()>
08-29 00:49:52.931 15433 15433 D GAPS    : METHOD=<org.wikipedia.analytics.eventplatform.DestinationEventService: void <init>(java.lang.String,int,java.lang.String,java.lang.String)>
08-29 00:49:52.931 15433 15433 D GAPS    : METHOD=<org.wikipedia.analytics.eventplatform.DestinationEventService: org.wikipedia.analytics.eventplatform.DestinationEventService[] $values()>
08-29 00:49:52.931 15433 15433 D GAPS    : METHOD=<org.wikipedia.analytics.eventplatform.DestinationEventService: org.wikipedia.analytics.eventplatform.DestinationEventService[] values()>
08-29 00:49:52.931 15433 15433 D GAPS    : METHOD=<kotlinx.serialization.internal.EnumsKt: kotlinx.serialization.KSerializer createSimpleEnumSerializer(java.lang.String,java.lang.Enum[])>
08-29 00:49:52.931 15433 15471 D GAPS    : METHOD=<org.wikipedia.appshortcuts.AppShortcuts$Companion: androidx.core.content.pm.ShortcutInfoCompat access$randomShortcut(org.wikipedia.appshortcuts.AppShortcuts$Companion,android.content.Context)>
08-29 00:49:52.931 15433 15471 D GAPS    : METHOD=<org.wikipedia.appshortcuts.AppShortcuts$Companion: androidx.core.content.pm.ShortcutInfoCompat randomShortcut(android.content.Context)>
08-29 00:49:52.931 15433 15433 D GAPS    : CLASS=kotlinx.serialization.internal.EnumSerializer
08-29 00:49:52.931 15433 15433 D GAPS    : METHOD=<kotlinx.serialization.internal.EnumSerializer: void <init>(java.lang.String,java.lang.Enum[])>
08-29 00:49:52.931 15433 15433 D GAPS    : CLASS=kotlinx.serialization.internal.EnumSerializer$descriptor$2
08-29 00:49:52.931 15433 15471 D GAPS    : CLASS=androidx.core.content.pm.ShortcutManagerCompat
08-29 00:49:52.931 15433 15471 D GAPS    : METHOD=<androidx.core.content.pm.ShortcutManagerCompat: void <clinit>()>
08-29 00:49:52.931 15433 15471 D GAPS    : METHOD=<androidx.core.content.pm.ShortcutManagerCompat: java.util.List getDynamicShortcuts(android.content.Context)>
08-29 00:49:52.931 15433 15433 D GAPS    : METHOD=<kotlinx.serialization.internal.EnumSerializer$descriptor$2: void <init>(kotlinx.serialization.internal.EnumSerializer,java.lang.String)>
08-29 00:49:52.931 15433 15471 D GAPS    : METHOD=<androidx.core.content.pm.ShortcutManagerCompat$$ExternalSyntheticApiModelOutline0: java.lang.Class m()>
08-29 00:49:52.931 15433 15471 D GAPS    : METHOD=<androidx.core.content.pm.ShortcutManagerCompat$$ExternalSyntheticApiModelOutline1: java.lang.Object m(android.content.Context,java.lang.Class)>
08-29 00:49:52.931 15433 15433 D GAPS    : METHOD=<kotlinx.serialization.internal.StringSerializer: kotlinx.serialization.descriptors.SerialDescriptor getDescriptor()>
08-29 00:49:52.931 15433 15433 D GAPS    : METHOD=<org.wikipedia.analytics.eventplatform.StreamConfig$Companion: kotlinx.serialization.KSerializer serializer()>
08-29 00:49:52.931 15433 15433 D GAPS    : CLASS=org.wikipedia.analytics.eventplatform.StreamConfig$$serializer
08-29 00:49:52.931 15433 15433 D GAPS    : METHOD=<org.wikipedia.analytics.eventplatform.StreamConfig$$serializer: void <clinit>()>
08-29 00:49:52.931 15433 15433 D GAPS    : METHOD=<org.wikipedia.analytics.eventplatform.StreamConfig$$serializer: void <init>()>
08-29 00:49:52.931 15433 15433 D GAPS    : CLASS=kotlinx.serialization.internal.LinkedHashMapSerializer
08-29 00:49:52.931 15433 15433 D GAPS    : METHOD=<kotlinx.serialization.internal.LinkedHashMapSerializer: void <init>(kotlinx.serialization.KSerializer,kotlinx.serialization.KSerializer)>
08-29 00:49:52.931 15433 15433 D GAPS    : CLASS=kotlinx.serialization.internal.MapLikeSerializer
08-29 00:49:52.932 15433 15433 D GAPS    : METHOD=<kotlinx.serialization.internal.MapLikeSerializer: void <init>(kotlinx.serialization.KSerializer,kotlinx.serialization.KSerializer,kotlin.jvm.internal.DefaultConstructorMarker)>
08-29 00:49:52.932 15433 15433 D GAPS    : METHOD=<kotlinx.serialization.internal.MapLikeSerializer: void <init>(kotlinx.serialization.KSerializer,kotlinx.serialization.KSerializer)>
08-29 00:49:52.932 15433 15471 D GAPS    : METHOD=<androidx.core.content.pm.ShortcutManagerCompat$$ExternalSyntheticApiModelOutline2: android.content.pm.ShortcutManager m(java.lang.Object)>
08-29 00:49:52.932 15433 15471 D GAPS    : METHOD=<androidx.core.content.pm.ShortcutManagerCompat$$ExternalSyntheticApiModelOutline3: java.util.List m(android.content.pm.ShortcutManager)>
08-29 00:49:52.932 15433 15433 D GAPS    : METHOD=<org.wikipedia.analytics.eventplatform.StreamConfig$$serializer: kotlinx.serialization.descriptors.SerialDescriptor getDescriptor()>
08-29 00:49:52.932 15433 15433 D GAPS    : CLASS=kotlinx.serialization.internal.LinkedHashMapClassDesc
08-29 00:49:52.932 15433 15433 D GAPS    : METHOD=<kotlinx.serialization.internal.LinkedHashMapClassDesc: void <init>(kotlinx.serialization.descriptors.SerialDescriptor,kotlinx.serialization.descriptors.SerialDescriptor)>
08-29 00:49:52.932 15433 15433 D GAPS    : CLASS=kotlinx.serialization.internal.MapLikeDescriptor
08-29 00:49:52.932 15433 15433 D GAPS    : METHOD=<kotlinx.serialization.internal.MapLikeDescriptor: void <init>(java.lang.String,kotlinx.serialization.descriptors.SerialDescriptor,kotlinx.serialization.descriptors.SerialDescriptor,kotlin.jvm.internal.DefaultConstructorMarker)>
08-29 00:49:52.932 15433 15433 D GAPS    : METHOD=<kotlinx.serialization.internal.MapLikeDescriptor: void <init>(java.lang.String,kotlinx.serialization.descriptors.SerialDescriptor,kotlinx.serialization.descriptors.SerialDescriptor)>
08-29 00:49:52.932 15433 15433 D GAPS    : METHOD=<kotlinx.serialization.builtins.BuiltinSerializersKt: kotlinx.serialization.KSerializer getNullable(kotlinx.serialization.KSerializer)>
08-29 00:49:52.932 15433 15433 D GAPS    : METHOD=<kotlinx.serialization.internal.LinkedHashMapSerializer: kotlinx.serialization.descriptors.SerialDescriptor getDescriptor()>
08-29 00:49:52.932 15433 15433 D GAPS    : METHOD=<kotlinx.serialization.internal.MapLikeDescriptor: boolean isNullable()>
08-29 00:49:52.932 15433 15433 D GAPS    : METHOD=<kotlinx.serialization.descriptors.SerialDescriptor$DefaultImpls: boolean isNullable(kotlinx.serialization.descriptors.SerialDescriptor)>
08-29 00:49:52.932 15433 15433 D GAPS    : CLASS=kotlinx.serialization.internal.NullableSerializer
08-29 00:49:52.932 15433 15433 D GAPS    : METHOD=<kotlinx.serialization.internal.NullableSerializer: void <init>(kotlinx.serialization.KSerializer)>
08-29 00:49:52.932 15433 15433 D GAPS    : CLASS=kotlinx.serialization.internal.SerialDescriptorForNullable
08-29 00:49:52.932 15433 15433 D GAPS    : METHOD=<kotlinx.serialization.internal.SerialDescriptorForNullable: void <init>(kotlinx.serialization.descriptors.SerialDescriptor)>
08-29 00:49:52.932 15433 15433 D GAPS    : METHOD=<kotlinx.serialization.internal.MapLikeDescriptor: java.lang.String getSerialName()>
08-29 00:49:52.932 15433 15433 D GAPS    : CLASS=kotlinx.serialization.internal.Platform_commonKt
08-29 00:49:52.932 15433 15433 D GAPS    : METHOD=<kotlinx.serialization.internal.Platform_commonKt: void <clinit>()>
08-29 00:49:52.932 15433 15433 D GAPS    : METHOD=<kotlinx.serialization.internal.Platform_commonKt: java.util.Set cachedSerialNames(kotlinx.serialization.descriptors.SerialDescriptor)>
08-29 00:49:52.932 15433 15433 D GAPS    : METHOD=<kotlinx.serialization.internal.MapLikeDescriptor: int getElementsCount()>
08-29 00:49:52.932 15433 15433 D GAPS    : METHOD=<kotlinx.serialization.internal.MapLikeDescriptor: java.lang.String getElementName(int)>
08-29 00:49:52.932 15433 15433 D GAPS    : METHOD=<kotlinx.serialization.json.Json: java.lang.Object decodeFromString(kotlinx.serialization.DeserializationStrategy,java.lang.String)>
08-29 00:49:52.932 15433 15433 D GAPS    : CLASS=kotlinx.serialization.json.internal.StringJsonLexer
08-29 00:49:52.932 15433 15433 D GAPS    : METHOD=<kotlinx.serialization.json.internal.StringJsonLexer: void <init>(java.lang.String)>
08-29 00:49:52.932 15433 15433 D GAPS    : CLASS=kotlinx.serialization.json.internal.AbstractJsonLexer
08-29 00:49:52.932 15433 15433 D GAPS    : METHOD=<kotlinx.serialization.json.internal.AbstractJsonLexer: void <init>()>
08-29 00:49:52.932 15433 15433 D GAPS    : CLASS=kotlinx.serialization.json.internal.JsonPath
08-29 00:49:52.932 15433 15433 D GAPS    : METHOD=<kotlinx.serialization.json.internal.JsonPath: void <init>()>
08-29 00:49:52.932 15433 15433 D GAPS    : CLASS=kotlinx.serialization.json.internal.WriteMode
08-29 00:49:52.932 15433 15433 D GAPS    : METHOD=<kotlinx.serialization.json.internal.WriteMode: void <clinit>()>
08-29 00:49:52.932 15433 15433 D GAPS    : METHOD=<kotlinx.serialization.json.internal.WriteMode: void <init>(java.lang.String,int,char,char)>
08-29 00:49:52.932 15433 15433 D GAPS    : METHOD=<kotlinx.serialization.json.internal.WriteMode: kotlinx.serialization.json.internal.WriteMode[] $values()>
08-29 00:49:52.932 15433 15433 D GAPS    : METHOD=<kotlinx.serialization.internal.NullableSerializer: kotlinx.serialization.descriptors.SerialDescriptor getDescriptor()>
08-29 00:49:52.932 15433 15433 D GAPS    : CLASS=kotlinx.serialization.json.internal.StreamingJsonDecoder
08-29 00:49:52.932 15433 15433 D GAPS    : METHOD=<kotlinx.serialization.json.internal.StreamingJsonDecoder: void <init>(kotlinx.serialization.json.Json,kotlinx.serialization.json.internal.WriteMode,kotlinx.serialization.json.internal.AbstractJsonLexer,kotlinx.serialization.descriptors.SerialDescriptor,kotlinx.serialization.json.internal.StreamingJsonDecoder$DiscriminatorHolder)>
08-29 00:49:52.932 15433 15433 D GAPS    : CLASS=kotlinx.serialization.encoding.AbstractDecoder
08-29 00:49:52.932 15433 15433 D GAPS    : METHOD=<kotlinx.serialization.encoding.AbstractDecoder: void <init>()>
08-29 00:49:52.932 15433 15433 D GAPS    : METHOD=<kotlinx.serialization.json.internal.StreamingJsonDecoder: java.lang.Object decodeSerializableValue(kotlinx.serialization.DeserializationStrategy)>
08-29 00:49:52.932 15433 15433 D GAPS    : METHOD=<kotlinx.serialization.internal.NullableSerializer: java.lang.Object deserialize(kotlinx.serialization.encoding.Decoder)>
08-29 00:49:52.932 15433 15433 D GAPS    : METHOD=<kotlinx.serialization.json.internal.StreamingJsonDecoder: boolean decodeNotNullMark()>
08-29 00:49:52.932 15433 15433 D GAPS    : METHOD=<kotlinx.serialization.json.internal.AbstractJsonLexer: boolean tryConsumeNull$default(kotlinx.serialization.json.internal.AbstractJsonLexer,boolean,int,java.lang.Object)>
08-29 00:49:52.932 15433 15433 D GAPS    : METHOD=<kotlinx.serialization.json.internal.AbstractJsonLexer: boolean tryConsumeNull(boolean)>
08-29 00:49:52.932 15433 15433 D GAPS    : METHOD=<kotlinx.serialization.json.internal.StringJsonLexer: int skipWhitespaces()>
08-29 00:49:52.932 15433 15433 D GAPS    : METHOD=<kotlinx.serialization.json.internal.StringJsonLexer: java.lang.String getSource()>
08-29 00:49:52.932 15433 15433 D GAPS    : METHOD=<kotlinx.serialization.json.internal.StringJsonLexer: int prefetchOrEof(int)>
08-29 00:49:52.932 15433 15433 D GAPS    : METHOD=<kotlinx.serialization.json.internal.StringJsonLexer: java.lang.CharSequence getSource()>
08-29 00:49:52.932 15433 15433 D GAPS    : METHOD=<kotlinx.serialization.internal.AbstractCollectionSerializer: java.lang.Object deserialize(kotlinx.serialization.encoding.Decoder)>
08-29 00:49:52.932 15433 15433 D GAPS    : METHOD=<kotlinx.serialization.internal.AbstractCollectionSerializer: java.lang.Object merge(kotlinx.serialization.encoding.Decoder,java.lang.Object)>
08-29 00:49:52.932 15433 15433 D GAPS    : METHOD=<kotlinx.serialization.internal.LinkedHashMapSerializer: java.lang.Object builder()>
08-29 00:49:52.932 15433 15471 D GAPS    : METHOD=<androidx.core.content.pm.ShortcutManagerCompat$$ExternalSyntheticApiModelOutline4: android.content.pm.ShortcutInfo m(java.lang.Object)>
08-29 00:49:52.932 15433 15433 D GAPS    : METHOD=<kotlinx.serialization.internal.LinkedHashMapSerializer: java.util.LinkedHashMap builder()>
08-29 00:49:52.932 15433 15433 D GAPS    : METHOD=<kotlinx.serialization.internal.LinkedHashMapSerializer: int builderSize(java.lang.Object)>
08-29 00:49:52.932 15433 15471 D GAPS    : METHOD=<androidx.core.content.pm.ShortcutInfoCompat$Builder: void <init>(android.content.Context,android.content.pm.ShortcutInfo)>
08-29 00:49:52.932 15433 15471 D GAPS    : METHOD=<androidx.core.content.pm.ShortcutInfoCompat$Builder$$ExternalSyntheticApiModelOutline0: java.lang.String m(android.content.pm.ShortcutInfo)>
08-29 00:49:52.932 15433 15471 D GAPS    : METHOD=<androidx.core.content.pm.ShortcutInfoCompat$Builder$$ExternalSyntheticApiModelOutline10: java.lang.String m(android.content.pm.ShortcutInfo)>
08-29 00:49:52.932 15433 15433 D GAPS    : METHOD=<kotlinx.serialization.internal.LinkedHashMapSerializer: int builderSize(java.util.LinkedHashMap)>
08-29 00:49:52.932 15433 15471 D GAPS    : METHOD=<androidx.core.content.pm.ShortcutInfoCompat$Builder$$ExternalSyntheticApiModelOutline12: android.content.Intent[] m(android.content.pm.ShortcutInfo)>
08-29 00:49:52.932 15433 15433 D GAPS    : METHOD=<kotlinx.serialization.json.internal.StreamingJsonDecoder: kotlinx.serialization.encoding.CompositeDecoder beginStructure(kotlinx.serialization.descriptors.SerialDescriptor)>
08-29 00:49:52.932 15433 15433 D GAPS    : METHOD=<kotlinx.serialization.json.internal.WriteModeKt: kotlinx.serialization.json.internal.WriteMode switchMode(kotlinx.serialization.json.Json,kotlinx.serialization.descriptors.SerialDescriptor)>
08-29 00:49:52.932 15433 15471 D GAPS    : METHOD=<androidx.core.content.pm.ShortcutInfoCompat$Builder$$ExternalSyntheticApiModelOutline13: android.content.ComponentName m(android.content.pm.ShortcutInfo)>
08-29 00:49:52.932 15433 15433 D GAPS    : METHOD=<kotlinx.serialization.internal.MapLikeDescriptor: kotlinx.serialization.descriptors.SerialKind getKind()>
08-29 00:49:52.932 15433 15471 D GAPS    : METHOD=<androidx.core.content.pm.ShortcutInfoCompat$Builder$$ExternalSyntheticApiModelOutline14: java.lang.CharSequence m(android.content.pm.ShortcutInfo)>
08-29 00:49:52.932 15433 15433 D GAPS    : CLASS=kotlinx.serialization.descriptors.StructureKind$MAP
08-29 00:49:52.932 15433 15433 D GAPS    : METHOD=<kotlinx.serialization.descriptors.StructureKind$MAP: void <clinit>()>
08-29 00:49:52.932 15433 15433 D GAPS    : METHOD=<kotlinx.serialization.descriptors.StructureKind$MAP: void <init>()>
08-29 00:49:52.932 15433 15433 D GAPS    : CLASS=kotlinx.serialization.descriptors.StructureKind
08-29 00:49:52.932 15433 15433 D GAPS    : METHOD=<kotlinx.serialization.descriptors.StructureKind: void <init>(kotlin.jvm.internal.DefaultConstructorMarker)>
08-29 00:49:52.932 15433 15471 D GAPS    : METHOD=<androidx.core.content.pm.ShortcutInfoCompat$Builder$$ExternalSyntheticApiModelOutline15: java.lang.CharSequence m(android.content.pm.ShortcutInfo)>
08-29 00:49:52.932 15433 15433 D GAPS    : METHOD=<kotlinx.serialization.descriptors.StructureKind: void <init>()>
08-29 00:49:52.932 15433 15471 D GAPS    : METHOD=<androidx.core.content.pm.ShortcutInfoCompat$Builder$$ExternalSyntheticApiModelOutline16: java.lang.CharSequence m(android.content.pm.ShortcutInfo)>
08-29 00:49:52.932 15433 15471 D GAPS    : METHOD=<androidx.core.content.pm.ShortcutInfoCompat$Builder$$ExternalSyntheticApiModelOutline17: int m(android.content.pm.ShortcutInfo)>
08-29 00:49:52.932 15433 15471 D GAPS    : METHOD=<androidx.core.content.pm.ShortcutInfoCompat$Builder$$ExternalSyntheticApiModelOutline18: java.util.Set m(android.content.pm.ShortcutInfo)>
08-29 00:49:52.932 15433 15433 D GAPS    : CLASS=kotlinx.serialization.descriptors.StructureKind$LIST
08-29 00:49:52.932 15433 15471 D GAPS    : METHOD=<androidx.core.content.pm.ShortcutInfoCompat$$ExternalSyntheticApiModelOutline14: android.os.PersistableBundle m(android.content.pm.ShortcutInfo)>
08-29 00:49:52.932 15433 15471 D GAPS    : METHOD=<androidx.core.content.pm.ShortcutInfoCompat: androidx.core.app.Person[] getPersonsFromExtra(android.os.PersistableBundle)>
08-29 00:49:52.932 15433 15471 D GAPS    : METHOD=<androidx.core.content.pm.ShortcutInfoCompat$Builder$$ExternalSyntheticApiModelOutline1: android.os.UserHandle m(android.content.pm.ShortcutInfo)>
08-29 00:49:52.933 15433 15471 D GAPS    : METHOD=<androidx.core.content.pm.ShortcutInfoCompat$Builder$$ExternalSyntheticApiModelOutline2: long m(android.content.pm.ShortcutInfo)>
08-29 00:49:52.933 15433 15433 D GAPS    : METHOD=<kotlinx.serialization.descriptors.StructureKind$LIST: void <clinit>()>
08-29 00:49:52.933 15433 15433 D GAPS    : METHOD=<kotlinx.serialization.descriptors.StructureKind$LIST: void <init>()>
08-29 00:49:52.933 15433 15471 D GAPS    : METHOD=<androidx.core.content.pm.ShortcutInfoCompat$Builder$$ExternalSyntheticApiModelOutline3: boolean m(android.content.pm.ShortcutInfo)>
08-29 00:49:52.933 15433 15433 D GAPS    : METHOD=<kotlinx.serialization.internal.MapLikeDescriptor: kotlinx.serialization.descriptors.SerialDescriptor getElementDescriptor(int)>
08-29 00:49:52.933 15433 15433 D GAPS    : METHOD=<kotlinx.serialization.json.internal.WriteModeKt: kotlinx.serialization.descriptors.SerialDescriptor carrierDescriptor(kotlinx.serialization.descriptors.SerialDescriptor,kotlinx.serialization.modules.SerializersModule)>
08-29 00:49:52.933 15433 15471 D GAPS    : METHOD=<androidx.core.content.pm.ShortcutInfoCompat$Builder$$ExternalSyntheticApiModelOutline4: boolean m(android.content.pm.ShortcutInfo)>
08-29 00:49:52.933 15433 15433 D GAPS    : METHOD=<kotlinx.serialization.internal.PrimitiveSerialDescriptor: kotlinx.serialization.descriptors.SerialKind getKind()>
08-29 00:49:52.933 15433 15433 D GAPS    : METHOD=<kotlinx.serialization.internal.PrimitiveSerialDescriptor: kotlinx.serialization.descriptors.PrimitiveKind getKind()>
08-29 00:49:52.933 15433 15471 D GAPS    : METHOD=<androidx.core.content.pm.ShortcutInfoCompat$Builder$$ExternalSyntheticApiModelOutline5: boolean m(android.content.pm.ShortcutInfo)>
08-29 00:49:52.933 15433 15433 D GAPS    : CLASS=kotlinx.serialization.descriptors.SerialKind$CONTEXTUAL
08-29 00:49:52.933 15433 15471 D GAPS    : METHOD=<androidx.core.content.pm.ShortcutInfoCompat$Builder$$ExternalSyntheticApiModelOutline6: boolean m(android.content.pm.ShortcutInfo)>
08-29 00:49:52.933 15433 15433 D GAPS    : METHOD=<kotlinx.serialization.descriptors.SerialKind$CONTEXTUAL: void <clinit>()>
08-29 00:49:52.933 15433 15433 D GAPS    : METHOD=<kotlinx.serialization.descriptors.SerialKind$CONTEXTUAL: void <init>()>
08-29 00:49:52.933 15433 15471 D GAPS    : METHOD=<androidx.core.content.pm.ShortcutInfoCompat$Builder$$ExternalSyntheticApiModelOutline7: boolean m(android.content.pm.ShortcutInfo)>
08-29 00:49:52.933 15433 15433 D GAPS    : METHOD=<kotlinx.serialization.internal.PrimitiveSerialDescriptor: boolean isInline()>
08-29 00:49:52.933 15433 15433 D GAPS    : METHOD=<kotlinx.serialization.descriptors.SerialDescriptor$DefaultImpls: boolean isInline(kotlinx.serialization.descriptors.SerialDescriptor)>
08-29 00:49:52.933 15433 15433 D GAPS    : METHOD=<kotlinx.serialization.json.internal.JsonPath: void pushDescriptor(kotlinx.serialization.descriptors.SerialDescriptor)>
08-29 00:49:52.933 15433 15471 D GAPS    : METHOD=<androidx.core.content.pm.ShortcutInfoCompat$Builder$$ExternalSyntheticApiModelOutline8: boolean m(android.content.pm.ShortcutInfo)>
08-29 00:49:52.933 15433 15433 D GAPS    : METHOD=<kotlinx.serialization.json.internal.StringJsonLexer: void consumeNextToken(char)>
08-29 00:49:52.933 15433 15433 D GAPS    : METHOD=<kotlinx.serialization.json.internal.StreamingJsonDecoder: void checkLeadingComma()>
08-29 00:49:52.933 15433 15433 D GAPS    : METHOD=<kotlinx.serialization.json.internal.AbstractJsonLexer: byte peekNextToken()>
08-29 00:49:52.933 15433 15471 D GAPS    : METHOD=<androidx.core.content.pm.ShortcutInfoCompat$Builder$$ExternalSyntheticApiModelOutline9: boolean m(android.content.pm.ShortcutInfo)>
08-29 00:49:52.933 15433 15433 D GAPS    : METHOD=<kotlinx.serialization.json.internal.AbstractJsonLexerKt: byte charToTokenClass(char)>
08-29 00:49:52.933 15433 15471 D GAPS    : METHOD=<androidx.core.content.pm.ShortcutInfoCompat: androidx.core.content.LocusIdCompat getLocusId(android.content.pm.ShortcutInfo)>
08-29 00:49:52.933 15433 15433 D GAPS    : CLASS=kotlinx.serialization.json.internal.CharMappings
08-29 00:49:52.933 15433 15433 D GAPS    : METHOD=<kotlinx.serialization.json.internal.CharMappings: void <clinit>()>
08-29 00:49:52.933 15433 15433 D GAPS    : METHOD=<kotlinx.serialization.json.internal.CharMappings: void <init>()>
08-29 00:49:52.933 15433 15471 D GAPS    : METHOD=<androidx.core.content.pm.ShortcutInfoCompat$$ExternalSyntheticApiModelOutline13: android.content.LocusId m(android.content.pm.ShortcutInfo)>
08-29 00:49:52.933 15433 15433 D GAPS    : METHOD=<kotlinx.serialization.json.internal.CharMappings: void initEscape()>
08-29 00:49:52.933 15433 15433 D GAPS    : METHOD=<kotlinx.serialization.json.internal.CharMappings: void initC2ESC(int,char)>
08-29 00:49:52.933 15433 15433 D GAPS    : METHOD=<kotlinx.serialization.json.internal.CharMappings: void initC2ESC(char,char)>
08-29 00:49:52.933 15433 15433 D GAPS    : METHOD=<kotlinx.serialization.json.internal.CharMappings: void initCharToToken()>
08-29 00:49:52.933 15433 15471 D GAPS    : METHOD=<androidx.core.content.pm.ShortcutInfoCompat$Builder$$ExternalSyntheticApiModelOutline11: int m(android.content.pm.ShortcutInfo)>
08-29 00:49:52.933 15433 15433 D GAPS    : METHOD=<kotlinx.serialization.json.internal.CharMappings: void initC2TC(int,byte)>
08-29 00:49:52.933 15433 15433 D GAPS    : METHOD=<kotlinx.serialization.json.internal.CharMappings: void initC2TC(char,byte)>
08-29 00:49:52.933 15433 15433 D GAPS    : CLASS=kotlinx.serialization.json.internal.StreamingJsonDecoder$WhenMappings
08-29 00:49:52.933 15433 15433 D GAPS    : METHOD=<kotlinx.serialization.json.internal.StreamingJsonDecoder$WhenMappings: void <clinit>()>
08-29 00:49:52.933 15433 15433 D GAPS    : METHOD=<kotlinx.serialization.json.internal.WriteMode: kotlinx.serialization.json.internal.WriteMode[] values()>
08-29 00:49:52.933 15433 15433 D GAPS    : METHOD=<kotlinx.serialization.encoding.AbstractDecoder: boolean decodeSequentially()>
08-29 00:49:52.933 15433 15433 D GAPS    : METHOD=<kotlinx.serialization.encoding.CompositeDecoder$DefaultImpls: boolean decodeSequentially(kotlinx.serialization.encoding.CompositeDecoder)>
08-29 00:49:52.933 15433 15433 D GAPS    : METHOD=<kotlinx.serialization.json.internal.StreamingJsonDecoder: int decodeElementIndex(kotlinx.serialization.descriptors.SerialDescriptor)>
08-29 00:49:52.933 15433 15433 D GAPS    : METHOD=<kotlinx.serialization.json.internal.StreamingJsonDecoder: int decodeMapIndex()>
08-29 00:49:52.933 15433 15433 D GAPS    : METHOD=<kotlinx.serialization.json.internal.StringJsonLexer: boolean canConsumeValue()>
08-29 00:49:52.933 15433 15433 D GAPS    : METHOD=<kotlinx.serialization.json.internal.AbstractJsonLexer: boolean isValidValueStart(char)>
08-29 00:49:52.933 15433 15433 D GAPS    : METHOD=<kotlinx.serialization.json.internal.AbstractJsonLexer: int access$getCurrentPosition$p(kotlinx.serialization.json.internal.AbstractJsonLexer)>
08-29 00:49:52.933 15433 15433 D GAPS    : METHOD=<kotlinx.serialization.internal.AbstractCollectionSerializer: void readElement$default(kotlinx.serialization.internal.AbstractCollectionSerializer,kotlinx.serialization.encoding.CompositeDecoder,int,java.lang.Object,boolean,int,java.lang.Object)>
08-29 00:49:52.933 15433 15471 D GAPS    : METHOD=<kotlin.coroutines.jvm.internal.ContinuationImpl: void releaseIntercepted()>
08-29 00:49:52.933 15433 15433 D GAPS    : METHOD=<kotlinx.serialization.internal.MapLikeSerializer: void readElement(kotlinx.serialization.encoding.CompositeDecoder,int,java.lang.Object,boolean)>
08-29 00:49:52.933 15433 15433 D GAPS    : METHOD=<kotlinx.serialization.internal.MapLikeSerializer: void readElement(kotlinx.serialization.encoding.CompositeDecoder,int,java.util.Map,boolean)>
08-29 00:49:52.933 15433 15471 D GAPS    : METHOD=<kotlinx.coroutines.CoroutineDispatcher: void releaseInterceptedContinuation(kotlin.coroutines.Continuation)>
08-29 00:49:52.933 15433 15471 D GAPS    : METHOD=<kotlinx.coroutines.internal.DispatchedContinuation: void release$kotlinx_coroutines_core()>
08-29 00:49:52.933 15433 15471 D GAPS    : METHOD=<kotlinx.coroutines.internal.DispatchedContinuation: void awaitReusability$kotlinx_coroutines_core()>
08-29 00:49:52.933 15433 15471 D GAPS    : METHOD=<kotlinx.coroutines.internal.DispatchedContinuation: kotlinx.coroutines.CancellableContinuationImpl getReusableCancellableContinuation()>
08-29 00:49:52.933 15433 15471 D GAPS    : CLASS=kotlin.coroutines.jvm.internal.CompletedContinuation
08-29 00:49:52.933 15433 15471 D GAPS    : METHOD=<kotlin.coroutines.jvm.internal.CompletedContinuation: void <clinit>()>
08-29 00:49:52.933 15433 15471 D GAPS    : METHOD=<kotlin.coroutines.jvm.internal.CompletedContinuation: void <init>()>
08-29 00:49:52.933 15433 15433 D GAPS    : METHOD=<kotlinx.serialization.encoding.CompositeDecoder$DefaultImpls: java.lang.Object decodeSerializableElement$default(kotlinx.serialization.encoding.CompositeDecoder,kotlinx.serialization.descriptors.SerialDescriptor,int,kotlinx.serialization.DeserializationStrategy,java.lang.Object,int,java.lang.Object)>
08-29 00:49:52.933 15433 15433 D GAPS    : METHOD=<kotlinx.serialization.json.internal.StreamingJsonDecoder: java.lang.Object decodeSerializableElement(kotlinx.serialization.descriptors.SerialDescriptor,int,kotlinx.serialization.DeserializationStrategy,java.lang.Object)>
08-29 00:49:52.933 15433 15433 D GAPS    : METHOD=<kotlinx.serialization.json.internal.JsonPath: void resetCurrentMapKey()>
08-29 00:49:52.933 15433 15433 D GAPS    : METHOD=<kotlinx.serialization.encoding.AbstractDecoder: java.lang.Object decodeSerializableElement(kotlinx.serialization.descriptors.SerialDescriptor,int,kotlinx.serialization.DeserializationStrategy,java.lang.Object)>
08-29 00:49:52.933 15433 15471 D GAPS    : METHOD=<kotlinx.coroutines.AbstractCoroutine: void resumeWith(java.lang.Object)>
08-29 00:49:52.933 15433 15433 D GAPS    : METHOD=<kotlinx.serialization.encoding.AbstractDecoder: java.lang.Object decodeSerializableValue(kotlinx.serialization.DeserializationStrategy,java.lang.Object)>
08-29 00:49:52.933 15433 15471 D GAPS    : METHOD=<kotlinx.coroutines.CompletionStateKt: java.lang.Object toState$default(java.lang.Object,kotlin.jvm.functions.Function1,int,java.lang.Object)>
08-29 00:49:52.933 15433 15433 D GAPS    : METHOD=<kotlinx.serialization.internal.StringSerializer: java.lang.Object deserialize(kotlinx.serialization.encoding.Decoder)>
08-29 00:49:52.933 15433 15433 D GAPS    : METHOD=<kotlinx.serialization.internal.StringSerializer: java.lang.String deserialize(kotlinx.serialization.encoding.Decoder)>
08-29 00:49:52.933 15433 15471 D GAPS    : METHOD=<kotlinx.coroutines.JobSupport: java.lang.Object makeCompletingOnce$kotlinx_coroutines_core(java.lang.Object)>
08-29 00:49:52.933 15433 15433 D GAPS    : METHOD=<kotlinx.serialization.json.internal.StreamingJsonDecoder: java.lang.String decodeString()>
08-29 00:49:52.933 15433 15471 D GAPS    : METHOD=<kotlinx.coroutines.JobSupport: java.lang.Object tryMakeCompleting(java.lang.Object,java.lang.Object)>
08-29 00:49:52.933 15433 15433 D GAPS    : METHOD=<kotlinx.serialization.json.internal.AbstractJsonLexer: java.lang.String consumeString()>
08-29 00:49:52.933 15433 15471 D GAPS    : METHOD=<kotlinx.coroutines.JobSupport: boolean tryFinalizeSimpleState(kotlinx.coroutines.Incomplete,java.lang.Object)>
08-29 00:49:52.933 15433 15433 D GAPS    : METHOD=<kotlinx.serialization.json.internal.StringJsonLexer: java.lang.String consumeKeyString()>
08-29 00:49:52.933 15433 15471 D GAPS    : METHOD=<kotlinx.coroutines.JobSupportKt: java.lang.Object boxIncomplete(java.lang.Object)>
08-29 00:49:52.933 15433 15433 D GAPS    : METHOD=<kotlin.text.StringsKt: int indexOf$default(java.lang.CharSequence,char,int,boolean,int,java.lang.Object)>
08-29 00:49:52.933 15433 15433 D GAPS    : METHOD=<kotlin.text.StringsKt__StringsKt: int indexOf$default(java.lang.CharSequence,char,int,boolean,int,java.lang.Object)>
08-29 00:49:52.933 15433 15433 D GAPS    : METHOD=<kotlin.text.StringsKt__StringsKt: int indexOf(java.lang.CharSequence,char,int,boolean)>
08-29 00:49:52.933 15433 15471 D GAPS    : METHOD=<kotlinx.coroutines.JobSupport: void onCancelling(java.lang.Throwable)>
08-29 00:49:52.933 15433 15471 D GAPS    : METHOD=<kotlinx.coroutines.AbstractCoroutine: void onCompletionInternal(java.lang.Object)>
08-29 00:49:52.933 15433 15471 D GAPS    : METHOD=<kotlinx.coroutines.AbstractCoroutine: void onCompleted(java.lang.Object)>
08-29 00:49:52.933 15433 15471 D GAPS    : METHOD=<kotlinx.coroutines.JobSupport: void completeStateFinalization(kotlinx.coroutines.Incomplete,java.lang.Object)>
08-29 00:49:52.933 15433 15433 D GAPS    : METHOD=<kotlinx.serialization.json.internal.JsonPath: void updateCurrentMapKey(java.lang.Object)>
08-29 00:49:52.933 15433 15433 D GAPS    : METHOD=<org.wikipedia.analytics.eventplatform.StreamConfig$$serializer: java.lang.Object deserialize(kotlinx.serialization.encoding.Decoder)>
08-29 00:49:52.933 15433 15433 D GAPS    : METHOD=<org.wikipedia.analytics.eventplatform.StreamConfig$$serializer: org.wikipedia.analytics.eventplatform.StreamConfig deserialize(kotlinx.serialization.encoding.Decoder)>
08-29 00:49:52.933 15433 15433 D GAPS    : METHOD=<kotlinx.serialization.internal.PluginGeneratedSerialDescriptor: kotlinx.serialization.descriptors.SerialKind getKind()>
08-29 00:49:52.933 15433 15471 D GAPS    : METHOD=<kotlinx.coroutines.JobNode: void dispose()>
08-29 00:49:52.933 15433 15471 D GAPS    : METHOD=<kotlinx.coroutines.JobNode: kotlinx.coroutines.JobSupport getJob()>
08-29 00:49:52.933 15433 15433 D GAPS    : CLASS=kotlinx.serialization.descriptors.StructureKind$CLASS
08-29 00:49:52.933 15433 15471 D GAPS    : METHOD=<kotlinx.coroutines.JobSupport: void removeNode$kotlinx_coroutines_core(kotlinx.coroutines.JobNode)>
08-29 00:49:52.933 15433 15471 D GAPS    : METHOD=<kotlinx.coroutines.Empty: kotlinx.coroutines.NodeList getList()>
08-29 00:49:52.933 15433 15471 D GAPS    : METHOD=<kotlinx.coroutines.JobSupportKt: kotlinx.coroutines.internal.Symbol access$getCOMPLETING_ALREADY$p()>
08-29 00:49:52.933 15433 15471 D GAPS    : METHOD=<kotlinx.coroutines.JobSupportKt: kotlinx.coroutines.internal.Symbol access$getCOMPLETING_RETRY$p()>
08-29 00:49:52.933 15433 15471 D GAPS    : METHOD=<kotlinx.coroutines.AbstractCoroutine: void afterResume(java.lang.Object)>
08-29 00:49:52.933 15433 15471 D GAPS    : METHOD=<kotlinx.coroutines.JobSupport: void afterCompletion(java.lang.Object)>
08-29 00:49:52.933 15433 15471 D GAPS    : METHOD=<kotlinx.coroutines.internal.ThreadContextKt: void restoreThreadContext(kotlin.coroutines.CoroutineContext,java.lang.Object)>
08-29 00:49:52.933 15433 15471 D GAPS    : METHOD=<kotlinx.coroutines.scheduling.TaskContextImpl: void afterTask()>
08-29 00:49:52.933 15433 15471 D GAPS    : METHOD=<kotlinx.coroutines.DispatchedTask: void handleFatalException$kotlinx_coroutines_core(java.lang.Throwable,java.lang.Throwable)>
08-29 00:49:52.933 15433 15471 D GAPS    : METHOD=<kotlinx.coroutines.scheduling.CoroutineScheduler$Worker: void afterTask(int)>
08-29 00:49:52.933 15433 15433 D GAPS    : METHOD=<kotlinx.serialization.descriptors.StructureKind$CLASS: void <clinit>()>
08-29 00:49:52.933 15433 15433 D GAPS    : METHOD=<kotlinx.serialization.descriptors.StructureKind$CLASS: void <init>()>
08-29 00:49:52.933 15433 15433 D GAPS    : METHOD=<org.wikipedia.analytics.eventplatform.StreamConfig: kotlinx.serialization.KSerializer[] access$get$childSerializers$cp()>
08-29 00:49:52.933 15433 15433 D GAPS    : METHOD=<kotlinx.serialization.json.internal.StreamingJsonDecoder: int decodeObjectIndex(kotlinx.serialization.descriptors.SerialDescriptor)>
08-29 00:49:52.933 15433 15433 D GAPS    : METHOD=<kotlinx.serialization.json.internal.StringJsonLexer: boolean tryConsumeComma()>
08-29 00:49:52.933 15433 15433 D GAPS    : METHOD=<kotlinx.serialization.json.internal.StreamingJsonDecoder: java.lang.String decodeStringKey()>
08-29 00:49:52.933 15433 15433 D GAPS    : CLASS=kotlinx.serialization.json.internal.JsonNamesMapKt
08-29 00:49:52.933 15433 15433 D GAPS    : METHOD=<kotlinx.serialization.json.internal.JsonNamesMapKt: void <clinit>()>
08-29 00:49:52.933 15433 15433 D GAPS    : CLASS=kotlinx.serialization.json.internal.DescriptorSchemaCache$Key
08-29 00:49:52.933 15433 15433 D GAPS    : METHOD=<kotlinx.serialization.json.internal.DescriptorSchemaCache$Key: void <init>()>
08-29 00:49:52.933 15433 15433 D GAPS    : METHOD=<kotlinx.serialization.json.internal.JsonNamesMapKt: int getJsonNameIndex(kotlinx.serialization.descriptors.SerialDescriptor,kotlinx.serialization.json.Json,java.lang.String)>
08-29 00:49:52.933 15433 15433 D GAPS    : METHOD=<kotlinx.serialization.json.internal.JsonNamesMapKt: kotlinx.serialization.json.JsonNamingStrategy namingStrategy(kotlinx.serialization.descriptors.SerialDescriptor,kotlinx.serialization.json.Json)>
08-29 00:49:52.933 15433 15433 D GAPS    : METHOD=<kotlinx.serialization.internal.PluginGeneratedSerialDescriptor: int getElementIndex(java.lang.String)>
08-29 00:49:52.933 15433 15433 D GAPS    : METHOD=<kotlinx.serialization.json.internal.StreamingJsonDecoder: boolean coerceInputValue(kotlinx.serialization.descriptors.SerialDescriptor,int)>
08-29 00:49:52.933 15433 15433 D GAPS    : METHOD=<kotlinx.serialization.internal.PluginGeneratedSerialDescriptor: kotlinx.serialization.descriptors.SerialDescriptor getElementDescriptor(int)>
08-29 00:49:52.933 15433 15433 D GAPS    : METHOD=<kotlinx.serialization.internal.PluginGeneratedSerialDescriptor: kotlinx.serialization.KSerializer[] getChildSerializers()>
08-29 00:49:52.933 15433 15433 D GAPS    : METHOD=<kotlin.SafePublicationLazyImpl: java.lang.Object getValue()>
08-29 00:49:52.933 15433 15433 D GAPS    : METHOD=<kotlinx.serialization.internal.PluginGeneratedSerialDescriptor$childSerializers$2: java.lang.Object invoke()>
08-29 00:49:52.933 15433 15433 D GAPS    : METHOD=<kotlinx.serialization.internal.PluginGeneratedSerialDescriptor$childSerializers$2: kotlinx.serialization.KSerializer[] invoke()>
08-29 00:49:52.933 15433 15433 D GAPS    : METHOD=<kotlinx.serialization.internal.PluginGeneratedSerialDescriptor: kotlinx.serialization.internal.GeneratedSerializer access$getGeneratedSerializer$p(kotlinx.serialization.internal.PluginGeneratedSerialDescriptor)>
08-29 00:49:52.933 15433 15433 D GAPS    : METHOD=<org.wikipedia.analytics.eventplatform.StreamConfig$$serializer: kotlinx.serialization.KSerializer[] childSerializers()>
08-29 00:49:52.933 15433 15433 D GAPS    : CLASS=kotlinx.serialization.internal.BooleanSerializer
08-29 00:49:52.933 15433 15433 D GAPS    : METHOD=<kotlinx.serialization.internal.BooleanSerializer: void <clinit>()>
08-29 00:49:52.933 15433 15433 D GAPS    : METHOD=<kotlinx.serialization.internal.BooleanSerializer: void <init>()>
08-29 00:49:52.933 15433 15433 D GAPS    : CLASS=kotlinx.serialization.descriptors.PrimitiveKind$BOOLEAN
08-29 00:49:52.933 15433 15433 D GAPS    : METHOD=<kotlinx.serialization.descriptors.PrimitiveKind$BOOLEAN: void <clinit>()>
08-29 00:49:52.933 15433 15433 D GAPS    : METHOD=<kotlinx.serialization.descriptors.PrimitiveKind$BOOLEAN: void <init>()>
08-29 00:49:52.933 15433 15433 D GAPS    : CLASS=org.wikipedia.analytics.eventplatform.SamplingConfig$$serializer
08-29 00:49:52.933 15433 15433 D GAPS    : METHOD=<org.wikipedia.analytics.eventplatform.SamplingConfig$$serializer: void <clinit>()>
08-29 00:49:52.933 15433 15433 D GAPS    : METHOD=<org.wikipedia.analytics.eventplatform.SamplingConfig$$serializer: void <init>()>
08-29 00:49:52.933 15433 15433 D GAPS    : METHOD=<org.wikipedia.analytics.eventplatform.SamplingConfig$$serializer: kotlinx.serialization.descriptors.SerialDescriptor getDescriptor()>
08-29 00:49:52.933 15433 15433 D GAPS    : METHOD=<kotlinx.serialization.internal.PluginGeneratedSerialDescriptor: boolean isNullable()>
08-29 00:49:52.933 15433 15433 D GAPS    : METHOD=<kotlinx.serialization.internal.PluginGeneratedSerialDescriptor: java.lang.String getSerialName()>
08-29 00:49:52.933 15433 15433 D GAPS    : METHOD=<kotlinx.serialization.internal.PluginGeneratedSerialDescriptor: java.util.Set getSerialNames()>
08-29 00:49:52.933 15433 15433 D GAPS    : METHOD=<kotlinx.serialization.internal.PrimitiveSerialDescriptor: boolean isNullable()>
08-29 00:49:52.933 15433 15433 D GAPS    : CLASS=kotlinx.serialization.descriptors.SerialKind$ENUM
08-29 00:49:52.933 15433 15433 D GAPS    : METHOD=<kotlinx.serialization.descriptors.SerialKind$ENUM: void <clinit>()>
08-29 00:49:52.933 15433 15433 D GAPS    : METHOD=<kotlinx.serialization.descriptors.SerialKind$ENUM: void <init>()>
08-29 00:49:52.933 15433 15433 D GAPS    : METHOD=<kotlinx.serialization.json.internal.JsonPath: void updateDescriptorIndex(int)>
08-29 00:49:52.933 15433 15433 D GAPS    : METHOD=<kotlinx.serialization.encoding.AbstractDecoder: java.lang.String decodeStringElement(kotlinx.serialization.descriptors.SerialDescriptor,int)>
08-29 00:49:52.933 15433 15433 D GAPS    : METHOD=<kotlinx.serialization.internal.BooleanSerializer: kotlinx.serialization.descriptors.SerialDescriptor getDescriptor()>
08-29 00:49:52.934 15433 15433 D GAPS    : METHOD=<kotlinx.serialization.encoding.AbstractDecoder: boolean decodeBooleanElement(kotlinx.serialization.descriptors.SerialDescriptor,int)>
08-29 00:49:52.934 15433 15433 D GAPS    : METHOD=<kotlinx.serialization.json.internal.StreamingJsonDecoder: boolean decodeBoolean()>
08-29 00:49:52.934 15433 15433 D GAPS    : METHOD=<kotlinx.serialization.json.internal.AbstractJsonLexer: boolean consumeBoolean()>
08-29 00:49:52.934 15433 15433 D GAPS    : METHOD=<kotlinx.serialization.json.internal.AbstractJsonLexer: boolean consumeBoolean(int)>
08-29 00:49:52.934 15433 15433 D GAPS    : METHOD=<kotlinx.serialization.json.internal.AbstractJsonLexer: void consumeBooleanLiteral(java.lang.String,int)>
08-29 00:49:52.934 15433 15433 D GAPS    : METHOD=<kotlinx.serialization.internal.ArrayListSerializer: kotlinx.serialization.descriptors.SerialDescriptor getDescriptor()>
08-29 00:49:52.934 15433 15433 D GAPS    : METHOD=<kotlinx.serialization.internal.ListLikeDescriptor: boolean isNullable()>
08-29 00:49:52.934 15433 15433 D GAPS    : METHOD=<kotlinx.serialization.internal.ListLikeDescriptor: kotlinx.serialization.descriptors.SerialKind getKind()>
08-29 00:49:52.934 15433 15433 D GAPS    : METHOD=<kotlinx.serialization.internal.ArrayListSerializer: java.lang.Object builder()>
08-29 00:49:52.934 15433 15433 D GAPS    : METHOD=<kotlinx.serialization.internal.ArrayListSerializer: java.util.ArrayList builder()>
08-29 00:49:52.934 15433 15433 D GAPS    : METHOD=<kotlinx.serialization.internal.ArrayListSerializer: int builderSize(java.lang.Object)>
08-29 00:49:52.934 15433 15433 D GAPS    : METHOD=<kotlinx.serialization.internal.ArrayListSerializer: int builderSize(java.util.ArrayList)>
08-29 00:49:52.934 15433 15433 D GAPS    : METHOD=<kotlinx.serialization.json.internal.StreamingJsonDecoder: int decodeListIndex()>
08-29 00:49:52.934 15433 15433 D GAPS    : METHOD=<kotlinx.serialization.internal.CollectionLikeSerializer: void readElement(kotlinx.serialization.encoding.CompositeDecoder,int,java.lang.Object,boolean)>
08-29 00:49:52.934 15433 15433 D GAPS    : METHOD=<kotlinx.serialization.internal.ArrayListSerializer: void insert(java.lang.Object,int,java.lang.Object)>
08-29 00:49:52.934 15433 15433 D GAPS    : METHOD=<kotlinx.serialization.internal.ArrayListSerializer: void insert(java.util.ArrayList,int,java.lang.Object)>
08-29 00:49:52.934 15433 15433 D GAPS    : METHOD=<kotlinx.serialization.json.internal.StreamingJsonDecoder: void endStructure(kotlinx.serialization.descriptors.SerialDescriptor)>
08-29 00:49:52.934 15433 15433 D GAPS    : METHOD=<kotlinx.serialization.internal.ListLikeDescriptor: int getElementsCount()>
08-29 00:49:52.934 15433 15433 D GAPS    : METHOD=<kotlinx.serialization.json.internal.JsonPath: void popDescriptor()>
08-29 00:49:52.934 15433 15433 D GAPS    : METHOD=<kotlinx.serialization.internal.ArrayListSerializer: java.lang.Object toResult(java.lang.Object)>
08-29 00:49:52.934 15433 15433 D GAPS    : METHOD=<kotlinx.serialization.internal.ArrayListSerializer: java.util.List toResult(java.util.ArrayList)>
08-29 00:49:52.934 15433 15433 D GAPS    : METHOD=<kotlinx.serialization.internal.PluginGeneratedSerialDescriptor: int getElementsCount()>
08-29 00:49:52.934 15433 15433 D GAPS    : METHOD=<org.wikipedia.analytics.eventplatform.StreamConfig: void <init>(int,java.lang.String,boolean,java.lang.String,org.wikipedia.analytics.eventplatform.DestinationEventService,java.lang.String,java.util.List,java.util.List,org.wikipedia.analytics.eventplatform.SamplingConfig,kotlinx.serialization.internal.SerializationConstructorMarker)>
08-29 00:49:52.934 15433 15433 D GAPS    : METHOD=<org.wikipedia.analytics.eventplatform.DestinationEventService: org.wikipedia.analytics.eventplatform.DestinationEventService valueOf(java.lang.String)>
08-29 00:49:52.934 15433 15433 D GAPS    : CLASS=kotlinx.serialization.json.internal.JsonPath$Tombstone
08-29 00:49:52.934 15433 15433 D GAPS    : METHOD=<kotlinx.serialization.json.internal.JsonPath$Tombstone: void <clinit>()>
08-29 00:49:52.934 15433 15433 D GAPS    : METHOD=<kotlinx.serialization.json.internal.JsonPath$Tombstone: void <init>()>
08-29 00:49:52.938 15433 15433 D GAPS    : METHOD=<kotlinx.serialization.internal.SerialDescriptorForNullable: boolean isNullable()>
08-29 00:49:52.938 15433 15433 D GAPS    : METHOD=<kotlinx.serialization.internal.SerialDescriptorForNullable: kotlinx.serialization.descriptors.SerialKind getKind()>
08-29 00:49:52.938 15433 15433 D GAPS    : METHOD=<kotlinx.serialization.encoding.AbstractDecoder: java.lang.Object decodeNullableSerializableElement(kotlinx.serialization.descriptors.SerialDescriptor,int,kotlinx.serialization.DeserializationStrategy,java.lang.Object)>
08-29 00:49:52.938 15433 15433 D GAPS    : METHOD=<org.wikipedia.analytics.eventplatform.SamplingConfig$$serializer: java.lang.Object deserialize(kotlinx.serialization.encoding.Decoder)>
08-29 00:49:52.938 15433 15433 D GAPS    : METHOD=<org.wikipedia.analytics.eventplatform.SamplingConfig$$serializer: org.wikipedia.analytics.eventplatform.SamplingConfig deserialize(kotlinx.serialization.encoding.Decoder)>
08-29 00:49:52.938 15433 15433 D GAPS    : METHOD=<org.wikipedia.analytics.eventplatform.SamplingConfig$$serializer: kotlinx.serialization.KSerializer[] childSerializers()>
08-29 00:49:52.938 15433 15433 D GAPS    : CLASS=kotlinx.serialization.internal.DoubleSerializer
08-29 00:49:52.938 15433 15433 D GAPS    : METHOD=<kotlinx.serialization.internal.DoubleSerializer: void <clinit>()>
08-29 00:49:52.938 15433 15433 D GAPS    : METHOD=<kotlinx.serialization.internal.DoubleSerializer: void <init>()>
08-29 00:49:52.938 15433 15433 D GAPS    : CLASS=kotlinx.serialization.descriptors.PrimitiveKind$DOUBLE
08-29 00:49:52.938 15433 15433 D GAPS    : METHOD=<kotlinx.serialization.descriptors.PrimitiveKind$DOUBLE: void <clinit>()>
08-29 00:49:52.938 15433 15433 D GAPS    : METHOD=<kotlinx.serialization.descriptors.PrimitiveKind$DOUBLE: void <init>()>
08-29 00:49:52.938 15433 15433 D GAPS    : METHOD=<kotlinx.serialization.internal.DoubleSerializer: kotlinx.serialization.descriptors.SerialDescriptor getDescriptor()>
08-29 00:49:52.938 15433 15433 D GAPS    : METHOD=<kotlinx.serialization.encoding.AbstractDecoder: double decodeDoubleElement(kotlinx.serialization.descriptors.SerialDescriptor,int)>
08-29 00:49:52.938 15433 15433 D GAPS    : METHOD=<kotlinx.serialization.json.internal.StreamingJsonDecoder: double decodeDouble()>
08-29 00:49:52.938 15433 15433 D GAPS    : METHOD=<kotlinx.serialization.json.internal.AbstractJsonLexer: java.lang.String consumeStringLenient()>
08-29 00:49:52.938 15433 15433 D GAPS    : METHOD=<kotlinx.serialization.json.internal.AbstractJsonLexer: java.lang.String substring(int,int)>
08-29 00:49:52.938 15433 15433 D GAPS    : CLASS=org.wikipedia.analytics.eventplatform.SamplingConfig
08-29 00:49:52.938 15433 15433 D GAPS    : METHOD=<org.wikipedia.analytics.eventplatform.SamplingConfig: void <clinit>()>
08-29 00:49:52.938 15433 15433 D GAPS    : CLASS=org.wikipedia.analytics.eventplatform.SamplingConfig$Companion
08-29 00:49:52.938 15433 15433 D GAPS    : METHOD=<org.wikipedia.analytics.eventplatform.SamplingConfig$Companion: void <init>(kotlin.jvm.internal.DefaultConstructorMarker)>
08-29 00:49:52.938 15433 15433 D GAPS    : METHOD=<org.wikipedia.analytics.eventplatform.SamplingConfig$Companion: void <init>()>
08-29 00:49:52.938 15433 15433 D GAPS    : METHOD=<org.wikipedia.analytics.eventplatform.SamplingConfig: void <init>(int,double,java.lang.String,kotlinx.serialization.internal.SerializationConstructorMarker)>
08-29 00:49:52.947 15433 15433 D GAPS    : METHOD=<kotlinx.serialization.internal.LinkedHashMapSerializer: java.lang.Object toResult(java.lang.Object)>
08-29 00:49:52.947 15433 15433 D GAPS    : METHOD=<kotlinx.serialization.internal.LinkedHashMapSerializer: java.util.Map toResult(java.util.LinkedHashMap)>
08-29 00:49:52.947 15433 15433 D GAPS    : METHOD=<kotlinx.serialization.json.internal.AbstractJsonLexer: void expectEof()>
08-29 00:49:52.947 15433 15433 D GAPS    : METHOD=<kotlinx.serialization.json.internal.StringJsonLexer: byte consumeNextToken()>
08-29 00:49:52.947 15433 15433 D GAPS    : METHOD=<org.wikipedia.analytics.eventplatform.EventPlatformClient: void refreshStreamConfigs()>
08-29 00:49:52.947 15433 15433 D GAPS    : CLASS=org.wikipedia.dataclient.ServiceFactory
08-29 00:49:52.947 15433 15433 D GAPS    : METHOD=<org.wikipedia.dataclient.ServiceFactory: void <clinit>()>
08-29 00:49:52.947 15433 15433 D GAPS    : METHOD=<org.wikipedia.dataclient.ServiceFactory: void <init>()>
08-29 00:49:52.947 15433 15433 D GAPS    : CLASS=org.wikipedia.dataclient.ServiceFactory$special$$inlined$lruCache$default$1
08-29 00:49:52.947 15433 15433 D GAPS    : METHOD=<org.wikipedia.dataclient.ServiceFactory$special$$inlined$lruCache$default$1: void <init>(int,int)>
08-29 00:49:52.947 15433 15433 D GAPS    : CLASS=androidx.collection.LruCache
08-29 00:49:52.947 15433 15433 D GAPS    : METHOD=<androidx.collection.LruCache: void <init>(int)>
08-29 00:49:52.947 15433 15433 D GAPS    : CLASS=org.wikipedia.dataclient.ServiceFactory$special$$inlined$lruCache$default$2
08-29 00:49:52.947 15433 15433 D GAPS    : METHOD=<org.wikipedia.dataclient.ServiceFactory$special$$inlined$lruCache$default$2: void <init>(int,int)>
08-29 00:49:52.947 15433 15433 D GAPS    : CLASS=org.wikipedia.dataclient.ServiceFactory$special$$inlined$lruCache$default$3
08-29 00:49:52.947 15433 15433 D GAPS    : METHOD=<org.wikipedia.dataclient.ServiceFactory$special$$inlined$lruCache$default$3: void <init>(int,int)>
08-29 00:49:52.947 15433 15433 D GAPS    : CLASS=org.wikipedia.dataclient.ServiceFactory$special$$inlined$lruCache$default$4
08-29 00:49:52.947 15433 15433 D GAPS    : METHOD=<org.wikipedia.dataclient.ServiceFactory$special$$inlined$lruCache$default$4: void <init>(int,int)>
08-29 00:49:52.947 15433 15433 D GAPS    : METHOD=<org.wikipedia.dataclient.WikiSite: void <init>(java.lang.String)>
08-29 00:49:52.947 15433 15433 D GAPS    : METHOD=<kotlin.text.StringsKt: boolean startsWith$default(java.lang.String,java.lang.String,boolean,int,java.lang.Object)>
08-29 00:49:52.947 15433 15433 D GAPS    : METHOD=<kotlin.text.StringsKt__StringsJVMKt: boolean startsWith$default(java.lang.String,java.lang.String,boolean,int,java.lang.Object)>
08-29 00:49:52.947 15433 15433 D GAPS    : METHOD=<kotlin.text.StringsKt: boolean startsWith(java.lang.String,java.lang.String,boolean)>
