08-29 00:49:52.967 15433 15433 D GAPS    : METHOD=<io.reactivex.rxjava3.internal.schedulers.ComputationScheduler: int cap(int,int)>
08-29 00:49:52.967 15433 15433 D GAPS    : METHOD=<io.reactivex.rxjava3.internal.schedulers.RxThreadFactory: void <init>(java.lang.String)>
08-29 00:49:52.967 15433 15433 D GAPS    : CLASS=io.reactivex.rxjava3.internal.schedulers.ComputationScheduler$PoolWorker
08-29 00:49:52.967 15433 15433 D GAPS    : METHOD=<io.reactivex.rxjava3.internal.schedulers.ComputationScheduler$PoolWorker: void <init>(java.util.concurrent.ThreadFactory)>
08-29 00:49:52.967 15433 15433 D GAPS    : CLASS=io.reactivex.rxjava3.internal.schedulers.NewThreadWorker
08-29 00:49:52.967 15433 15433 D GAPS    : METHOD=<io.reactivex.rxjava3.internal.schedulers.NewThreadWorker: void <init>(java.util.concurrent.ThreadFactory)>
08-29 00:49:52.967 15433 15433 D GAPS    : CLASS=io.reactivex.rxjava3.core.Scheduler$Worker
08-29 00:49:52.967 15433 15433 D GAPS    : METHOD=<io.reactivex.rxjava3.core.Scheduler$Worker: void <init>()>
08-29 00:49:52.967 15433 15433 D GAPS    : METHOD=<io.reactivex.rxjava3.internal.schedulers.NewThreadWorker: void dispose()>
08-29 00:49:52.967 15433 15433 D GAPS    : CLASS=io.reactivex.rxjava3.internal.schedulers.ComputationScheduler$FixedSchedulerPool
08-29 00:49:52.967 15433 15433 D GAPS    : METHOD=<io.reactivex.rxjava3.internal.schedulers.ComputationScheduler$FixedSchedulerPool: void <init>(int,java.util.concurrent.ThreadFactory)>
08-29 00:49:52.967 15433 15433 D GAPS    : METHOD=<io.reactivex.rxjava3.internal.schedulers.ComputationScheduler$FixedSchedulerPool: void shutdown()>
08-29 00:49:52.967 15433 15433 D GAPS    : METHOD=<io.reactivex.rxjava3.internal.schedulers.ComputationScheduler: void <init>()>
08-29 00:49:52.967 15433 15433 D GAPS    : METHOD=<io.reactivex.rxjava3.internal.schedulers.ComputationScheduler: void <init>(java.util.concurrent.ThreadFactory)>
08-29 00:49:52.967 15433 15433 D GAPS    : METHOD=<io.reactivex.rxjava3.internal.schedulers.ComputationScheduler: void start()>
08-29 00:49:52.967 15433 15433 D GAPS    : CLASS=io.reactivex.rxjava3.schedulers.Schedulers$IOTask
08-29 00:49:52.967 15433 15433 D GAPS    : METHOD=<io.reactivex.rxjava3.schedulers.Schedulers$IOTask: void <init>()>
08-29 00:49:52.967 15433 15433 D GAPS    : METHOD=<io.reactivex.rxjava3.plugins.RxJavaPlugins: io.reactivex.rxjava3.core.Scheduler initIoScheduler(io.reactivex.rxjava3.functions.Supplier)>
08-29 00:49:52.967 15433 15433 D GAPS    : METHOD=<io.reactivex.rxjava3.schedulers.Schedulers$IOTask: java.lang.Object get()>
08-29 00:49:52.967 15433 15433 D GAPS    : METHOD=<io.reactivex.rxjava3.schedulers.Schedulers$IOTask: io.reactivex.rxjava3.core.Scheduler get()>
08-29 00:49:52.967 15433 15433 D GAPS    : CLASS=io.reactivex.rxjava3.schedulers.Schedulers$IoHolder
08-29 00:49:52.967 15433 15433 D GAPS    : METHOD=<io.reactivex.rxjava3.schedulers.Schedulers$IoHolder: void <clinit>()>
08-29 00:49:52.967 15433 15433 D GAPS    : CLASS=io.reactivex.rxjava3.internal.schedulers.IoScheduler
08-29 00:49:52.967 15433 15433 D GAPS    : METHOD=<io.reactivex.rxjava3.internal.schedulers.IoScheduler: void <clinit>()>
08-29 00:49:52.967 15433 15433 D GAPS    : CLASS=io.reactivex.rxjava3.internal.schedulers.IoScheduler$ThreadWorker
08-29 00:49:52.967 15433 15433 D GAPS    : METHOD=<io.reactivex.rxjava3.internal.schedulers.IoScheduler$ThreadWorker: void <init>(java.util.concurrent.ThreadFactory)>
08-29 00:49:52.967 15433 15433 D GAPS    : METHOD=<io.reactivex.rxjava3.internal.schedulers.RxThreadFactory: void <init>(java.lang.String,int)>
08-29 00:49:52.967 15433 15433 D GAPS    : CLASS=io.reactivex.rxjava3.internal.schedulers.IoScheduler$CachedWorkerPool
08-29 00:49:52.967 15433 15433 D GAPS    : METHOD=<io.reactivex.rxjava3.internal.schedulers.IoScheduler$CachedWorkerPool: void <init>(long,java.util.concurrent.TimeUnit,java.util.concurrent.ThreadFactory)>
08-29 00:49:52.967 15433 15433 D GAPS    : CLASS=io.reactivex.rxjava3.disposables.CompositeDisposable
08-29 00:49:52.967 15433 15433 D GAPS    : METHOD=<io.reactivex.rxjava3.disposables.CompositeDisposable: void <init>()>
08-29 00:49:52.967 15433 15433 D GAPS    : METHOD=<io.reactivex.rxjava3.internal.schedulers.IoScheduler$CachedWorkerPool: void shutdown()>
08-29 00:49:52.967 15433 15433 D GAPS    : METHOD=<io.reactivex.rxjava3.disposables.CompositeDisposable: void dispose()>
08-29 00:49:52.967 15433 15433 D GAPS    : METHOD=<io.reactivex.rxjava3.disposables.CompositeDisposable: void dispose(io.reactivex.rxjava3.internal.util.OpenHashSet)>
08-29 00:49:52.967 15433 15433 D GAPS    : METHOD=<io.reactivex.rxjava3.internal.schedulers.IoScheduler: void <init>()>
08-29 00:49:52.967 15433 15433 D GAPS    : METHOD=<io.reactivex.rxjava3.internal.schedulers.IoScheduler: void <init>(java.util.concurrent.ThreadFactory)>
08-29 00:49:52.967 15433 15433 D GAPS    : METHOD=<io.reactivex.rxjava3.internal.schedulers.IoScheduler: void start()>
08-29 00:49:52.967 15433 15433 D GAPS    : METHOD=<io.reactivex.rxjava3.internal.schedulers.RxThreadFactory: java.lang.Thread newThread(java.lang.Runnable)>
08-29 00:49:52.967 15433 15433 D GAPS    : CLASS=io.reactivex.rxjava3.internal.schedulers.TrampolineScheduler
08-29 00:49:52.967 15433 15433 D GAPS    : METHOD=<io.reactivex.rxjava3.internal.schedulers.TrampolineScheduler: void <clinit>()>
08-29 00:49:52.968 15433 15433 D GAPS    : METHOD=<io.reactivex.rxjava3.internal.schedulers.TrampolineScheduler: void <init>()>
08-29 00:49:52.968 15433 15433 D GAPS    : METHOD=<io.reactivex.rxjava3.internal.schedulers.TrampolineScheduler: io.reactivex.rxjava3.internal.schedulers.TrampolineScheduler instance()>
08-29 00:49:52.968 15433 15433 D GAPS    : CLASS=io.reactivex.rxjava3.schedulers.Schedulers$NewThreadTask
08-29 00:49:52.968 15433 15433 D GAPS    : METHOD=<io.reactivex.rxjava3.schedulers.Schedulers$NewThreadTask: void <init>()>
08-29 00:49:52.968 15433 15433 D GAPS    : METHOD=<io.reactivex.rxjava3.plugins.RxJavaPlugins: io.reactivex.rxjava3.core.Scheduler initNewThreadScheduler(io.reactivex.rxjava3.functions.Supplier)>
08-29 00:49:52.968 15433 15433 D GAPS    : METHOD=<io.reactivex.rxjava3.schedulers.Schedulers$NewThreadTask: java.lang.Object get()>
08-29 00:49:52.968 15433 15433 D GAPS    : METHOD=<io.reactivex.rxjava3.schedulers.Schedulers$NewThreadTask: io.reactivex.rxjava3.core.Scheduler get()>
08-29 00:49:52.968 15433 15433 D GAPS    : CLASS=io.reactivex.rxjava3.schedulers.Schedulers$NewThreadHolder
08-29 00:49:52.968 15433 15433 D GAPS    : METHOD=<io.reactivex.rxjava3.schedulers.Schedulers$NewThreadHolder: void <clinit>()>
08-29 00:49:52.968 15433 15433 D GAPS    : CLASS=io.reactivex.rxjava3.internal.schedulers.NewThreadScheduler
08-29 00:49:52.968 15433 15433 D GAPS    : METHOD=<io.reactivex.rxjava3.internal.schedulers.NewThreadScheduler: void <clinit>()>
08-29 00:49:52.968 15433 15433 D GAPS    : METHOD=<io.reactivex.rxjava3.internal.schedulers.NewThreadScheduler: void <init>()>
08-29 00:49:52.968 15433 15433 D GAPS    : METHOD=<io.reactivex.rxjava3.internal.schedulers.NewThreadScheduler: void <init>(java.util.concurrent.ThreadFactory)>
08-29 00:49:52.968 15433 15433 D GAPS    : METHOD=<io.reactivex.rxjava3.schedulers.Schedulers: io.reactivex.rxjava3.core.Scheduler io()>
08-29 00:49:52.968 15433 15433 D GAPS    : METHOD=<io.reactivex.rxjava3.plugins.RxJavaPlugins: io.reactivex.rxjava3.core.Scheduler onIoScheduler(io.reactivex.rxjava3.core.Scheduler)>
08-29 00:49:52.968 15433 15433 D GAPS    : METHOD=<io.reactivex.rxjava3.core.Observable: io.reactivex.rxjava3.core.Observable subscribeOn(io.reactivex.rxjava3.core.Scheduler)>
08-29 00:49:52.968 15433 15433 D GAPS    : CLASS=io.reactivex.rxjava3.internal.operators.observable.ObservableSubscribeOn
08-29 00:49:52.968 15433 15433 D GAPS    : METHOD=<io.reactivex.rxjava3.internal.operators.observable.ObservableSubscribeOn: void <init>(io.reactivex.rxjava3.core.ObservableSource,io.reactivex.rxjava3.core.Scheduler)>
08-29 00:49:52.968 15433 15433 D GAPS    : CLASS=org.wikipedia.analytics.eventplatform.EventPlatformClient$refreshStreamConfigs$1
08-29 00:49:52.968 15433 15433 D GAPS    : METHOD=<org.wikipedia.analytics.eventplatform.EventPlatformClient$refreshStreamConfigs$1: void <clinit>()>
08-29 00:49:52.968 15433 15433 D GAPS    : METHOD=<org.wikipedia.analytics.eventplatform.EventPlatformClient$refreshStreamConfigs$1: void <init>()>
08-29 00:49:52.968 15433 15433 D GAPS    : CLASS=org.wikipedia.analytics.eventplatform.EventPlatformClient$refreshStreamConfigs$2
08-29 00:49:52.968 15433 15433 D GAPS    : METHOD=<org.wikipedia.analytics.eventplatform.EventPlatformClient$refreshStreamConfigs$2: void <clinit>()>
08-29 00:49:52.968 15433 15433 D GAPS    : METHOD=<org.wikipedia.analytics.eventplatform.EventPlatformClient$refreshStreamConfigs$2: void <init>()>
08-29 00:49:52.968 15433 15433 D GAPS    : METHOD=<io.reactivex.rxjava3.core.Observable: io.reactivex.rxjava3.disposables.Disposable subscribe(io.reactivex.rxjava3.functions.Consumer,io.reactivex.rxjava3.functions.Consumer)>
08-29 00:49:52.968 15433 15433 D GAPS    : METHOD=<io.reactivex.rxjava3.core.Observable: io.reactivex.rxjava3.disposables.Disposable subscribe(io.reactivex.rxjava3.functions.Consumer,io.reactivex.rxjava3.functions.Consumer,io.reactivex.rxjava3.functions.Action)>
08-29 00:49:52.968 15433 15433 D GAPS    : CLASS=io.reactivex.rxjava3.internal.observers.LambdaObserver
08-29 00:49:52.968 15433 15433 D GAPS    : METHOD=<io.reactivex.rxjava3.internal.observers.LambdaObserver: void <init>(io.reactivex.rxjava3.functions.Consumer,io.reactivex.rxjava3.functions.Consumer,io.reactivex.rxjava3.functions.Action,io.reactivex.rxjava3.functions.Consumer)>
08-29 00:49:52.968 15433 15433 D GAPS    : METHOD=<io.reactivex.rxjava3.core.Observable: void subscribe(io.reactivex.rxjava3.core.Observer)>
08-29 00:49:52.968 15433 15433 D GAPS    : METHOD=<io.reactivex.rxjava3.plugins.RxJavaPlugins: io.reactivex.rxjava3.core.Observer onSubscribe(io.reactivex.rxjava3.core.Observable,io.reactivex.rxjava3.core.Observer)>
08-29 00:49:52.968 15433 15433 D GAPS    : METHOD=<io.reactivex.rxjava3.internal.operators.observable.ObservableSubscribeOn: void subscribeActual(io.reactivex.rxjava3.core.Observer)>
08-29 00:49:52.968 15433 15433 D GAPS    : CLASS=io.reactivex.rxjava3.internal.operators.observable.ObservableSubscribeOn$SubscribeOnObserver
08-29 00:49:52.968 15433 15479 D GAPS    : METHOD=<io.reactivex.rxjava3.internal.schedulers.ScheduledRunnable: java.lang.Object call()>
08-29 00:49:52.968 15433 15479 D GAPS    : METHOD=<io.reactivex.rxjava3.internal.schedulers.ScheduledRunnable: void run()>
08-29 00:49:52.968 15433 15479 D GAPS    : METHOD=<io.reactivex.rxjava3.core.Scheduler$DisposeTask: void run()>
08-29 00:49:52.968 15433 15479 D GAPS    : METHOD=<io.reactivex.rxjava3.internal.operators.observable.ObservableSubscribeOn$SubscribeTask: void run()>
08-29 00:49:52.968 15433 15479 D GAPS    : METHOD=<retrofit2.adapter.rxjava3.BodyObservable: void subscribeActual(io.reactivex.rxjava3.core.Observer)>
08-29 00:49:52.968 15433 15479 D GAPS    : CLASS=retrofit2.adapter.rxjava3.BodyObservable$BodyObserver
08-29 00:49:52.968 15433 15479 D GAPS    : METHOD=<retrofit2.adapter.rxjava3.BodyObservable$BodyObserver: void <init>(io.reactivex.rxjava3.core.Observer)>
08-29 00:49:52.968 15433 15479 D GAPS    : METHOD=<retrofit2.adapter.rxjava3.CallEnqueueObservable: void subscribeActual(io.reactivex.rxjava3.core.Observer)>
08-29 00:49:52.968 15433 15479 D GAPS    : METHOD=<retrofit2.OkHttpCall: retrofit2.Call clone()>
08-29 00:49:52.968 15433 15479 D GAPS    : METHOD=<retrofit2.OkHttpCall: retrofit2.OkHttpCall clone()>
08-29 00:49:52.968 15433 15479 D GAPS    : CLASS=retrofit2.adapter.rxjava3.CallEnqueueObservable$CallCallback
08-29 00:49:52.968 15433 15479 D GAPS    : METHOD=<retrofit2.adapter.rxjava3.CallEnqueueObservable$CallCallback: void <init>(retrofit2.Call,io.reactivex.rxjava3.core.Observer)>
08-29 00:49:52.968 15433 15479 D GAPS    : METHOD=<retrofit2.adapter.rxjava3.BodyObservable$BodyObserver: void onSubscribe(io.reactivex.rxjava3.disposables.Disposable)>
08-29 00:49:52.968 15433 15479 D GAPS    : METHOD=<io.reactivex.rxjava3.internal.operators.observable.ObservableSubscribeOn$SubscribeOnObserver: void onSubscribe(io.reactivex.rxjava3.disposables.Disposable)>
08-29 00:49:52.968 15433 15479 D GAPS    : METHOD=<retrofit2.adapter.rxjava3.CallEnqueueObservable$CallCallback: boolean isDisposed()>
08-29 00:49:52.968 15433 15479 D GAPS    : METHOD=<retrofit2.OkHttpCall: void enqueue(retrofit2.Callback)>
08-29 00:49:52.968 15433 15479 D GAPS    : METHOD=<retrofit2.OkHttpCall: okhttp3.Call createRawCall()>
08-29 00:49:52.968 15433 15479 D GAPS    : METHOD=<retrofit2.RequestFactory: okhttp3.Request create(java.lang.Object[])>
08-29 00:49:52.968 15433 15479 D GAPS    : CLASS=retrofit2.RequestBuilder
08-29 00:49:52.968 15433 15479 D GAPS    : METHOD=<retrofit2.RequestBuilder: void <clinit>()>
08-29 00:49:52.968 15433 15433 D GAPS    : METHOD=<androidx.core.app.CoreComponentFactory: android.content.BroadcastReceiver instantiateReceiver(java.lang.ClassLoader,java.lang.String,android.content.Intent)>
08-29 00:49:52.968 15433 15479 D GAPS    : METHOD=<retrofit2.RequestBuilder: void <init>(java.lang.String,okhttp3.HttpUrl,java.lang.String,okhttp3.Headers,okhttp3.MediaType,boolean,boolean,boolean)>
08-29 00:49:52.968 15433 15479 D GAPS    : CLASS=okhttp3.Request$Builder
08-29 00:49:52.968 15433 15479 D GAPS    : METHOD=<okhttp3.Request$Builder: void <init>()>
08-29 00:49:52.968 15433 15433 D GAPS    : METHOD=<org.wikipedia.notifications.NotificationPollBroadcastReceiver: void <init>()>
08-29 00:49:52.968 15433 15433 D GAPS    : BROADCASTRECEIVER=org.wikipedia.notifications.NotificationPollBroadcastReceiver
08-29 00:49:52.968 15433 15479 D GAPS    : CLASS=okhttp3.Headers$Builder
08-29 00:49:52.968 15433 15479 D GAPS    : METHOD=<okhttp3.Headers$Builder: void <init>()>
08-29 00:49:52.968 15433 15479 D GAPS    : METHOD=<retrofit2.RequestBuilder: okhttp3.Request$Builder get()>
08-29 00:49:52.968 15433 15479 D GAPS    : METHOD=<okhttp3.HttpUrl: okhttp3.HttpUrl resolve(java.lang.String)>
08-29 00:49:52.968 15433 15479 D GAPS    : METHOD=<okhttp3.HttpUrl: okhttp3.HttpUrl$Builder newBuilder(java.lang.String)>
08-29 00:49:52.968 15433 15479 D GAPS    : METHOD=<okhttp3.HttpUrl: java.lang.String scheme()>
08-29 00:49:52.968 15433 15479 D GAPS    : METHOD=<okhttp3.HttpUrl: java.lang.String encodedUsername()>
08-29 00:49:52.968 15433 15479 D GAPS    : METHOD=<okhttp3.HttpUrl: java.lang.String encodedPassword()>
08-29 00:49:52.968 15433 15479 D GAPS    : METHOD=<okhttp3.HttpUrl: int port()>
08-29 00:49:52.968 15433 15479 D GAPS    : METHOD=<okhttp3.HttpUrl: java.util.List encodedPathSegments()>
08-29 00:49:52.968 15433 15479 D GAPS    : METHOD=<okhttp3.HttpUrl$Builder: void push(java.lang.String,int,int,boolean,boolean)>
08-29 00:49:52.968 15433 15479 D GAPS    : METHOD=<okhttp3.HttpUrl$Companion: java.lang.String canonicalize$okhttp$default(okhttp3.HttpUrl$Companion,java.lang.String,int,int,java.lang.String,boolean,boolean,boolean,boolean,java.nio.charset.Charset,int,java.lang.Object)>
08-29 00:49:52.968 15433 15479 D GAPS    : METHOD=<okhttp3.HttpUrl$Companion: java.lang.String canonicalize$okhttp(java.lang.String,int,int,java.lang.String,boolean,boolean,boolean,boolean,java.nio.charset.Charset)>
08-29 00:49:52.968 15433 15479 D GAPS    : METHOD=<okhttp3.HttpUrl$Builder: boolean isDot(java.lang.String)>
08-29 00:49:52.968 15433 15479 D GAPS    : METHOD=<okhttp3.HttpUrl$Builder: boolean isDotDot(java.lang.String)>
08-29 00:49:52.968 15433 15479 D GAPS    : METHOD=<okhttp3.HttpUrl$Companion: java.util.List toQueryNamesAndValues$okhttp(java.lang.String)>
08-29 00:49:52.969 15433 15479 D GAPS    : METHOD=<okhttp3.HttpUrl$Companion: void toQueryString$okhttp(java.util.List,java.lang.StringBuilder)>
08-29 00:49:52.969 15433 15479 D GAPS    : METHOD=<kotlin.ranges.RangesKt: kotlin.ranges.IntRange until(int,int)>
08-29 00:49:52.969 15433 15479 D GAPS    : METHOD=<kotlin.ranges.RangesKt___RangesKt: kotlin.ranges.IntRange until(int,int)>
08-29 00:49:52.969 15433 15479 D GAPS    : METHOD=<kotlin.ranges.RangesKt: kotlin.ranges.IntProgression step(kotlin.ranges.IntProgression,int)>
08-29 00:49:52.969 15433 15479 D GAPS    : METHOD=<kotlin.ranges.RangesKt___RangesKt: kotlin.ranges.IntProgression step(kotlin.ranges.IntProgression,int)>
08-29 00:49:52.969 15433 15479 D GAPS    : METHOD=<kotlin.ranges.RangesKt__RangesKt: void checkStepIsPositive(boolean,java.lang.Number)>
08-29 00:49:52.969 15433 15479 D GAPS    : METHOD=<kotlin.ranges.IntProgression: int getFirst()>
08-29 00:49:52.969 15433 15479 D GAPS    : METHOD=<kotlin.ranges.IntProgression: int getLast()>
08-29 00:49:52.969 15433 15479 D GAPS    : METHOD=<kotlin.ranges.IntProgression: int getStep()>
08-29 00:49:52.969 15433 15479 D GAPS    : METHOD=<kotlin.ranges.IntProgression$Companion: kotlin.ranges.IntProgression fromClosedRange(int,int,int)>
08-29 00:49:52.969 15433 15479 D GAPS    : METHOD=<okhttp3.Request$Builder: okhttp3.Request$Builder url(okhttp3.HttpUrl)>
08-29 00:49:52.969 15433 15479 D GAPS    : METHOD=<okhttp3.Request$Builder: void setUrl$okhttp(okhttp3.HttpUrl)>
08-29 00:49:52.969 15433 15479 D GAPS    : METHOD=<okhttp3.Headers$Builder: okhttp3.Headers build()>
08-29 00:49:52.969 15433 15479 D GAPS    : METHOD=<okhttp3.Request$Builder: okhttp3.Request$Builder headers(okhttp3.Headers)>
08-29 00:49:52.969 15433 15479 D GAPS    : METHOD=<okhttp3.Headers: okhttp3.Headers$Builder newBuilder()>
08-29 00:49:52.969 15433 15479 D GAPS    : METHOD=<okhttp3.Headers$Builder: java.util.List getNamesAndValues$okhttp()>
08-29 00:49:52.969 15433 15479 D GAPS    : METHOD=<kotlin.collections.CollectionsKt: boolean addAll(java.util.Collection,java.lang.Object[])>
08-29 00:49:52.969 15433 15479 D GAPS    : METHOD=<kotlin.collections.CollectionsKt__MutableCollectionsKt: boolean addAll(java.util.Collection,java.lang.Object[])>
08-29 00:49:52.969 15433 15479 D GAPS    : METHOD=<okhttp3.Request$Builder: void setHeaders$okhttp(okhttp3.Headers$Builder)>
08-29 00:49:52.969 15433 15479 D GAPS    : METHOD=<okhttp3.Request$Builder: okhttp3.Request$Builder method(java.lang.String,okhttp3.RequestBody)>
08-29 00:49:52.969 15433 15479 D GAPS    : CLASS=okhttp3.internal.http.HttpMethod
08-29 00:49:52.969 15433 15479 D GAPS    : METHOD=<okhttp3.internal.http.HttpMethod: void <clinit>()>
08-29 00:49:52.969 15433 15479 D GAPS    : METHOD=<okhttp3.internal.http.HttpMethod: void <init>()>
08-29 00:49:52.969 15433 15479 D GAPS    : METHOD=<okhttp3.internal.http.HttpMethod: boolean requiresRequestBody(java.lang.String)>
08-29 00:49:52.969 15433 15479 D GAPS    : METHOD=<okhttp3.Request$Builder: void setMethod$okhttp(java.lang.String)>
08-29 00:49:52.969 15433 15479 D GAPS    : METHOD=<okhttp3.Request$Builder: void setBody$okhttp(okhttp3.RequestBody)>
08-29 00:49:52.969 15433 15479 D GAPS    : CLASS=retrofit2.Invocation
08-29 00:49:52.969 15433 15479 D GAPS    : METHOD=<retrofit2.Invocation: void <init>(java.lang.reflect.Method,java.util.List)>
08-29 00:49:52.969 15433 15479 D GAPS    : METHOD=<okhttp3.Request$Builder: okhttp3.Request$Builder tag(java.lang.Class,java.lang.Object)>
08-29 00:49:52.969 15433 15479 D GAPS    : METHOD=<okhttp3.Request$Builder: java.util.Map getTags$okhttp()>
08-29 00:49:52.969 15433 15479 D GAPS    : METHOD=<okhttp3.Request$Builder: void setTags$okhttp(java.util.Map)>
08-29 00:49:52.969 15433 15479 D GAPS    : METHOD=<okhttp3.Request$Builder: okhttp3.Request build()>
08-29 00:49:52.969 15433 15479 D GAPS    : METHOD=<okhttp3.internal.Util: java.util.Map toImmutableMap(java.util.Map)>
08-29 00:49:52.969 15433 15479 D GAPS    : CLASS=okhttp3.Request
08-29 00:49:52.969 15433 15479 D GAPS    : METHOD=<okhttp3.Request: void <init>(okhttp3.HttpUrl,java.lang.String,okhttp3.Headers,okhttp3.RequestBody,java.util.Map)>
08-29 00:49:52.969 15433 15479 D GAPS    : METHOD=<okhttp3.OkHttpClient: okhttp3.Call newCall(okhttp3.Request)>
08-29 00:49:52.969 15433 15479 D GAPS    : CLASS=okhttp3.internal.connection.RealCall
08-29 00:49:52.969 15433 15479 D GAPS    : METHOD=<okhttp3.internal.connection.RealCall: void <init>(okhttp3.OkHttpClient,okhttp3.Request,boolean)>
08-29 00:49:52.969 15433 15479 D GAPS    : METHOD=<okhttp3.ConnectionPool: okhttp3.internal.connection.RealConnectionPool getDelegate$okhttp()>
08-29 00:49:52.969 15433 15479 D GAPS    : METHOD=<okhttp3.internal.Util$$ExternalSyntheticLambda1: okhttp3.EventListener create(okhttp3.Call)>
08-29 00:49:52.969 15433 15479 D GAPS    : METHOD=<okhttp3.internal.Util: okhttp3.EventListener $r8$lambda$op7DGXdKtbPW5S_UsqHTJ0nOJEU(okhttp3.EventListener,okhttp3.Call)>
08-29 00:49:52.969 15433 15479 D GAPS    : METHOD=<okhttp3.internal.Util: okhttp3.EventListener asFactory$lambda-8(okhttp3.EventListener,okhttp3.Call)>
08-29 00:49:52.969 15433 15479 D GAPS    : CLASS=okio.Timeout
08-29 00:49:52.969 15433 15479 D GAPS    : METHOD=<okio.Timeout: void <clinit>()>
08-29 00:49:52.969 15433 15479 D GAPS    : CLASS=okio.Timeout$Companion
08-29 00:49:52.969 15433 15479 D GAPS    : METHOD=<okio.Timeout$Companion: void <init>(kotlin.jvm.internal.DefaultConstructorMarker)>
08-29 00:49:52.969 15433 15479 D GAPS    : METHOD=<okio.Timeout$Companion: void <init>()>
08-29 00:49:52.969 15433 15479 D GAPS    : CLASS=okio.Timeout$Companion$NONE$1
08-29 00:49:52.969 15433 15479 D GAPS    : METHOD=<okio.Timeout$Companion$NONE$1: void <init>()>
08-29 00:49:52.969 15433 15479 D GAPS    : METHOD=<okio.Timeout: void <init>()>
08-29 00:49:52.969 15433 15479 D GAPS    : CLASS=okio.AsyncTimeout
08-29 00:49:52.969 15433 15479 D GAPS    : METHOD=<okio.AsyncTimeout: void <clinit>()>
08-29 00:49:52.969 15433 15479 D GAPS    : CLASS=okio.AsyncTimeout$Companion
08-29 00:49:52.969 15433 15479 D GAPS    : METHOD=<okio.AsyncTimeout$Companion: void <init>(kotlin.jvm.internal.DefaultConstructorMarker)>
08-29 00:49:52.969 15433 15479 D GAPS    : METHOD=<okio.AsyncTimeout$Companion: void <init>()>
08-29 00:49:52.969 15433 15479 D GAPS    : CLASS=okhttp3.internal.connection.RealCall$timeout$1
08-29 00:49:52.969 15433 15479 D GAPS    : METHOD=<okhttp3.internal.connection.RealCall$timeout$1: void <init>(okhttp3.internal.connection.RealCall)>
08-29 00:49:52.969 15433 15479 D GAPS    : METHOD=<okio.AsyncTimeout: void <init>()>
08-29 00:49:52.969 15433 15479 D GAPS    : METHOD=<okhttp3.internal.connection.RealCall: okhttp3.OkHttpClient getClient()>
08-29 00:49:52.969 15433 15479 D GAPS    : METHOD=<okio.Timeout: okio.Timeout timeout(long,java.util.concurrent.TimeUnit)>
08-29 00:49:52.969 15433 15479 D GAPS    : CLASS=retrofit2.OkHttpCall$1
08-29 00:49:52.969 15433 15479 D GAPS    : METHOD=<retrofit2.OkHttpCall$1: void <init>(retrofit2.OkHttpCall,retrofit2.Callback)>
08-29 00:49:52.969 15433 15479 D GAPS    : METHOD=<okhttp3.internal.connection.RealCall: void enqueue(okhttp3.Callback)>
08-29 00:49:52.969 15433 15479 D GAPS    : METHOD=<okhttp3.internal.connection.RealCall: void callStart()>
08-29 00:49:52.969 15433 15479 D GAPS    : METHOD=<okhttp3.internal.platform.Platform: java.lang.Object getStackTraceForCloseable(java.lang.String)>
08-29 00:49:52.969 15433 15479 D GAPS    : METHOD=<okhttp3.EventListener: void callStart(okhttp3.Call)>
08-29 00:49:52.969 15433 15479 D GAPS    : CLASS=okhttp3.internal.connection.RealCall$AsyncCall
08-29 00:49:52.969 15433 15479 D GAPS    : METHOD=<okhttp3.internal.connection.RealCall$AsyncCall: void <init>(okhttp3.internal.connection.RealCall,okhttp3.Callback)>
08-29 00:49:52.969 15433 15479 D GAPS    : METHOD=<okhttp3.Dispatcher: void enqueue$okhttp(okhttp3.internal.connection.RealCall$AsyncCall)>
08-29 00:49:52.969 15433 15479 D GAPS    : METHOD=<okhttp3.internal.connection.RealCall$AsyncCall: okhttp3.internal.connection.RealCall getCall()>
08-29 00:49:52.969 15433 15479 D GAPS    : METHOD=<okhttp3.internal.connection.RealCall: boolean getForWebSocket()>
08-29 00:49:52.969 15433 15479 D GAPS    : METHOD=<okhttp3.internal.connection.RealCall$AsyncCall: java.lang.String getHost()>
08-29 00:49:52.969 15433 15479 D GAPS    : METHOD=<okhttp3.internal.connection.RealCall: okhttp3.Request getOriginalRequest()>
08-29 00:49:52.969 15433 15479 D GAPS    : METHOD=<okhttp3.Request: okhttp3.HttpUrl url()>
08-29 00:49:52.969 15433 15479 D GAPS    : METHOD=<okhttp3.Dispatcher: okhttp3.internal.connection.RealCall$AsyncCall findExistingCallWithHost(java.lang.String)>
08-29 00:49:52.969 15433 15479 D GAPS    : METHOD=<okhttp3.internal.connection.RealCall$AsyncCall: void reuseCallsPerHostFrom(okhttp3.internal.connection.RealCall$AsyncCall)>
08-29 00:49:52.969 15433 15479 D GAPS    : METHOD=<okhttp3.Dispatcher: boolean promoteAndExecute()>
08-29 00:49:52.969 15433 15479 D GAPS    : METHOD=<okhttp3.Dispatcher: int getMaxRequests()>
08-29 00:49:52.969 15433 15479 D GAPS    : METHOD=<okhttp3.internal.connection.RealCall$AsyncCall: java.util.concurrent.atomic.AtomicInteger getCallsPerHost()>
08-29 00:49:52.969 15433 15479 D GAPS    : METHOD=<okhttp3.Dispatcher: int getMaxRequestsPerHost()>
08-29 00:49:52.969 15433 15479 D GAPS    : METHOD=<okhttp3.Dispatcher: int runningCallsCount()>
08-29 00:49:52.969 15433 15479 D GAPS    : METHOD=<okhttp3.Dispatcher: java.util.concurrent.ExecutorService executorService()>
08-29 00:49:52.969 15433 15479 D GAPS    : METHOD=<okhttp3.internal.connection.RealCall$AsyncCall: void executeOn(java.util.concurrent.ExecutorService)>
08-29 00:49:52.969 15433 15479 D GAPS    : METHOD=<okhttp3.internal.Util$$ExternalSyntheticLambda0: java.lang.Thread newThread(java.lang.Runnable)>
08-29 00:49:52.969 15433 15479 D GAPS    : METHOD=<okhttp3.internal.Util: java.lang.Thread $r8$lambda$TFmLugqSOE7yNjbs-8gncc5DTI4(java.lang.String,boolean,java.lang.Runnable)>
08-29 00:49:52.969 15433 15479 D GAPS    : METHOD=<okhttp3.internal.Util: java.lang.Thread threadFactory$lambda-1(java.lang.String,boolean,java.lang.Runnable)>
08-29 00:49:52.969 15433 15479 D GAPS    : METHOD=<io.reactivex.rxjava3.core.Scheduler$DisposeTask: void dispose()>
08-29 00:49:52.969 15433 15479 D GAPS    : METHOD=<io.reactivex.rxjava3.internal.schedulers.IoScheduler$EventLoopWorker: void dispose()>
08-29 00:49:52.969 15433 15479 D GAPS    : METHOD=<io.reactivex.rxjava3.internal.util.OpenHashSet: java.lang.Object[] keys()>
08-29 00:49:52.969 15433 15479 D GAPS    : METHOD=<io.reactivex.rxjava3.internal.schedulers.ScheduledRunnable: void dispose()>
08-29 00:49:52.969 15433 15479 D GAPS    : METHOD=<io.reactivex.rxjava3.disposables.CompositeDisposable: boolean delete(io.reactivex.rxjava3.disposables.Disposable)>
08-29 00:49:52.969 15433 15479 D GAPS    : METHOD=<io.reactivex.rxjava3.internal.schedulers.IoScheduler$CachedWorkerPool: void release(io.reactivex.rxjava3.internal.schedulers.IoScheduler$ThreadWorker)>
08-29 00:49:52.969 15433 15479 D GAPS    : METHOD=<io.reactivex.rxjava3.internal.schedulers.IoScheduler$CachedWorkerPool: long now()>
08-29 00:49:52.969 15433 15479 D GAPS    : METHOD=<io.reactivex.rxjava3.internal.schedulers.IoScheduler$ThreadWorker: void setExpirationTime(long)>
08-29 00:49:52.969 15433 15480 D GAPS    : METHOD=<okhttp3.internal.connection.RealCall$AsyncCall: void run()>
08-29 00:49:52.969 15433 15480 D GAPS    : METHOD=<okhttp3.internal.connection.RealCall: java.lang.String redactedUrl$okhttp()>
08-29 00:49:52.969 15433 15433 D GAPS    : METHOD=<org.wikipedia.notifications.NotificationPollBroadcastReceiver: void onReceive(android.content.Context,android.content.Intent)>
08-29 00:49:52.969 15433 15480 D GAPS    : METHOD=<okhttp3.HttpUrl: java.lang.String redact()>
08-29 00:49:52.969 15433 15433 D GAPS    : CLASS=org.wikipedia.auth.AccountUtil
08-29 00:49:52.969 15433 15433 D GAPS    : METHOD=<org.wikipedia.auth.AccountUtil: void <clinit>()>
08-29 00:49:52.969 15433 15480 D GAPS    : METHOD=<okhttp3.HttpUrl$Builder: okhttp3.HttpUrl$Builder username(java.lang.String)>
08-29 00:49:52.969 15433 15433 D GAPS    : METHOD=<org.wikipedia.auth.AccountUtil: void <init>()>
08-29 00:49:52.969 15433 15480 D GAPS    : METHOD=<okhttp3.HttpUrl$Builder: void setEncodedUsername$okhttp(java.lang.String)>
08-29 00:49:52.969 15433 15433 D GAPS    : METHOD=<org.wikipedia.auth.AccountUtil: boolean isLoggedIn()>
08-29 00:49:52.969 15433 15480 D GAPS    : METHOD=<okhttp3.HttpUrl$Builder: okhttp3.HttpUrl$Builder password(java.lang.String)>
08-29 00:49:52.969 15433 15433 D GAPS    : METHOD=<org.wikipedia.auth.AccountUtil: android.accounts.Account account()>
08-29 00:49:52.969 15433 15480 D GAPS    : METHOD=<okhttp3.HttpUrl$Builder: void setEncodedPassword$okhttp(java.lang.String)>
08-29 00:49:52.969 15433 15433 D GAPS    : METHOD=<org.wikipedia.auth.AccountUtil: android.accounts.AccountManager accountManager()>
08-29 00:49:52.969 15433 15480 D GAPS    : METHOD=<okhttp3.HttpUrl: java.lang.String toString()>
08-29 00:49:52.969 15433 15480 D GAPS    : METHOD=<okhttp3.internal.connection.RealCall: okhttp3.internal.connection.RealCall$timeout$1 access$getTimeout$p(okhttp3.internal.connection.RealCall)>
08-29 00:49:52.969 15433 15480 D GAPS    : METHOD=<okio.AsyncTimeout: void enter()>
08-29 00:49:52.969 15433 15433 D GAPS    : METHOD=<org.wikipedia.auth.AccountUtil: java.lang.String accountType()>
08-29 00:49:52.969 15433 15480 D GAPS    : METHOD=<okio.Timeout: long timeoutNanos()>
08-29 00:49:52.969 15433 15480 D GAPS    : METHOD=<okio.Timeout: boolean hasDeadline()>
08-29 00:49:52.969 15433 15480 D GAPS    : METHOD=<okhttp3.internal.connection.RealCall: okhttp3.Response getResponseWithInterceptorChain$okhttp()>
08-29 00:49:52.969 15433 15480 D GAPS    : CLASS=okhttp3.internal.http.RetryAndFollowUpInterceptor
08-29 00:49:52.969 15433 15480 D GAPS    : METHOD=<okhttp3.internal.http.RetryAndFollowUpInterceptor: void <clinit>()>
08-29 00:49:52.969 15433 15480 D GAPS    : CLASS=okhttp3.internal.http.RetryAndFollowUpInterceptor$Companion
08-29 00:49:52.969 15433 15480 D GAPS    : METHOD=<okhttp3.internal.http.RetryAndFollowUpInterceptor$Companion: void <init>(kotlin.jvm.internal.DefaultConstructorMarker)>
08-29 00:49:52.969 15433 15480 D GAPS    : METHOD=<okhttp3.internal.http.RetryAndFollowUpInterceptor$Companion: void <init>()>
08-29 00:49:52.969 15433 15480 D GAPS    : METHOD=<okhttp3.internal.http.RetryAndFollowUpInterceptor: void <init>(okhttp3.OkHttpClient)>
08-29 00:49:52.969 15433 15480 D GAPS    : CLASS=okhttp3.internal.http.BridgeInterceptor
08-29 00:49:52.969 15433 15480 D GAPS    : METHOD=<okhttp3.internal.http.BridgeInterceptor: void <init>(okhttp3.CookieJar)>
08-29 00:49:52.969 15433 15480 D GAPS    : CLASS=okhttp3.internal.cache.CacheInterceptor
08-29 00:49:52.969 15433 15480 D GAPS    : METHOD=<okhttp3.internal.cache.CacheInterceptor: void <clinit>()>
08-29 00:49:52.969 15433 15480 D GAPS    : CLASS=okhttp3.internal.cache.CacheInterceptor$Companion
08-29 00:49:52.969 15433 15480 D GAPS    : METHOD=<okhttp3.internal.cache.CacheInterceptor$Companion: void <init>(kotlin.jvm.internal.DefaultConstructorMarker)>
08-29 00:49:52.969 15433 15480 D GAPS    : METHOD=<okhttp3.internal.cache.CacheInterceptor$Companion: void <init>()>
08-29 00:49:52.969 15433 15480 D GAPS    : METHOD=<okhttp3.internal.cache.CacheInterceptor: void <init>(okhttp3.Cache)>
08-29 00:49:52.969 15433 15480 D GAPS    : CLASS=okhttp3.internal.connection.ConnectInterceptor
08-29 00:49:52.969 15433 15480 D GAPS    : METHOD=<okhttp3.internal.connection.ConnectInterceptor: void <clinit>()>
08-29 00:49:52.969 15433 15480 D GAPS    : METHOD=<okhttp3.internal.connection.ConnectInterceptor: void <init>()>
08-29 00:49:52.969 15433 15480 D GAPS    : CLASS=okhttp3.internal.http.CallServerInterceptor
08-29 00:49:52.969 15433 15480 D GAPS    : METHOD=<okhttp3.internal.http.CallServerInterceptor: void <init>(boolean)>
08-29 00:49:52.969 15433 15480 D GAPS    : CLASS=okhttp3.internal.http.RealInterceptorChain
08-29 00:49:52.969 15433 15480 D GAPS    : METHOD=<okhttp3.internal.http.RealInterceptorChain: void <init>(okhttp3.internal.connection.RealCall,java.util.List,int,okhttp3.internal.connection.Exchange,okhttp3.Request,int,int,int)>
08-29 00:49:52.969 15433 15433 D GAPS    : METHOD=<kotlin.collections.ArraysKt: java.lang.Object firstOrNull(java.lang.Object[])>
08-29 00:49:52.969 15433 15433 D GAPS    : METHOD=<kotlin.collections.ArraysKt___ArraysKt: java.lang.Object firstOrNull(java.lang.Object[])>
08-29 00:49:52.969 15433 15480 D GAPS    : METHOD=<okhttp3.internal.http.RealInterceptorChain: okhttp3.Response proceed(okhttp3.Request)>
08-29 00:49:52.969 15433 15480 D GAPS    : METHOD=<okhttp3.internal.http.RealInterceptorChain: okhttp3.internal.http.RealInterceptorChain copy$okhttp$default(okhttp3.internal.http.RealInterceptorChain,int,okhttp3.internal.connection.Exchange,okhttp3.Request,int,int,int,int,java.lang.Object)>
08-29 00:49:52.969 15433 15480 D GAPS    : METHOD=<okhttp3.internal.http.RealInterceptorChain: okhttp3.internal.http.RealInterceptorChain copy$okhttp(int,okhttp3.internal.connection.Exchange,okhttp3.Request,int,int,int)>
08-29 00:49:52.969 15433 15480 D GAPS    : METHOD=<okhttp3.logging.HttpLoggingInterceptor: okhttp3.Response intercept(okhttp3.Interceptor$Chain)>
08-29 00:49:52.970 15433 15480 D GAPS    : METHOD=<okhttp3.internal.http.RealInterceptorChain: okhttp3.Request request()>
08-29 00:49:52.970 15433 15480 D GAPS    : METHOD=<org.wikipedia.dataclient.okhttp.UnsuccessfulResponseInterceptor: okhttp3.Response intercept(okhttp3.Interceptor$Chain)>
08-29 00:49:52.970 15433 15480 D GAPS    : METHOD=<org.wikipedia.dataclient.okhttp.CommonHeaderRequestInterceptor: okhttp3.Response intercept(okhttp3.Interceptor$Chain)>
08-29 00:49:52.970 15433 15480 D GAPS    : METHOD=<okhttp3.Request: okhttp3.Request$Builder newBuilder()>
08-29 00:49:52.970 15433 15480 D GAPS    : METHOD=<okhttp3.Request$Builder: void <init>(okhttp3.Request)>
08-29 00:49:52.970 15433 15480 D GAPS    : METHOD=<okhttp3.Request: java.lang.String method()>
08-29 00:49:52.970 15433 15480 D GAPS    : METHOD=<okhttp3.Request: okhttp3.RequestBody body()>
08-29 00:49:52.970 15433 15480 D GAPS    : METHOD=<okhttp3.Request: java.util.Map getTags$okhttp()>
08-29 00:49:52.970 15433 15480 D GAPS    : METHOD=<okhttp3.Request: okhttp3.Headers headers()>
08-29 00:49:52.970 15433 15480 D GAPS    : METHOD=<org.wikipedia.WikipediaApp: java.lang.String getUserAgent()>
08-29 00:49:52.970 15433 15480 D GAPS    : METHOD=<org.wikipedia.WikipediaApp$userAgent$2: java.lang.Object invoke()>
08-29 00:49:52.970 15433 15480 D GAPS    : METHOD=<org.wikipedia.WikipediaApp$userAgent$2: java.lang.String invoke()>
08-29 00:49:52.970 15433 15480 D GAPS    : METHOD=<org.wikipedia.util.ReleaseUtil: java.lang.String getChannel(android.content.Context)>
08-29 00:49:52.970 15433 15480 D GAPS    : METHOD=<org.wikipedia.settings.Prefs: java.lang.String getAppChannel()>
08-29 00:49:52.970 15433 15480 D GAPS    : CLASS=kotlin.jvm.internal.StringCompanionObject
08-29 00:49:52.970 15433 15480 D GAPS    : METHOD=<kotlin.jvm.internal.StringCompanionObject: void <clinit>()>
08-29 00:49:52.970 15433 15480 D GAPS    : METHOD=<kotlin.jvm.internal.StringCompanionObject: void <init>()>
08-29 00:49:52.970 15433 15480 D GAPS    : METHOD=<okhttp3.Request$Builder: okhttp3.Request$Builder header(java.lang.String,java.lang.String)>
08-29 00:49:52.970 15433 15480 D GAPS    : METHOD=<okhttp3.Request$Builder: okhttp3.Headers$Builder getHeaders$okhttp()>
08-29 00:49:52.970 15433 15480 D GAPS    : METHOD=<okhttp3.Headers$Builder: okhttp3.Headers$Builder set(java.lang.String,java.lang.String)>
08-29 00:49:52.970 15433 15480 D GAPS    : METHOD=<okhttp3.Headers$Companion: void access$checkName(okhttp3.Headers$Companion,java.lang.String)>
08-29 00:49:52.970 15433 15480 D GAPS    : METHOD=<okhttp3.Headers$Companion: void checkName(java.lang.String)>
08-29 00:49:52.970 15433 15480 D GAPS    : METHOD=<okhttp3.Headers$Companion: void access$checkValue(okhttp3.Headers$Companion,java.lang.String,java.lang.String)>
08-29 00:49:52.970 15433 15480 D GAPS    : METHOD=<okhttp3.Headers$Companion: void checkValue(java.lang.String,java.lang.String)>
08-29 00:49:52.970 15433 15480 D GAPS    : METHOD=<okhttp3.Headers$Builder: okhttp3.Headers$Builder removeAll(java.lang.String)>
08-29 00:49:52.970 15433 15480 D GAPS    : METHOD=<okhttp3.Headers$Builder: okhttp3.Headers$Builder addLenient$okhttp(java.lang.String,java.lang.String)>
08-29 00:49:52.970 15433 15480 D GAPS    : METHOD=<kotlin.text.StringsKt: java.lang.CharSequence trim(java.lang.CharSequence)>
08-29 00:49:52.970 15433 15480 D GAPS    : METHOD=<kotlin.text.StringsKt__StringsKt: java.lang.CharSequence trim(java.lang.CharSequence)>
08-29 00:49:52.970 15433 15480 D GAPS    : METHOD=<okhttp3.HttpUrl: java.lang.String encodedPath()>
08-29 00:49:52.970 15433 15480 D GAPS    : METHOD=<org.wikipedia.dataclient.okhttp.DefaultMaxStaleRequestInterceptor: okhttp3.Response intercept(okhttp3.Interceptor$Chain)>
08-29 00:49:52.970 15433 15480 D GAPS    : METHOD=<okhttp3.Request: okhttp3.CacheControl cacheControl()>
08-29 00:49:52.970 15433 15480 D GAPS    : METHOD=<okhttp3.CacheControl$Companion: okhttp3.CacheControl parse(okhttp3.Headers)>
08-29 00:49:52.970 15433 15480 D GAPS    : METHOD=<okhttp3.Headers: int size()>
08-29 00:49:52.970 15433 15480 D GAPS    : METHOD=<okhttp3.Headers: java.lang.String name(int)>
08-29 00:49:52.970 15433 15480 D GAPS    : METHOD=<okhttp3.Headers: java.lang.String value(int)>
08-29 00:49:52.970 15433 15480 D GAPS    : METHOD=<okhttp3.CacheControl: boolean noCache()>
08-29 00:49:52.970 15433 15480 D GAPS    : METHOD=<okhttp3.CacheControl: int maxAgeSeconds()>
08-29 00:49:52.970 15433 15433 D GAPS    : METHOD=<androidx.profileinstaller.ProfileInstallerInitializer$Choreographer16Impl$$ExternalSyntheticLambda0: void doFrame(long)>
08-29 00:49:52.970 15433 15433 D GAPS    : METHOD=<androidx.profileinstaller.ProfileInstallerInitializer$Choreographer16Impl: void $r8$lambda$DSwPKNQiVu4DdgIKQZrSpqkWM-A(java.lang.Runnable,long)>
08-29 00:49:52.970 15433 15433 D GAPS    : METHOD=<androidx.profileinstaller.ProfileInstallerInitializer$Choreographer16Impl: void lambda$postFrameCallback$0(java.lang.Runnable,long)>
08-29 00:49:52.970 15433 15433 D GAPS    : METHOD=<androidx.profileinstaller.ProfileInstallerInitializer$$ExternalSyntheticLambda0: void run()>
08-29 00:49:52.970 15433 15433 D GAPS    : METHOD=<androidx.profileinstaller.ProfileInstallerInitializer: void $r8$lambda$QGpANLTF0YGY0pXfe2eje4OKwkc(androidx.profileinstaller.ProfileInstallerInitializer,android.content.Context)>
08-29 00:49:52.970 15433 15433 D GAPS    : METHOD=<androidx.profileinstaller.ProfileInstallerInitializer: void lambda$delayAfterFirstFrame$0(android.content.Context)>
08-29 00:49:52.970 15433 15433 D GAPS    : METHOD=<androidx.profileinstaller.ProfileInstallerInitializer: void installAfterDelay(android.content.Context)>
08-29 00:49:52.970 15433 15433 D GAPS    : METHOD=<androidx.profileinstaller.ProfileInstallerInitializer$Handler28Impl: android.os.Handler createAsync(android.os.Looper)>
08-29 00:49:52.970 15433 15480 D GAPS    : METHOD=<org.wikipedia.settings.Prefs: boolean preferOfflineContent()>
08-29 00:49:52.970 15433 15433 D GAPS    : METHOD=<androidx.emoji2.text.ConcurrencyHelpers$Handler28Impl$$ExternalSyntheticApiModelOutline0: android.os.Handler m(android.os.Looper)>
08-29 00:49:52.970 15433 15480 D GAPS    : METHOD=<org.wikipedia.dataclient.okhttp.OfflineCacheInterceptor: okhttp3.Response intercept(okhttp3.Interceptor$Chain)>
08-29 00:49:52.970 15433 15480 D GAPS    : METHOD=<okhttp3.Request: java.lang.String header(java.lang.String)>
08-29 00:49:52.970 15433 15480 D GAPS    : METHOD=<okhttp3.Headers: java.lang.String get(java.lang.String)>
08-29 00:49:52.970 15433 15480 D GAPS    : METHOD=<okhttp3.Headers$Companion: java.lang.String access$get(okhttp3.Headers$Companion,java.lang.String[],java.lang.String)>
08-29 00:49:52.970 15433 15480 D GAPS    : METHOD=<okhttp3.Headers$Companion: java.lang.String get(java.lang.String[],java.lang.String)>
08-29 00:49:52.970 15433 15480 D GAPS    : METHOD=<org.wikipedia.util.UriUtil: java.lang.String decodeURL(java.lang.String)>
08-29 00:49:52.970 15433 15480 D GAPS    : METHOD=<org.wikipedia.dataclient.okhttp.TestStubInterceptor: okhttp3.Response intercept(okhttp3.Interceptor$Chain)>
08-29 00:49:52.970 15433 15480 D GAPS    : METHOD=<org.wikipedia.dataclient.okhttp.TitleEncodeInterceptor: okhttp3.Response intercept(okhttp3.Interceptor$Chain)>
08-29 00:49:52.970 15433 15480 D GAPS    : METHOD=<okhttp3.HttpUrl: int pathSize()>
08-29 00:49:52.970 15433 15480 D GAPS    : METHOD=<org.wikipedia.dataclient.ServiceFactory$LanguageVariantHeaderInterceptor: okhttp3.Response intercept(okhttp3.Interceptor$Chain)>
08-29 00:49:52.970 15433 15480 D GAPS    : METHOD=<org.wikipedia.WikipediaApp: java.lang.String getAcceptLanguage(org.wikipedia.dataclient.WikiSite)>
08-29 00:49:52.970 15433 15480 D GAPS    : METHOD=<org.wikipedia.dataclient.WikiSite: java.lang.String getLanguageCode()>
08-29 00:49:52.970 15433 15480 D GAPS    : CLASS=org.wikipedia.language.AcceptLanguageUtil
08-29 00:49:52.970 15433 15480 D GAPS    : METHOD=<org.wikipedia.language.AcceptLanguageUtil: void <clinit>()>
08-29 00:49:52.970 15433 15480 D GAPS    : METHOD=<org.wikipedia.language.AcceptLanguageUtil: void <init>()>
08-29 00:49:52.970 15433 15480 D GAPS    : METHOD=<org.wikipedia.WikipediaApp: org.wikipedia.language.AppLanguageState getLanguageState()>
08-29 00:49:52.970 15433 15480 D GAPS    : METHOD=<org.wikipedia.WikipediaApp$languageState$2: java.lang.Object invoke()>
08-29 00:49:52.970 15433 15480 D GAPS    : METHOD=<org.wikipedia.WikipediaApp$languageState$2: org.wikipedia.language.AppLanguageState invoke()>
08-29 00:49:52.970 15433 15480 D GAPS    : CLASS=org.wikipedia.language.AppLanguageState
08-29 00:49:52.970 15433 15480 D GAPS    : METHOD=<org.wikipedia.language.AppLanguageState: void <init>(android.content.Context)>
08-29 00:49:52.970 15433 15480 D GAPS    : CLASS=org.wikipedia.language.AppLanguageLookUpTable
08-29 00:49:52.970 15433 15480 D GAPS    : METHOD=<org.wikipedia.language.AppLanguageLookUpTable: void <clinit>()>
08-29 00:49:52.970 15433 15480 D GAPS    : CLASS=org.wikipedia.language.AppLanguageLookUpTable$Companion
08-29 00:49:52.970 15433 15480 D GAPS    : METHOD=<org.wikipedia.language.AppLanguageLookUpTable$Companion: void <init>(kotlin.jvm.internal.DefaultConstructorMarker)>
08-29 00:49:52.970 15433 15480 D GAPS    : METHOD=<org.wikipedia.language.AppLanguageLookUpTable$Companion: void <init>()>
08-29 00:49:52.970 15433 15480 D GAPS    : METHOD=<org.wikipedia.language.AppLanguageLookUpTable: void <init>(android.content.Context)>
08-29 00:49:52.970 15433 15480 D GAPS    : CLASS=org.wikipedia.language.AppLanguageLookUpTable$codes$2
08-29 00:49:52.970 15433 15480 D GAPS    : METHOD=<org.wikipedia.language.AppLanguageLookUpTable$codes$2: void <init>(org.wikipedia.language.AppLanguageLookUpTable)>
08-29 00:49:52.970 15433 15480 D GAPS    : CLASS=org.wikipedia.language.AppLanguageLookUpTable$bcp47codes$2
08-29 00:49:52.970 15433 15480 D GAPS    : METHOD=<org.wikipedia.language.AppLanguageLookUpTable$bcp47codes$2: void <init>(org.wikipedia.language.AppLanguageLookUpTable)>
08-29 00:49:52.970 15433 15480 D GAPS    : CLASS=org.wikipedia.language.AppLanguageLookUpTable$canonicalNames$2
08-29 00:49:52.970 15433 15480 D GAPS    : METHOD=<org.wikipedia.language.AppLanguageLookUpTable$canonicalNames$2: void <init>(org.wikipedia.language.AppLanguageLookUpTable)>
08-29 00:49:52.970 15433 15480 D GAPS    : CLASS=org.wikipedia.language.AppLanguageLookUpTable$localizedNames$2
08-29 00:49:52.970 15433 15480 D GAPS    : METHOD=<org.wikipedia.language.AppLanguageLookUpTable$localizedNames$2: void <init>(org.wikipedia.language.AppLanguageLookUpTable)>
08-29 00:49:52.970 15433 15480 D GAPS    : CLASS=org.wikipedia.language.AppLanguageLookUpTable$languagesVariants$2
08-29 00:49:52.970 15433 15480 D GAPS    : METHOD=<org.wikipedia.language.AppLanguageLookUpTable$languagesVariants$2: void <init>(org.wikipedia.language.AppLanguageLookUpTable)>
08-29 00:49:52.970 15433 15480 D GAPS    : METHOD=<org.wikipedia.settings.Prefs: java.util.List getMruLanguageCodeList()>
08-29 00:49:52.970 15433 15480 D GAPS    : CLASS=org.wikipedia.util.StringUtil
08-29 00:49:52.970 15433 15480 D GAPS    : METHOD=<org.wikipedia.util.StringUtil: void <clinit>()>
08-29 00:49:52.970 15433 15480 D GAPS    : METHOD=<org.wikipedia.util.StringUtil: void <init>()>
08-29 00:49:52.970 15433 15480 D GAPS    : METHOD=<org.wikipedia.util.StringUtil: java.util.List csvToList(java.lang.String)>
08-29 00:49:52.970 15433 15480 D GAPS    : METHOD=<org.wikipedia.util.StringUtil: java.util.List delimiterStringToList(java.lang.String,java.lang.String)>
08-29 00:49:52.970 15433 15480 D GAPS    : METHOD=<kotlin.text.StringsKt: java.util.List split$default(java.lang.CharSequence,java.lang.String[],boolean,int,int,java.lang.Object)>
08-29 00:49:52.970 15433 15480 D GAPS    : METHOD=<kotlin.text.StringsKt__StringsKt: java.util.List split$default(java.lang.CharSequence,java.lang.String[],boolean,int,int,java.lang.Object)>
08-29 00:49:52.970 15433 15480 D GAPS    : METHOD=<kotlin.text.StringsKt__StringsKt: java.util.List split(java.lang.CharSequence,java.lang.String[],boolean,int)>
08-29 00:49:52.970 15433 15480 D GAPS    : METHOD=<kotlin.text.StringsKt__StringsKt: java.util.List split$StringsKt__StringsKt(java.lang.CharSequence,java.lang.String,boolean,int)>
08-29 00:49:52.970 15433 15480 D GAPS    : METHOD=<kotlin.collections.CollectionsKt: java.util.List listOf(java.lang.Object)>
08-29 00:49:52.970 15433 15480 D GAPS    : METHOD=<kotlin.collections.CollectionsKt__CollectionsJVMKt: java.util.List listOf(java.lang.Object)>
08-29 00:49:52.970 15433 15480 D GAPS    : METHOD=<org.wikipedia.settings.Prefs: java.util.List getAppLanguageCodeList()>
08-29 00:49:52.970 15433 15480 D GAPS    : METHOD=<org.wikipedia.language.AppLanguageState: void initAppLanguageCodes()>
08-29 00:49:52.970 15433 15480 D GAPS    : METHOD=<org.wikipedia.language.AppLanguageState: java.lang.String getBcp47LanguageCode(java.lang.String)>
08-29 00:49:52.970 15433 15480 D GAPS    : METHOD=<org.wikipedia.language.AppLanguageLookUpTable: java.lang.String getBcp47Code(java.lang.String)>
08-29 00:49:52.970 15433 15480 D GAPS    : METHOD=<org.wikipedia.language.AppLanguageLookUpTable: java.util.Map getBcp47codes()>
08-29 00:49:52.970 15433 15480 D GAPS    : METHOD=<org.wikipedia.language.AppLanguageLookUpTable$bcp47codes$2: java.lang.Object invoke()>
08-29 00:49:52.970 15433 15480 D GAPS    : METHOD=<org.wikipedia.language.AppLanguageLookUpTable$bcp47codes$2: java.util.Map invoke()>
08-29 00:49:52.970 15433 15480 D GAPS    : METHOD=<org.wikipedia.language.AppLanguageLookUpTable: java.util.List access$getStringList(org.wikipedia.language.AppLanguageLookUpTable,int)>
08-29 00:49:52.970 15433 15480 D GAPS    : METHOD=<org.wikipedia.language.AppLanguageLookUpTable: java.util.List getStringList(int)>
08-29 00:49:52.970 15433 15480 D GAPS    : METHOD=<org.wikipedia.language.AppLanguageLookUpTable: java.util.List getCodes()>
08-29 00:49:52.970 15433 15480 D GAPS    : METHOD=<org.wikipedia.language.AppLanguageLookUpTable$codes$2: java.lang.Object invoke()>
08-29 00:49:52.970 15433 15480 D GAPS    : METHOD=<org.wikipedia.language.AppLanguageLookUpTable$codes$2: java.util.List invoke()>
08-29 00:49:52.971 15433 15480 D GAPS    : METHOD=<org.wikipedia.language.AppLanguageState: java.lang.String getAppLanguageCode()>
08-29 00:49:52.971 15433 15480 D GAPS    : METHOD=<org.wikipedia.language.AppLanguageState: java.util.List getAppLanguageCodes()>
08-29 00:49:52.971 15433 15480 D GAPS    : METHOD=<kotlin.collections.CollectionsKt: java.lang.Object first(java.util.List)>
08-29 00:49:52.971 15433 15480 D GAPS    : METHOD=<kotlin.collections.CollectionsKt___CollectionsKt: java.lang.Object first(java.util.List)>
08-29 00:49:52.971 15433 15480 D GAPS    : METHOD=<org.wikipedia.language.AppLanguageState: java.lang.String getSystemLanguageCode()>
08-29 00:49:52.971 15433 15480 D GAPS    : CLASS=org.wikipedia.language.LanguageUtil
08-29 00:49:52.971 15433 15480 D GAPS    : METHOD=<org.wikipedia.language.LanguageUtil: void <clinit>()>
08-29 00:49:52.971 15433 15480 D GAPS    : METHOD=<org.wikipedia.language.LanguageUtil: void <init>()>
08-29 00:49:52.971 15433 15480 D GAPS    : METHOD=<org.wikipedia.language.LanguageUtil: java.lang.String localeToWikiLanguageCode(java.util.Locale)>
08-29 00:49:52.971 15433 15480 D GAPS    : METHOD=<org.wikipedia.language.AppLanguageLookUpTable: boolean isSupportedCode(java.lang.String)>
08-29 00:49:52.971 15433 15480 D GAPS    : METHOD=<kotlin.collections.CollectionsKt: boolean contains(java.lang.Iterable,java.lang.Object)>
08-29 00:49:52.971 15433 15480 D GAPS    : METHOD=<kotlin.collections.CollectionsKt___CollectionsKt: boolean contains(java.lang.Iterable,java.lang.Object)>
08-29 00:49:52.971 15433 15480 D GAPS    : METHOD=<org.wikipedia.language.AcceptLanguageUtil: java.lang.String getAcceptLanguage(java.lang.String,java.lang.String,java.lang.String)>
08-29 00:49:52.971 15433 15480 D GAPS    : METHOD=<org.wikipedia.language.AcceptLanguageUtil: java.lang.String appendToAcceptLanguage(java.lang.String,java.lang.String,float)>
08-29 00:49:52.971 15433 15480 D GAPS    : METHOD=<okhttp3.internal.http.RetryAndFollowUpInterceptor: okhttp3.Response intercept(okhttp3.Interceptor$Chain)>
08-29 00:49:52.971 15433 15480 D GAPS    : METHOD=<okhttp3.internal.http.RealInterceptorChain: okhttp3.Request getRequest$okhttp()>
08-29 00:49:52.971 15433 15480 D GAPS    : METHOD=<okhttp3.internal.http.RealInterceptorChain: okhttp3.internal.connection.RealCall getCall$okhttp()>
08-29 00:49:52.971 15433 15480 D GAPS    : METHOD=<okhttp3.internal.connection.RealCall: void enterNetworkInterceptorExchange(okhttp3.Request,boolean)>
