08-29 03:27:38.672 15666 15666 D GAPS    : METHOD=<androidx.profileinstaller.ProfileInstallerInitializer: void delayAfterFirstFrame(android.content.Context)>
08-29 03:27:38.672 15666 15684 D GAPS    : METHOD=<androidx.work.impl.utils.SerialExecutorImpl$Task: void run()>
08-29 03:27:38.672 15666 15666 D GAPS    : CLASS=androidx.profileinstaller.ProfileInstallerInitializer$$ExternalSyntheticLambda0
08-29 03:27:38.672 15666 15666 D GAPS    : METHOD=<androidx.profileinstaller.ProfileInstallerInitializer$$ExternalSyntheticLambda0: void <init>(androidx.profileinstaller.ProfileInstallerInitializer,android.content.Context)>
08-29 03:27:38.672 15666 15684 D GAPS    : METHOD=<androidx.work.impl.utils.ForceStopRunnable: void run()>
08-29 03:27:38.672 15666 15684 D GAPS    : METHOD=<androidx.work.impl.utils.ForceStopRunnable: boolean multiProcessChecks()>
08-29 03:27:38.672 15666 15684 D GAPS    : METHOD=<androidx.work.impl.WorkManagerImpl: androidx.work.Configuration getConfiguration()>
08-29 03:27:38.672 15666 15684 D GAPS    : METHOD=<androidx.work.Configuration: java.lang.String getDefaultProcessName()>
08-29 03:27:38.672 15666 15666 D GAPS    : METHOD=<androidx.profileinstaller.ProfileInstallerInitializer$Choreographer16Impl: void postFrameCallback(java.lang.Runnable)>
08-29 03:27:38.672 15666 15684 D GAPS    : CLASS=androidx.work.impl.WorkDatabasePathHelper
08-29 03:27:38.672 15666 15684 D GAPS    : METHOD=<androidx.work.impl.WorkDatabasePathHelper: void <clinit>()>
08-29 03:27:38.672 15666 15684 D GAPS    : METHOD=<androidx.work.impl.WorkDatabasePathHelper: void <init>()>
08-29 03:27:38.672 15666 15684 D GAPS    : METHOD=<androidx.work.impl.WorkDatabasePathHelper: void migrateDatabase(android.content.Context)>
08-29 03:27:38.672 15666 15684 D GAPS    : METHOD=<androidx.work.impl.WorkDatabasePathHelper: java.io.File getDefaultDatabasePath(android.content.Context)>
08-29 03:27:38.672 15666 15684 D GAPS    : METHOD=<androidx.work.impl.utils.ForceStopRunnable: void forceStopRunnable()>
08-29 03:27:38.673 15666 15684 D GAPS    : METHOD=<androidx.work.impl.utils.ForceStopRunnable: boolean cleanUp()>
08-29 03:27:38.673 15666 15684 D GAPS    : METHOD=<androidx.work.impl.background.systemjob.SystemJobScheduler: boolean reconcileJobs(android.content.Context,androidx.work.impl.WorkManagerImpl)>
08-29 03:27:38.673 15666 15684 D GAPS    : METHOD=<androidx.work.impl.background.systemjob.SystemJobScheduler: java.util.List getPendingJobs(android.content.Context,android.app.job.JobScheduler)>
08-29 03:27:38.673 15666 15684 D GAPS    : METHOD=<androidx.work.impl.WorkManagerImpl: androidx.work.impl.WorkDatabase getWorkDatabase()>
08-29 03:27:38.673 15666 15684 D GAPS    : METHOD=<androidx.work.impl.WorkDatabase_Impl: androidx.work.impl.model.SystemIdInfoDao systemIdInfoDao()>
08-29 03:27:38.673 15666 15684 D GAPS    : CLASS=androidx.work.impl.model.SystemIdInfoDao_Impl
08-29 03:27:38.673 15666 15666 D GAPS    : CLASS=androidx.profileinstaller.ProfileInstallerInitializer$Choreographer16Impl$$ExternalSyntheticLambda0
08-29 03:27:38.673 15666 15666 D GAPS    : METHOD=<androidx.profileinstaller.ProfileInstallerInitializer$Choreographer16Impl$$ExternalSyntheticLambda0: void <init>(java.lang.Runnable)>
08-29 03:27:38.673 15666 15684 D GAPS    : METHOD=<androidx.work.impl.model.SystemIdInfoDao_Impl: void <init>(androidx.room.RoomDatabase)>
08-29 03:27:38.673 15666 15666 D GAPS    : CLASS=androidx.profileinstaller.ProfileInstallerInitializer$Result
08-29 03:27:38.673 15666 15666 D GAPS    : METHOD=<androidx.profileinstaller.ProfileInstallerInitializer$Result: void <init>()>
08-29 03:27:38.673 15666 15684 D GAPS    : CLASS=androidx.work.impl.model.SystemIdInfoDao_Impl$1
08-29 03:27:38.673 15666 15684 D GAPS    : METHOD=<androidx.work.impl.model.SystemIdInfoDao_Impl$1: void <init>(androidx.work.impl.model.SystemIdInfoDao_Impl,androidx.room.RoomDatabase)>
08-29 03:27:38.673 15666 15684 D GAPS    : CLASS=androidx.room.EntityInsertionAdapter
08-29 03:27:38.673 15666 15684 D GAPS    : METHOD=<androidx.room.EntityInsertionAdapter: void <init>(androidx.room.RoomDatabase)>
08-29 03:27:38.673 15666 15684 D GAPS    : CLASS=androidx.room.SharedSQLiteStatement
08-29 03:27:38.673 15666 15684 D GAPS    : METHOD=<androidx.room.SharedSQLiteStatement: void <init>(androidx.room.RoomDatabase)>
08-29 03:27:38.673 15666 15684 D GAPS    : CLASS=androidx.room.SharedSQLiteStatement$stmt$2
08-29 03:27:38.673 15666 15684 D GAPS    : METHOD=<androidx.room.SharedSQLiteStatement$stmt$2: void <init>(androidx.room.SharedSQLiteStatement)>
08-29 03:27:38.673 15666 15684 D GAPS    : CLASS=androidx.work.impl.model.SystemIdInfoDao_Impl$2
08-29 03:27:38.673 15666 15684 D GAPS    : METHOD=<androidx.work.impl.model.SystemIdInfoDao_Impl$2: void <init>(androidx.work.impl.model.SystemIdInfoDao_Impl,androidx.room.RoomDatabase)>
08-29 03:27:38.673 15666 15684 D GAPS    : CLASS=androidx.work.impl.model.SystemIdInfoDao_Impl$3
08-29 03:27:38.673 15666 15684 D GAPS    : METHOD=<androidx.work.impl.model.SystemIdInfoDao_Impl$3: void <init>(androidx.work.impl.model.SystemIdInfoDao_Impl,androidx.room.RoomDatabase)>
08-29 03:27:38.673 15666 15684 D GAPS    : METHOD=<androidx.work.impl.model.SystemIdInfoDao_Impl: java.util.List getWorkSpecIds()>
08-29 03:27:38.673 15666 15666 D GAPS    : METHOD=<org.wikipedia.WikipediaApp: void onCreate()>
08-29 03:27:38.673 15666 15684 D GAPS    : CLASS=androidx.room.RoomSQLiteQuery
08-29 03:27:38.673 15666 15684 D GAPS    : METHOD=<androidx.room.RoomSQLiteQuery: void <clinit>()>
08-29 03:27:38.673 15666 15684 D GAPS    : CLASS=androidx.room.RoomSQLiteQuery$Companion
08-29 03:27:38.673 15666 15684 D GAPS    : METHOD=<androidx.room.RoomSQLiteQuery$Companion: void <init>(kotlin.jvm.internal.DefaultConstructorMarker)>
08-29 03:27:38.673 15666 15684 D GAPS    : METHOD=<androidx.room.RoomSQLiteQuery$Companion: void <init>()>
08-29 03:27:38.673 15666 15684 D GAPS    : METHOD=<androidx.room.RoomSQLiteQuery: androidx.room.RoomSQLiteQuery acquire(java.lang.String,int)>
08-29 03:27:38.673 15666 15684 D GAPS    : METHOD=<androidx.room.RoomSQLiteQuery$Companion: androidx.room.RoomSQLiteQuery acquire(java.lang.String,int)>
08-29 03:27:38.673 15666 15666 D GAPS    : CLASS=org.wikipedia.dataclient.WikiSite
08-29 03:27:38.673 15666 15666 D GAPS    : METHOD=<org.wikipedia.dataclient.WikiSite: void <clinit>()>
08-29 03:27:38.673 15666 15684 D GAPS    : CLASS=kotlin.Unit
08-29 03:27:38.673 15666 15684 D GAPS    : METHOD=<kotlin.Unit: void <clinit>()>
08-29 03:27:38.673 15666 15684 D GAPS    : METHOD=<kotlin.Unit: void <init>()>
08-29 03:27:38.673 15666 15666 D GAPS    : CLASS=org.wikipedia.dataclient.WikiSite$Companion
08-29 03:27:38.673 15666 15666 D GAPS    : METHOD=<org.wikipedia.dataclient.WikiSite$Companion: void <init>(kotlin.jvm.internal.DefaultConstructorMarker)>
08-29 03:27:38.673 15666 15666 D GAPS    : METHOD=<org.wikipedia.dataclient.WikiSite$Companion: void <init>()>
08-29 03:27:38.673 15666 15684 D GAPS    : METHOD=<androidx.room.RoomSQLiteQuery: void <init>(int,kotlin.jvm.internal.DefaultConstructorMarker)>
08-29 03:27:38.673 15666 15684 D GAPS    : METHOD=<androidx.room.RoomSQLiteQuery: void <init>(int)>
08-29 03:27:38.673 15666 15684 D GAPS    : METHOD=<androidx.room.RoomSQLiteQuery: void init(java.lang.String,int)>
08-29 03:27:38.673 15666 15684 D GAPS    : METHOD=<androidx.room.RoomDatabase: void assertNotSuspendingTransaction()>
08-29 03:27:38.673 15666 15684 D GAPS    : METHOD=<androidx.room.RoomDatabase: boolean inTransaction()>
08-29 03:27:38.673 15666 15684 D GAPS    : METHOD=<androidx.sqlite.db.framework.FrameworkSQLiteOpenHelper: androidx.sqlite.db.SupportSQLiteDatabase getWritableDatabase()>
08-29 03:27:38.673 15666 15666 D GAPS    : CLASS=org.wikipedia.dataclient.WikiSite$Creator
08-29 03:27:38.673 15666 15666 D GAPS    : METHOD=<org.wikipedia.dataclient.WikiSite$Creator: void <init>()>
08-29 03:27:38.673 15666 15684 D GAPS    : METHOD=<androidx.sqlite.db.framework.FrameworkSQLiteOpenHelper: androidx.sqlite.db.framework.FrameworkSQLiteOpenHelper$OpenHelper getDelegate()>
08-29 03:27:38.673 15666 15684 D GAPS    : METHOD=<kotlin.SynchronizedLazyImpl: java.lang.Object getValue()>
08-29 03:27:38.673 15666 15684 D GAPS    : METHOD=<androidx.sqlite.db.framework.FrameworkSQLiteOpenHelper$lazyDelegate$1: java.lang.Object invoke()>
08-29 03:27:38.673 15666 15684 D GAPS    : METHOD=<androidx.sqlite.db.framework.FrameworkSQLiteOpenHelper$lazyDelegate$1: androidx.sqlite.db.framework.FrameworkSQLiteOpenHelper$OpenHelper invoke()>
08-29 03:27:38.673 15666 15684 D GAPS    : METHOD=<androidx.sqlite.db.framework.FrameworkSQLiteOpenHelper: java.lang.String access$getName$p(androidx.sqlite.db.framework.FrameworkSQLiteOpenHelper)>
08-29 03:27:38.673 15666 15684 D GAPS    : METHOD=<androidx.sqlite.db.framework.FrameworkSQLiteOpenHelper: boolean access$getUseNoBackupDirectory$p(androidx.sqlite.db.framework.FrameworkSQLiteOpenHelper)>
08-29 03:27:38.673 15666 15684 D GAPS    : METHOD=<androidx.sqlite.db.framework.FrameworkSQLiteOpenHelper: android.content.Context access$getContext$p(androidx.sqlite.db.framework.FrameworkSQLiteOpenHelper)>
08-29 03:27:38.673 15666 15684 D GAPS    : CLASS=androidx.sqlite.db.SupportSQLiteCompat$Api21Impl
08-29 03:27:38.673 15666 15684 D GAPS    : METHOD=<androidx.sqlite.db.SupportSQLiteCompat$Api21Impl: void <clinit>()>
08-29 03:27:38.673 15666 15684 D GAPS    : METHOD=<androidx.sqlite.db.SupportSQLiteCompat$Api21Impl: void <init>()>
08-29 03:27:38.673 15666 15684 D GAPS    : METHOD=<androidx.sqlite.db.SupportSQLiteCompat$Api21Impl: java.io.File getNoBackupFilesDir(android.content.Context)>
08-29 03:27:38.673 15666 15666 D GAPS    : CLASS=org.wikipedia.settings.Prefs
08-29 03:27:38.673 15666 15666 D GAPS    : METHOD=<org.wikipedia.settings.Prefs: void <clinit>()>
08-29 03:27:38.673 15666 15666 D GAPS    : METHOD=<org.wikipedia.settings.Prefs: void <init>()>
08-29 03:27:38.673 15666 15666 D GAPS    : METHOD=<org.wikipedia.settings.Prefs: java.lang.String getMediaWikiBaseUrl()>
08-29 03:27:38.673 15666 15666 D GAPS    : METHOD=<org.wikipedia.settings.PrefsIoUtil: java.lang.String getString(int,java.lang.String)>
08-29 03:27:38.673 15666 15666 D GAPS    : METHOD=<org.wikipedia.settings.PrefsIoUtil: java.lang.String getKey(int,java.lang.Object[])>
08-29 03:27:38.673 15666 15666 D GAPS    : METHOD=<org.wikipedia.settings.PrefsIoUtil: android.content.res.Resources getResources()>
08-29 03:27:38.673 15666 15666 D GAPS    : METHOD=<org.wikipedia.settings.PrefsIoUtil: android.content.Context getContext()>
08-29 03:27:38.673 15666 15684 D GAPS    : CLASS=androidx.sqlite.db.framework.FrameworkSQLiteOpenHelper$OpenHelper
08-29 03:27:38.673 15666 15684 D GAPS    : METHOD=<androidx.sqlite.db.framework.FrameworkSQLiteOpenHelper$OpenHelper: void <clinit>()>
08-29 03:27:38.673 15666 15666 D GAPS    : METHOD=<org.wikipedia.WikipediaApp$Companion: org.wikipedia.WikipediaApp getInstance()>
08-29 03:27:38.673 15666 15666 D GAPS    : METHOD=<org.wikipedia.WikipediaApp: org.wikipedia.WikipediaApp access$getInstance$cp()>
08-29 03:27:38.673 15666 15684 D GAPS    : CLASS=androidx.sqlite.db.framework.FrameworkSQLiteOpenHelper$OpenHelper$Companion
08-29 03:27:38.673 15666 15684 D GAPS    : METHOD=<androidx.sqlite.db.framework.FrameworkSQLiteOpenHelper$OpenHelper$Companion: void <init>(kotlin.jvm.internal.DefaultConstructorMarker)>
08-29 03:27:38.673 15666 15684 D GAPS    : METHOD=<androidx.sqlite.db.framework.FrameworkSQLiteOpenHelper$OpenHelper$Companion: void <init>()>
08-29 03:27:38.673 15666 15684 D GAPS    : CLASS=androidx.sqlite.db.framework.FrameworkSQLiteOpenHelper$DBRefHolder
08-29 03:27:38.674 15666 15684 D GAPS    : METHOD=<androidx.sqlite.db.framework.FrameworkSQLiteOpenHelper$DBRefHolder: void <init>(androidx.sqlite.db.framework.FrameworkSQLiteDatabase)>
08-29 03:27:38.674 15666 15684 D GAPS    : METHOD=<androidx.sqlite.db.framework.FrameworkSQLiteOpenHelper: androidx.sqlite.db.SupportSQLiteOpenHelper$Callback access$getCallback$p(androidx.sqlite.db.framework.FrameworkSQLiteOpenHelper)>
08-29 03:27:38.674 15666 15684 D GAPS    : METHOD=<androidx.sqlite.db.framework.FrameworkSQLiteOpenHelper: boolean access$getAllowDataLossOnRecovery$p(androidx.sqlite.db.framework.FrameworkSQLiteOpenHelper)>
08-29 03:27:38.674 15666 15684 D GAPS    : METHOD=<androidx.sqlite.db.framework.FrameworkSQLiteOpenHelper$OpenHelper: void <init>(android.content.Context,java.lang.String,androidx.sqlite.db.framework.FrameworkSQLiteOpenHelper$DBRefHolder,androidx.sqlite.db.SupportSQLiteOpenHelper$Callback,boolean)>
08-29 03:27:38.674 15666 15666 D GAPS    : METHOD=<org.wikipedia.settings.PrefsIoUtil: java.lang.String getString(java.lang.String,java.lang.String)>
08-29 03:27:38.674 15666 15666 D GAPS    : METHOD=<org.wikipedia.settings.PrefsIoUtil: android.content.SharedPreferences getPreferences()>
08-29 03:27:38.674 15666 15684 D GAPS    : CLASS=androidx.sqlite.db.framework.FrameworkSQLiteOpenHelper$OpenHelper$$ExternalSyntheticLambda0
08-29 03:27:38.674 15666 15684 D GAPS    : METHOD=<androidx.sqlite.db.framework.FrameworkSQLiteOpenHelper$OpenHelper$$ExternalSyntheticLambda0: void <init>(androidx.sqlite.db.SupportSQLiteOpenHelper$Callback,androidx.sqlite.db.framework.FrameworkSQLiteOpenHelper$DBRefHolder)>
08-29 03:27:38.674 15666 15684 D GAPS    : CLASS=androidx.sqlite.util.ProcessLock
08-29 03:27:38.674 15666 15684 D GAPS    : METHOD=<androidx.sqlite.util.ProcessLock: void <clinit>()>
08-29 03:27:38.674 15666 15684 D GAPS    : CLASS=androidx.sqlite.util.ProcessLock$Companion
08-29 03:27:38.674 15666 15684 D GAPS    : METHOD=<androidx.sqlite.util.ProcessLock$Companion: void <init>(kotlin.jvm.internal.DefaultConstructorMarker)>
08-29 03:27:38.674 15666 15684 D GAPS    : METHOD=<androidx.sqlite.util.ProcessLock$Companion: void <init>()>
08-29 03:27:38.674 15666 15684 D GAPS    : METHOD=<androidx.sqlite.util.ProcessLock: void <init>(java.lang.String,java.io.File,boolean)>
08-29 03:27:38.674 15666 15684 D GAPS    : METHOD=<androidx.sqlite.util.ProcessLock$Companion: java.util.concurrent.locks.Lock access$getThreadLock(androidx.sqlite.util.ProcessLock$Companion,java.lang.String)>
08-29 03:27:38.674 15666 15684 D GAPS    : METHOD=<androidx.sqlite.util.ProcessLock$Companion: java.util.concurrent.locks.Lock getThreadLock(java.lang.String)>
08-29 03:27:38.674 15666 15684 D GAPS    : METHOD=<androidx.sqlite.util.ProcessLock: java.util.Map access$getThreadLocksMap$cp()>
08-29 03:27:38.674 15666 15684 D GAPS    : METHOD=<androidx.sqlite.db.framework.FrameworkSQLiteOpenHelper: boolean access$getWriteAheadLoggingEnabled$p(androidx.sqlite.db.framework.FrameworkSQLiteOpenHelper)>
08-29 03:27:38.674 15666 15684 D GAPS    : CLASS=androidx.sqlite.db.SupportSQLiteCompat$Api16Impl
08-29 03:27:38.674 15666 15684 D GAPS    : METHOD=<androidx.sqlite.db.SupportSQLiteCompat$Api16Impl: void <clinit>()>
08-29 03:27:38.674 15666 15684 D GAPS    : METHOD=<androidx.sqlite.db.SupportSQLiteCompat$Api16Impl: void <init>()>
08-29 03:27:38.674 15666 15684 D GAPS    : METHOD=<androidx.sqlite.db.SupportSQLiteCompat$Api16Impl: void setWriteAheadLoggingEnabled(android.database.sqlite.SQLiteOpenHelper,boolean)>
08-29 03:27:38.674 15666 15684 D GAPS    : METHOD=<androidx.sqlite.db.framework.FrameworkSQLiteOpenHelper$OpenHelper: androidx.sqlite.db.SupportSQLiteDatabase getSupportDatabase(boolean)>
08-29 03:27:38.674 15666 15684 D GAPS    : METHOD=<androidx.sqlite.util.ProcessLock: void lock(boolean)>
08-29 03:27:38.674 15666 15684 D GAPS    : METHOD=<androidx.sqlite.db.framework.FrameworkSQLiteOpenHelper$OpenHelper: android.database.sqlite.SQLiteDatabase innerGetDatabase(boolean)>
08-29 03:27:38.674 15666 15684 D GAPS    : METHOD=<androidx.sqlite.db.framework.FrameworkSQLiteOpenHelper$OpenHelper: android.database.sqlite.SQLiteDatabase getWritableOrReadableDatabase(boolean)>
08-29 03:27:38.675 15666 15666 D GAPS    : METHOD=<org.wikipedia.dataclient.WikiSite$Companion: void setDefaultBaseUrl(java.lang.String)>
08-29 03:27:38.675 15666 15666 D GAPS    : METHOD=<org.wikipedia.dataclient.WikiSite: void access$setDEFAULT_BASE_URL$cp(java.lang.String)>
08-29 03:27:38.675 15666 15666 D GAPS    : METHOD=<org.wikipedia.connectivity.ConnectionStateMonitor: void enable()>
08-29 03:27:38.675 15666 15666 D GAPS    : METHOD=<org.wikipedia.connectivity.ConnectionStateMonitor: void ensureNetworkCallbackRegistered()>
08-29 03:27:38.675 15666 15666 D GAPS    : METHOD=<androidx.work.impl.utils.NetworkApi24$$ExternalSyntheticApiModelOutline0: void m(android.net.ConnectivityManager,android.net.ConnectivityManager$NetworkCallback)>
08-29 03:27:38.697 15666 15666 D GAPS    : METHOD=<org.wikipedia.connectivity.ConnectionStateMonitor: void updateOnlineState()>
08-29 03:27:38.698 15666 15666 D GAPS    : METHOD=<androidx.work.impl.utils.NetworkApi23$$ExternalSyntheticApiModelOutline0: android.net.Network m(android.net.ConnectivityManager)>
08-29 03:27:38.700 15666 15666 D GAPS    : CLASS=org.wikipedia.analytics.eventplatform.EventPlatformClient
08-29 03:27:38.700 15666 15666 D GAPS    : METHOD=<org.wikipedia.analytics.eventplatform.EventPlatformClient: void <clinit>()>
08-29 03:27:38.700 15666 15666 D GAPS    : METHOD=<org.wikipedia.analytics.eventplatform.EventPlatformClient: void <init>()>
08-29 03:27:38.700 15666 15666 D GAPS    : METHOD=<org.wikipedia.WikipediaApp: boolean isOnline()>
08-29 03:27:38.700 15666 15666 D GAPS    : METHOD=<org.wikipedia.connectivity.ConnectionStateMonitor: boolean isOnline()>
08-29 03:27:38.700 15666 15684 D GAPS    : METHOD=<androidx.sqlite.db.framework.FrameworkSQLiteOpenHelper$OpenHelper: void onConfigure(android.database.sqlite.SQLiteDatabase)>
08-29 03:27:38.700 15666 15666 D GAPS    : METHOD=<org.wikipedia.analytics.eventplatform.EventPlatformClient: void setEnabled(boolean)>
08-29 03:27:38.700 15666 15686 D GAPS    : METHOD=<org.wikipedia.connectivity.ConnectionStateMonitor: void onAvailable(android.net.Network)>
08-29 03:27:38.700 15666 15666 D GAPS    : CLASS=org.wikipedia.analytics.eventplatform.EventPlatformClient$OutputBuffer
08-29 03:27:38.700 15666 15666 D GAPS    : METHOD=<org.wikipedia.analytics.eventplatform.EventPlatformClient$OutputBuffer: void <clinit>()>
08-29 03:27:38.700 15666 15666 D GAPS    : METHOD=<org.wikipedia.analytics.eventplatform.EventPlatformClient$OutputBuffer: void <init>()>
08-29 03:27:38.700 15666 15666 D GAPS    : METHOD=<org.wikipedia.analytics.eventplatform.EventPlatformClient$OutputBuffer: void sendAllScheduled()>
08-29 03:27:38.700 15666 15666 D GAPS    : METHOD=<org.wikipedia.WikipediaApp: android.os.Handler getMainThreadHandler()>
08-29 03:27:38.700 15666 15666 D GAPS    : METHOD=<org.wikipedia.WikipediaApp$mainThreadHandler$2: java.lang.Object invoke()>
08-29 03:27:38.700 15666 15666 D GAPS    : METHOD=<org.wikipedia.WikipediaApp$mainThreadHandler$2: android.os.Handler invoke()>
08-29 03:27:38.700 15666 15666 D GAPS    : METHOD=<org.wikipedia.analytics.eventplatform.EventPlatformClient: boolean access$getENABLED$p()>
08-29 03:27:38.700 15666 15666 D GAPS    : METHOD=<org.wikipedia.analytics.eventplatform.EventPlatformClient$OutputBuffer: void send()>
08-29 03:27:38.700 15666 15666 D GAPS    : METHOD=<org.wikipedia.settings.Prefs: boolean isEventLoggingEnabled()>
08-29 03:27:38.700 15666 15666 D GAPS    : METHOD=<org.wikipedia.settings.PrefsIoUtil: boolean getBoolean(int,boolean)>
08-29 03:27:38.701 15666 15666 D GAPS    : METHOD=<org.wikipedia.settings.PrefsIoUtil: boolean getBoolean(java.lang.String,boolean)>
08-29 03:27:38.701 15666 15666 D GAPS    : METHOD=<org.wikipedia.LeakCanaryStubKt: void setupLeakCanary()>
08-29 03:27:38.701 15666 15666 D GAPS    : CLASS=androidx.appcompat.app.AppCompatDelegate
08-29 03:27:38.701 15666 15666 D GAPS    : METHOD=<androidx.appcompat.app.AppCompatDelegate: void <clinit>()>
08-29 03:27:38.701 15666 15666 D GAPS    : CLASS=androidx.appcompat.app.AppLocalesStorageHelper$ThreadPerTaskExecutor
08-29 03:27:38.701 15666 15666 D GAPS    : METHOD=<androidx.appcompat.app.AppLocalesStorageHelper$ThreadPerTaskExecutor: void <init>()>
08-29 03:27:38.701 15666 15684 D GAPS    : METHOD=<androidx.sqlite.db.framework.FrameworkSQLiteOpenHelper$OpenHelper: androidx.sqlite.db.framework.FrameworkSQLiteDatabase getWrappedDb(android.database.sqlite.SQLiteDatabase)>
08-29 03:27:38.701 15666 15666 D GAPS    : CLASS=androidx.appcompat.app.AppLocalesStorageHelper$SerialExecutor
08-29 03:27:38.701 15666 15666 D GAPS    : METHOD=<androidx.appcompat.app.AppLocalesStorageHelper$SerialExecutor: void <init>(java.util.concurrent.Executor)>
08-29 03:27:38.701 15666 15684 D GAPS    : METHOD=<androidx.sqlite.db.framework.FrameworkSQLiteOpenHelper$OpenHelper$Companion: androidx.sqlite.db.framework.FrameworkSQLiteDatabase getWrappedDb(androidx.sqlite.db.framework.FrameworkSQLiteOpenHelper$DBRefHolder,android.database.sqlite.SQLiteDatabase)>
08-29 03:27:38.701 15666 15684 D GAPS    : METHOD=<androidx.sqlite.db.framework.FrameworkSQLiteOpenHelper$DBRefHolder: androidx.sqlite.db.framework.FrameworkSQLiteDatabase getDb()>
08-29 03:27:38.701 15666 15666 D GAPS    : METHOD=<androidx.appcompat.app.AppCompatDelegate: void setCompatVectorFromResourcesEnabled(boolean)>
08-29 03:27:38.701 15666 15684 D GAPS    : CLASS=androidx.sqlite.db.framework.FrameworkSQLiteDatabase
08-29 03:27:38.701 15666 15684 D GAPS    : METHOD=<androidx.sqlite.db.framework.FrameworkSQLiteDatabase: void <clinit>()>
08-29 03:27:38.701 15666 15684 D GAPS    : CLASS=androidx.sqlite.db.framework.FrameworkSQLiteDatabase$Companion
08-29 03:27:38.701 15666 15684 D GAPS    : METHOD=<androidx.sqlite.db.framework.FrameworkSQLiteDatabase$Companion: void <init>(kotlin.jvm.internal.DefaultConstructorMarker)>
08-29 03:27:38.701 15666 15684 D GAPS    : METHOD=<androidx.sqlite.db.framework.FrameworkSQLiteDatabase$Companion: void <init>()>
08-29 03:27:38.701 15666 15684 D GAPS    : METHOD=<androidx.sqlite.db.framework.FrameworkSQLiteDatabase: void <init>(android.database.sqlite.SQLiteDatabase)>
08-29 03:27:38.701 15666 15684 D GAPS    : METHOD=<androidx.sqlite.db.framework.FrameworkSQLiteOpenHelper$DBRefHolder: void setDb(androidx.sqlite.db.framework.FrameworkSQLiteDatabase)>
08-29 03:27:38.701 15666 15684 D GAPS    : METHOD=<androidx.room.RoomOpenHelper: void onConfigure(androidx.sqlite.db.SupportSQLiteDatabase)>
08-29 03:27:38.701 15666 15684 D GAPS    : METHOD=<androidx.sqlite.db.SupportSQLiteOpenHelper$Callback: void onConfigure(androidx.sqlite.db.SupportSQLiteDatabase)>
08-29 03:27:38.701 15666 15684 D GAPS    : METHOD=<androidx.sqlite.db.framework.FrameworkSQLiteOpenHelper$OpenHelper: void onOpen(android.database.sqlite.SQLiteDatabase)>
08-29 03:27:38.701 15666 15684 D GAPS    : METHOD=<androidx.sqlite.db.framework.FrameworkSQLiteDatabase: boolean isDelegate(android.database.sqlite.SQLiteDatabase)>
08-29 03:27:38.701 15666 15684 D GAPS    : METHOD=<androidx.room.RoomOpenHelper: void onOpen(androidx.sqlite.db.SupportSQLiteDatabase)>
08-29 03:27:38.701 15666 15684 D GAPS    : METHOD=<androidx.sqlite.db.SupportSQLiteOpenHelper$Callback: void onOpen(androidx.sqlite.db.SupportSQLiteDatabase)>
08-29 03:27:38.701 15666 15684 D GAPS    : METHOD=<androidx.room.RoomOpenHelper: void checkIdentity(androidx.sqlite.db.SupportSQLiteDatabase)>
08-29 03:27:38.701 15666 15684 D GAPS    : METHOD=<androidx.room.RoomOpenHelper$Companion: boolean hasRoomMasterTable$room_runtime_release(androidx.sqlite.db.SupportSQLiteDatabase)>
08-29 03:27:38.701 15666 15684 D GAPS    : METHOD=<androidx.sqlite.db.framework.FrameworkSQLiteDatabase: android.database.Cursor query(java.lang.String)>
08-29 03:27:38.701 15666 15684 D GAPS    : CLASS=androidx.sqlite.db.SimpleSQLiteQuery
08-29 03:27:38.701 15666 15684 D GAPS    : METHOD=<androidx.sqlite.db.SimpleSQLiteQuery: void <clinit>()>
08-29 03:27:38.701 15666 15684 D GAPS    : CLASS=androidx.sqlite.db.SimpleSQLiteQuery$Companion
08-29 03:27:38.701 15666 15684 D GAPS    : METHOD=<androidx.sqlite.db.SimpleSQLiteQuery$Companion: void <init>(kotlin.jvm.internal.DefaultConstructorMarker)>
08-29 03:27:38.701 15666 15684 D GAPS    : METHOD=<androidx.sqlite.db.SimpleSQLiteQuery$Companion: void <init>()>
08-29 03:27:38.701 15666 15684 D GAPS    : METHOD=<androidx.sqlite.db.SimpleSQLiteQuery: void <init>(java.lang.String)>
08-29 03:27:38.701 15666 15666 D GAPS    : CLASS=androidx.appcompat.widget.VectorEnabledTintResources
08-29 03:27:38.701 15666 15666 D GAPS    : METHOD=<androidx.appcompat.widget.VectorEnabledTintResources: void <clinit>()>
08-29 03:27:38.701 15666 15666 D GAPS    : METHOD=<androidx.appcompat.widget.VectorEnabledTintResources: void setCompatVectorFromResourcesEnabled(boolean)>
08-29 03:27:38.701 15666 15684 D GAPS    : METHOD=<androidx.sqlite.db.SimpleSQLiteQuery: void <init>(java.lang.String,java.lang.Object[])>
08-29 03:27:38.701 15666 15666 D GAPS    : CLASS=io.reactivex.rxjava3.internal.functions.Functions
08-29 03:27:38.701 15666 15666 D GAPS    : METHOD=<io.reactivex.rxjava3.internal.functions.Functions: void <clinit>()>
08-29 03:27:38.701 15666 15684 D GAPS    : METHOD=<androidx.sqlite.db.framework.FrameworkSQLiteDatabase: android.database.Cursor query(androidx.sqlite.db.SupportSQLiteQuery)>
08-29 03:27:38.701 15666 15666 D GAPS    : CLASS=io.reactivex.rxjava3.internal.functions.Functions$Identity
08-29 03:27:38.701 15666 15666 D GAPS    : METHOD=<io.reactivex.rxjava3.internal.functions.Functions$Identity: void <init>()>
08-29 03:27:38.701 15666 15684 D GAPS    : CLASS=androidx.sqlite.db.framework.FrameworkSQLiteDatabase$query$cursorFactory$1
08-29 03:27:38.701 15666 15684 D GAPS    : METHOD=<androidx.sqlite.db.framework.FrameworkSQLiteDatabase$query$cursorFactory$1: void <init>(androidx.sqlite.db.SupportSQLiteQuery)>
08-29 03:27:38.701 15666 15666 D GAPS    : CLASS=io.reactivex.rxjava3.internal.functions.Functions$EmptyRunnable
08-29 03:27:38.701 15666 15666 D GAPS    : METHOD=<io.reactivex.rxjava3.internal.functions.Functions$EmptyRunnable: void <init>()>
08-29 03:27:38.701 15666 15684 D GAPS    : CLASS=androidx.sqlite.db.framework.FrameworkSQLiteDatabase$$ExternalSyntheticLambda1
08-29 03:27:38.701 15666 15684 D GAPS    : METHOD=<androidx.sqlite.db.framework.FrameworkSQLiteDatabase$$ExternalSyntheticLambda1: void <init>(kotlin.jvm.functions.Function4)>
08-29 03:27:38.701 15666 15684 D GAPS    : METHOD=<androidx.sqlite.db.SimpleSQLiteQuery: java.lang.String getSql()>
08-29 03:27:38.701 15666 15666 D GAPS    : CLASS=io.reactivex.rxjava3.internal.functions.Functions$EmptyAction
08-29 03:27:38.701 15666 15666 D GAPS    : METHOD=<io.reactivex.rxjava3.internal.functions.Functions$EmptyAction: void <init>()>
08-29 03:27:38.701 15666 15666 D GAPS    : CLASS=io.reactivex.rxjava3.internal.functions.Functions$EmptyConsumer
08-29 03:27:38.701 15666 15666 D GAPS    : METHOD=<io.reactivex.rxjava3.internal.functions.Functions$EmptyConsumer: void <init>()>
08-29 03:27:38.701 15666 15666 D GAPS    : CLASS=io.reactivex.rxjava3.internal.functions.Functions$ErrorConsumer
08-29 03:27:38.701 15666 15666 D GAPS    : METHOD=<io.reactivex.rxjava3.internal.functions.Functions$ErrorConsumer: void <init>()>
08-29 03:27:38.701 15666 15666 D GAPS    : CLASS=io.reactivex.rxjava3.internal.functions.Functions$OnErrorMissingConsumer
08-29 03:27:38.702 15666 15666 D GAPS    : METHOD=<io.reactivex.rxjava3.internal.functions.Functions$OnErrorMissingConsumer: void <init>()>
08-29 03:27:38.702 15666 15666 D GAPS    : CLASS=io.reactivex.rxjava3.internal.functions.Functions$EmptyLongConsumer
08-29 03:27:38.702 15666 15666 D GAPS    : METHOD=<io.reactivex.rxjava3.internal.functions.Functions$EmptyLongConsumer: void <init>()>
08-29 03:27:38.702 15666 15666 D GAPS    : CLASS=io.reactivex.rxjava3.internal.functions.Functions$TruePredicate
08-29 03:27:38.702 15666 15666 D GAPS    : METHOD=<io.reactivex.rxjava3.internal.functions.Functions$TruePredicate: void <init>()>
08-29 03:27:38.702 15666 15666 D GAPS    : CLASS=io.reactivex.rxjava3.internal.functions.Functions$FalsePredicate
08-29 03:27:38.702 15666 15666 D GAPS    : METHOD=<io.reactivex.rxjava3.internal.functions.Functions$FalsePredicate: void <init>()>
08-29 03:27:38.702 15666 15684 D GAPS    : METHOD=<androidx.sqlite.db.framework.FrameworkSQLiteDatabase$$ExternalSyntheticLambda1: android.database.Cursor newCursor(android.database.sqlite.SQLiteDatabase,android.database.sqlite.SQLiteCursorDriver,java.lang.String,android.database.sqlite.SQLiteQuery)>
08-29 03:27:38.702 15666 15684 D GAPS    : METHOD=<androidx.sqlite.db.framework.FrameworkSQLiteDatabase: android.database.Cursor $r8$lambda$xWs7VTYEzeAWyi_2-SJixQ1HyKQ(kotlin.jvm.functions.Function4,android.database.sqlite.SQLiteDatabase,android.database.sqlite.SQLiteCursorDriver,java.lang.String,android.database.sqlite.SQLiteQuery)>
08-29 03:27:38.702 15666 15666 D GAPS    : CLASS=io.reactivex.rxjava3.internal.functions.Functions$NullProvider
08-29 03:27:38.702 15666 15684 D GAPS    : METHOD=<androidx.sqlite.db.framework.FrameworkSQLiteDatabase: android.database.Cursor query$lambda$0(kotlin.jvm.functions.Function4,android.database.sqlite.SQLiteDatabase,android.database.sqlite.SQLiteCursorDriver,java.lang.String,android.database.sqlite.SQLiteQuery)>
08-29 03:27:38.702 15666 15684 D GAPS    : METHOD=<androidx.sqlite.db.framework.FrameworkSQLiteDatabase$query$cursorFactory$1: java.lang.Object invoke(java.lang.Object,java.lang.Object,java.lang.Object,java.lang.Object)>
08-29 03:27:38.702 15666 15684 D GAPS    : METHOD=<androidx.sqlite.db.framework.FrameworkSQLiteDatabase$query$cursorFactory$1: android.database.sqlite.SQLiteCursor invoke(android.database.sqlite.SQLiteDatabase,android.database.sqlite.SQLiteCursorDriver,java.lang.String,android.database.sqlite.SQLiteQuery)>
08-29 03:27:38.702 15666 15666 D GAPS    : METHOD=<io.reactivex.rxjava3.internal.functions.Functions$NullProvider: void <init>()>
08-29 03:27:38.702 15666 15684 D GAPS    : CLASS=androidx.sqlite.db.framework.FrameworkSQLiteProgram
08-29 03:27:38.702 15666 15666 D GAPS    : CLASS=io.reactivex.rxjava3.internal.functions.Functions$MaxRequestSubscription
08-29 03:27:38.702 15666 15666 D GAPS    : METHOD=<io.reactivex.rxjava3.internal.functions.Functions$MaxRequestSubscription: void <init>()>
08-29 03:27:38.702 15666 15684 D GAPS    : METHOD=<androidx.sqlite.db.framework.FrameworkSQLiteProgram: void <init>(android.database.sqlite.SQLiteProgram)>
08-29 03:27:38.702 15666 15684 D GAPS    : METHOD=<androidx.sqlite.db.SimpleSQLiteQuery: void bindTo(androidx.sqlite.db.SupportSQLiteProgram)>
08-29 03:27:38.702 15666 15684 D GAPS    : METHOD=<androidx.sqlite.db.SimpleSQLiteQuery$Companion: void bind(androidx.sqlite.db.SupportSQLiteProgram,java.lang.Object[])>
08-29 03:27:38.702 15666 15666 D GAPS    : METHOD=<io.reactivex.rxjava3.internal.functions.Functions: io.reactivex.rxjava3.functions.Consumer emptyConsumer()>
08-29 03:27:38.702 15666 15666 D GAPS    : METHOD=<io.reactivex.rxjava3.plugins.RxJavaPlugins: void setErrorHandler(io.reactivex.rxjava3.functions.Consumer)>
08-29 03:27:38.702 15666 15666 D GAPS    : METHOD=<org.wikipedia.settings.Prefs: int getCurrentThemeId()>
08-29 03:27:38.702 15666 15666 D GAPS    : METHOD=<org.wikipedia.theme.Theme: int getMarshallingId()>
08-29 03:27:38.702 15666 15666 D GAPS    : METHOD=<org.wikipedia.settings.PrefsIoUtil: int getInt(int,int)>
08-29 03:27:38.702 15666 15684 D GAPS    : METHOD=<kotlin.io.CloseableKt: void closeFinally(java.io.Closeable,java.lang.Throwable)>
08-29 03:27:38.702 15666 15666 D GAPS    : METHOD=<org.wikipedia.settings.PrefsIoUtil: int getInt(java.lang.String,int)>
08-29 03:27:38.702 15666 15666 D GAPS    : METHOD=<org.wikipedia.WikipediaApp: org.wikipedia.theme.Theme unmarshalTheme(int)>
08-29 03:27:38.702 15666 15666 D GAPS    : METHOD=<org.wikipedia.theme.Theme$Companion: org.wikipedia.theme.Theme ofMarshallingId(int)>
08-29 03:27:38.702 15666 15666 D GAPS    : METHOD=<org.wikipedia.theme.Theme: org.wikipedia.theme.Theme[] values()>
08-29 03:27:38.702 15666 15666 D GAPS    : METHOD=<org.wikipedia.WikipediaApp: void setCurrentTheme(org.wikipedia.theme.Theme)>
08-29 03:27:38.702 15666 15666 D GAPS    : METHOD=<org.wikipedia.WikipediaApp: void initTabs()>
08-29 03:27:38.702 15666 15666 D GAPS    : METHOD=<org.wikipedia.settings.Prefs: boolean getHasTabs()>
08-29 03:27:38.702 15666 15684 D GAPS    : METHOD=<androidx.work.impl.WorkDatabase_Impl$1: void onOpen(androidx.sqlite.db.SupportSQLiteDatabase)>
08-29 03:27:38.702 15666 15666 D GAPS    : METHOD=<org.wikipedia.settings.PrefsIoUtil: boolean contains(int)>
08-29 03:27:38.702 15666 15684 D GAPS    : METHOD=<androidx.work.impl.WorkDatabase_Impl: androidx.sqlite.db.SupportSQLiteDatabase access$602(androidx.work.impl.WorkDatabase_Impl,androidx.sqlite.db.SupportSQLiteDatabase)>
08-29 03:27:38.702 15666 15684 D GAPS    : METHOD=<androidx.sqlite.db.framework.FrameworkSQLiteDatabase: void execSQL(java.lang.String)>
08-29 03:27:38.702 15666 15684 D GAPS    : METHOD=<androidx.work.impl.WorkDatabase_Impl: void access$700(androidx.work.impl.WorkDatabase_Impl,androidx.sqlite.db.SupportSQLiteDatabase)>
08-29 03:27:38.702 15666 15684 D GAPS    : METHOD=<androidx.room.RoomDatabase: void internalInitInvalidationTracker(androidx.sqlite.db.SupportSQLiteDatabase)>
08-29 03:27:38.702 15666 15684 D GAPS    : METHOD=<androidx.room.RoomDatabase: androidx.room.InvalidationTracker getInvalidationTracker()>
08-29 03:27:38.702 15666 15684 D GAPS    : METHOD=<androidx.room.InvalidationTracker: void internalInit$room_runtime_release(androidx.sqlite.db.SupportSQLiteDatabase)>
08-29 03:27:38.702 15666 15666 D GAPS    : CLASS=org.wikipedia.page.tabs.Tab
08-29 03:27:38.702 15666 15666 D GAPS    : METHOD=<org.wikipedia.page.tabs.Tab: void <clinit>()>
08-29 03:27:38.702 15666 15666 D GAPS    : CLASS=org.wikipedia.page.tabs.Tab$Companion
08-29 03:27:38.702 15666 15666 D GAPS    : METHOD=<org.wikipedia.page.tabs.Tab$Companion: void <init>(kotlin.jvm.internal.DefaultConstructorMarker)>
08-29 03:27:38.702 15666 15666 D GAPS    : METHOD=<org.wikipedia.page.tabs.Tab$Companion: void <init>()>
08-29 03:27:38.702 15666 15684 D GAPS    : METHOD=<androidx.room.InvalidationTracker: void syncTriggers$room_runtime_release(androidx.sqlite.db.SupportSQLiteDatabase)>
08-29 03:27:38.702 15666 15684 D GAPS    : METHOD=<androidx.sqlite.db.framework.FrameworkSQLiteDatabase: boolean inTransaction()>
08-29 03:27:38.702 15666 15684 D GAPS    : METHOD=<androidx.room.RoomDatabase: java.util.concurrent.locks.Lock getCloseLock$room_runtime_release()>
08-29 03:27:38.702 15666 15666 D GAPS    : CLASS=org.wikipedia.page.PageBackStackItem$$serializer
08-29 03:27:38.702 15666 15666 D GAPS    : METHOD=<org.wikipedia.page.PageBackStackItem$$serializer: void <clinit>()>
08-29 03:27:38.702 15666 15684 D GAPS    : METHOD=<androidx.room.InvalidationTracker$ObservedTableTracker: int[] getTablesToSync()>
08-29 03:27:38.702 15666 15684 D GAPS    : METHOD=<androidx.sqlite.db.framework.FrameworkSQLiteDatabase: androidx.sqlite.db.SupportSQLiteStatement compileStatement(java.lang.String)>
08-29 03:27:38.702 15666 15666 D GAPS    : METHOD=<org.wikipedia.page.PageBackStackItem$$serializer: void <init>()>
08-29 03:27:38.702 15666 15684 D GAPS    : CLASS=androidx.sqlite.db.framework.FrameworkSQLiteStatement
08-29 03:27:38.702 15666 15684 D GAPS    : METHOD=<androidx.sqlite.db.framework.FrameworkSQLiteStatement: void <init>(android.database.sqlite.SQLiteStatement)>
08-29 03:27:38.702 15666 15666 D GAPS    : CLASS=kotlinx.serialization.internal.PluginGeneratedSerialDescriptor
08-29 03:27:38.702 15666 15684 D GAPS    : METHOD=<androidx.work.impl.WorkDatabase_Impl: java.util.List access$800(androidx.work.impl.WorkDatabase_Impl)>
08-29 03:27:38.702 15666 15684 D GAPS    : METHOD=<androidx.work.impl.WorkDatabase_Impl: java.util.List access$900(androidx.work.impl.WorkDatabase_Impl)>
08-29 03:27:38.702 15666 15684 D GAPS    : METHOD=<androidx.work.impl.WorkDatabase_Impl: java.util.List access$1000(androidx.work.impl.WorkDatabase_Impl)>
08-29 03:27:38.702 15666 15684 D GAPS    : METHOD=<androidx.work.impl.CleanupCallback: void onOpen(androidx.sqlite.db.SupportSQLiteDatabase)>
08-29 03:27:38.702 15666 15684 D GAPS    : METHOD=<androidx.room.RoomDatabase$Callback: void onOpen(androidx.sqlite.db.SupportSQLiteDatabase)>
08-29 03:27:38.702 15666 15684 D GAPS    : METHOD=<androidx.sqlite.db.framework.FrameworkSQLiteDatabase: void beginTransaction()>
08-29 03:27:38.702 15666 15684 D GAPS    : METHOD=<androidx.work.impl.CleanupCallback: java.lang.String getPruneSQL()>
08-29 03:27:38.702 15666 15684 D GAPS    : METHOD=<androidx.work.impl.CleanupCallback: long getPruneDate()>
08-29 03:27:38.702 15666 15684 D GAPS    : CLASS=androidx.work.impl.WorkDatabaseKt
08-29 03:27:38.702 15666 15684 D GAPS    : METHOD=<androidx.work.impl.WorkDatabaseKt: void <clinit>()>
08-29 03:27:38.702 15666 15684 D GAPS    : METHOD=<androidx.work.impl.WorkDatabaseKt: long access$getPRUNE_THRESHOLD_MILLIS$p()>
08-29 03:27:38.703 15666 15684 D GAPS    : METHOD=<androidx.sqlite.db.framework.FrameworkSQLiteDatabase: void setTransactionSuccessful()>
08-29 03:27:38.703 15666 15684 D GAPS    : METHOD=<androidx.sqlite.db.framework.FrameworkSQLiteDatabase: void endTransaction()>
08-29 03:27:38.703 15666 15684 D GAPS    : METHOD=<androidx.sqlite.util.ProcessLock: void unlock()>
08-29 03:27:38.703 15666 15684 D GAPS    : METHOD=<androidx.room.util.DBUtil: android.database.Cursor query(androidx.room.RoomDatabase,androidx.sqlite.db.SupportSQLiteQuery,boolean,android.os.CancellationSignal)>
08-29 03:27:38.703 15666 15684 D GAPS    : METHOD=<androidx.room.RoomDatabase: android.database.Cursor query(androidx.sqlite.db.SupportSQLiteQuery,android.os.CancellationSignal)>
08-29 03:27:38.703 15666 15684 D GAPS    : METHOD=<androidx.room.RoomDatabase: void assertNotMainThread()>
08-29 03:27:38.703 15666 15684 D GAPS    : METHOD=<androidx.room.RoomDatabase: boolean isMainThread$room_runtime_release()>
08-29 03:27:38.703 15666 15684 D GAPS    : METHOD=<androidx.room.RoomSQLiteQuery: java.lang.String getSql()>
08-29 03:27:38.703 15666 15684 D GAPS    : METHOD=<androidx.room.RoomSQLiteQuery: void bindTo(androidx.sqlite.db.SupportSQLiteProgram)>
08-29 03:27:38.703 15666 15684 D GAPS    : METHOD=<androidx.room.RoomSQLiteQuery: int getArgCount()>
08-29 03:27:38.703 15666 15684 D GAPS    : METHOD=<androidx.room.RoomSQLiteQuery: void release()>
08-29 03:27:38.703 15666 15684 D GAPS    : METHOD=<androidx.room.RoomSQLiteQuery$Companion: void prunePoolLocked$room_runtime_release()>
08-29 03:27:38.703 15666 15684 D GAPS    : METHOD=<androidx.work.impl.WorkDatabase_Impl: androidx.work.impl.model.WorkSpecDao workSpecDao()>
08-29 03:27:38.703 15666 15684 D GAPS    : CLASS=androidx.work.impl.model.WorkSpecDao_Impl
08-29 03:27:38.703 15666 15684 D GAPS    : METHOD=<androidx.work.impl.model.WorkSpecDao_Impl: void <init>(androidx.room.RoomDatabase)>
08-29 03:27:38.703 15666 15684 D GAPS    : CLASS=androidx.work.impl.model.WorkSpecDao_Impl$1
08-29 03:27:38.703 15666 15684 D GAPS    : METHOD=<androidx.work.impl.model.WorkSpecDao_Impl$1: void <init>(androidx.work.impl.model.WorkSpecDao_Impl,androidx.room.RoomDatabase)>
08-29 03:27:38.703 15666 15684 D GAPS    : CLASS=androidx.work.impl.model.WorkSpecDao_Impl$2
08-29 03:27:38.703 15666 15684 D GAPS    : METHOD=<androidx.work.impl.model.WorkSpecDao_Impl$2: void <init>(androidx.work.impl.model.WorkSpecDao_Impl,androidx.room.RoomDatabase)>
08-29 03:27:38.703 15666 15684 D GAPS    : CLASS=androidx.room.EntityDeletionOrUpdateAdapter
08-29 03:27:38.703 15666 15684 D GAPS    : METHOD=<androidx.room.EntityDeletionOrUpdateAdapter: void <init>(androidx.room.RoomDatabase)>
08-29 03:27:38.703 15666 15684 D GAPS    : CLASS=androidx.work.impl.model.WorkSpecDao_Impl$3
08-29 03:27:38.703 15666 15684 D GAPS    : METHOD=<androidx.work.impl.model.WorkSpecDao_Impl$3: void <init>(androidx.work.impl.model.WorkSpecDao_Impl,androidx.room.RoomDatabase)>
08-29 03:27:38.703 15666 15684 D GAPS    : CLASS=androidx.work.impl.model.WorkSpecDao_Impl$4
08-29 03:27:38.703 15666 15684 D GAPS    : METHOD=<androidx.work.impl.model.WorkSpecDao_Impl$4: void <init>(androidx.work.impl.model.WorkSpecDao_Impl,androidx.room.RoomDatabase)>
08-29 03:27:38.703 15666 15684 D GAPS    : CLASS=androidx.work.impl.model.WorkSpecDao_Impl$5
08-29 03:27:38.703 15666 15684 D GAPS    : METHOD=<androidx.work.impl.model.WorkSpecDao_Impl$5: void <init>(androidx.work.impl.model.WorkSpecDao_Impl,androidx.room.RoomDatabase)>
08-29 03:27:38.703 15666 15684 D GAPS    : CLASS=androidx.work.impl.model.WorkSpecDao_Impl$6
08-29 03:27:38.703 15666 15684 D GAPS    : METHOD=<androidx.work.impl.model.WorkSpecDao_Impl$6: void <init>(androidx.work.impl.model.WorkSpecDao_Impl,androidx.room.RoomDatabase)>
08-29 03:27:38.703 15666 15684 D GAPS    : CLASS=androidx.work.impl.model.WorkSpecDao_Impl$7
08-29 03:27:38.703 15666 15684 D GAPS    : METHOD=<androidx.work.impl.model.WorkSpecDao_Impl$7: void <init>(androidx.work.impl.model.WorkSpecDao_Impl,androidx.room.RoomDatabase)>
08-29 03:27:38.703 15666 15684 D GAPS    : CLASS=androidx.work.impl.model.WorkSpecDao_Impl$8
08-29 03:27:38.703 15666 15684 D GAPS    : METHOD=<androidx.work.impl.model.WorkSpecDao_Impl$8: void <init>(androidx.work.impl.model.WorkSpecDao_Impl,androidx.room.RoomDatabase)>
08-29 03:27:38.703 15666 15684 D GAPS    : CLASS=androidx.work.impl.model.WorkSpecDao_Impl$9
08-29 03:27:38.703 15666 15684 D GAPS    : METHOD=<androidx.work.impl.model.WorkSpecDao_Impl$9: void <init>(androidx.work.impl.model.WorkSpecDao_Impl,androidx.room.RoomDatabase)>
08-29 03:27:38.703 15666 15684 D GAPS    : CLASS=androidx.work.impl.model.WorkSpecDao_Impl$10
08-29 03:27:38.703 15666 15684 D GAPS    : METHOD=<androidx.work.impl.model.WorkSpecDao_Impl$10: void <init>(androidx.work.impl.model.WorkSpecDao_Impl,androidx.room.RoomDatabase)>
08-29 03:27:38.703 15666 15684 D GAPS    : CLASS=androidx.work.impl.model.WorkSpecDao_Impl$11
08-29 03:27:38.703 15666 15684 D GAPS    : METHOD=<androidx.work.impl.model.WorkSpecDao_Impl$11: void <init>(androidx.work.impl.model.WorkSpecDao_Impl,androidx.room.RoomDatabase)>
08-29 03:27:38.703 15666 15684 D GAPS    : CLASS=androidx.work.impl.model.WorkSpecDao_Impl$12
08-29 03:27:38.703 15666 15684 D GAPS    : METHOD=<androidx.work.impl.model.WorkSpecDao_Impl$12: void <init>(androidx.work.impl.model.WorkSpecDao_Impl,androidx.room.RoomDatabase)>
08-29 03:27:38.703 15666 15684 D GAPS    : CLASS=androidx.work.impl.model.WorkSpecDao_Impl$13
08-29 03:27:38.703 15666 15684 D GAPS    : METHOD=<androidx.work.impl.model.WorkSpecDao_Impl$13: void <init>(androidx.work.impl.model.WorkSpecDao_Impl,androidx.room.RoomDatabase)>
08-29 03:27:38.703 15666 15684 D GAPS    : METHOD=<androidx.work.impl.WorkDatabase_Impl: androidx.work.impl.model.WorkProgressDao workProgressDao()>
08-29 03:27:38.703 15666 15684 D GAPS    : CLASS=androidx.work.impl.model.WorkProgressDao_Impl
08-29 03:27:38.703 15666 15684 D GAPS    : METHOD=<androidx.work.impl.model.WorkProgressDao_Impl: void <init>(androidx.room.RoomDatabase)>
08-29 03:27:38.703 15666 15684 D GAPS    : CLASS=androidx.work.impl.model.WorkProgressDao_Impl$1
08-29 03:27:38.703 15666 15684 D GAPS    : METHOD=<androidx.work.impl.model.WorkProgressDao_Impl$1: void <init>(androidx.work.impl.model.WorkProgressDao_Impl,androidx.room.RoomDatabase)>
08-29 03:27:38.703 15666 15684 D GAPS    : CLASS=androidx.work.impl.model.WorkProgressDao_Impl$2
08-29 03:27:38.703 15666 15684 D GAPS    : METHOD=<androidx.work.impl.model.WorkProgressDao_Impl$2: void <init>(androidx.work.impl.model.WorkProgressDao_Impl,androidx.room.RoomDatabase)>
08-29 03:27:38.703 15666 15684 D GAPS    : CLASS=androidx.work.impl.model.WorkProgressDao_Impl$3
08-29 03:27:38.703 15666 15684 D GAPS    : METHOD=<androidx.work.impl.model.WorkProgressDao_Impl$3: void <init>(androidx.work.impl.model.WorkProgressDao_Impl,androidx.room.RoomDatabase)>
08-29 03:27:38.703 15666 15684 D GAPS    : METHOD=<androidx.room.RoomDatabase: void beginTransaction()>
08-29 03:27:38.703 15666 15684 D GAPS    : METHOD=<androidx.room.RoomDatabase: void internalBeginTransaction()>
08-29 03:27:38.703 15666 15684 D GAPS    : METHOD=<androidx.sqlite.db.framework.FrameworkSQLiteDatabase: boolean isWriteAheadLoggingEnabled()>
08-29 03:27:38.703 15666 15684 D GAPS    : METHOD=<androidx.sqlite.db.SupportSQLiteCompat$Api16Impl: boolean isWriteAheadLoggingEnabled(android.database.sqlite.SQLiteDatabase)>
08-29 03:27:38.703 15666 15684 D GAPS    : METHOD=<androidx.sqlite.db.framework.FrameworkSQLiteDatabase: void beginTransactionNonExclusive()>
08-29 03:27:38.703 15666 15684 D GAPS    : METHOD=<androidx.work.impl.model.WorkSpecDao_Impl: java.util.List getRunningWork()>
08-29 03:27:38.704 15666 15684 D GAPS    : METHOD=<androidx.room.util.CursorUtil: int getColumnIndexOrThrow(android.database.Cursor,java.lang.String)>
08-29 03:27:38.704 15666 15684 D GAPS    : METHOD=<androidx.room.util.CursorUtil: int getColumnIndex(android.database.Cursor,java.lang.String)>
08-29 03:27:38.704 15666 15684 D GAPS    : METHOD=<androidx.work.impl.model.WorkProgressDao_Impl: void deleteAll()>
08-29 03:27:38.704 15666 15684 D GAPS    : METHOD=<androidx.room.SharedSQLiteStatement: androidx.sqlite.db.SupportSQLiteStatement acquire()>
08-29 03:27:38.704 15666 15684 D GAPS    : METHOD=<androidx.room.SharedSQLiteStatement: void assertNotMainThread()>
08-29 03:27:38.704 15666 15684 D GAPS    : METHOD=<androidx.room.SharedSQLiteStatement: androidx.sqlite.db.SupportSQLiteStatement getStmt(boolean)>
08-29 03:27:38.704 15666 15684 D GAPS    : METHOD=<androidx.room.SharedSQLiteStatement: androidx.sqlite.db.SupportSQLiteStatement getStmt()>
08-29 03:27:38.704 15666 15684 D GAPS    : METHOD=<androidx.room.SharedSQLiteStatement$stmt$2: java.lang.Object invoke()>
08-29 03:27:38.704 15666 15684 D GAPS    : METHOD=<androidx.room.SharedSQLiteStatement$stmt$2: androidx.sqlite.db.SupportSQLiteStatement invoke()>
08-29 03:27:38.704 15666 15684 D GAPS    : METHOD=<androidx.room.SharedSQLiteStatement: androidx.sqlite.db.SupportSQLiteStatement access$createNewStatement(androidx.room.SharedSQLiteStatement)>
08-29 03:27:38.704 15666 15684 D GAPS    : METHOD=<androidx.room.SharedSQLiteStatement: androidx.sqlite.db.SupportSQLiteStatement createNewStatement()>
08-29 03:27:38.704 15666 15684 D GAPS    : METHOD=<androidx.work.impl.model.WorkProgressDao_Impl$3: java.lang.String createQuery()>
08-29 03:27:38.704 15666 15684 D GAPS    : METHOD=<androidx.room.RoomDatabase: androidx.sqlite.db.SupportSQLiteStatement compileStatement(java.lang.String)>
08-29 03:27:38.704 15666 15684 D GAPS    : METHOD=<androidx.sqlite.db.framework.FrameworkSQLiteStatement: int executeUpdateDelete()>
08-29 03:27:38.704 15666 15684 D GAPS    : METHOD=<androidx.room.RoomDatabase: void setTransactionSuccessful()>
08-29 03:27:38.704 15666 15684 D GAPS    : METHOD=<androidx.room.RoomDatabase: void endTransaction()>
08-29 03:27:38.704 15666 15666 D GAPS    : METHOD=<kotlinx.serialization.internal.PluginGeneratedSerialDescriptor: void <init>(java.lang.String,kotlinx.serialization.internal.GeneratedSerializer,int)>
08-29 03:27:38.704 15666 15684 D GAPS    : METHOD=<androidx.room.RoomDatabase: void internalEndTransaction()>
08-29 03:27:38.704 15666 15684 D GAPS    : METHOD=<androidx.room.SharedSQLiteStatement: void release(androidx.sqlite.db.SupportSQLiteStatement)>
08-29 03:27:38.704 15666 15684 D GAPS    : METHOD=<androidx.room.InvalidationTracker: void refreshVersionsAsync()>
08-29 03:27:38.704 15666 15684 D GAPS    : METHOD=<androidx.room.RoomDatabase: java.util.concurrent.Executor getQueryExecutor()>
08-29 03:27:38.704 15666 15684 D GAPS    : METHOD=<androidx.work.impl.utils.ForceStopRunnable: boolean shouldRescheduleWorkers()>
08-29 03:27:38.704 15666 15684 D GAPS    : METHOD=<androidx.work.impl.utils.PreferenceUtils: boolean getNeedsReschedule()>
08-29 03:27:38.704 15666 15684 D GAPS    : METHOD=<androidx.work.impl.WorkDatabase_Impl: androidx.work.impl.model.PreferenceDao preferenceDao()>
08-29 03:27:38.704 15666 15684 D GAPS    : CLASS=androidx.work.impl.model.PreferenceDao_Impl
08-29 03:27:38.704 15666 15684 D GAPS    : METHOD=<androidx.work.impl.model.PreferenceDao_Impl: void <init>(androidx.room.RoomDatabase)>
08-29 03:27:38.704 15666 15666 D GAPS    : METHOD=<kotlin.collections.MapsKt: java.util.Map emptyMap()>
08-29 03:27:38.704 15666 15666 D GAPS    : METHOD=<kotlin.collections.MapsKt__MapsKt: java.util.Map emptyMap()>
08-29 03:27:38.704 15666 15684 D GAPS    : CLASS=androidx.work.impl.model.PreferenceDao_Impl$1
08-29 03:27:38.704 15666 15684 D GAPS    : METHOD=<androidx.work.impl.model.PreferenceDao_Impl$1: void <init>(androidx.work.impl.model.PreferenceDao_Impl,androidx.room.RoomDatabase)>
08-29 03:27:38.704 15666 15684 D GAPS    : METHOD=<androidx.work.impl.model.PreferenceDao_Impl: java.lang.Long getLongValue(java.lang.String)>
08-29 03:27:38.704 15666 15684 D GAPS    : METHOD=<androidx.room.RoomSQLiteQuery: void bindString(int,java.lang.String)>
08-29 03:27:38.704 15666 15666 D GAPS    : CLASS=kotlin.collections.EmptyMap
08-29 03:27:38.704 15666 15666 D GAPS    : METHOD=<kotlin.collections.EmptyMap: void <clinit>()>
08-29 03:27:38.704 15666 15666 D GAPS    : METHOD=<kotlin.collections.EmptyMap: void <init>()>
08-29 03:27:38.704 15666 15684 D GAPS    : METHOD=<androidx.sqlite.db.framework.FrameworkSQLiteProgram: void bindString(int,java.lang.String)>
08-29 03:27:38.704 15666 15666 D GAPS    : CLASS=kotlin.LazyThreadSafetyMode
08-29 03:27:38.704 15666 15666 D GAPS    : METHOD=<kotlin.LazyThreadSafetyMode: void <clinit>()>
08-29 03:27:38.704 15666 15684 D GAPS    : METHOD=<androidx.work.impl.utils.ForceStopRunnable: boolean isForceStopped()>
08-29 03:27:38.704 15666 15666 D GAPS    : METHOD=<kotlin.LazyThreadSafetyMode: void <init>(java.lang.String,int)>
08-29 03:27:38.704 15666 15684 D GAPS    : METHOD=<androidx.work.impl.utils.ForceStopRunnable: android.app.PendingIntent getPendingIntent(android.content.Context,int)>
