08-29 03:27:38.704 15666 15666 D GAPS    : METHOD=<kotlin.LazyThreadSafetyMode: kotlin.LazyThreadSafetyMode[] $values()>
08-29 03:27:38.704 15666 15684 D GAPS    : METHOD=<androidx.work.impl.utils.ForceStopRunnable: android.content.Intent getIntent(android.content.Context)>
08-29 03:27:38.704 15666 15666 D GAPS    : CLASS=kotlinx.serialization.internal.PluginGeneratedSerialDescriptor$childSerializers$2
08-29 03:27:38.704 15666 15666 D GAPS    : METHOD=<kotlinx.serialization.internal.PluginGeneratedSerialDescriptor$childSerializers$2: void <init>(kotlinx.serialization.internal.PluginGeneratedSerialDescriptor)>
08-29 03:27:38.704 15666 15666 D GAPS    : METHOD=<kotlin.LazyKt: kotlin.Lazy lazy(kotlin.LazyThreadSafetyMode,kotlin.jvm.functions.Function0)>
08-29 03:27:38.704 15666 15666 D GAPS    : METHOD=<kotlin.LazyKt__LazyJVMKt: kotlin.Lazy lazy(kotlin.LazyThreadSafetyMode,kotlin.jvm.functions.Function0)>
08-29 03:27:38.704 15666 15666 D GAPS    : CLASS=kotlin.LazyKt__LazyJVMKt$WhenMappings
08-29 03:27:38.704 15666 15666 D GAPS    : METHOD=<kotlin.LazyKt__LazyJVMKt$WhenMappings: void <clinit>()>
08-29 03:27:38.704 15666 15666 D GAPS    : METHOD=<kotlin.LazyThreadSafetyMode: kotlin.LazyThreadSafetyMode[] values()>
08-29 03:27:38.704 15666 15666 D GAPS    : CLASS=kotlin.SafePublicationLazyImpl
08-29 03:27:38.704 15666 15666 D GAPS    : METHOD=<kotlin.SafePublicationLazyImpl: void <clinit>()>
08-29 03:27:38.704 15666 15666 D GAPS    : CLASS=kotlin.SafePublicationLazyImpl$Companion
08-29 03:27:38.704 15666 15666 D GAPS    : METHOD=<kotlin.SafePublicationLazyImpl$Companion: void <init>(kotlin.jvm.internal.DefaultConstructorMarker)>
08-29 03:27:38.704 15666 15666 D GAPS    : METHOD=<kotlin.SafePublicationLazyImpl$Companion: void <init>()>
08-29 03:27:38.704 15666 15666 D GAPS    : METHOD=<kotlin.SafePublicationLazyImpl: void <init>(kotlin.jvm.functions.Function0)>
08-29 03:27:38.704 15666 15666 D GAPS    : CLASS=kotlinx.serialization.internal.PluginGeneratedSerialDescriptor$typeParameterDescriptors$2
08-29 03:27:38.704 15666 15666 D GAPS    : METHOD=<kotlinx.serialization.internal.PluginGeneratedSerialDescriptor$typeParameterDescriptors$2: void <init>(kotlinx.serialization.internal.PluginGeneratedSerialDescriptor)>
08-29 03:27:38.704 15666 15666 D GAPS    : CLASS=kotlinx.serialization.internal.PluginGeneratedSerialDescriptor$_hashCode$2
08-29 03:27:38.704 15666 15666 D GAPS    : METHOD=<kotlinx.serialization.internal.PluginGeneratedSerialDescriptor$_hashCode$2: void <init>(kotlinx.serialization.internal.PluginGeneratedSerialDescriptor)>
08-29 03:27:38.704 15666 15684 D GAPS    : METHOD=<androidx.work.impl.utils.ForceStopRunnable$$ExternalSyntheticApiModelOutline0: java.util.List m(android.app.ActivityManager,java.lang.String,int,int)>
08-29 03:27:38.704 15666 15666 D GAPS    : METHOD=<kotlinx.serialization.internal.PluginGeneratedSerialDescriptor: void addElement(java.lang.String,boolean)>
08-29 03:27:38.704 15666 15666 D GAPS    : METHOD=<kotlinx.serialization.internal.PluginGeneratedSerialDescriptor: java.util.Map buildIndices()>
08-29 03:27:38.704 15666 15666 D GAPS    : CLASS=kotlinx.serialization.internal.ArrayListSerializer
08-29 03:27:38.704 15666 15666 D GAPS    : METHOD=<kotlinx.serialization.internal.ArrayListSerializer: void <init>(kotlinx.serialization.KSerializer)>
08-29 03:27:38.704 15666 15666 D GAPS    : CLASS=kotlinx.serialization.internal.CollectionSerializer
08-29 03:27:38.704 15666 15666 D GAPS    : METHOD=<kotlinx.serialization.internal.CollectionSerializer: void <init>(kotlinx.serialization.KSerializer)>
08-29 03:27:38.704 15666 15666 D GAPS    : CLASS=kotlinx.serialization.internal.CollectionLikeSerializer
08-29 03:27:38.704 15666 15666 D GAPS    : METHOD=<kotlinx.serialization.internal.CollectionLikeSerializer: void <init>(kotlinx.serialization.KSerializer,kotlin.jvm.internal.DefaultConstructorMarker)>
08-29 03:27:38.704 15666 15666 D GAPS    : METHOD=<kotlinx.serialization.internal.CollectionLikeSerializer: void <init>(kotlinx.serialization.KSerializer)>
08-29 03:27:38.704 15666 15666 D GAPS    : CLASS=kotlinx.serialization.internal.AbstractCollectionSerializer
08-29 03:27:38.704 15666 15666 D GAPS    : METHOD=<kotlinx.serialization.internal.AbstractCollectionSerializer: void <init>(kotlin.jvm.internal.DefaultConstructorMarker)>
08-29 03:27:38.704 15666 15666 D GAPS    : METHOD=<kotlinx.serialization.internal.AbstractCollectionSerializer: void <init>()>
08-29 03:27:38.704 15666 15666 D GAPS    : METHOD=<org.wikipedia.page.PageBackStackItem$$serializer: kotlinx.serialization.descriptors.SerialDescriptor getDescriptor()>
08-29 03:27:38.704 15666 15666 D GAPS    : CLASS=kotlinx.serialization.internal.ArrayListClassDesc
08-29 03:27:38.704 15666 15666 D GAPS    : METHOD=<kotlinx.serialization.internal.ArrayListClassDesc: void <init>(kotlinx.serialization.descriptors.SerialDescriptor)>
08-29 03:27:38.704 15666 15666 D GAPS    : CLASS=kotlinx.serialization.internal.ListLikeDescriptor
08-29 03:27:38.704 15666 15666 D GAPS    : METHOD=<kotlinx.serialization.internal.ListLikeDescriptor: void <init>(kotlinx.serialization.descriptors.SerialDescriptor,kotlin.jvm.internal.DefaultConstructorMarker)>
08-29 03:27:38.704 15666 15666 D GAPS    : METHOD=<kotlinx.serialization.internal.ListLikeDescriptor: void <init>(kotlinx.serialization.descriptors.SerialDescriptor)>
08-29 03:27:38.704 15666 15666 D GAPS    : METHOD=<org.wikipedia.page.tabs.Tab: void <init>()>
08-29 03:27:38.704 15666 15666 D GAPS    : METHOD=<org.wikipedia.WikipediaApp: void enableWebViewDebugging()>
08-29 03:27:38.705 15666 15666 D GAPS    : CLASS=org.wikipedia.notifications.NotificationCategory
08-29 03:27:38.705 15666 15666 D GAPS    : METHOD=<org.wikipedia.notifications.NotificationCategory: void <clinit>()>
08-29 03:27:38.705 15666 15684 D GAPS    : METHOD=<androidx.work.impl.utils.PreferenceUtils: long getLastForceStopEventMillis()>
08-29 03:27:38.705 15666 15666 D GAPS    : METHOD=<org.wikipedia.notifications.NotificationCategory: void <init>(java.lang.String,int,java.lang.String,int,int,int,int,int,java.lang.String,int,kotlin.jvm.internal.DefaultConstructorMarker)>
08-29 03:27:38.705 15666 15666 D GAPS    : METHOD=<org.wikipedia.notifications.NotificationCategory: void <init>(java.lang.String,int,java.lang.String,int,int,int,int,int,java.lang.String)>
08-29 03:27:38.705 15666 15684 D GAPS    : METHOD=<androidx.work.impl.utils.ForceStopRunnable$$ExternalSyntheticApiModelOutline1: android.app.ApplicationExitInfo m(java.lang.Object)>
08-29 03:27:38.705 15666 15684 D GAPS    : METHOD=<androidx.work.impl.utils.ForceStopRunnable$$ExternalSyntheticApiModelOutline2: int m(android.app.ApplicationExitInfo)>
08-29 03:27:38.705 15666 15684 D GAPS    : METHOD=<androidx.work.impl.utils.ForceStopRunnable$$ExternalSyntheticApiModelOutline3: long m(android.app.ApplicationExitInfo)>
08-29 03:27:38.705 15666 15666 D GAPS    : METHOD=<org.wikipedia.notifications.NotificationCategory: org.wikipedia.notifications.NotificationCategory[] $values()>
08-29 03:27:38.705 15666 15684 D GAPS    : METHOD=<androidx.work.impl.WorkManagerImpl: void rescheduleEligibleWork()>
08-29 03:27:38.705 15666 15684 D GAPS    : METHOD=<androidx.work.impl.WorkManagerImpl: android.content.Context getApplicationContext()>
08-29 03:27:38.705 15666 15666 D GAPS    : CLASS=org.wikipedia.notifications.NotificationCategory$Companion
08-29 03:27:38.705 15666 15666 D GAPS    : METHOD=<org.wikipedia.notifications.NotificationCategory$Companion: void <init>(kotlin.jvm.internal.DefaultConstructorMarker)>
08-29 03:27:38.705 15666 15666 D GAPS    : METHOD=<org.wikipedia.notifications.NotificationCategory$Companion: void <init>()>
08-29 03:27:38.705 15666 15666 D GAPS    : METHOD=<kotlin.collections.CollectionsKt: java.util.List listOf(java.lang.Object[])>
08-29 03:27:38.705 15666 15666 D GAPS    : METHOD=<kotlin.collections.CollectionsKt__CollectionsKt: java.util.List listOf(java.lang.Object[])>
08-29 03:27:38.705 15666 15684 D GAPS    : METHOD=<androidx.work.impl.background.systemjob.SystemJobScheduler: void cancelAll(android.content.Context)>
08-29 03:27:38.705 15666 15684 D GAPS    : METHOD=<androidx.work.impl.model.WorkSpecDao_Impl: int resetScheduledState()>
08-29 03:27:38.705 15666 15666 D GAPS    : METHOD=<kotlin.collections.ArraysKt: java.util.List asList(java.lang.Object[])>
08-29 03:27:38.705 15666 15666 D GAPS    : METHOD=<kotlin.collections.ArraysKt___ArraysJvmKt: java.util.List asList(java.lang.Object[])>
08-29 03:27:38.705 15666 15684 D GAPS    : METHOD=<androidx.work.impl.model.WorkSpecDao_Impl$11: java.lang.String createQuery()>
08-29 03:27:38.705 15666 15666 D GAPS    : METHOD=<kotlin.collections.ArraysUtilJVM: java.util.List asList(java.lang.Object[])>
08-29 03:27:38.705 15666 15666 D GAPS    : CLASS=org.wikipedia.model.EnumCodeMap
08-29 03:27:38.705 15666 15666 D GAPS    : METHOD=<org.wikipedia.model.EnumCodeMap: void <init>(java.lang.Class)>
08-29 03:27:38.705 15666 15666 D GAPS    : METHOD=<org.wikipedia.model.EnumCodeMap: android.util.SparseArray codeToEnumMap(java.lang.Class)>
08-29 03:27:38.705 15666 15666 D GAPS    : METHOD=<org.wikipedia.notifications.NotificationCategory: org.wikipedia.notifications.NotificationCategory[] values()>
08-29 03:27:38.705 15666 15684 D GAPS    : METHOD=<androidx.work.impl.WorkManagerImpl: java.util.List getSchedulers()>
08-29 03:27:38.705 15666 15684 D GAPS    : METHOD=<androidx.work.impl.Schedulers: void schedule(androidx.work.Configuration,androidx.work.impl.WorkDatabase,java.util.List)>
08-29 03:27:38.705 15666 15666 D GAPS    : METHOD=<org.wikipedia.notifications.NotificationCategory: int code()>
08-29 03:27:38.705 15666 15684 D GAPS    : METHOD=<androidx.work.Configuration: int getMaxSchedulerLimit()>
08-29 03:27:38.705 15666 15666 D GAPS    : METHOD=<org.wikipedia.notifications.NotificationCategory$Companion: void createNotificationChannels(android.content.Context)>
08-29 03:27:38.705 15666 15684 D GAPS    : METHOD=<androidx.work.impl.model.WorkSpecDao_Impl: java.util.List getEligibleWorkForScheduling(int)>
08-29 03:27:38.705 15666 15684 D GAPS    : METHOD=<androidx.room.RoomSQLiteQuery: void bindLong(int,long)>
08-29 03:27:38.705 15666 15666 D GAPS    : CLASS=androidx.core.app.NotificationManagerCompat
08-29 03:27:38.705 15666 15666 D GAPS    : METHOD=<androidx.core.app.NotificationManagerCompat: void <clinit>()>
08-29 03:27:38.705 15666 15666 D GAPS    : METHOD=<androidx.core.app.NotificationManagerCompat: androidx.core.app.NotificationManagerCompat 'from'(android.content.Context)>
08-29 03:27:38.705 15666 15666 D GAPS    : METHOD=<androidx.core.app.NotificationManagerCompat: void <init>(android.content.Context)>
08-29 03:27:38.705 15666 15666 D GAPS    : METHOD=<androidx.core.app.NotificationManagerCompat: androidx.core.app.NotificationChannelGroupCompat getNotificationChannelGroupCompat(java.lang.String)>
08-29 03:27:38.705 15666 15666 D GAPS    : METHOD=<androidx.core.app.NotificationManagerCompat: android.app.NotificationChannelGroup getNotificationChannelGroup(java.lang.String)>
08-29 03:27:38.705 15666 15666 D GAPS    : METHOD=<androidx.core.app.NotificationManagerCompat$Api28Impl: android.app.NotificationChannelGroup getNotificationChannelGroup(android.app.NotificationManager,java.lang.String)>
08-29 03:27:38.705 15666 15684 D GAPS    : METHOD=<androidx.sqlite.db.framework.FrameworkSQLiteProgram: void bindLong(int,long)>
08-29 03:27:38.705 15666 15684 D GAPS    : METHOD=<androidx.work.impl.model.WorkSpecDao_Impl: java.util.List getAllEligibleWorkSpecsForScheduling(int)>
08-29 03:27:38.705 15666 15684 D GAPS    : METHOD=<androidx.work.impl.utils.PreferenceUtils: void setLastForceStopEventMillis(long)>
08-29 03:27:38.705 15666 15684 D GAPS    : CLASS=androidx.work.impl.model.Preference
08-29 03:27:38.705 15666 15684 D GAPS    : METHOD=<androidx.work.impl.model.Preference: void <init>(java.lang.String,java.lang.Long)>
08-29 03:27:38.705 15666 15684 D GAPS    : METHOD=<androidx.work.impl.model.PreferenceDao_Impl: void insertPreference(androidx.work.impl.model.Preference)>
08-29 03:27:38.705 15666 15684 D GAPS    : METHOD=<androidx.room.EntityInsertionAdapter: void insert(java.lang.Object)>
08-29 03:27:38.705 15666 15684 D GAPS    : METHOD=<androidx.work.impl.model.PreferenceDao_Impl$1: java.lang.String createQuery()>
08-29 03:27:38.705 15666 15684 D GAPS    : METHOD=<androidx.work.impl.model.PreferenceDao_Impl$1: void bind(androidx.sqlite.db.SupportSQLiteStatement,java.lang.Object)>
08-29 03:27:38.705 15666 15684 D GAPS    : METHOD=<androidx.work.impl.model.PreferenceDao_Impl$1: void bind(androidx.sqlite.db.SupportSQLiteStatement,androidx.work.impl.model.Preference)>
08-29 03:27:38.705 15666 15684 D GAPS    : METHOD=<androidx.work.impl.model.Preference: java.lang.String getKey()>
08-29 03:27:38.705 15666 15684 D GAPS    : METHOD=<androidx.work.impl.model.Preference: java.lang.Long getValue()>
08-29 03:27:38.705 15666 15684 D GAPS    : METHOD=<androidx.sqlite.db.framework.FrameworkSQLiteStatement: long executeInsert()>
08-29 03:27:38.706 15666 15666 D GAPS    : CLASS=androidx.core.app.NotificationChannelGroupCompat
08-29 03:27:38.706 15666 15666 D GAPS    : METHOD=<androidx.core.app.NotificationChannelGroupCompat: void <init>(android.app.NotificationChannelGroup)>
08-29 03:27:38.706 15666 15666 D GAPS    : METHOD=<androidx.core.app.NotificationChannelGroupCompat: void <init>(android.app.NotificationChannelGroup,java.util.List)>
08-29 03:27:38.706 15666 15666 D GAPS    : METHOD=<androidx.core.app.NotificationChannelGroupCompat$Api26Impl: java.lang.String getId(android.app.NotificationChannelGroup)>
08-29 03:27:38.706 15666 15666 D GAPS    : METHOD=<androidx.core.app.NotificationChannelGroupCompat: void <init>(java.lang.String)>
08-29 03:27:38.706 15666 15666 D GAPS    : METHOD=<androidx.core.util.Preconditions: java.lang.Object checkNotNull(java.lang.Object)>
08-29 03:27:38.706 15666 15666 D GAPS    : METHOD=<androidx.core.app.NotificationChannelGroupCompat$Api26Impl: java.lang.CharSequence getName(android.app.NotificationChannelGroup)>
08-29 03:27:38.706 15666 15666 D GAPS    : METHOD=<androidx.core.app.NotificationChannelGroupCompat$Api28Impl: java.lang.String getDescription(android.app.NotificationChannelGroup)>
08-29 03:27:38.706 15666 15666 D GAPS    : METHOD=<androidx.core.app.NotificationChannelGroupCompat$Api28Impl: boolean isBlocked(android.app.NotificationChannelGroup)>
08-29 03:27:38.706 15666 15666 D GAPS    : METHOD=<androidx.core.app.NotificationChannelGroupCompat$Api26Impl: java.util.List getChannels(android.app.NotificationChannelGroup)>
08-29 03:27:38.706 15666 15666 D GAPS    : METHOD=<androidx.core.app.NotificationChannelGroupCompat: java.util.List getChannelsCompat(java.util.List)>
08-29 03:27:38.706 15666 15666 D GAPS    : METHOD=<androidx.core.app.NotificationChannelGroupCompat$$ExternalSyntheticApiModelOutline0: android.app.NotificationChannel m(java.lang.Object)>
08-29 03:27:38.706 15666 15666 D GAPS    : METHOD=<androidx.core.app.NotificationChannelGroupCompat$Api26Impl: java.lang.String getGroup(android.app.NotificationChannel)>
08-29 03:27:38.706 15666 15666 D GAPS    : CLASS=androidx.core.app.NotificationChannelCompat
08-29 03:27:38.706 15666 15666 D GAPS    : METHOD=<androidx.core.app.NotificationChannelCompat: void <init>(android.app.NotificationChannel)>
08-29 03:27:38.706 15666 15666 D GAPS    : METHOD=<androidx.core.app.NotificationChannelCompat$Api26Impl: java.lang.String getId(android.app.NotificationChannel)>
08-29 03:27:38.706 15666 15666 D GAPS    : METHOD=<androidx.core.app.NotificationChannelCompat$Api26Impl: int getImportance(android.app.NotificationChannel)>
08-29 03:27:38.706 15666 15666 D GAPS    : METHOD=<androidx.core.app.NotificationChannelCompat: void <init>(java.lang.String,int)>
08-29 03:27:38.706 15666 15666 D GAPS    : METHOD=<androidx.core.app.NotificationChannelCompat$Api26Impl: java.lang.CharSequence getName(android.app.NotificationChannel)>
08-29 03:27:38.706 15666 15666 D GAPS    : METHOD=<androidx.core.app.NotificationChannelCompat$Api26Impl: java.lang.String getDescription(android.app.NotificationChannel)>
08-29 03:27:38.706 15666 15666 D GAPS    : METHOD=<androidx.core.app.NotificationChannelCompat$Api26Impl: java.lang.String getGroup(android.app.NotificationChannel)>
08-29 03:27:38.706 15666 15666 D GAPS    : METHOD=<androidx.core.app.NotificationChannelCompat$Api26Impl: boolean canShowBadge(android.app.NotificationChannel)>
08-29 03:27:38.706 15666 15666 D GAPS    : METHOD=<androidx.core.app.NotificationChannelCompat$Api26Impl: android.net.Uri getSound(android.app.NotificationChannel)>
08-29 03:27:38.706 15666 15666 D GAPS    : METHOD=<androidx.core.app.NotificationChannelCompat$Api26Impl: android.media.AudioAttributes getAudioAttributes(android.app.NotificationChannel)>
08-29 03:27:38.706 15666 15666 D GAPS    : METHOD=<androidx.core.app.NotificationChannelCompat$Api26Impl: boolean shouldShowLights(android.app.NotificationChannel)>
08-29 03:27:38.706 15666 15666 D GAPS    : METHOD=<androidx.core.app.NotificationChannelCompat$Api26Impl: int getLightColor(android.app.NotificationChannel)>
08-29 03:27:38.706 15666 15666 D GAPS    : METHOD=<androidx.core.app.NotificationChannelCompat$Api26Impl: boolean shouldVibrate(android.app.NotificationChannel)>
08-29 03:27:38.706 15666 15666 D GAPS    : METHOD=<androidx.core.app.NotificationChannelCompat$Api26Impl: long[] getVibrationPattern(android.app.NotificationChannel)>
08-29 03:27:38.706 15666 15666 D GAPS    : METHOD=<androidx.core.app.NotificationChannelCompat$Api30Impl: java.lang.String getParentChannelId(android.app.NotificationChannel)>
08-29 03:27:38.706 15666 15684 D GAPS    : METHOD=<androidx.work.impl.WorkManagerImpl: void onForceStopRunnableCompleted()>
08-29 03:27:38.706 15666 15666 D GAPS    : METHOD=<androidx.core.app.NotificationChannelCompat$Api30Impl: java.lang.String getConversationId(android.app.NotificationChannel)>
08-29 03:27:38.706 15666 15666 D GAPS    : METHOD=<androidx.core.app.NotificationChannelCompat$Api26Impl: boolean canBypassDnd(android.app.NotificationChannel)>
08-29 03:27:38.706 15666 15666 D GAPS    : METHOD=<androidx.core.app.NotificationChannelCompat$Api26Impl: int getLockscreenVisibility(android.app.NotificationChannel)>
08-29 03:27:38.706 15666 15666 D GAPS    : METHOD=<androidx.core.app.NotificationChannelCompat$Api29Impl: boolean canBubble(android.app.NotificationChannel)>
08-29 03:27:38.706 15666 15666 D GAPS    : METHOD=<androidx.core.app.NotificationChannelCompat$Api30Impl: boolean isImportantConversation(android.app.NotificationChannel)>
08-29 03:27:38.706 15666 15666 D GAPS    : CLASS=org.wikipedia.util.log.L
08-29 03:27:38.706 15666 15666 D GAPS    : METHOD=<org.wikipedia.util.log.L: void <clinit>()>
08-29 03:27:38.706 15666 15666 D GAPS    : METHOD=<org.wikipedia.util.log.L: void <init>()>
08-29 03:27:38.706 15666 15666 D GAPS    : CLASS=org.wikipedia.util.log.L$LogLevel
08-29 03:27:38.706 15666 15666 D GAPS    : METHOD=<org.wikipedia.util.log.L$LogLevel: void <clinit>()>
08-29 03:27:38.706 15666 15666 D GAPS    : CLASS=org.wikipedia.util.log.L$LogLevel$Companion
08-29 03:27:38.706 15666 15666 D GAPS    : METHOD=<org.wikipedia.util.log.L$LogLevel$Companion: void <init>(kotlin.jvm.internal.DefaultConstructorMarker)>
08-29 03:27:38.706 15666 15666 D GAPS    : METHOD=<org.wikipedia.util.log.L$LogLevel$Companion: void <init>()>
08-29 03:27:38.706 15666 15666 D GAPS    : CLASS=org.wikipedia.util.log.L$LEVEL_V$1
08-29 03:27:38.706 15666 15666 D GAPS    : METHOD=<org.wikipedia.util.log.L$LEVEL_V$1: void <init>()>
08-29 03:27:38.706 15666 15666 D GAPS    : METHOD=<org.wikipedia.util.log.L$LogLevel: void <init>()>
08-29 03:27:38.706 15666 15666 D GAPS    : CLASS=org.wikipedia.util.log.L$LEVEL_D$1
08-29 03:27:38.706 15666 15666 D GAPS    : METHOD=<org.wikipedia.util.log.L$LEVEL_D$1: void <init>()>
08-29 03:27:38.706 15666 15666 D GAPS    : CLASS=org.wikipedia.util.log.L$LEVEL_I$1
08-29 03:27:38.706 15666 15666 D GAPS    : METHOD=<org.wikipedia.util.log.L$LEVEL_I$1: void <init>()>
08-29 03:27:38.706 15666 15666 D GAPS    : CLASS=org.wikipedia.util.log.L$LEVEL_W$1
08-29 03:27:38.706 15666 15666 D GAPS    : METHOD=<org.wikipedia.util.log.L$LEVEL_W$1: void <init>()>
08-29 03:27:38.706 15666 15666 D GAPS    : CLASS=org.wikipedia.util.log.L$LEVEL_E$1
08-29 03:27:38.706 15666 15666 D GAPS    : METHOD=<org.wikipedia.util.log.L$LEVEL_E$1: void <init>()>
08-29 03:27:38.706 15666 15666 D GAPS    : METHOD=<org.wikipedia.util.log.L: void d(java.lang.String)>
08-29 03:27:38.706 15666 15666 D GAPS    : METHOD=<org.wikipedia.util.log.L$LogLevel: void log(java.lang.String,java.lang.Throwable)>
08-29 03:27:38.706 15666 15666 D GAPS    : CLASS=org.wikipedia.util.ReleaseUtil
08-29 03:27:38.706 15666 15666 D GAPS    : METHOD=<org.wikipedia.util.ReleaseUtil: void <clinit>()>
08-29 03:27:38.706 15666 15666 D GAPS    : METHOD=<org.wikipedia.util.ReleaseUtil: void <init>()>
08-29 03:27:38.706 15666 15666 D GAPS    : METHOD=<org.wikipedia.util.ReleaseUtil: boolean isDevRelease()>
08-29 03:27:38.706 15666 15666 D GAPS    : METHOD=<org.wikipedia.util.ReleaseUtil: int calculateReleaseType()>
08-29 03:27:38.706 15666 15666 D GAPS    : METHOD=<kotlin.text.StringsKt: boolean contains$default(java.lang.CharSequence,java.lang.CharSequence,boolean,int,java.lang.Object)>
08-29 03:27:38.706 15666 15666 D GAPS    : METHOD=<kotlin.text.StringsKt__StringsKt: boolean contains$default(java.lang.CharSequence,java.lang.CharSequence,boolean,int,java.lang.Object)>
08-29 03:27:38.706 15666 15666 D GAPS    : METHOD=<kotlin.text.StringsKt: boolean contains(java.lang.CharSequence,java.lang.CharSequence,boolean)>
08-29 03:27:38.706 15666 15666 D GAPS    : METHOD=<kotlin.text.StringsKt__StringsKt: boolean contains(java.lang.CharSequence,java.lang.CharSequence,boolean)>
08-29 03:27:38.706 15666 15666 D GAPS    : METHOD=<kotlin.text.StringsKt: int indexOf$default(java.lang.CharSequence,java.lang.String,int,boolean,int,java.lang.Object)>
08-29 03:27:38.706 15666 15666 D GAPS    : METHOD=<kotlin.text.StringsKt__StringsKt: int indexOf$default(java.lang.CharSequence,java.lang.String,int,boolean,int,java.lang.Object)>
08-29 03:27:38.706 15666 15666 D GAPS    : METHOD=<kotlin.text.StringsKt__StringsKt: int indexOf(java.lang.CharSequence,java.lang.String,int,boolean)>
08-29 03:27:38.706 15666 15666 D GAPS    : METHOD=<org.wikipedia.util.log.L$LEVEL_D$1: void logLevel(java.lang.String,java.lang.String,java.lang.Throwable)>
08-29 03:27:38.706 15666 15666 D GAPS    : CLASS=org.wikipedia.appshortcuts.AppShortcuts
08-29 03:27:38.706 15666 15666 D GAPS    : METHOD=<org.wikipedia.appshortcuts.AppShortcuts: void <clinit>()>
08-29 03:27:38.706 15666 15666 D GAPS    : CLASS=org.wikipedia.appshortcuts.AppShortcuts$Companion
08-29 03:27:38.706 15666 15666 D GAPS    : METHOD=<org.wikipedia.appshortcuts.AppShortcuts$Companion: void <init>(kotlin.jvm.internal.DefaultConstructorMarker)>
08-29 03:27:38.706 15666 15666 D GAPS    : METHOD=<org.wikipedia.appshortcuts.AppShortcuts$Companion: void <init>()>
08-29 03:27:38.706 15666 15666 D GAPS    : METHOD=<org.wikipedia.appshortcuts.AppShortcuts$Companion: void setShortcuts(android.content.Context)>
08-29 03:27:38.706 15666 15666 D GAPS    : CLASS=kotlinx.coroutines.Dispatchers
08-29 03:27:38.706 15666 15666 D GAPS    : METHOD=<kotlinx.coroutines.Dispatchers: void <clinit>()>
08-29 03:27:38.706 15666 15666 D GAPS    : METHOD=<kotlinx.coroutines.Dispatchers: void <init>()>
08-29 03:27:38.706 15666 15666 D GAPS    : CLASS=kotlinx.coroutines.CoroutineDispatcher
08-29 03:27:38.706 15666 15666 D GAPS    : METHOD=<kotlinx.coroutines.CoroutineDispatcher: void <clinit>()>
08-29 03:27:38.706 15666 15666 D GAPS    : CLASS=kotlinx.coroutines.CoroutineDispatcher$Key
08-29 03:27:38.706 15666 15666 D GAPS    : METHOD=<kotlinx.coroutines.CoroutineDispatcher$Key: void <init>(kotlin.jvm.internal.DefaultConstructorMarker)>
08-29 03:27:38.706 15666 15666 D GAPS    : METHOD=<kotlinx.coroutines.CoroutineDispatcher$Key: void <init>()>
08-29 03:27:38.706 15666 15666 D GAPS    : CLASS=kotlin.coroutines.ContinuationInterceptor
08-29 03:27:38.706 15666 15666 D GAPS    : METHOD=<kotlin.coroutines.ContinuationInterceptor: void <clinit>()>
08-29 03:27:38.706 15666 15666 D GAPS    : CLASS=kotlin.coroutines.ContinuationInterceptor$Key
08-29 03:27:38.706 15666 15666 D GAPS    : METHOD=<kotlin.coroutines.ContinuationInterceptor$Key: void <clinit>()>
08-29 03:27:38.706 15666 15666 D GAPS    : METHOD=<kotlin.coroutines.ContinuationInterceptor$Key: void <init>()>
08-29 03:27:38.706 15666 15666 D GAPS    : CLASS=kotlinx.coroutines.CoroutineDispatcher$Key$1
08-29 03:27:38.707 15666 15666 D GAPS    : METHOD=<kotlinx.coroutines.CoroutineDispatcher$Key$1: void <clinit>()>
08-29 03:27:38.707 15666 15666 D GAPS    : METHOD=<kotlinx.coroutines.CoroutineDispatcher$Key$1: void <init>()>
08-29 03:27:38.707 15666 15666 D GAPS    : CLASS=kotlin.coroutines.AbstractCoroutineContextKey
08-29 03:27:38.707 15666 15666 D GAPS    : METHOD=<kotlin.coroutines.AbstractCoroutineContextKey: void <init>(kotlin.coroutines.CoroutineContext$Key,kotlin.jvm.functions.Function1)>
08-29 03:27:38.707 15666 15666 D GAPS    : CLASS=kotlinx.coroutines.ExecutorCoroutineDispatcher
08-29 03:27:38.707 15666 15666 D GAPS    : METHOD=<kotlinx.coroutines.ExecutorCoroutineDispatcher: void <clinit>()>
08-29 03:27:38.707 15666 15666 D GAPS    : CLASS=kotlinx.coroutines.ExecutorCoroutineDispatcher$Key
08-29 03:27:38.707 15666 15666 D GAPS    : METHOD=<kotlinx.coroutines.ExecutorCoroutineDispatcher$Key: void <init>(kotlin.jvm.internal.DefaultConstructorMarker)>
08-29 03:27:38.707 15666 15666 D GAPS    : METHOD=<kotlinx.coroutines.ExecutorCoroutineDispatcher$Key: void <init>()>
08-29 03:27:38.707 15666 15666 D GAPS    : CLASS=kotlinx.coroutines.ExecutorCoroutineDispatcher$Key$1
08-29 03:27:38.707 15666 15666 D GAPS    : METHOD=<kotlinx.coroutines.ExecutorCoroutineDispatcher$Key$1: void <clinit>()>
08-29 03:27:38.707 15666 15666 D GAPS    : METHOD=<kotlinx.coroutines.ExecutorCoroutineDispatcher$Key$1: void <init>()>
08-29 03:27:38.707 15666 15666 D GAPS    : CLASS=kotlinx.coroutines.scheduling.DefaultScheduler
08-29 03:27:38.707 15666 15666 D GAPS    : METHOD=<kotlinx.coroutines.scheduling.DefaultScheduler: void <clinit>()>
08-29 03:27:38.707 15666 15666 D GAPS    : METHOD=<kotlinx.coroutines.scheduling.DefaultScheduler: void <init>()>
08-29 03:27:38.707 15666 15666 D GAPS    : CLASS=kotlinx.coroutines.scheduling.TasksKt
08-29 03:27:38.707 15666 15666 D GAPS    : METHOD=<kotlinx.coroutines.scheduling.TasksKt: void <clinit>()>
08-29 03:27:38.707 15666 15666 D GAPS    : METHOD=<kotlinx.coroutines.internal.SystemPropsKt: java.lang.String systemProp(java.lang.String,java.lang.String)>
08-29 03:27:38.707 15666 15666 D GAPS    : METHOD=<kotlinx.coroutines.internal.SystemPropsKt__SystemProps_commonKt: java.lang.String systemProp(java.lang.String,java.lang.String)>
08-29 03:27:38.707 15666 15666 D GAPS    : METHOD=<kotlinx.coroutines.internal.SystemPropsKt: java.lang.String systemProp(java.lang.String)>
08-29 03:27:38.707 15666 15666 D GAPS    : CLASS=kotlinx.coroutines.internal.SystemPropsKt__SystemPropsKt
08-29 03:27:38.707 15666 15666 D GAPS    : METHOD=<kotlinx.coroutines.internal.SystemPropsKt__SystemPropsKt: void <clinit>()>
08-29 03:27:38.707 15666 15666 D GAPS    : METHOD=<kotlinx.coroutines.internal.SystemPropsKt__SystemPropsKt: java.lang.String systemProp(java.lang.String)>
08-29 03:27:38.707 15666 15666 D GAPS    : METHOD=<kotlinx.coroutines.internal.SystemPropsKt: long systemProp$default(java.lang.String,long,long,long,int,java.lang.Object)>
08-29 03:27:38.707 15666 15666 D GAPS    : METHOD=<kotlinx.coroutines.internal.SystemPropsKt__SystemProps_commonKt: long systemProp$default(java.lang.String,long,long,long,int,java.lang.Object)>
08-29 03:27:38.707 15666 15666 D GAPS    : METHOD=<kotlinx.coroutines.internal.SystemPropsKt: long systemProp(java.lang.String,long,long,long)>
08-29 03:27:38.707 15666 15666 D GAPS    : METHOD=<kotlinx.coroutines.internal.SystemPropsKt__SystemProps_commonKt: long systemProp(java.lang.String,long,long,long)>
08-29 03:27:38.707 15666 15666 D GAPS    : METHOD=<kotlinx.coroutines.internal.SystemPropsKt: int getAVAILABLE_PROCESSORS()>
08-29 03:27:38.707 15666 15666 D GAPS    : METHOD=<kotlinx.coroutines.internal.SystemPropsKt__SystemPropsKt: int getAVAILABLE_PROCESSORS()>
08-29 03:27:38.707 15666 15666 D GAPS    : METHOD=<kotlin.ranges.RangesKt: int coerceAtLeast(int,int)>
08-29 03:27:38.707 15666 15666 D GAPS    : METHOD=<kotlin.ranges.RangesKt___RangesKt: int coerceAtLeast(int,int)>
08-29 03:27:38.707 15666 15666 D GAPS    : METHOD=<kotlinx.coroutines.internal.SystemPropsKt: int systemProp$default(java.lang.String,int,int,int,int,java.lang.Object)>
08-29 03:27:38.707 15666 15666 D GAPS    : METHOD=<kotlinx.coroutines.internal.SystemPropsKt__SystemProps_commonKt: int systemProp$default(java.lang.String,int,int,int,int,java.lang.Object)>
08-29 03:27:38.707 15666 15666 D GAPS    : METHOD=<kotlinx.coroutines.internal.SystemPropsKt: int systemProp(java.lang.String,int,int,int)>
08-29 03:27:38.707 15666 15666 D GAPS    : METHOD=<kotlinx.coroutines.internal.SystemPropsKt__SystemProps_commonKt: int systemProp(java.lang.String,int,int,int)>
08-29 03:27:38.707 15666 15666 D GAPS    : CLASS=kotlinx.coroutines.scheduling.NanoTimeSource
08-29 03:27:38.707 15666 15666 D GAPS    : METHOD=<kotlinx.coroutines.scheduling.NanoTimeSource: void <clinit>()>
08-29 03:27:38.707 15666 15666 D GAPS    : METHOD=<kotlinx.coroutines.scheduling.NanoTimeSource: void <init>()>
08-29 03:27:38.707 15666 15666 D GAPS    : CLASS=kotlinx.coroutines.scheduling.SchedulerTimeSource
08-29 03:27:38.707 15666 15666 D GAPS    : METHOD=<kotlinx.coroutines.scheduling.SchedulerTimeSource: void <init>()>
08-29 03:27:38.707 15666 15666 D GAPS    : CLASS=kotlinx.coroutines.scheduling.TaskContextImpl
08-29 03:27:38.707 15666 15666 D GAPS    : METHOD=<kotlinx.coroutines.scheduling.TaskContextImpl: void <init>(int)>
08-29 03:27:38.707 15666 15666 D GAPS    : CLASS=kotlinx.coroutines.scheduling.SchedulerCoroutineDispatcher
08-29 03:27:38.707 15666 15666 D GAPS    : METHOD=<kotlinx.coroutines.scheduling.SchedulerCoroutineDispatcher: void <init>(int,int,long,java.lang.String)>
08-29 03:27:38.707 15666 15666 D GAPS    : METHOD=<kotlinx.coroutines.ExecutorCoroutineDispatcher: void <init>()>
08-29 03:27:38.707 15666 15666 D GAPS    : METHOD=<kotlinx.coroutines.CoroutineDispatcher: void <init>()>
08-29 03:27:38.707 15666 15666 D GAPS    : CLASS=kotlin.coroutines.AbstractCoroutineContextElement
08-29 03:27:38.707 15666 15666 D GAPS    : METHOD=<kotlin.coroutines.AbstractCoroutineContextElement: void <init>(kotlin.coroutines.CoroutineContext$Key)>
08-29 03:27:38.707 15666 15666 D GAPS    : METHOD=<kotlinx.coroutines.scheduling.SchedulerCoroutineDispatcher: kotlinx.coroutines.scheduling.CoroutineScheduler createScheduler()>
08-29 03:27:38.707 15666 15666 D GAPS    : CLASS=kotlinx.coroutines.scheduling.CoroutineScheduler
08-29 03:27:38.707 15666 15666 D GAPS    : METHOD=<kotlinx.coroutines.scheduling.CoroutineScheduler: void <clinit>()>
08-29 03:27:38.707 15666 15666 D GAPS    : CLASS=kotlinx.coroutines.scheduling.CoroutineScheduler$Companion
08-29 03:27:38.707 15666 15666 D GAPS    : METHOD=<kotlinx.coroutines.scheduling.CoroutineScheduler$Companion: void <init>(kotlin.jvm.internal.DefaultConstructorMarker)>
08-29 03:27:38.707 15666 15666 D GAPS    : METHOD=<kotlinx.coroutines.scheduling.CoroutineScheduler$Companion: void <init>()>
08-29 03:27:38.707 15666 15666 D GAPS    : CLASS=kotlinx.coroutines.internal.Symbol
08-29 03:27:38.707 15666 15666 D GAPS    : METHOD=<kotlinx.coroutines.internal.Symbol: void <init>(java.lang.String)>
08-29 03:27:38.707 15666 15666 D GAPS    : METHOD=<kotlinx.coroutines.scheduling.CoroutineScheduler: void <init>(int,int,long,java.lang.String)>
08-29 03:27:38.707 15666 15666 D GAPS    : CLASS=kotlinx.coroutines.internal.LockFreeTaskQueue
08-29 03:27:38.707 15666 15666 D GAPS    : METHOD=<kotlinx.coroutines.internal.LockFreeTaskQueue: void <clinit>()>
08-29 03:27:38.707 15666 15666 D GAPS    : CLASS=kotlinx.coroutines.scheduling.GlobalQueue
08-29 03:27:38.707 15666 15666 D GAPS    : METHOD=<kotlinx.coroutines.scheduling.GlobalQueue: void <init>()>
08-29 03:27:38.707 15666 15666 D GAPS    : METHOD=<kotlinx.coroutines.internal.LockFreeTaskQueue: void <init>(boolean)>
08-29 03:27:38.707 15666 15666 D GAPS    : CLASS=kotlinx.coroutines.internal.LockFreeTaskQueueCore
08-29 03:27:38.707 15666 15666 D GAPS    : METHOD=<kotlinx.coroutines.internal.LockFreeTaskQueueCore: void <clinit>()>
08-29 03:27:38.707 15666 15666 D GAPS    : CLASS=kotlinx.coroutines.internal.LockFreeTaskQueueCore$Companion
08-29 03:27:38.707 15666 15666 D GAPS    : METHOD=<kotlinx.coroutines.internal.LockFreeTaskQueueCore$Companion: void <init>(kotlin.jvm.internal.DefaultConstructorMarker)>
08-29 03:27:38.707 15666 15666 D GAPS    : METHOD=<kotlinx.coroutines.internal.LockFreeTaskQueueCore$Companion: void <init>()>
08-29 03:27:38.707 15666 15666 D GAPS    : METHOD=<kotlinx.coroutines.internal.LockFreeTaskQueueCore: void <init>(int,boolean)>
08-29 03:27:38.707 15666 15666 D GAPS    : CLASS=kotlinx.coroutines.internal.ResizableAtomicArray
08-29 03:27:38.707 15666 15666 D GAPS    : METHOD=<kotlinx.coroutines.internal.ResizableAtomicArray: void <init>(int)>
08-29 03:27:38.707 15666 15666 D GAPS    : CLASS=kotlinx.coroutines.Unconfined
08-29 03:27:38.707 15666 15666 D GAPS    : METHOD=<kotlinx.coroutines.Unconfined: void <clinit>()>
08-29 03:27:38.707 15666 15666 D GAPS    : METHOD=<kotlinx.coroutines.Unconfined: void <init>()>
08-29 03:27:38.707 15666 15666 D GAPS    : CLASS=kotlinx.coroutines.scheduling.DefaultIoScheduler
08-29 03:27:38.707 15666 15666 D GAPS    : METHOD=<kotlinx.coroutines.scheduling.DefaultIoScheduler: void <clinit>()>
08-29 03:27:38.707 15666 15666 D GAPS    : METHOD=<kotlinx.coroutines.scheduling.DefaultIoScheduler: void <init>()>
08-29 03:27:38.707 15666 15666 D GAPS    : CLASS=kotlinx.coroutines.scheduling.UnlimitedIoScheduler
08-29 03:27:38.707 15666 15666 D GAPS    : METHOD=<kotlinx.coroutines.scheduling.UnlimitedIoScheduler: void <clinit>()>
08-29 03:27:38.707 15666 15666 D GAPS    : METHOD=<kotlinx.coroutines.scheduling.UnlimitedIoScheduler: void <init>()>
08-29 03:27:38.707 15666 15666 D GAPS    : METHOD=<kotlinx.coroutines.scheduling.UnlimitedIoScheduler: kotlinx.coroutines.CoroutineDispatcher limitedParallelism(int)>
08-29 03:27:38.707 15666 15666 D GAPS    : METHOD=<kotlinx.coroutines.internal.LimitedDispatcherKt: void checkParallelism(int)>
08-29 03:27:38.707 15666 15666 D GAPS    : METHOD=<kotlinx.coroutines.CoroutineDispatcher: kotlinx.coroutines.CoroutineDispatcher limitedParallelism(int)>
08-29 03:27:38.707 15666 15666 D GAPS    : CLASS=kotlinx.coroutines.internal.LimitedDispatcher
08-29 03:27:38.707 15666 15666 D GAPS    : METHOD=<kotlinx.coroutines.internal.LimitedDispatcher: void <clinit>()>
08-29 03:27:38.707 15666 15666 D GAPS    : METHOD=<kotlinx.coroutines.internal.LimitedDispatcher: void <init>(kotlinx.coroutines.CoroutineDispatcher,int)>
08-29 03:27:38.707 15666 15666 D GAPS    : CLASS=kotlinx.coroutines.DefaultExecutorKt
08-29 03:27:38.707 15666 15666 D GAPS    : METHOD=<kotlinx.coroutines.DefaultExecutorKt: void <clinit>()>
08-29 03:27:38.707 15666 15666 D GAPS    : METHOD=<kotlinx.coroutines.internal.SystemPropsKt: boolean systemProp(java.lang.String,boolean)>
08-29 03:27:38.707 15666 15666 D GAPS    : METHOD=<kotlinx.coroutines.internal.SystemPropsKt__SystemProps_commonKt: boolean systemProp(java.lang.String,boolean)>
08-29 03:27:38.707 15666 15666 D GAPS    : METHOD=<kotlinx.coroutines.DefaultExecutorKt: kotlinx.coroutines.Delay initializeDefaultDelay()>
08-29 03:27:38.707 15666 15666 D GAPS    : CLASS=kotlinx.coroutines.EventLoopImplBase
08-29 03:27:38.707 15666 15666 D GAPS    : METHOD=<kotlinx.coroutines.EventLoopImplBase: void <clinit>()>
08-29 03:27:38.707 15666 15666 D GAPS    : CLASS=kotlinx.coroutines.DefaultExecutor
08-29 03:27:38.707 15666 15666 D GAPS    : METHOD=<kotlinx.coroutines.DefaultExecutor: void <clinit>()>
08-29 03:27:38.707 15666 15666 D GAPS    : METHOD=<kotlinx.coroutines.DefaultExecutor: void <init>()>
08-29 03:27:38.707 15666 15666 D GAPS    : METHOD=<kotlinx.coroutines.EventLoopImplBase: void <init>()>
08-29 03:27:38.707 15666 15666 D GAPS    : CLASS=kotlinx.coroutines.EventLoopImplPlatform
08-29 03:27:38.707 15666 15666 D GAPS    : METHOD=<kotlinx.coroutines.EventLoopImplPlatform: void <init>()>
08-29 03:27:38.707 15666 15666 D GAPS    : CLASS=kotlinx.coroutines.EventLoop
08-29 03:27:38.707 15666 15666 D GAPS    : METHOD=<kotlinx.coroutines.EventLoop: void <init>()>
08-29 03:27:38.707 15666 15666 D GAPS    : METHOD=<kotlinx.coroutines.EventLoop: void incrementUseCount$default(kotlinx.coroutines.EventLoop,boolean,int,java.lang.Object)>
08-29 03:27:38.707 15666 15666 D GAPS    : METHOD=<kotlinx.coroutines.EventLoop: void incrementUseCount(boolean)>
08-29 03:27:38.707 15666 15666 D GAPS    : METHOD=<kotlinx.coroutines.EventLoop: long delta(boolean)>
08-29 03:27:38.708 15666 15666 D GAPS    : METHOD=<kotlinx.coroutines.DefaultExecutorKt: kotlinx.coroutines.Delay getDefaultDelay()>
08-29 03:27:38.708 15666 15666 D GAPS    : METHOD=<kotlinx.coroutines.Dispatchers: kotlinx.coroutines.CoroutineDispatcher getDefault()>
08-29 03:27:38.708 15666 15666 D GAPS    : METHOD=<kotlinx.coroutines.CoroutineScopeKt: kotlinx.coroutines.CoroutineScope CoroutineScope(kotlin.coroutines.CoroutineContext)>
08-29 03:27:38.708 15666 15666 D GAPS    : CLASS=kotlinx.coroutines.Job
08-29 03:27:38.708 15666 15666 D GAPS    : METHOD=<kotlinx.coroutines.Job: void <clinit>()>
08-29 03:27:38.708 15666 15666 D GAPS    : CLASS=kotlinx.coroutines.Job$Key
08-29 03:27:38.708 15666 15666 D GAPS    : METHOD=<kotlinx.coroutines.Job$Key: void <clinit>()>
08-29 03:27:38.708 15666 15666 D GAPS    : METHOD=<kotlinx.coroutines.Job$Key: void <init>()>
08-29 03:27:38.708 15666 15666 D GAPS    : METHOD=<kotlinx.coroutines.CoroutineDispatcher: kotlin.coroutines.CoroutineContext$Element get(kotlin.coroutines.CoroutineContext$Key)>
08-29 03:27:38.708 15666 15666 D GAPS    : METHOD=<kotlin.coroutines.ContinuationInterceptor$DefaultImpls: kotlin.coroutines.CoroutineContext$Element get(kotlin.coroutines.ContinuationInterceptor,kotlin.coroutines.CoroutineContext$Key)>
08-29 03:27:38.708 15666 15666 D GAPS    : METHOD=<kotlinx.coroutines.JobKt: kotlinx.coroutines.CompletableJob Job$default(kotlinx.coroutines.Job,int,java.lang.Object)>
08-29 03:27:38.708 15666 15666 D GAPS    : METHOD=<kotlinx.coroutines.JobKt__JobKt: kotlinx.coroutines.CompletableJob Job$default(kotlinx.coroutines.Job,int,java.lang.Object)>
08-29 03:27:38.708 15666 15666 D GAPS    : METHOD=<kotlinx.coroutines.JobKt: kotlinx.coroutines.CompletableJob Job(kotlinx.coroutines.Job)>
08-29 03:27:38.708 15666 15666 D GAPS    : METHOD=<kotlinx.coroutines.JobKt__JobKt: kotlinx.coroutines.CompletableJob Job(kotlinx.coroutines.Job)>
08-29 03:27:38.708 15666 15666 D GAPS    : CLASS=kotlinx.coroutines.JobSupport
08-29 03:27:38.708 15666 15666 D GAPS    : METHOD=<kotlinx.coroutines.JobSupport: void <clinit>()>
08-29 03:27:38.708 15666 15666 D GAPS    : CLASS=kotlinx.coroutines.JobImpl
08-29 03:27:38.708 15666 15666 D GAPS    : METHOD=<kotlinx.coroutines.JobImpl: void <init>(kotlinx.coroutines.Job)>
08-29 03:27:38.708 15666 15666 D GAPS    : METHOD=<kotlinx.coroutines.JobSupport: void <init>(boolean)>
08-29 03:27:38.708 15666 15666 D GAPS    : CLASS=kotlinx.coroutines.JobSupportKt
08-29 03:27:38.708 15666 15666 D GAPS    : METHOD=<kotlinx.coroutines.JobSupportKt: void <clinit>()>
08-29 03:27:38.708 15666 15666 D GAPS    : CLASS=kotlinx.coroutines.Empty
08-29 03:27:38.708 15666 15666 D GAPS    : METHOD=<kotlinx.coroutines.Empty: void <init>(boolean)>
08-29 03:27:38.708 15666 15666 D GAPS    : METHOD=<kotlinx.coroutines.JobSupportKt: kotlinx.coroutines.Empty access$getEMPTY_ACTIVE$p()>
08-29 03:27:38.708 15666 15666 D GAPS    : METHOD=<kotlinx.coroutines.JobSupport: void initParentJob(kotlinx.coroutines.Job)>
08-29 03:27:38.708 15666 15666 D GAPS    : CLASS=kotlinx.coroutines.NonDisposableHandle
08-29 03:27:38.708 15666 15666 D GAPS    : METHOD=<kotlinx.coroutines.NonDisposableHandle: void <clinit>()>
08-29 03:27:38.708 15666 15666 D GAPS    : METHOD=<kotlinx.coroutines.NonDisposableHandle: void <init>()>
08-29 03:27:38.708 15666 15666 D GAPS    : METHOD=<kotlinx.coroutines.JobSupport: void setParentHandle$kotlinx_coroutines_core(kotlinx.coroutines.ChildHandle)>
08-29 03:27:38.708 15666 15666 D GAPS    : METHOD=<kotlinx.coroutines.JobImpl: boolean handlesException()>
08-29 03:27:38.708 15666 15666 D GAPS    : METHOD=<kotlinx.coroutines.JobSupport: kotlinx.coroutines.ChildHandle getParentHandle$kotlinx_coroutines_core()>
08-29 03:27:38.708 15666 15666 D GAPS    : METHOD=<kotlin.coroutines.AbstractCoroutineContextElement: kotlin.coroutines.CoroutineContext plus(kotlin.coroutines.CoroutineContext)>
08-29 03:27:38.708 15666 15666 D GAPS    : METHOD=<kotlin.coroutines.CoroutineContext$Element$DefaultImpls: kotlin.coroutines.CoroutineContext plus(kotlin.coroutines.CoroutineContext$Element,kotlin.coroutines.CoroutineContext)>
08-29 03:27:38.708 15666 15666 D GAPS    : METHOD=<kotlin.coroutines.CoroutineContext$DefaultImpls: kotlin.coroutines.CoroutineContext plus(kotlin.coroutines.CoroutineContext,kotlin.coroutines.CoroutineContext)>
08-29 03:27:38.708 15666 15666 D GAPS    : CLASS=kotlin.coroutines.EmptyCoroutineContext
08-29 03:27:38.708 15666 15666 D GAPS    : METHOD=<kotlin.coroutines.EmptyCoroutineContext: void <clinit>()>
08-29 03:27:38.708 15666 15666 D GAPS    : METHOD=<kotlin.coroutines.EmptyCoroutineContext: void <init>()>
08-29 03:27:38.708 15666 15666 D GAPS    : CLASS=kotlin.coroutines.CoroutineContext$plus$1
08-29 03:27:38.708 15666 15666 D GAPS    : METHOD=<kotlin.coroutines.CoroutineContext$plus$1: void <clinit>()>
08-29 03:27:38.708 15666 15666 D GAPS    : METHOD=<kotlin.coroutines.CoroutineContext$plus$1: void <init>()>
08-29 03:27:38.708 15666 15666 D GAPS    : METHOD=<kotlinx.coroutines.JobSupport: java.lang.Object fold(java.lang.Object,kotlin.jvm.functions.Function2)>
08-29 03:27:38.708 15666 15666 D GAPS    : METHOD=<kotlinx.coroutines.Job$DefaultImpls: java.lang.Object fold(kotlinx.coroutines.Job,java.lang.Object,kotlin.jvm.functions.Function2)>
08-29 03:27:38.708 15666 15666 D GAPS    : METHOD=<kotlin.coroutines.CoroutineContext$Element$DefaultImpls: java.lang.Object fold(kotlin.coroutines.CoroutineContext$Element,java.lang.Object,kotlin.jvm.functions.Function2)>
08-29 03:27:38.708 15666 15666 D GAPS    : METHOD=<kotlin.coroutines.CoroutineContext$plus$1: java.lang.Object invoke(java.lang.Object,java.lang.Object)>
08-29 03:27:38.708 15666 15666 D GAPS    : METHOD=<kotlin.coroutines.CoroutineContext$plus$1: kotlin.coroutines.CoroutineContext invoke(kotlin.coroutines.CoroutineContext,kotlin.coroutines.CoroutineContext$Element)>
08-29 03:27:38.708 15666 15666 D GAPS    : METHOD=<kotlinx.coroutines.JobSupport: kotlin.coroutines.CoroutineContext$Key getKey()>
08-29 03:27:38.708 15666 15666 D GAPS    : METHOD=<kotlinx.coroutines.CoroutineDispatcher: kotlin.coroutines.CoroutineContext minusKey(kotlin.coroutines.CoroutineContext$Key)>
08-29 03:27:38.708 15666 15666 D GAPS    : METHOD=<kotlin.coroutines.ContinuationInterceptor$DefaultImpls: kotlin.coroutines.CoroutineContext minusKey(kotlin.coroutines.ContinuationInterceptor,kotlin.coroutines.CoroutineContext$Key)>
08-29 03:27:38.708 15666 15666 D GAPS    : CLASS=kotlin.coroutines.CombinedContext
08-29 03:27:38.708 15666 15666 D GAPS    : METHOD=<kotlin.coroutines.CombinedContext: void <init>(kotlin.coroutines.CoroutineContext,kotlin.coroutines.CoroutineContext$Element)>
08-29 03:27:38.708 15666 15666 D GAPS    : CLASS=kotlinx.coroutines.internal.ContextScope
08-29 03:27:38.708 15666 15666 D GAPS    : METHOD=<kotlinx.coroutines.internal.ContextScope: void <init>(kotlin.coroutines.CoroutineContext)>
08-29 03:27:38.708 15666 15666 D GAPS    : CLASS=kotlinx.coroutines.CoroutineExceptionHandler
08-29 03:27:38.708 15666 15666 D GAPS    : METHOD=<kotlinx.coroutines.CoroutineExceptionHandler: void <clinit>()>
08-29 03:27:38.708 15666 15666 D GAPS    : CLASS=kotlinx.coroutines.CoroutineExceptionHandler$Key
08-29 03:27:38.708 15666 15666 D GAPS    : METHOD=<kotlinx.coroutines.CoroutineExceptionHandler$Key: void <clinit>()>
08-29 03:27:38.708 15666 15666 D GAPS    : METHOD=<kotlinx.coroutines.CoroutineExceptionHandler$Key: void <init>()>
08-29 03:27:38.708 15666 15666 D GAPS    : CLASS=org.wikipedia.appshortcuts.AppShortcuts$Companion$setShortcuts$$inlined$CoroutineExceptionHandler$1
08-29 03:27:38.708 15666 15666 D GAPS    : METHOD=<org.wikipedia.appshortcuts.AppShortcuts$Companion$setShortcuts$$inlined$CoroutineExceptionHandler$1: void <init>(kotlinx.coroutines.CoroutineExceptionHandler$Key)>
08-29 03:27:38.708 15666 15666 D GAPS    : CLASS=org.wikipedia.appshortcuts.AppShortcuts$Companion$setShortcuts$2
08-29 03:27:38.708 15666 15666 D GAPS    : METHOD=<org.wikipedia.appshortcuts.AppShortcuts$Companion$setShortcuts$2: void <init>(android.content.Context,kotlin.coroutines.Continuation)>
08-29 03:27:38.708 15666 15666 D GAPS    : CLASS=kotlin.coroutines.jvm.internal.SuspendLambda
08-29 03:27:38.708 15666 15666 D GAPS    : METHOD=<kotlin.coroutines.jvm.internal.SuspendLambda: void <init>(int,kotlin.coroutines.Continuation)>
08-29 03:27:38.708 15666 15666 D GAPS    : CLASS=kotlin.coroutines.jvm.internal.ContinuationImpl
08-29 03:27:38.708 15666 15666 D GAPS    : METHOD=<kotlin.coroutines.jvm.internal.ContinuationImpl: void <init>(kotlin.coroutines.Continuation)>
08-29 03:27:38.708 15666 15666 D GAPS    : METHOD=<kotlin.coroutines.jvm.internal.ContinuationImpl: void <init>(kotlin.coroutines.Continuation,kotlin.coroutines.CoroutineContext)>
08-29 03:27:38.708 15666 15666 D GAPS    : CLASS=kotlin.coroutines.jvm.internal.BaseContinuationImpl
08-29 03:27:38.708 15666 15666 D GAPS    : METHOD=<kotlin.coroutines.jvm.internal.BaseContinuationImpl: void <init>(kotlin.coroutines.Continuation)>
08-29 03:27:38.708 15666 15666 D GAPS    : METHOD=<kotlinx.coroutines.BuildersKt: kotlinx.coroutines.Job launch$default(kotlinx.coroutines.CoroutineScope,kotlin.coroutines.CoroutineContext,kotlinx.coroutines.CoroutineStart,kotlin.jvm.functions.Function2,int,java.lang.Object)>
08-29 03:27:38.708 15666 15666 D GAPS    : METHOD=<kotlinx.coroutines.BuildersKt__Builders_commonKt: kotlinx.coroutines.Job launch$default(kotlinx.coroutines.CoroutineScope,kotlin.coroutines.CoroutineContext,kotlinx.coroutines.CoroutineStart,kotlin.jvm.functions.Function2,int,java.lang.Object)>
08-29 03:27:38.708 15666 15666 D GAPS    : CLASS=kotlinx.coroutines.CoroutineStart
08-29 03:27:38.708 15666 15666 D GAPS    : METHOD=<kotlinx.coroutines.CoroutineStart: void <clinit>()>
08-29 03:27:38.708 15666 15666 D GAPS    : METHOD=<kotlinx.coroutines.CoroutineStart: void <init>(java.lang.String,int)>
08-29 03:27:38.708 15666 15666 D GAPS    : METHOD=<kotlinx.coroutines.CoroutineStart: kotlinx.coroutines.CoroutineStart[] $values()>
08-29 03:27:38.708 15666 15666 D GAPS    : METHOD=<kotlinx.coroutines.BuildersKt: kotlinx.coroutines.Job launch(kotlinx.coroutines.CoroutineScope,kotlin.coroutines.CoroutineContext,kotlinx.coroutines.CoroutineStart,kotlin.jvm.functions.Function2)>
08-29 03:27:38.708 15666 15666 D GAPS    : METHOD=<kotlinx.coroutines.BuildersKt__Builders_commonKt: kotlinx.coroutines.Job launch(kotlinx.coroutines.CoroutineScope,kotlin.coroutines.CoroutineContext,kotlinx.coroutines.CoroutineStart,kotlin.jvm.functions.Function2)>
08-29 03:27:38.708 15666 15666 D GAPS    : METHOD=<kotlinx.coroutines.CoroutineContextKt: kotlin.coroutines.CoroutineContext newCoroutineContext(kotlinx.coroutines.CoroutineScope,kotlin.coroutines.CoroutineContext)>
08-29 03:27:38.708 15666 15666 D GAPS    : METHOD=<kotlinx.coroutines.internal.ContextScope: kotlin.coroutines.CoroutineContext getCoroutineContext()>
08-29 03:27:38.708 15666 15666 D GAPS    : METHOD=<kotlinx.coroutines.CoroutineContextKt: kotlin.coroutines.CoroutineContext foldCopies(kotlin.coroutines.CoroutineContext,kotlin.coroutines.CoroutineContext,boolean)>
08-29 03:27:38.708 15666 15666 D GAPS    : METHOD=<kotlinx.coroutines.CoroutineContextKt: boolean hasCopyableElements(kotlin.coroutines.CoroutineContext)>
08-29 03:27:38.708 15666 15666 D GAPS    : CLASS=kotlinx.coroutines.CoroutineContextKt$hasCopyableElements$1
08-29 03:27:38.708 15666 15666 D GAPS    : METHOD=<kotlinx.coroutines.CoroutineContextKt$hasCopyableElements$1: void <clinit>()>
08-29 03:27:38.708 15666 15666 D GAPS    : METHOD=<kotlinx.coroutines.CoroutineContextKt$hasCopyableElements$1: void <init>()>
08-29 03:27:38.708 15666 15666 D GAPS    : METHOD=<kotlin.coroutines.CombinedContext: java.lang.Object fold(java.lang.Object,kotlin.jvm.functions.Function2)>
08-29 03:27:38.708 15666 15666 D GAPS    : METHOD=<kotlinx.coroutines.CoroutineContextKt$hasCopyableElements$1: java.lang.Object invoke(java.lang.Object,java.lang.Object)>
08-29 03:27:38.708 15666 15666 D GAPS    : METHOD=<kotlinx.coroutines.CoroutineContextKt$hasCopyableElements$1: java.lang.Boolean invoke(boolean,kotlin.coroutines.CoroutineContext$Element)>
08-29 03:27:38.709 15666 15666 D GAPS    : METHOD=<kotlin.coroutines.AbstractCoroutineContextElement: java.lang.Object fold(java.lang.Object,kotlin.jvm.functions.Function2)>
08-29 03:27:38.709 15666 15666 D GAPS    : METHOD=<kotlin.coroutines.CombinedContext: kotlin.coroutines.CoroutineContext plus(kotlin.coroutines.CoroutineContext)>
08-29 03:27:38.709 15666 15666 D GAPS    : METHOD=<kotlin.coroutines.AbstractCoroutineContextElement: kotlin.coroutines.CoroutineContext$Key getKey()>
