08-29 03:27:38.751 15666 15693 D GAPS    : METHOD=<org.wikipedia.settings.Prefs: java.lang.String getAppChannel()>
08-29 03:27:38.751 15666 15693 D GAPS    : CLASS=kotlin.jvm.internal.StringCompanionObject
08-29 03:27:38.751 15666 15693 D GAPS    : METHOD=<kotlin.jvm.internal.StringCompanionObject: void <clinit>()>
08-29 03:27:38.751 15666 15693 D GAPS    : METHOD=<kotlin.jvm.internal.StringCompanionObject: void <init>()>
08-29 03:27:38.751 15666 15693 D GAPS    : METHOD=<okhttp3.Request$Builder: okhttp3.Request$Builder header(java.lang.String,java.lang.String)>
08-29 03:27:38.751 15666 15693 D GAPS    : METHOD=<okhttp3.Request$Builder: okhttp3.Headers$Builder getHeaders$okhttp()>
08-29 03:27:38.751 15666 15693 D GAPS    : METHOD=<okhttp3.Headers$Builder: okhttp3.Headers$Builder set(java.lang.String,java.lang.String)>
08-29 03:27:38.751 15666 15693 D GAPS    : METHOD=<okhttp3.Headers$Companion: void access$checkName(okhttp3.Headers$Companion,java.lang.String)>
08-29 03:27:38.751 15666 15693 D GAPS    : METHOD=<okhttp3.Headers$Companion: void checkName(java.lang.String)>
08-29 03:27:38.751 15666 15693 D GAPS    : METHOD=<okhttp3.Headers$Companion: void access$checkValue(okhttp3.Headers$Companion,java.lang.String,java.lang.String)>
08-29 03:27:38.751 15666 15693 D GAPS    : METHOD=<okhttp3.Headers$Companion: void checkValue(java.lang.String,java.lang.String)>
08-29 03:27:38.751 15666 15693 D GAPS    : METHOD=<okhttp3.Headers$Builder: okhttp3.Headers$Builder removeAll(java.lang.String)>
08-29 03:27:38.751 15666 15693 D GAPS    : METHOD=<okhttp3.Headers$Builder: okhttp3.Headers$Builder addLenient$okhttp(java.lang.String,java.lang.String)>
08-29 03:27:38.751 15666 15693 D GAPS    : METHOD=<kotlin.text.StringsKt: java.lang.CharSequence trim(java.lang.CharSequence)>
08-29 03:27:38.751 15666 15693 D GAPS    : METHOD=<kotlin.text.StringsKt__StringsKt: java.lang.CharSequence trim(java.lang.CharSequence)>
08-29 03:27:38.751 15666 15693 D GAPS    : METHOD=<okhttp3.HttpUrl: java.lang.String encodedPath()>
08-29 03:27:38.751 15666 15693 D GAPS    : METHOD=<org.wikipedia.dataclient.okhttp.DefaultMaxStaleRequestInterceptor: okhttp3.Response intercept(okhttp3.Interceptor$Chain)>
08-29 03:27:38.751 15666 15693 D GAPS    : METHOD=<okhttp3.Request: okhttp3.CacheControl cacheControl()>
08-29 03:27:38.751 15666 15693 D GAPS    : METHOD=<okhttp3.CacheControl$Companion: okhttp3.CacheControl parse(okhttp3.Headers)>
08-29 03:27:38.751 15666 15693 D GAPS    : METHOD=<okhttp3.Headers: int size()>
08-29 03:27:38.751 15666 15693 D GAPS    : METHOD=<okhttp3.Headers: java.lang.String name(int)>
08-29 03:27:38.751 15666 15693 D GAPS    : METHOD=<okhttp3.Headers: java.lang.String value(int)>
08-29 03:27:38.751 15666 15693 D GAPS    : METHOD=<okhttp3.CacheControl: boolean noCache()>
08-29 03:27:38.751 15666 15693 D GAPS    : METHOD=<okhttp3.CacheControl: int maxAgeSeconds()>
08-29 03:27:38.751 15666 15693 D GAPS    : METHOD=<org.wikipedia.settings.Prefs: boolean preferOfflineContent()>
08-29 03:27:38.751 15666 15693 D GAPS    : METHOD=<org.wikipedia.dataclient.okhttp.OfflineCacheInterceptor: okhttp3.Response intercept(okhttp3.Interceptor$Chain)>
08-29 03:27:38.751 15666 15693 D GAPS    : METHOD=<okhttp3.Request: java.lang.String header(java.lang.String)>
08-29 03:27:38.751 15666 15693 D GAPS    : METHOD=<okhttp3.Headers: java.lang.String get(java.lang.String)>
08-29 03:27:38.751 15666 15693 D GAPS    : METHOD=<okhttp3.Headers$Companion: java.lang.String access$get(okhttp3.Headers$Companion,java.lang.String[],java.lang.String)>
08-29 03:27:38.751 15666 15693 D GAPS    : METHOD=<okhttp3.Headers$Companion: java.lang.String get(java.lang.String[],java.lang.String)>
08-29 03:27:38.751 15666 15693 D GAPS    : METHOD=<org.wikipedia.util.UriUtil: java.lang.String decodeURL(java.lang.String)>
08-29 03:27:38.751 15666 15693 D GAPS    : METHOD=<org.wikipedia.dataclient.okhttp.TestStubInterceptor: okhttp3.Response intercept(okhttp3.Interceptor$Chain)>
08-29 03:27:38.751 15666 15693 D GAPS    : METHOD=<org.wikipedia.dataclient.okhttp.TitleEncodeInterceptor: okhttp3.Response intercept(okhttp3.Interceptor$Chain)>
08-29 03:27:38.751 15666 15693 D GAPS    : METHOD=<okhttp3.HttpUrl: int pathSize()>
08-29 03:27:38.751 15666 15693 D GAPS    : METHOD=<org.wikipedia.dataclient.ServiceFactory$LanguageVariantHeaderInterceptor: okhttp3.Response intercept(okhttp3.Interceptor$Chain)>
08-29 03:27:38.751 15666 15693 D GAPS    : METHOD=<org.wikipedia.WikipediaApp: java.lang.String getAcceptLanguage(org.wikipedia.dataclient.WikiSite)>
08-29 03:27:38.751 15666 15693 D GAPS    : METHOD=<org.wikipedia.dataclient.WikiSite: java.lang.String getLanguageCode()>
08-29 03:27:38.751 15666 15666 D GAPS    : METHOD=<androidx.core.app.CoreComponentFactory: android.app.Activity instantiateActivity(java.lang.ClassLoader,java.lang.String,android.content.Intent)>
08-29 03:27:38.751 15666 15693 D GAPS    : CLASS=org.wikipedia.language.AcceptLanguageUtil
08-29 03:27:38.751 15666 15693 D GAPS    : METHOD=<org.wikipedia.language.AcceptLanguageUtil: void <clinit>()>
08-29 03:27:38.751 15666 15693 D GAPS    : METHOD=<org.wikipedia.language.AcceptLanguageUtil: void <init>()>
08-29 03:27:38.751 15666 15693 D GAPS    : METHOD=<org.wikipedia.WikipediaApp: org.wikipedia.language.AppLanguageState getLanguageState()>
08-29 03:27:38.751 15666 15693 D GAPS    : METHOD=<org.wikipedia.WikipediaApp$languageState$2: java.lang.Object invoke()>
08-29 03:27:38.751 15666 15693 D GAPS    : METHOD=<org.wikipedia.WikipediaApp$languageState$2: org.wikipedia.language.AppLanguageState invoke()>
08-29 03:27:38.752 15666 15693 D GAPS    : CLASS=org.wikipedia.language.AppLanguageState
08-29 03:27:38.752 15666 15693 D GAPS    : METHOD=<org.wikipedia.language.AppLanguageState: void <init>(android.content.Context)>
08-29 03:27:38.752 15666 15693 D GAPS    : CLASS=org.wikipedia.language.AppLanguageLookUpTable
08-29 03:27:38.752 15666 15693 D GAPS    : METHOD=<org.wikipedia.language.AppLanguageLookUpTable: void <clinit>()>
08-29 03:27:38.752 15666 15693 D GAPS    : CLASS=org.wikipedia.language.AppLanguageLookUpTable$Companion
08-29 03:27:38.752 15666 15693 D GAPS    : METHOD=<org.wikipedia.language.AppLanguageLookUpTable$Companion: void <init>(kotlin.jvm.internal.DefaultConstructorMarker)>
08-29 03:27:38.752 15666 15693 D GAPS    : METHOD=<org.wikipedia.language.AppLanguageLookUpTable$Companion: void <init>()>
08-29 03:27:38.752 15666 15693 D GAPS    : METHOD=<org.wikipedia.language.AppLanguageLookUpTable: void <init>(android.content.Context)>
08-29 03:27:38.752 15666 15666 D GAPS    : CLASS=org.wikipedia.activity.BaseActivity
08-29 03:27:38.752 15666 15666 D GAPS    : METHOD=<org.wikipedia.activity.BaseActivity: void <clinit>()>
08-29 03:27:38.752 15666 15666 D GAPS    : CLASS=org.wikipedia.activity.BaseActivity$Companion
08-29 03:27:38.752 15666 15666 D GAPS    : METHOD=<org.wikipedia.activity.BaseActivity$Companion: void <init>(kotlin.jvm.internal.DefaultConstructorMarker)>
08-29 03:27:38.752 15666 15666 D GAPS    : METHOD=<org.wikipedia.activity.BaseActivity$Companion: void <init>()>
08-29 03:27:38.752 15666 15666 D GAPS    : CLASS=org.wikipedia.main.MainActivity
08-29 03:27:38.752 15666 15666 D GAPS    : METHOD=<org.wikipedia.main.MainActivity: void <clinit>()>
08-29 03:27:38.752 15666 15666 D GAPS    : CLASS=org.wikipedia.main.MainActivity$Companion
08-29 03:27:38.752 15666 15666 D GAPS    : METHOD=<org.wikipedia.main.MainActivity$Companion: void <init>(kotlin.jvm.internal.DefaultConstructorMarker)>
08-29 03:27:38.752 15666 15666 D GAPS    : METHOD=<org.wikipedia.main.MainActivity$Companion: void <init>()>
08-29 03:27:38.752 15666 15666 D GAPS    : METHOD=<org.wikipedia.main.MainActivity: void <init>()>
08-29 03:27:38.752 15666 15666 D GAPS    : CLASS=org.wikipedia.activity.SingleFragmentActivity
08-29 03:27:38.752 15666 15666 D GAPS    : METHOD=<org.wikipedia.activity.SingleFragmentActivity: void <init>()>
08-29 03:27:38.752 15666 15666 D GAPS    : METHOD=<org.wikipedia.activity.BaseActivity: void <init>()>
08-29 03:27:38.752 15666 15666 D GAPS    : CLASS=androidx.appcompat.app.AppCompatActivity
08-29 03:27:38.752 15666 15666 D GAPS    : METHOD=<androidx.appcompat.app.AppCompatActivity: void <init>()>
08-29 03:27:38.752 15666 15666 D GAPS    : CLASS=androidx.fragment.app.FragmentActivity
08-29 03:27:38.752 15666 15666 D GAPS    : METHOD=<androidx.fragment.app.FragmentActivity: void <init>()>
08-29 03:27:38.752 15666 15666 D GAPS    : CLASS=androidx.activity.ComponentActivity
08-29 03:27:38.752 15666 15666 D GAPS    : METHOD=<androidx.activity.ComponentActivity: void <init>()>
08-29 03:27:38.752 15666 15666 D GAPS    : CLASS=androidx.core.app.ComponentActivity
08-29 03:27:38.752 15666 15666 D GAPS    : METHOD=<androidx.core.app.ComponentActivity: void <init>()>
08-29 03:27:38.752 15666 15666 D GAPS    : CLASS=androidx.collection.SimpleArrayMap
08-29 03:27:38.752 15666 15666 D GAPS    : METHOD=<androidx.collection.SimpleArrayMap: void <init>()>
08-29 03:27:38.752 15666 15666 D GAPS    : CLASS=androidx.collection.ContainerHelpers
08-29 03:27:38.752 15666 15666 D GAPS    : METHOD=<androidx.collection.ContainerHelpers: void <clinit>()>
08-29 03:27:38.752 15666 15666 D GAPS    : CLASS=androidx.activity.contextaware.ContextAwareHelper
08-29 03:27:38.752 15666 15666 D GAPS    : METHOD=<androidx.activity.contextaware.ContextAwareHelper: void <init>()>
08-29 03:27:38.752 15666 15666 D GAPS    : CLASS=androidx.activity.ComponentActivity$$ExternalSyntheticLambda0
08-29 03:27:38.752 15666 15666 D GAPS    : METHOD=<androidx.activity.ComponentActivity$$ExternalSyntheticLambda0: void <init>(androidx.activity.ComponentActivity)>
08-29 03:27:38.752 15666 15666 D GAPS    : CLASS=androidx.core.view.MenuHostHelper
08-29 03:27:38.752 15666 15666 D GAPS    : METHOD=<androidx.core.view.MenuHostHelper: void <init>(java.lang.Runnable)>
08-29 03:27:38.752 15666 15666 D GAPS    : CLASS=androidx.savedstate.SavedStateRegistryController
08-29 03:27:38.752 15666 15666 D GAPS    : METHOD=<androidx.savedstate.SavedStateRegistryController: void <clinit>()>
08-29 03:27:38.752 15666 15666 D GAPS    : CLASS=androidx.savedstate.SavedStateRegistryController$Companion
08-29 03:27:38.752 15666 15666 D GAPS    : METHOD=<androidx.savedstate.SavedStateRegistryController$Companion: void <init>(kotlin.jvm.internal.DefaultConstructorMarker)>
08-29 03:27:38.752 15666 15666 D GAPS    : METHOD=<androidx.savedstate.SavedStateRegistryController$Companion: void <init>()>
08-29 03:27:38.752 15666 15666 D GAPS    : METHOD=<androidx.savedstate.SavedStateRegistryController: androidx.savedstate.SavedStateRegistryController create(androidx.savedstate.SavedStateRegistryOwner)>
08-29 03:27:38.752 15666 15666 D GAPS    : METHOD=<androidx.savedstate.SavedStateRegistryController$Companion: androidx.savedstate.SavedStateRegistryController create(androidx.savedstate.SavedStateRegistryOwner)>
08-29 03:27:38.752 15666 15666 D GAPS    : METHOD=<androidx.savedstate.SavedStateRegistryController: void <init>(androidx.savedstate.SavedStateRegistryOwner,kotlin.jvm.internal.DefaultConstructorMarker)>
08-29 03:27:38.752 15666 15666 D GAPS    : METHOD=<androidx.savedstate.SavedStateRegistryController: void <init>(androidx.savedstate.SavedStateRegistryOwner)>
08-29 03:27:38.752 15666 15666 D GAPS    : CLASS=androidx.savedstate.SavedStateRegistry
08-29 03:27:38.752 15666 15666 D GAPS    : METHOD=<androidx.savedstate.SavedStateRegistry: void <clinit>()>
08-29 03:27:38.752 15666 15693 D GAPS    : CLASS=org.wikipedia.language.AppLanguageLookUpTable$codes$2
08-29 03:27:38.752 15666 15666 D GAPS    : CLASS=androidx.savedstate.SavedStateRegistry$Companion
08-29 03:27:38.752 15666 15666 D GAPS    : METHOD=<androidx.savedstate.SavedStateRegistry$Companion: void <init>(kotlin.jvm.internal.DefaultConstructorMarker)>
08-29 03:27:38.752 15666 15693 D GAPS    : METHOD=<org.wikipedia.language.AppLanguageLookUpTable$codes$2: void <init>(org.wikipedia.language.AppLanguageLookUpTable)>
08-29 03:27:38.752 15666 15666 D GAPS    : METHOD=<androidx.savedstate.SavedStateRegistry$Companion: void <init>()>
08-29 03:27:38.752 15666 15666 D GAPS    : METHOD=<androidx.savedstate.SavedStateRegistry: void <init>()>
08-29 03:27:38.752 15666 15693 D GAPS    : CLASS=org.wikipedia.language.AppLanguageLookUpTable$bcp47codes$2
08-29 03:27:38.752 15666 15693 D GAPS    : METHOD=<org.wikipedia.language.AppLanguageLookUpTable$bcp47codes$2: void <init>(org.wikipedia.language.AppLanguageLookUpTable)>
08-29 03:27:38.752 15666 15693 D GAPS    : CLASS=org.wikipedia.language.AppLanguageLookUpTable$canonicalNames$2
08-29 03:27:38.752 15666 15693 D GAPS    : METHOD=<org.wikipedia.language.AppLanguageLookUpTable$canonicalNames$2: void <init>(org.wikipedia.language.AppLanguageLookUpTable)>
08-29 03:27:38.752 15666 15693 D GAPS    : CLASS=org.wikipedia.language.AppLanguageLookUpTable$localizedNames$2
08-29 03:27:38.752 15666 15693 D GAPS    : METHOD=<org.wikipedia.language.AppLanguageLookUpTable$localizedNames$2: void <init>(org.wikipedia.language.AppLanguageLookUpTable)>
08-29 03:27:38.752 15666 15666 D GAPS    : CLASS=androidx.activity.ComponentActivity$1
08-29 03:27:38.752 15666 15693 D GAPS    : CLASS=org.wikipedia.language.AppLanguageLookUpTable$languagesVariants$2
08-29 03:27:38.752 15666 15666 D GAPS    : METHOD=<androidx.activity.ComponentActivity$1: void <init>(androidx.activity.ComponentActivity)>
08-29 03:27:38.752 15666 15693 D GAPS    : METHOD=<org.wikipedia.language.AppLanguageLookUpTable$languagesVariants$2: void <init>(org.wikipedia.language.AppLanguageLookUpTable)>
08-29 03:27:38.752 15666 15666 D GAPS    : CLASS=androidx.activity.OnBackPressedDispatcher
08-29 03:27:38.752 15666 15666 D GAPS    : METHOD=<androidx.activity.OnBackPressedDispatcher: void <init>(java.lang.Runnable)>
08-29 03:27:38.752 15666 15693 D GAPS    : METHOD=<org.wikipedia.settings.Prefs: java.util.List getMruLanguageCodeList()>
08-29 03:27:38.752 15666 15693 D GAPS    : CLASS=org.wikipedia.util.StringUtil
08-29 03:27:38.752 15666 15693 D GAPS    : METHOD=<org.wikipedia.util.StringUtil: void <clinit>()>
08-29 03:27:38.752 15666 15693 D GAPS    : METHOD=<org.wikipedia.util.StringUtil: void <init>()>
08-29 03:27:38.752 15666 15693 D GAPS    : METHOD=<org.wikipedia.util.StringUtil: java.util.List csvToList(java.lang.String)>
08-29 03:27:38.752 15666 15693 D GAPS    : METHOD=<org.wikipedia.util.StringUtil: java.util.List delimiterStringToList(java.lang.String,java.lang.String)>
08-29 03:27:38.752 15666 15693 D GAPS    : METHOD=<kotlin.text.StringsKt: java.util.List split$default(java.lang.CharSequence,java.lang.String[],boolean,int,int,java.lang.Object)>
08-29 03:27:38.752 15666 15693 D GAPS    : METHOD=<kotlin.text.StringsKt__StringsKt: java.util.List split$default(java.lang.CharSequence,java.lang.String[],boolean,int,int,java.lang.Object)>
08-29 03:27:38.752 15666 15693 D GAPS    : METHOD=<kotlin.text.StringsKt__StringsKt: java.util.List split(java.lang.CharSequence,java.lang.String[],boolean,int)>
08-29 03:27:38.752 15666 15693 D GAPS    : METHOD=<kotlin.text.StringsKt__StringsKt: java.util.List split$StringsKt__StringsKt(java.lang.CharSequence,java.lang.String,boolean,int)>
08-29 03:27:38.752 15666 15666 D GAPS    : CLASS=kotlin.collections.ArrayDeque
08-29 03:27:38.752 15666 15666 D GAPS    : METHOD=<kotlin.collections.ArrayDeque: void <clinit>()>
08-29 03:27:38.752 15666 15693 D GAPS    : METHOD=<kotlin.collections.CollectionsKt: java.util.List listOf(java.lang.Object)>
08-29 03:27:38.752 15666 15693 D GAPS    : METHOD=<kotlin.collections.CollectionsKt__CollectionsJVMKt: java.util.List listOf(java.lang.Object)>
08-29 03:27:38.752 15666 15693 D GAPS    : METHOD=<org.wikipedia.settings.Prefs: java.util.List getAppLanguageCodeList()>
08-29 03:27:38.752 15666 15666 D GAPS    : CLASS=kotlin.collections.ArrayDeque$Companion
08-29 03:27:38.752 15666 15666 D GAPS    : METHOD=<kotlin.collections.ArrayDeque$Companion: void <init>(kotlin.jvm.internal.DefaultConstructorMarker)>
08-29 03:27:38.752 15666 15666 D GAPS    : METHOD=<kotlin.collections.ArrayDeque$Companion: void <init>()>
08-29 03:27:38.752 15666 15666 D GAPS    : METHOD=<kotlin.collections.ArrayDeque: void <init>()>
08-29 03:27:38.752 15666 15666 D GAPS    : CLASS=kotlin.collections.AbstractMutableList
08-29 03:27:38.752 15666 15666 D GAPS    : METHOD=<kotlin.collections.AbstractMutableList: void <init>()>
08-29 03:27:38.752 15666 15693 D GAPS    : METHOD=<org.wikipedia.language.AppLanguageState: void initAppLanguageCodes()>
08-29 03:27:38.752 15666 15666 D GAPS    : CLASS=androidx.activity.OnBackPressedDispatcher$1
08-29 03:27:38.752 15666 15666 D GAPS    : METHOD=<androidx.activity.OnBackPressedDispatcher$1: void <init>(androidx.activity.OnBackPressedDispatcher)>
08-29 03:27:38.752 15666 15693 D GAPS    : METHOD=<org.wikipedia.language.AppLanguageState: java.lang.String getBcp47LanguageCode(java.lang.String)>
08-29 03:27:38.752 15666 15666 D GAPS    : CLASS=androidx.activity.OnBackPressedDispatcher$Api33Impl
08-29 03:27:38.752 15666 15666 D GAPS    : METHOD=<androidx.activity.OnBackPressedDispatcher$Api33Impl: void <clinit>()>
08-29 03:27:38.752 15666 15666 D GAPS    : METHOD=<androidx.activity.OnBackPressedDispatcher$Api33Impl: void <init>()>
08-29 03:27:38.752 15666 15693 D GAPS    : METHOD=<org.wikipedia.language.AppLanguageLookUpTable: java.lang.String getBcp47Code(java.lang.String)>
08-29 03:27:38.752 15666 15693 D GAPS    : METHOD=<org.wikipedia.language.AppLanguageLookUpTable: java.util.Map getBcp47codes()>
08-29 03:27:38.752 15666 15666 D GAPS    : CLASS=androidx.activity.OnBackPressedDispatcher$2
08-29 03:27:38.752 15666 15693 D GAPS    : METHOD=<org.wikipedia.language.AppLanguageLookUpTable$bcp47codes$2: java.lang.Object invoke()>
08-29 03:27:38.752 15666 15666 D GAPS    : METHOD=<androidx.activity.OnBackPressedDispatcher$2: void <init>(androidx.activity.OnBackPressedDispatcher)>
08-29 03:27:38.752 15666 15666 D GAPS    : METHOD=<androidx.activity.OnBackPressedDispatcher$Api33Impl: android.window.OnBackInvokedCallback createOnBackInvokedCallback(kotlin.jvm.functions.Function0)>
08-29 03:27:38.752 15666 15693 D GAPS    : METHOD=<org.wikipedia.language.AppLanguageLookUpTable$bcp47codes$2: java.util.Map invoke()>
08-29 03:27:38.752 15666 15693 D GAPS    : METHOD=<org.wikipedia.language.AppLanguageLookUpTable: java.util.List access$getStringList(org.wikipedia.language.AppLanguageLookUpTable,int)>
08-29 03:27:38.752 15666 15693 D GAPS    : METHOD=<org.wikipedia.language.AppLanguageLookUpTable: java.util.List getStringList(int)>
08-29 03:27:38.752 15666 15666 D GAPS    : CLASS=androidx.activity.OnBackPressedDispatcher$Api33Impl$$ExternalSyntheticLambda0
08-29 03:27:38.752 15666 15666 D GAPS    : METHOD=<androidx.activity.OnBackPressedDispatcher$Api33Impl$$ExternalSyntheticLambda0: void <init>(kotlin.jvm.functions.Function0)>
08-29 03:27:38.753 15666 15666 D GAPS    : METHOD=<androidx.activity.ComponentActivity: androidx.activity.ComponentActivity$ReportFullyDrawnExecutor createFullyDrawnExecutor()>
08-29 03:27:38.753 15666 15693 D GAPS    : METHOD=<org.wikipedia.language.AppLanguageLookUpTable: java.util.List getCodes()>
08-29 03:27:38.753 15666 15693 D GAPS    : METHOD=<org.wikipedia.language.AppLanguageLookUpTable$codes$2: java.lang.Object invoke()>
08-29 03:27:38.753 15666 15693 D GAPS    : METHOD=<org.wikipedia.language.AppLanguageLookUpTable$codes$2: java.util.List invoke()>
08-29 03:27:38.753 15666 15666 D GAPS    : CLASS=androidx.activity.ComponentActivity$ReportFullyDrawnExecutorApi16Impl
08-29 03:27:38.753 15666 15666 D GAPS    : METHOD=<androidx.activity.ComponentActivity$ReportFullyDrawnExecutorApi16Impl: void <init>(androidx.activity.ComponentActivity)>
08-29 03:27:38.753 15666 15666 D GAPS    : CLASS=androidx.activity.ComponentActivity$$ExternalSyntheticLambda1
08-29 03:27:38.753 15666 15666 D GAPS    : METHOD=<androidx.activity.ComponentActivity$$ExternalSyntheticLambda1: void <init>(androidx.activity.ComponentActivity)>
08-29 03:27:38.753 15666 15666 D GAPS    : CLASS=androidx.activity.FullyDrawnReporter
08-29 03:27:38.753 15666 15666 D GAPS    : METHOD=<androidx.activity.FullyDrawnReporter: void <init>(java.util.concurrent.Executor,kotlin.jvm.functions.Function0)>
08-29 03:27:38.753 15666 15693 D GAPS    : METHOD=<org.wikipedia.language.AppLanguageState: java.lang.String getAppLanguageCode()>
08-29 03:27:38.753 15666 15693 D GAPS    : METHOD=<org.wikipedia.language.AppLanguageState: java.util.List getAppLanguageCodes()>
08-29 03:27:38.753 15666 15693 D GAPS    : METHOD=<kotlin.collections.CollectionsKt: java.lang.Object first(java.util.List)>
08-29 03:27:38.753 15666 15693 D GAPS    : METHOD=<kotlin.collections.CollectionsKt___CollectionsKt: java.lang.Object first(java.util.List)>
08-29 03:27:38.753 15666 15693 D GAPS    : METHOD=<org.wikipedia.language.AppLanguageState: java.lang.String getSystemLanguageCode()>
08-29 03:27:38.753 15666 15666 D GAPS    : CLASS=androidx.activity.FullyDrawnReporter$$ExternalSyntheticLambda0
08-29 03:27:38.753 15666 15666 D GAPS    : METHOD=<androidx.activity.FullyDrawnReporter$$ExternalSyntheticLambda0: void <init>(androidx.activity.FullyDrawnReporter)>
08-29 03:27:38.753 15666 15693 D GAPS    : CLASS=org.wikipedia.language.LanguageUtil
08-29 03:27:38.753 15666 15693 D GAPS    : METHOD=<org.wikipedia.language.LanguageUtil: void <clinit>()>
08-29 03:27:38.753 15666 15693 D GAPS    : METHOD=<org.wikipedia.language.LanguageUtil: void <init>()>
08-29 03:27:38.753 15666 15693 D GAPS    : METHOD=<org.wikipedia.language.LanguageUtil: java.lang.String localeToWikiLanguageCode(java.util.Locale)>
08-29 03:27:38.753 15666 15693 D GAPS    : METHOD=<org.wikipedia.language.AppLanguageLookUpTable: boolean isSupportedCode(java.lang.String)>
08-29 03:27:38.753 15666 15693 D GAPS    : METHOD=<kotlin.collections.CollectionsKt: boolean contains(java.lang.Iterable,java.lang.Object)>
08-29 03:27:38.753 15666 15693 D GAPS    : METHOD=<kotlin.collections.CollectionsKt___CollectionsKt: boolean contains(java.lang.Iterable,java.lang.Object)>
08-29 03:27:38.753 15666 15693 D GAPS    : METHOD=<org.wikipedia.language.AcceptLanguageUtil: java.lang.String getAcceptLanguage(java.lang.String,java.lang.String,java.lang.String)>
08-29 03:27:38.753 15666 15693 D GAPS    : METHOD=<org.wikipedia.language.AcceptLanguageUtil: java.lang.String appendToAcceptLanguage(java.lang.String,java.lang.String,float)>
08-29 03:27:38.753 15666 15666 D GAPS    : CLASS=androidx.activity.ComponentActivity$2
08-29 03:27:38.753 15666 15666 D GAPS    : METHOD=<androidx.activity.ComponentActivity$2: void <init>(androidx.activity.ComponentActivity)>
08-29 03:27:38.753 15666 15666 D GAPS    : CLASS=androidx.activity.result.ActivityResultRegistry
08-29 03:27:38.753 15666 15666 D GAPS    : METHOD=<androidx.activity.result.ActivityResultRegistry: void <init>()>
08-29 03:27:38.753 15666 15666 D GAPS    : METHOD=<androidx.activity.ComponentActivity: androidx.lifecycle.Lifecycle getLifecycle()>
08-29 03:27:38.753 15666 15666 D GAPS    : CLASS=androidx.activity.ComponentActivity$3
08-29 03:27:38.753 15666 15666 D GAPS    : METHOD=<androidx.activity.ComponentActivity$3: void <init>(androidx.activity.ComponentActivity)>
08-29 03:27:38.753 15666 15693 D GAPS    : METHOD=<okhttp3.internal.http.RetryAndFollowUpInterceptor: okhttp3.Response intercept(okhttp3.Interceptor$Chain)>
08-29 03:27:38.753 15666 15693 D GAPS    : METHOD=<okhttp3.internal.http.RealInterceptorChain: okhttp3.Request getRequest$okhttp()>
08-29 03:27:38.753 15666 15693 D GAPS    : METHOD=<okhttp3.internal.http.RealInterceptorChain: okhttp3.internal.connection.RealCall getCall$okhttp()>
08-29 03:27:38.753 15666 15693 D GAPS    : METHOD=<okhttp3.internal.connection.RealCall: void enterNetworkInterceptorExchange(okhttp3.Request,boolean)>
08-29 03:27:38.753 15666 15666 D GAPS    : CLASS=androidx.activity.ComponentActivity$4
08-29 03:27:38.753 15666 15666 D GAPS    : METHOD=<androidx.activity.ComponentActivity$4: void <init>(androidx.activity.ComponentActivity)>
08-29 03:27:38.753 15666 15693 D GAPS    : METHOD=<okhttp3.internal.connection.RealCall: okhttp3.Address createAddress(okhttp3.HttpUrl)>
08-29 03:27:38.753 15666 15693 D GAPS    : METHOD=<okhttp3.HttpUrl: boolean isHttps()>
08-29 03:27:38.753 15666 15693 D GAPS    : METHOD=<okhttp3.OkHttpClient: javax.net.ssl.SSLSocketFactory sslSocketFactory()>
08-29 03:27:38.753 15666 15666 D GAPS    : CLASS=androidx.activity.ComponentActivity$5
08-29 03:27:38.753 15666 15666 D GAPS    : METHOD=<androidx.activity.ComponentActivity$5: void <init>(androidx.activity.ComponentActivity)>
08-29 03:27:38.753 15666 15666 D GAPS    : METHOD=<androidx.savedstate.SavedStateRegistryController: void performAttach()>
08-29 03:27:38.753 15666 15666 D GAPS    : METHOD=<androidx.lifecycle.LifecycleRegistry: androidx.lifecycle.Lifecycle$State getCurrentState()>
08-29 03:27:38.753 15666 15693 D GAPS    : CLASS=okhttp3.Address
08-29 03:27:38.753 15666 15693 D GAPS    : METHOD=<okhttp3.Address: void <init>(java.lang.String,int,okhttp3.Dns,javax.net.SocketFactory,javax.net.ssl.SSLSocketFactory,javax.net.ssl.HostnameVerifier,okhttp3.CertificatePinner,okhttp3.Authenticator,java.net.Proxy,java.util.List,java.util.List,java.net.ProxySelector)>
08-29 03:27:38.753 15666 15666 D GAPS    : CLASS=androidx.savedstate.Recreator
08-29 03:27:38.753 15666 15666 D GAPS    : METHOD=<androidx.savedstate.Recreator: void <clinit>()>
08-29 03:27:38.753 15666 15666 D GAPS    : CLASS=androidx.savedstate.Recreator$Companion
08-29 03:27:38.753 15666 15666 D GAPS    : METHOD=<androidx.savedstate.Recreator$Companion: void <init>(kotlin.jvm.internal.DefaultConstructorMarker)>
08-29 03:27:38.753 15666 15666 D GAPS    : METHOD=<androidx.savedstate.Recreator$Companion: void <init>()>
08-29 03:27:38.753 15666 15666 D GAPS    : METHOD=<androidx.savedstate.Recreator: void <init>(androidx.savedstate.SavedStateRegistryOwner)>
08-29 03:27:38.753 15666 15666 D GAPS    : METHOD=<androidx.savedstate.SavedStateRegistry: void performAttach$savedstate_release(androidx.lifecycle.Lifecycle)>
08-29 03:27:38.753 15666 15693 D GAPS    : METHOD=<okhttp3.HttpUrl$Builder: okhttp3.HttpUrl$Builder scheme(java.lang.String)>
08-29 03:27:38.753 15666 15666 D GAPS    : CLASS=androidx.savedstate.SavedStateRegistry$$ExternalSyntheticLambda0
08-29 03:27:38.753 15666 15666 D GAPS    : METHOD=<androidx.savedstate.SavedStateRegistry$$ExternalSyntheticLambda0: void <init>(androidx.savedstate.SavedStateRegistry)>
08-29 03:27:38.753 15666 15666 D GAPS    : CLASS=androidx.lifecycle.SavedStateHandleSupport
08-29 03:27:38.753 15666 15666 D GAPS    : METHOD=<androidx.lifecycle.SavedStateHandleSupport: void <clinit>()>
08-29 03:27:38.753 15666 15666 D GAPS    : CLASS=androidx.lifecycle.SavedStateHandleSupport$SAVED_STATE_REGISTRY_OWNER_KEY$1
08-29 03:27:38.753 15666 15666 D GAPS    : METHOD=<androidx.lifecycle.SavedStateHandleSupport$SAVED_STATE_REGISTRY_OWNER_KEY$1: void <init>()>
08-29 03:27:38.753 15666 15666 D GAPS    : CLASS=androidx.lifecycle.SavedStateHandleSupport$VIEW_MODEL_STORE_OWNER_KEY$1
08-29 03:27:38.753 15666 15666 D GAPS    : METHOD=<androidx.lifecycle.SavedStateHandleSupport$VIEW_MODEL_STORE_OWNER_KEY$1: void <init>()>
08-29 03:27:38.753 15666 15666 D GAPS    : CLASS=androidx.lifecycle.SavedStateHandleSupport$DEFAULT_ARGS_KEY$1
08-29 03:27:38.753 15666 15666 D GAPS    : METHOD=<androidx.lifecycle.SavedStateHandleSupport$DEFAULT_ARGS_KEY$1: void <init>()>
08-29 03:27:38.753 15666 15666 D GAPS    : METHOD=<androidx.lifecycle.SavedStateHandleSupport: void enableSavedStateHandles(androidx.savedstate.SavedStateRegistryOwner)>
08-29 03:27:38.753 15666 15666 D GAPS    : METHOD=<androidx.activity.ComponentActivity: androidx.savedstate.SavedStateRegistry getSavedStateRegistry()>
08-29 03:27:38.753 15666 15666 D GAPS    : METHOD=<androidx.savedstate.SavedStateRegistryController: androidx.savedstate.SavedStateRegistry getSavedStateRegistry()>
08-29 03:27:38.753 15666 15666 D GAPS    : METHOD=<androidx.savedstate.SavedStateRegistry: androidx.savedstate.SavedStateRegistry$SavedStateProvider getSavedStateProvider(java.lang.String)>
08-29 03:27:38.753 15666 15666 D GAPS    : METHOD=<androidx.arch.core.internal.SafeIterableMap: java.util.Iterator iterator()>
08-29 03:27:38.753 15666 15666 D GAPS    : CLASS=androidx.arch.core.internal.SafeIterableMap$AscendingIterator
08-29 03:27:38.753 15666 15666 D GAPS    : METHOD=<androidx.arch.core.internal.SafeIterableMap$AscendingIterator: void <init>(androidx.arch.core.internal.SafeIterableMap$Entry,androidx.arch.core.internal.SafeIterableMap$Entry)>
08-29 03:27:38.753 15666 15666 D GAPS    : CLASS=androidx.arch.core.internal.SafeIterableMap$ListIterator
08-29 03:27:38.753 15666 15666 D GAPS    : METHOD=<androidx.arch.core.internal.SafeIterableMap$ListIterator: void <init>(androidx.arch.core.internal.SafeIterableMap$Entry,androidx.arch.core.internal.SafeIterableMap$Entry)>
08-29 03:27:38.753 15666 15666 D GAPS    : CLASS=androidx.arch.core.internal.SafeIterableMap$SupportRemove
08-29 03:27:38.753 15666 15666 D GAPS    : METHOD=<androidx.arch.core.internal.SafeIterableMap$SupportRemove: void <init>()>
08-29 03:27:38.753 15666 15666 D GAPS    : METHOD=<androidx.arch.core.internal.SafeIterableMap$ListIterator: boolean hasNext()>
08-29 03:27:38.753 15666 15666 D GAPS    : CLASS=androidx.lifecycle.SavedStateHandlesProvider
08-29 03:27:38.753 15666 15666 D GAPS    : METHOD=<androidx.lifecycle.SavedStateHandlesProvider: void <init>(androidx.savedstate.SavedStateRegistry,androidx.lifecycle.ViewModelStoreOwner)>
08-29 03:27:38.753 15666 15666 D GAPS    : CLASS=androidx.lifecycle.SavedStateHandlesProvider$viewModel$2
08-29 03:27:38.753 15666 15666 D GAPS    : METHOD=<androidx.lifecycle.SavedStateHandlesProvider$viewModel$2: void <init>(androidx.lifecycle.ViewModelStoreOwner)>
08-29 03:27:38.753 15666 15666 D GAPS    : METHOD=<androidx.savedstate.SavedStateRegistry: void registerSavedStateProvider(java.lang.String,androidx.savedstate.SavedStateRegistry$SavedStateProvider)>
08-29 03:27:38.753 15666 15666 D GAPS    : METHOD=<androidx.arch.core.internal.SafeIterableMap: java.lang.Object putIfAbsent(java.lang.Object,java.lang.Object)>
08-29 03:27:38.753 15666 15666 D GAPS    : METHOD=<androidx.arch.core.internal.SafeIterableMap: androidx.arch.core.internal.SafeIterableMap$Entry get(java.lang.Object)>
08-29 03:27:38.753 15666 15666 D GAPS    : CLASS=androidx.lifecycle.SavedStateHandleAttacher
08-29 03:27:38.753 15666 15666 D GAPS    : METHOD=<androidx.lifecycle.SavedStateHandleAttacher: void <init>(androidx.lifecycle.SavedStateHandlesProvider)>
08-29 03:27:38.753 15666 15666 D GAPS    : CLASS=androidx.activity.ComponentActivity$$ExternalSyntheticLambda2
08-29 03:27:38.753 15666 15666 D GAPS    : METHOD=<androidx.activity.ComponentActivity$$ExternalSyntheticLambda2: void <init>(androidx.activity.ComponentActivity)>
08-29 03:27:38.753 15666 15666 D GAPS    : CLASS=androidx.activity.ComponentActivity$$ExternalSyntheticLambda3
08-29 03:27:38.753 15666 15666 D GAPS    : METHOD=<androidx.activity.ComponentActivity$$ExternalSyntheticLambda3: void <init>(androidx.activity.ComponentActivity)>
08-29 03:27:38.753 15666 15666 D GAPS    : METHOD=<androidx.activity.ComponentActivity: void addOnContextAvailableListener(androidx.activity.contextaware.OnContextAvailableListener)>
08-29 03:27:38.753 15666 15666 D GAPS    : METHOD=<androidx.activity.contextaware.ContextAwareHelper: void addOnContextAvailableListener(androidx.activity.contextaware.OnContextAvailableListener)>
08-29 03:27:38.753 15666 15666 D GAPS    : CLASS=androidx.fragment.app.FragmentActivity$HostCallbacks
08-29 03:27:38.753 15666 15666 D GAPS    : METHOD=<androidx.fragment.app.FragmentActivity$HostCallbacks: void <init>(androidx.fragment.app.FragmentActivity)>
08-29 03:27:38.753 15666 15666 D GAPS    : CLASS=androidx.fragment.app.FragmentHostCallback
08-29 03:27:38.753 15666 15666 D GAPS    : METHOD=<androidx.fragment.app.FragmentHostCallback: void <init>(androidx.fragment.app.FragmentActivity)>
08-29 03:27:38.753 15666 15666 D GAPS    : METHOD=<androidx.fragment.app.FragmentHostCallback: void <init>(android.app.Activity,android.content.Context,android.os.Handler,int)>
08-29 03:27:38.753 15666 15666 D GAPS    : CLASS=androidx.fragment.app.FragmentContainer
08-29 03:27:38.753 15666 15666 D GAPS    : METHOD=<androidx.fragment.app.FragmentContainer: void <init>()>
08-29 03:27:38.753 15666 15666 D GAPS    : CLASS=androidx.fragment.app.FragmentManager
08-29 03:27:38.753 15666 15666 D GAPS    : METHOD=<androidx.fragment.app.FragmentManager: void <clinit>()>
08-29 03:27:38.753 15666 15666 D GAPS    : CLASS=androidx.fragment.app.FragmentManagerImpl
08-29 03:27:38.753 15666 15666 D GAPS    : METHOD=<androidx.fragment.app.FragmentManagerImpl: void <init>()>
08-29 03:27:38.753 15666 15666 D GAPS    : METHOD=<androidx.fragment.app.FragmentManager: void <init>()>
08-29 03:27:38.753 15666 15666 D GAPS    : CLASS=androidx.fragment.app.FragmentStore
08-29 03:27:38.753 15666 15666 D GAPS    : METHOD=<androidx.fragment.app.FragmentStore: void <init>()>
08-29 03:27:38.753 15666 15666 D GAPS    : CLASS=androidx.fragment.app.FragmentLayoutInflaterFactory
08-29 03:27:38.753 15666 15666 D GAPS    : METHOD=<androidx.fragment.app.FragmentLayoutInflaterFactory: void <init>(androidx.fragment.app.FragmentManager)>
08-29 03:27:38.753 15666 15666 D GAPS    : CLASS=androidx.fragment.app.FragmentManager$1
08-29 03:27:38.753 15666 15666 D GAPS    : METHOD=<androidx.fragment.app.FragmentManager$1: void <init>(androidx.fragment.app.FragmentManager,boolean)>
08-29 03:27:38.754 15666 15666 D GAPS    : CLASS=androidx.activity.OnBackPressedCallback
08-29 03:27:38.754 15666 15666 D GAPS    : METHOD=<androidx.activity.OnBackPressedCallback: void <init>(boolean)>
08-29 03:27:38.754 15666 15666 D GAPS    : CLASS=androidx.fragment.app.FragmentLifecycleCallbacksDispatcher
08-29 03:27:38.754 15666 15666 D GAPS    : METHOD=<androidx.fragment.app.FragmentLifecycleCallbacksDispatcher: void <init>(androidx.fragment.app.FragmentManager)>
08-29 03:27:38.754 15666 15666 D GAPS    : CLASS=androidx.fragment.app.FragmentManager$$ExternalSyntheticLambda0
08-29 03:27:38.754 15666 15666 D GAPS    : METHOD=<androidx.fragment.app.FragmentManager$$ExternalSyntheticLambda0: void <init>(androidx.fragment.app.FragmentManager)>
08-29 03:27:38.754 15666 15666 D GAPS    : CLASS=androidx.fragment.app.FragmentManager$$ExternalSyntheticLambda1
08-29 03:27:38.754 15666 15666 D GAPS    : METHOD=<androidx.fragment.app.FragmentManager$$ExternalSyntheticLambda1: void <init>(androidx.fragment.app.FragmentManager)>
08-29 03:27:38.754 15666 15666 D GAPS    : CLASS=androidx.fragment.app.FragmentManager$$ExternalSyntheticLambda2
08-29 03:27:38.754 15666 15666 D GAPS    : METHOD=<androidx.fragment.app.FragmentManager$$ExternalSyntheticLambda2: void <init>(androidx.fragment.app.FragmentManager)>
08-29 03:27:38.754 15666 15666 D GAPS    : CLASS=androidx.fragment.app.FragmentManager$$ExternalSyntheticLambda3
08-29 03:27:38.754 15666 15666 D GAPS    : METHOD=<androidx.fragment.app.FragmentManager$$ExternalSyntheticLambda3: void <init>(androidx.fragment.app.FragmentManager)>
08-29 03:27:38.754 15666 15666 D GAPS    : CLASS=androidx.fragment.app.FragmentManager$2
08-29 03:27:38.754 15666 15666 D GAPS    : METHOD=<androidx.fragment.app.FragmentManager$2: void <init>(androidx.fragment.app.FragmentManager)>
08-29 03:27:38.754 15666 15666 D GAPS    : CLASS=androidx.fragment.app.FragmentFactory
08-29 03:27:38.754 15666 15666 D GAPS    : METHOD=<androidx.fragment.app.FragmentFactory: void <clinit>()>
08-29 03:27:38.754 15666 15666 D GAPS    : CLASS=androidx.fragment.app.FragmentManager$3
08-29 03:27:38.754 15666 15666 D GAPS    : METHOD=<androidx.fragment.app.FragmentManager$3: void <init>(androidx.fragment.app.FragmentManager)>
08-29 03:27:38.754 15666 15666 D GAPS    : METHOD=<androidx.fragment.app.FragmentFactory: void <init>()>
08-29 03:27:38.754 15666 15666 D GAPS    : CLASS=androidx.fragment.app.FragmentManager$4
08-29 03:27:38.754 15666 15666 D GAPS    : METHOD=<androidx.fragment.app.FragmentManager$4: void <init>(androidx.fragment.app.FragmentManager)>
08-29 03:27:38.754 15666 15666 D GAPS    : CLASS=androidx.fragment.app.FragmentManager$5
08-29 03:27:38.754 15666 15666 D GAPS    : METHOD=<androidx.fragment.app.FragmentManager$5: void <init>(androidx.fragment.app.FragmentManager)>
08-29 03:27:38.754 15666 15666 D GAPS    : METHOD=<androidx.fragment.app.FragmentController: androidx.fragment.app.FragmentController createController(androidx.fragment.app.FragmentHostCallback)>
08-29 03:27:38.754 15666 15666 D GAPS    : CLASS=androidx.fragment.app.FragmentController
08-29 03:27:38.754 15666 15666 D GAPS    : METHOD=<androidx.fragment.app.FragmentController: void <init>(androidx.fragment.app.FragmentHostCallback)>
08-29 03:27:38.754 15666 15666 D GAPS    : METHOD=<androidx.fragment.app.FragmentActivity: void init()>
08-29 03:27:38.754 15666 15666 D GAPS    : CLASS=androidx.fragment.app.FragmentActivity$$ExternalSyntheticLambda0
08-29 03:27:38.754 15666 15666 D GAPS    : METHOD=<androidx.fragment.app.FragmentActivity$$ExternalSyntheticLambda0: void <init>(androidx.fragment.app.FragmentActivity)>
08-29 03:27:38.754 15666 15666 D GAPS    : CLASS=androidx.fragment.app.FragmentActivity$$ExternalSyntheticLambda1
08-29 03:27:38.754 15666 15666 D GAPS    : METHOD=<androidx.fragment.app.FragmentActivity$$ExternalSyntheticLambda1: void <init>(androidx.fragment.app.FragmentActivity)>
08-29 03:27:38.754 15666 15666 D GAPS    : METHOD=<androidx.activity.ComponentActivity: void addOnConfigurationChangedListener(androidx.core.util.Consumer)>
08-29 03:27:38.754 15666 15666 D GAPS    : CLASS=androidx.fragment.app.FragmentActivity$$ExternalSyntheticLambda2
08-29 03:27:38.754 15666 15666 D GAPS    : METHOD=<androidx.fragment.app.FragmentActivity$$ExternalSyntheticLambda2: void <init>(androidx.fragment.app.FragmentActivity)>
08-29 03:27:38.754 15666 15666 D GAPS    : METHOD=<androidx.activity.ComponentActivity: void addOnNewIntentListener(androidx.core.util.Consumer)>
08-29 03:27:38.754 15666 15666 D GAPS    : CLASS=androidx.fragment.app.FragmentActivity$$ExternalSyntheticLambda3
08-29 03:27:38.754 15666 15666 D GAPS    : METHOD=<androidx.fragment.app.FragmentActivity$$ExternalSyntheticLambda3: void <init>(androidx.fragment.app.FragmentActivity)>
08-29 03:27:38.754 15666 15666 D GAPS    : METHOD=<androidx.appcompat.app.AppCompatActivity: void initDelegate()>
08-29 03:27:38.754 15666 15666 D GAPS    : CLASS=androidx.appcompat.app.AppCompatActivity$1
08-29 03:27:38.754 15666 15666 D GAPS    : METHOD=<androidx.appcompat.app.AppCompatActivity$1: void <init>(androidx.appcompat.app.AppCompatActivity)>
08-29 03:27:38.754 15666 15666 D GAPS    : CLASS=androidx.appcompat.app.AppCompatActivity$2
08-29 03:27:38.754 15666 15666 D GAPS    : METHOD=<androidx.appcompat.app.AppCompatActivity$2: void <init>(androidx.appcompat.app.AppCompatActivity)>
08-29 03:27:38.754 15666 15693 D GAPS    : METHOD=<okhttp3.HttpUrl$Builder: void setScheme$okhttp(java.lang.String)>
08-29 03:27:38.754 15666 15693 D GAPS    : METHOD=<okhttp3.HttpUrl$Builder: okhttp3.HttpUrl$Builder host(java.lang.String)>
08-29 03:27:38.754 15666 15666 D GAPS    : CLASS=androidx.activity.result.contract.ActivityResultContracts$RequestPermission
08-29 03:27:38.754 15666 15666 D GAPS    : METHOD=<androidx.activity.result.contract.ActivityResultContracts$RequestPermission: void <init>()>
08-29 03:27:38.754 15666 15666 D GAPS    : CLASS=androidx.activity.result.contract.ActivityResultContract
08-29 03:27:38.754 15666 15666 D GAPS    : METHOD=<androidx.activity.result.contract.ActivityResultContract: void <init>()>
08-29 03:27:38.754 15666 15666 D GAPS    : CLASS=org.wikipedia.activity.BaseActivity$$ExternalSyntheticLambda1
08-29 03:27:38.754 15666 15666 D GAPS    : METHOD=<org.wikipedia.activity.BaseActivity$$ExternalSyntheticLambda1: void <init>(org.wikipedia.activity.BaseActivity)>
08-29 03:27:38.754 15666 15666 D GAPS    : METHOD=<androidx.activity.ComponentActivity: androidx.activity.result.ActivityResultLauncher registerForActivityResult(androidx.activity.result.contract.ActivityResultContract,androidx.activity.result.ActivityResultCallback)>
08-29 03:27:38.754 15666 15666 D GAPS    : METHOD=<androidx.activity.ComponentActivity: androidx.activity.result.ActivityResultLauncher registerForActivityResult(androidx.activity.result.contract.ActivityResultContract,androidx.activity.result.ActivityResultRegistry,androidx.activity.result.ActivityResultCallback)>
08-29 03:27:38.754 15666 15666 D GAPS    : METHOD=<androidx.activity.result.ActivityResultRegistry: androidx.activity.result.ActivityResultLauncher register(java.lang.String,androidx.lifecycle.LifecycleOwner,androidx.activity.result.contract.ActivityResultContract,androidx.activity.result.ActivityResultCallback)>
08-29 03:27:38.754 15666 15666 D GAPS    : METHOD=<androidx.lifecycle.Lifecycle$State: boolean isAtLeast(androidx.lifecycle.Lifecycle$State)>
08-29 03:27:38.754 15666 15666 D GAPS    : METHOD=<androidx.activity.result.ActivityResultRegistry: void registerKey(java.lang.String)>
08-29 03:27:38.754 15666 15666 D GAPS    : METHOD=<androidx.activity.result.ActivityResultRegistry: int generateRandomNumber()>
08-29 03:27:38.754 15666 15666 D GAPS    : METHOD=<androidx.activity.result.ActivityResultRegistry: void bindRcKey(int,java.lang.String)>
08-29 03:27:38.754 15666 15666 D GAPS    : CLASS=androidx.activity.result.ActivityResultRegistry$LifecycleContainer
08-29 03:27:38.754 15666 15666 D GAPS    : METHOD=<androidx.activity.result.ActivityResultRegistry$LifecycleContainer: void <init>(androidx.lifecycle.Lifecycle)>
08-29 03:27:38.754 15666 15666 D GAPS    : CLASS=androidx.activity.result.ActivityResultRegistry$1
08-29 03:27:38.754 15666 15666 D GAPS    : METHOD=<androidx.activity.result.ActivityResultRegistry$1: void <init>(androidx.activity.result.ActivityResultRegistry,java.lang.String,androidx.activity.result.ActivityResultCallback,androidx.activity.result.contract.ActivityResultContract)>
08-29 03:27:38.754 15666 15666 D GAPS    : METHOD=<androidx.activity.result.ActivityResultRegistry$LifecycleContainer: void addObserver(androidx.lifecycle.LifecycleEventObserver)>
08-29 03:27:38.754 15666 15666 D GAPS    : CLASS=androidx.activity.result.ActivityResultRegistry$2
08-29 03:27:38.754 15666 15666 D GAPS    : METHOD=<androidx.activity.result.ActivityResultRegistry$2: void <init>(androidx.activity.result.ActivityResultRegistry,java.lang.String,androidx.activity.result.contract.ActivityResultContract)>
08-29 03:27:38.754 15666 15666 D GAPS    : CLASS=androidx.activity.result.ActivityResultLauncher
08-29 03:27:38.754 15666 15666 D GAPS    : METHOD=<androidx.activity.result.ActivityResultLauncher: void <init>()>
08-29 03:27:38.754 15666 15666 D GAPS    : CLASS=androidx.activity.result.contract.ActivityResultContracts$StartActivityForResult
08-29 03:27:38.754 15666 15666 D GAPS    : METHOD=<androidx.activity.result.contract.ActivityResultContracts$StartActivityForResult: void <clinit>()>
08-29 03:27:38.754 15666 15666 D GAPS    : CLASS=androidx.activity.result.contract.ActivityResultContracts$StartActivityForResult$Companion
08-29 03:27:38.754 15666 15666 D GAPS    : METHOD=<androidx.activity.result.contract.ActivityResultContracts$StartActivityForResult$Companion: void <init>(kotlin.jvm.internal.DefaultConstructorMarker)>
08-29 03:27:38.754 15666 15666 D GAPS    : METHOD=<androidx.activity.result.contract.ActivityResultContracts$StartActivityForResult$Companion: void <init>()>
08-29 03:27:38.754 15666 15666 D GAPS    : METHOD=<androidx.activity.result.contract.ActivityResultContracts$StartActivityForResult: void <init>()>
08-29 03:27:38.754 15666 15666 D GAPS    : CLASS=org.wikipedia.main.MainActivity$$ExternalSyntheticLambda0
08-29 03:27:38.754 15666 15666 D GAPS    : METHOD=<org.wikipedia.main.MainActivity$$ExternalSyntheticLambda0: void <init>()>
08-29 03:27:38.754 15666 15666 D GAPS    : METHOD=<androidx.appcompat.app.AppCompatActivity: void attachBaseContext(android.content.Context)>
08-29 03:27:38.754 15666 15666 D GAPS    : METHOD=<androidx.appcompat.app.AppCompatActivity: androidx.appcompat.app.AppCompatDelegate getDelegate()>
08-29 03:27:38.754 15666 15666 D GAPS    : METHOD=<androidx.appcompat.app.AppCompatDelegate: androidx.appcompat.app.AppCompatDelegate create(android.app.Activity,androidx.appcompat.app.AppCompatCallback)>
08-29 03:27:38.754 15666 15666 D GAPS    : CLASS=androidx.appcompat.app.AppCompatDelegateImpl
08-29 03:27:38.754 15666 15666 D GAPS    : METHOD=<androidx.appcompat.app.AppCompatDelegateImpl: void <clinit>()>
08-29 03:27:38.754 15666 15693 D GAPS    : METHOD=<okhttp3.HttpUrl$Builder: void setHost$okhttp(java.lang.String)>
08-29 03:27:38.754 15666 15693 D GAPS    : METHOD=<okhttp3.HttpUrl$Builder: okhttp3.HttpUrl$Builder port(int)>
08-29 03:27:38.754 15666 15693 D GAPS    : METHOD=<okhttp3.HttpUrl$Builder: void setPort$okhttp(int)>
08-29 03:27:38.754 15666 15666 D GAPS    : METHOD=<androidx.appcompat.app.AppCompatDelegateImpl: void <init>(android.app.Activity,androidx.appcompat.app.AppCompatCallback)>
08-29 03:27:38.754 15666 15666 D GAPS    : METHOD=<androidx.appcompat.app.AppCompatDelegateImpl: void <init>(android.content.Context,android.view.Window,androidx.appcompat.app.AppCompatCallback,java.lang.Object)>
08-29 03:27:38.754 15666 15666 D GAPS    : METHOD=<androidx.appcompat.app.AppCompatDelegate: void <init>()>
08-29 03:27:38.754 15666 15693 D GAPS    : CLASS=okhttp3.internal.connection.ExchangeFinder
08-29 03:27:38.754 15666 15693 D GAPS    : METHOD=<okhttp3.internal.connection.ExchangeFinder: void <init>(okhttp3.internal.connection.RealConnectionPool,okhttp3.Address,okhttp3.internal.connection.RealCall,okhttp3.EventListener)>
08-29 03:27:38.754 15666 15693 D GAPS    : METHOD=<okhttp3.internal.connection.RealCall: boolean isCanceled()>
08-29 03:27:38.754 15666 15693 D GAPS    : METHOD=<okhttp3.internal.http.BridgeInterceptor: okhttp3.Response intercept(okhttp3.Interceptor$Chain)>
08-29 03:27:38.754 15666 15693 D GAPS    : METHOD=<okhttp3.internal.Util: java.lang.String toHostHeader$default(okhttp3.HttpUrl,boolean,int,java.lang.Object)>
08-29 03:27:38.754 15666 15693 D GAPS    : METHOD=<okhttp3.internal.Util: java.lang.String toHostHeader(okhttp3.HttpUrl,boolean)>
08-29 03:27:38.754 15666 15666 D GAPS    : CLASS=androidx.appcompat.app.AppCompatDelegateImpl$2
08-29 03:27:38.754 15666 15666 D GAPS    : METHOD=<androidx.appcompat.app.AppCompatDelegateImpl$2: void <init>(androidx.appcompat.app.AppCompatDelegateImpl)>
08-29 03:27:38.754 15666 15693 D GAPS    : METHOD=<org.wikipedia.dataclient.SharedPreferenceCookieManager: java.util.List loadForRequest(okhttp3.HttpUrl)>
08-29 03:27:38.754 15666 15693 D GAPS    : METHOD=<okhttp3.HttpUrl: java.net.URI uri()>
08-29 03:27:38.754 15666 15693 D GAPS    : METHOD=<okhttp3.HttpUrl: okhttp3.HttpUrl$Builder newBuilder()>
08-29 03:27:38.754 15666 15666 D GAPS    : METHOD=<androidx.collection.SimpleArrayMap: java.lang.Object get(java.lang.Object)>
08-29 03:27:38.754 15666 15693 D GAPS    : METHOD=<okhttp3.HttpUrl: java.lang.String encodedQuery()>
08-29 03:27:38.754 15666 15693 D GAPS    : METHOD=<okhttp3.HttpUrl$Builder: okhttp3.HttpUrl$Builder encodedQuery(java.lang.String)>
08-29 03:27:38.754 15666 15666 D GAPS    : METHOD=<androidx.collection.SimpleArrayMap: java.lang.Object getOrDefault(java.lang.Object,java.lang.Object)>
08-29 03:27:38.754 15666 15666 D GAPS    : METHOD=<androidx.collection.SimpleArrayMap: int indexOfKey(java.lang.Object)>
08-29 03:27:38.755 15666 15666 D GAPS    : METHOD=<androidx.collection.SimpleArrayMap: int indexOf(java.lang.Object,int)>
08-29 03:27:38.755 15666 15693 D GAPS    : METHOD=<okhttp3.HttpUrl$Builder: void setEncodedQueryNamesAndValues$okhttp(java.util.List)>
08-29 03:27:38.755 15666 15693 D GAPS    : METHOD=<okhttp3.HttpUrl: java.lang.String encodedFragment()>
08-29 03:27:38.755 15666 15693 D GAPS    : METHOD=<okhttp3.HttpUrl$Builder: void setEncodedFragment$okhttp(java.lang.String)>
08-29 03:27:38.755 15666 15693 D GAPS    : METHOD=<okhttp3.HttpUrl$Builder: okhttp3.HttpUrl$Builder reencodeForUri$okhttp()>
08-29 03:27:38.755 15666 15666 D GAPS    : CLASS=androidx.appcompat.widget.AppCompatDrawableManager
08-29 03:27:38.755 15666 15666 D GAPS    : METHOD=<androidx.appcompat.widget.AppCompatDrawableManager: void <clinit>()>
08-29 03:27:38.755 15666 15666 D GAPS    : METHOD=<androidx.appcompat.widget.AppCompatDrawableManager: void preload()>
08-29 03:27:38.755 15666 15666 D GAPS    : METHOD=<androidx.appcompat.widget.AppCompatDrawableManager: void <init>()>
08-29 03:27:38.755 15666 15693 D GAPS    : METHOD=<kotlin.text.Regex: java.lang.String replace(java.lang.CharSequence,java.lang.String)>
08-29 03:27:38.755 15666 15666 D GAPS    : CLASS=androidx.appcompat.widget.ResourceManagerInternal
08-29 03:27:38.755 15666 15666 D GAPS    : METHOD=<androidx.appcompat.widget.ResourceManagerInternal: void <clinit>()>
08-29 03:27:38.755 15666 15666 D GAPS    : CLASS=androidx.appcompat.widget.ResourceManagerInternal$ColorFilterLruCache
08-29 03:27:38.755 15666 15666 D GAPS    : METHOD=<androidx.appcompat.widget.ResourceManagerInternal$ColorFilterLruCache: void <init>(int)>
08-29 03:27:38.755 15666 15666 D GAPS    : METHOD=<androidx.appcompat.widget.ResourceManagerInternal: androidx.appcompat.widget.ResourceManagerInternal get()>
08-29 03:27:38.755 15666 15666 D GAPS    : METHOD=<androidx.appcompat.widget.ResourceManagerInternal: void <init>()>
08-29 03:27:38.755 15666 15666 D GAPS    : METHOD=<androidx.appcompat.widget.ResourceManagerInternal: void installDefaultInflateDelegates(androidx.appcompat.widget.ResourceManagerInternal)>
