08-28 15:34:21.570 28002 28002 D GAPS    : METHOD=<androidx.fragment.app.FragmentManager$4: void <init>(androidx.fragment.app.FragmentManager)>
08-28 15:34:21.571 28002 28002 D GAPS    : CLASS=androidx.fragment.app.FragmentManager$5
08-28 15:34:21.571 28002 28002 D GAPS    : METHOD=<androidx.fragment.app.FragmentManager$5: void <init>(androidx.fragment.app.FragmentManager)>
08-28 15:34:21.571 28002 28002 D GAPS    : METHOD=<androidx.fragment.app.FragmentController: androidx.fragment.app.FragmentController createController(androidx.fragment.app.FragmentHostCallback)>
08-28 15:34:21.571 28002 28002 D GAPS    : CLASS=androidx.fragment.app.FragmentController
08-28 15:34:21.571 28002 28002 D GAPS    : METHOD=<androidx.fragment.app.FragmentController: void <init>(androidx.fragment.app.FragmentHostCallback)>
08-28 15:34:21.571 28002 28002 D GAPS    : METHOD=<androidx.fragment.app.FragmentActivity: void init()>
08-28 15:34:21.571 28002 28002 D GAPS    : CLASS=androidx.fragment.app.FragmentActivity$$ExternalSyntheticLambda0
08-28 15:34:21.571 28002 28002 D GAPS    : METHOD=<androidx.fragment.app.FragmentActivity$$ExternalSyntheticLambda0: void <init>(androidx.fragment.app.FragmentActivity)>
08-28 15:34:21.571 28002 28002 D GAPS    : CLASS=androidx.fragment.app.FragmentActivity$$ExternalSyntheticLambda1
08-28 15:34:21.571 28002 28002 D GAPS    : METHOD=<androidx.fragment.app.FragmentActivity$$ExternalSyntheticLambda1: void <init>(androidx.fragment.app.FragmentActivity)>
08-28 15:34:21.571 28002 28002 D GAPS    : METHOD=<androidx.activity.ComponentActivity: void addOnConfigurationChangedListener(androidx.core.util.Consumer)>
08-28 15:34:21.571 28002 28002 D GAPS    : CLASS=androidx.fragment.app.FragmentActivity$$ExternalSyntheticLambda2
08-28 15:34:21.571 28002 28002 D GAPS    : METHOD=<androidx.fragment.app.FragmentActivity$$ExternalSyntheticLambda2: void <init>(androidx.fragment.app.FragmentActivity)>
08-28 15:34:21.571 28002 28002 D GAPS    : METHOD=<androidx.activity.ComponentActivity: void addOnNewIntentListener(androidx.core.util.Consumer)>
08-28 15:34:21.571 28002 28002 D GAPS    : CLASS=androidx.fragment.app.FragmentActivity$$ExternalSyntheticLambda3
08-28 15:34:21.571 28002 28002 D GAPS    : METHOD=<androidx.fragment.app.FragmentActivity$$ExternalSyntheticLambda3: void <init>(androidx.fragment.app.FragmentActivity)>
08-28 15:34:21.571 28002 28002 D GAPS    : METHOD=<androidx.appcompat.app.AppCompatActivity: void initDelegate()>
08-28 15:34:21.571 28002 28002 D GAPS    : CLASS=androidx.appcompat.app.AppCompatActivity$1
08-28 15:34:21.571 28002 28002 D GAPS    : METHOD=<androidx.appcompat.app.AppCompatActivity$1: void <init>(androidx.appcompat.app.AppCompatActivity)>
08-28 15:34:21.571 28002 28002 D GAPS    : CLASS=androidx.appcompat.app.AppCompatActivity$2
08-28 15:34:21.571 28002 28002 D GAPS    : METHOD=<androidx.appcompat.app.AppCompatActivity$2: void <init>(androidx.appcompat.app.AppCompatActivity)>
08-28 15:34:21.571 28002 28002 D GAPS    : CLASS=com.fsck.k9.ui.base.K9Activity$special$$inlined$inject$default$1
08-28 15:34:21.571 28002 28002 D GAPS    : METHOD=<com.fsck.k9.ui.base.K9Activity$special$$inlined$inject$default$1: void <init>(android.content.ComponentCallbacks,org.koin.core.qualifier.Qualifier,kotlin.jvm.functions.Function0)>
08-28 15:34:21.571 28002 28002 D GAPS    : CLASS=com.fsck.k9.ui.base.K9Activity$special$$inlined$inject$default$2
08-28 15:34:21.571 28002 28002 D GAPS    : METHOD=<com.fsck.k9.ui.base.K9Activity$special$$inlined$inject$default$2: void <init>(android.content.ComponentCallbacks,org.koin.core.qualifier.Qualifier,kotlin.jvm.functions.Function0)>
08-28 15:34:21.571 28002 28002 D GAPS    : CLASS=com.fsck.k9.ui.base.K9Activity$special$$inlined$inject$default$3
08-28 15:34:21.571 28002 28002 D GAPS    : METHOD=<com.fsck.k9.ui.base.K9Activity$special$$inlined$inject$default$3: void <init>(android.content.ComponentCallbacks,org.koin.core.qualifier.Qualifier,kotlin.jvm.functions.Function0)>
08-28 15:34:21.571 28002 28002 D GAPS    : CLASS=com.fsck.k9.activity.MessageList$special$$inlined$inject$default$1
08-28 15:34:21.571 28002 28002 D GAPS    : METHOD=<com.fsck.k9.activity.MessageList$special$$inlined$inject$default$1: void <init>(android.content.ComponentCallbacks,org.koin.core.qualifier.Qualifier,kotlin.jvm.functions.Function0)>
08-28 15:34:21.571 28002 28002 D GAPS    : CLASS=com.fsck.k9.activity.MessageList$special$$inlined$inject$default$2
08-28 15:34:21.571 28002 28002 D GAPS    : METHOD=<com.fsck.k9.activity.MessageList$special$$inlined$inject$default$2: void <init>(android.content.ComponentCallbacks,org.koin.core.qualifier.Qualifier,kotlin.jvm.functions.Function0)>
08-28 15:34:21.571 28002 28002 D GAPS    : CLASS=com.fsck.k9.activity.MessageList$special$$inlined$inject$default$3
08-28 15:34:21.571 28002 28002 D GAPS    : METHOD=<com.fsck.k9.activity.MessageList$special$$inlined$inject$default$3: void <init>(android.content.ComponentCallbacks,org.koin.core.qualifier.Qualifier,kotlin.jvm.functions.Function0)>
08-28 15:34:21.571 28002 28002 D GAPS    : CLASS=com.fsck.k9.activity.MessageList$special$$inlined$inject$default$4
08-28 15:34:21.571 28002 28002 D GAPS    : METHOD=<com.fsck.k9.activity.MessageList$special$$inlined$inject$default$4: void <init>(android.content.ComponentCallbacks,org.koin.core.qualifier.Qualifier,kotlin.jvm.functions.Function0)>
08-28 15:34:21.571 28002 28002 D GAPS    : CLASS=com.fsck.k9.activity.MessageList$special$$inlined$inject$default$5
08-28 15:34:21.571 28002 28002 D GAPS    : METHOD=<com.fsck.k9.activity.MessageList$special$$inlined$inject$default$5: void <init>(android.content.ComponentCallbacks,org.koin.core.qualifier.Qualifier,kotlin.jvm.functions.Function0)>
08-28 15:34:21.571 28002 28002 D GAPS    : CLASS=com.fsck.k9.activity.MessageList$special$$inlined$inject$default$6
08-28 15:34:21.571 28002 28002 D GAPS    : METHOD=<com.fsck.k9.activity.MessageList$special$$inlined$inject$default$6: void <init>(android.content.ComponentCallbacks,org.koin.core.qualifier.Qualifier,kotlin.jvm.functions.Function0)>
08-28 15:34:21.571 28002 28002 D GAPS    : CLASS=com.fsck.k9.activity.MessageList$special$$inlined$inject$default$7
08-28 15:34:21.571 28002 28002 D GAPS    : METHOD=<com.fsck.k9.activity.MessageList$special$$inlined$inject$default$7: void <init>(android.content.ComponentCallbacks,org.koin.core.qualifier.Qualifier,kotlin.jvm.functions.Function0)>
08-28 15:34:21.571 28002 28002 D GAPS    : CLASS=com.fsck.k9.ui.permissions.K9PermissionUiHelper
08-28 15:34:21.571 28002 28002 D GAPS    : METHOD=<com.fsck.k9.ui.permissions.K9PermissionUiHelper: void <clinit>()>
08-28 15:34:21.571 28002 28002 D GAPS    : CLASS=com.fsck.k9.ui.permissions.K9PermissionUiHelper$Companion
08-28 15:34:21.571 28002 28002 D GAPS    : METHOD=<com.fsck.k9.ui.permissions.K9PermissionUiHelper$Companion: void <init>(kotlin.jvm.internal.DefaultConstructorMarker)>
08-28 15:34:21.571 28002 28002 D GAPS    : METHOD=<com.fsck.k9.ui.permissions.K9PermissionUiHelper$Companion: void <init>()>
08-28 15:34:21.571 28002 28002 D GAPS    : METHOD=<com.fsck.k9.ui.permissions.K9PermissionUiHelper: void <init>(androidx.appcompat.app.AppCompatActivity)>
08-28 15:34:21.571 28002 28002 D GAPS    : CLASS=com.fsck.k9.activity.MessageList$DisplayMode
08-28 15:34:21.571 28002 28002 D GAPS    : METHOD=<com.fsck.k9.activity.MessageList$DisplayMode: void <clinit>()>
08-28 15:34:21.571 28002 28002 D GAPS    : METHOD=<com.fsck.k9.activity.MessageList$DisplayMode: void <init>(java.lang.String,int)>
08-28 15:34:21.571 28002 28002 D GAPS    : METHOD=<com.fsck.k9.activity.MessageList$DisplayMode: com.fsck.k9.activity.MessageList$DisplayMode[] $values()>
08-28 15:34:21.572 28002 28002 D GAPS    : METHOD=<com.fsck.k9.ui.base.K9Activity: void attachBaseContext(android.content.Context)>
08-28 15:34:21.572 28002 28002 D GAPS    : METHOD=<com.fsck.k9.ui.base.K9Activity: com.fsck.k9.ui.base.AppLanguageManager getAppLanguageManager()>
08-28 15:34:21.572 28002 28002 D GAPS    : METHOD=<com.fsck.k9.ui.base.K9Activity$special$$inlined$inject$default$3: java.lang.Object invoke()>
08-28 15:34:21.572 28002 28002 D GAPS    : METHOD=<androidx.appcompat.app.AppCompatActivity: void attachBaseContext(android.content.Context)>
08-28 15:34:21.572 28002 28002 D GAPS    : METHOD=<androidx.appcompat.app.AppCompatActivity: androidx.appcompat.app.AppCompatDelegate getDelegate()>
08-28 15:34:21.572 28002 28002 D GAPS    : METHOD=<androidx.appcompat.app.AppCompatDelegate: androidx.appcompat.app.AppCompatDelegate create(android.app.Activity,androidx.appcompat.app.AppCompatCallback)>
08-28 15:34:21.572 28002 28002 D GAPS    : CLASS=androidx.appcompat.app.AppCompatDelegateImpl
08-28 15:34:21.572 28002 28002 D GAPS    : METHOD=<androidx.appcompat.app.AppCompatDelegateImpl: void <clinit>()>
08-28 15:34:21.572 28002 28002 D GAPS    : METHOD=<androidx.appcompat.app.AppCompatDelegateImpl: void <init>(android.app.Activity,androidx.appcompat.app.AppCompatCallback)>
08-28 15:34:21.572 28002 28002 D GAPS    : METHOD=<androidx.appcompat.app.AppCompatDelegateImpl: void <init>(android.content.Context,android.view.Window,androidx.appcompat.app.AppCompatCallback,java.lang.Object)>
08-28 15:34:21.572 28002 28002 D GAPS    : METHOD=<androidx.appcompat.app.AppCompatDelegate: void <init>()>
08-28 15:34:21.572 28002 28002 D GAPS    : CLASS=androidx.appcompat.app.AppCompatDelegateImpl$2
08-28 15:34:21.572 28002 28002 D GAPS    : METHOD=<androidx.appcompat.app.AppCompatDelegateImpl$2: void <init>(androidx.appcompat.app.AppCompatDelegateImpl)>
08-28 15:34:21.572 28002 28002 D GAPS    : METHOD=<androidx.collection.SimpleArrayMap: java.lang.Object get(java.lang.Object)>
08-28 15:34:21.572 28002 28002 D GAPS    : METHOD=<androidx.collection.SimpleArrayMap: java.lang.Object getOrDefault(java.lang.Object,java.lang.Object)>
08-28 15:34:21.572 28002 28002 D GAPS    : METHOD=<androidx.collection.SimpleArrayMap: int indexOfKey(java.lang.Object)>
08-28 15:34:21.572 28002 28002 D GAPS    : METHOD=<androidx.collection.SimpleArrayMap: int indexOf(java.lang.Object,int)>
08-28 15:34:21.576 28002 28002 D GAPS    : CLASS=androidx.appcompat.widget.AppCompatDrawableManager
08-28 15:34:21.576 28002 28002 D GAPS    : METHOD=<androidx.appcompat.widget.AppCompatDrawableManager: void <clinit>()>
08-28 15:34:21.577 28002 28002 D GAPS    : METHOD=<androidx.appcompat.widget.AppCompatDrawableManager: void preload()>
08-28 15:34:21.577 28002 28002 D GAPS    : METHOD=<androidx.appcompat.widget.AppCompatDrawableManager: void <init>()>
08-28 15:34:21.577 28002 28002 D GAPS    : CLASS=androidx.appcompat.widget.ResourceManagerInternal
08-28 15:34:21.577 28002 28002 D GAPS    : METHOD=<androidx.appcompat.widget.ResourceManagerInternal: void <clinit>()>
08-28 15:34:21.577 28002 28002 D GAPS    : CLASS=androidx.appcompat.widget.ResourceManagerInternal$ColorFilterLruCache
08-28 15:34:21.577 28002 28002 D GAPS    : METHOD=<androidx.appcompat.widget.ResourceManagerInternal$ColorFilterLruCache: void <init>(int)>
08-28 15:34:21.577 28002 28002 D GAPS    : CLASS=androidx.collection.LruCache
08-28 15:34:21.577 28002 28002 D GAPS    : METHOD=<androidx.collection.LruCache: void <init>(int)>
08-28 15:34:21.577 28002 28002 D GAPS    : METHOD=<androidx.appcompat.widget.ResourceManagerInternal: androidx.appcompat.widget.ResourceManagerInternal get()>
08-28 15:34:21.577 28002 28002 D GAPS    : METHOD=<androidx.appcompat.widget.ResourceManagerInternal: void <init>()>
08-28 15:34:21.577 28002 28002 D GAPS    : METHOD=<androidx.appcompat.widget.ResourceManagerInternal: void installDefaultInflateDelegates(androidx.appcompat.widget.ResourceManagerInternal)>
08-28 15:34:21.577 28002 28002 D GAPS    : CLASS=androidx.appcompat.widget.AppCompatDrawableManager$1
08-28 15:34:21.577 28002 28002 D GAPS    : METHOD=<androidx.appcompat.widget.AppCompatDrawableManager$1: void <init>()>
08-28 15:34:21.577 28002 28002 D GAPS    : METHOD=<androidx.appcompat.widget.ResourceManagerInternal: void setHooks(androidx.appcompat.widget.ResourceManagerInternal$ResourceManagerHooks)>
08-28 15:34:21.577 28002 28002 D GAPS    : METHOD=<androidx.appcompat.app.AppCompatDelegateImpl: android.content.Context attachBaseContext2(android.content.Context)>
08-28 15:34:21.577 28002 28002 D GAPS    : METHOD=<androidx.appcompat.app.AppCompatDelegateImpl: int calculateNightMode()>
08-28 15:34:21.577 28002 28002 D GAPS    : METHOD=<androidx.appcompat.app.AppCompatDelegate: int getDefaultNightMode()>
08-28 15:34:21.577 28002 28002 D GAPS    : METHOD=<androidx.appcompat.app.AppCompatDelegateImpl: int mapNightMode(android.content.Context,int)>
08-28 15:34:21.577 28002 28002 D GAPS    : METHOD=<androidx.appcompat.app.AppCompatDelegate: boolean isAutoStorageOptedIn(android.content.Context)>
08-28 15:34:21.577 28002 28002 D GAPS    : METHOD=<androidx.appcompat.app.AppLocalesMetadataHolderService: android.content.pm.ServiceInfo getServiceInfo(android.content.Context)>
08-28 15:34:21.577 28002 28002 D GAPS    : METHOD=<androidx.appcompat.app.AppLocalesMetadataHolderService$Api24Impl: int getDisabledComponentFlag()>
08-28 15:34:21.578 28002 28002 D GAPS    : METHOD=<androidx.appcompat.app.AppCompatDelegateImpl: androidx.core.os.LocaleListCompat calculateApplicationLocales(android.content.Context)>
08-28 15:34:21.578 28002 28002 D GAPS    : METHOD=<androidx.appcompat.app.AppCompatDelegateImpl$Api17Impl: android.content.Context createConfigurationContext(android.content.Context,android.content.res.Configuration)>
08-28 15:34:21.579 28002 28002 D GAPS    : METHOD=<androidx.appcompat.app.AppCompatDelegateImpl: android.content.res.Configuration createOverrideAppConfiguration(android.content.Context,int,androidx.core.os.LocaleListCompat,android.content.res.Configuration,boolean)>
08-28 15:34:21.579 28002 28002 D GAPS    : CLASS=androidx.appcompat.view.ContextThemeWrapper
08-28 15:34:21.579 28002 28002 D GAPS    : METHOD=<androidx.appcompat.view.ContextThemeWrapper: void <init>(android.content.Context,int)>
08-28 15:34:21.579 28002 28002 D GAPS    : METHOD=<androidx.appcompat.view.ContextThemeWrapper: void applyOverrideConfiguration(android.content.res.Configuration)>
08-28 15:34:21.579 28002 28002 D GAPS    : METHOD=<androidx.appcompat.app.AppCompatDelegate: android.content.Context attachBaseContext2(android.content.Context)>
08-28 15:34:21.579 28002 28002 D GAPS    : METHOD=<androidx.appcompat.app.AppCompatDelegate: void attachBaseContext(android.content.Context)>
08-28 15:34:21.579 28002 28002 D GAPS    : METHOD=<androidx.appcompat.app.AppCompatActivity: android.content.res.Resources getResources()>
08-28 15:34:21.579 28002 28002 D GAPS    : CLASS=androidx.appcompat.widget.VectorEnabledTintResources
08-28 15:34:21.579 28002 28002 D GAPS    : METHOD=<androidx.appcompat.widget.VectorEnabledTintResources: void <clinit>()>
08-28 15:34:21.579 28002 28002 D GAPS    : METHOD=<androidx.appcompat.widget.VectorEnabledTintResources: boolean shouldBeUsed()>
08-28 15:34:21.579 28002 28002 D GAPS    : METHOD=<androidx.appcompat.widget.VectorEnabledTintResources: boolean isCompatVectorFromResourcesEnabled()>
08-28 15:34:21.579 28002 28002 D GAPS    : METHOD=<androidx.appcompat.view.ContextThemeWrapper: android.content.res.Resources getResources()>
08-28 15:34:21.579 28002 28002 D GAPS    : METHOD=<androidx.appcompat.view.ContextThemeWrapper: android.content.res.Resources getResourcesInternal()>
08-28 15:34:21.579 28002 28002 D GAPS    : METHOD=<androidx.appcompat.view.ContextThemeWrapper: boolean isEmptyConfiguration(android.content.res.Configuration)>
08-28 15:34:21.579 28002 28002 D GAPS    : METHOD=<androidx.appcompat.view.ContextThemeWrapper: java.lang.Object getSystemService(java.lang.String)>
08-28 15:34:21.580 28002 28002 D GAPS    : METHOD=<androidx.appcompat.app.AppCompatActivity: void setTheme(int)>
08-28 15:34:21.580 28002 28002 D GAPS    : METHOD=<androidx.appcompat.view.ContextThemeWrapper: android.content.res.Resources$Theme getTheme()>
08-28 15:34:21.580 28002 28002 D GAPS    : METHOD=<androidx.appcompat.view.ContextThemeWrapper: void initializeTheme()>
08-28 15:34:21.580 28002 28002 D GAPS    : METHOD=<androidx.appcompat.view.ContextThemeWrapper: void onApplyThemeResource(android.content.res.Resources$Theme,int,boolean)>
08-28 15:34:21.581 28002 28002 D GAPS    : METHOD=<androidx.appcompat.app.AppCompatDelegateImpl: void setTheme(int)>
08-28 15:34:21.581 28002 28002 D GAPS    : METHOD=<androidx.lifecycle.ProcessLifecycleOwner$3: void onActivityPreCreated(android.app.Activity,android.os.Bundle)>
08-28 15:34:21.581 28002 28002 D GAPS    : CLASS=androidx.lifecycle.ProcessLifecycleOwner$3$1
08-28 15:34:21.581 28002 28002 D GAPS    : METHOD=<androidx.lifecycle.ProcessLifecycleOwner$3$1: void <init>(androidx.lifecycle.ProcessLifecycleOwner$3)>
08-28 15:34:21.581 28002 28002 D GAPS    : METHOD=<androidx.lifecycle.ProcessLifecycleOwner$3$$ExternalSyntheticApiModelOutline0: void m(android.app.Activity,android.app.Application$ActivityLifecycleCallbacks)>
08-28 15:34:21.581 28002 28002 D GAPS    : ACTIVITY=com.fsck.k9.activity.MessageList
08-28 15:34:21.581 28002 28002 D GAPS    : METHOD=<com.fsck.k9.activity.MessageList: void onCreate(android.os.Bundle)>
08-28 15:34:21.581 28002 28002 D GAPS    : ACTIVITY=com.fsck.k9.ui.base.K9Activity
08-28 15:34:21.581 28002 28002 D GAPS    : METHOD=<com.fsck.k9.ui.base.K9Activity: void onCreate(android.os.Bundle)>
08-28 15:34:21.581 28002 28002 D GAPS    : METHOD=<com.fsck.k9.ui.base.K9Activity: void initializeTheme()>
08-28 15:34:21.581 28002 28002 D GAPS    : CLASS=com.fsck.k9.ui.base.K9Activity$WhenMappings
08-28 15:34:21.581 28002 28002 D GAPS    : METHOD=<com.fsck.k9.ui.base.K9Activity$WhenMappings: void <clinit>()>
08-28 15:34:21.581 28002 28002 D GAPS    : METHOD=<com.fsck.k9.ui.base.ThemeType: com.fsck.k9.ui.base.ThemeType[] values()>
08-28 15:34:21.581 28002 28002 D GAPS    : METHOD=<com.fsck.k9.ui.base.K9Activity: com.fsck.k9.ui.base.ThemeManager getThemeManager()>
08-28 15:34:21.581 28002 28002 D GAPS    : METHOD=<com.fsck.k9.ui.base.K9Activity$special$$inlined$inject$default$2: java.lang.Object invoke()>
08-28 15:34:21.582 28002 28002 D GAPS    : METHOD=<com.fsck.k9.ui.base.ThemeManager: int getAppThemeResourceId()>
08-28 15:34:21.582 28002 28002 D GAPS    : METHOD=<com.fsck.k9.ui.base.K9Activity: void initializePushController()>
08-28 15:34:21.582 28002 28002 D GAPS    : METHOD=<com.fsck.k9.ui.base.K9Activity: com.fsck.k9.controller.push.PushController getPushController()>
08-28 15:34:21.582 28002 28002 D GAPS    : METHOD=<com.fsck.k9.ui.base.K9Activity$special$$inlined$inject$default$1: java.lang.Object invoke()>
08-28 15:34:21.582 28002 28002 D GAPS    : METHOD=<com.fsck.k9.controller.push.KoinModuleKt$controllerPushModule$1$5: java.lang.Object invoke(java.lang.Object,java.lang.Object)>
08-28 15:34:21.582 28002 28002 D GAPS    : METHOD=<com.fsck.k9.controller.push.KoinModuleKt$controllerPushModule$1$5: com.fsck.k9.controller.push.PushController invoke(org.koin.core.scope.Scope,org.koin.core.parameter.ParametersHolder)>
08-28 15:34:21.582 28002 28002 D GAPS    : METHOD=<com.fsck.k9.controller.push.KoinModuleKt$controllerPushModule$1$1: java.lang.Object invoke(java.lang.Object,java.lang.Object)>
08-28 15:34:21.582 28002 28002 D GAPS    : METHOD=<com.fsck.k9.controller.push.KoinModuleKt$controllerPushModule$1$1: com.fsck.k9.controller.push.PushServiceManager invoke(org.koin.core.scope.Scope,org.koin.core.parameter.ParametersHolder)>
08-28 15:34:21.582 28002 28002 D GAPS    : CLASS=com.fsck.k9.controller.push.PushServiceManager
08-28 15:34:21.582 28002 28002 D GAPS    : METHOD=<com.fsck.k9.controller.push.PushServiceManager: void <init>(android.content.Context)>
08-28 15:34:21.582 28002 28002 D GAPS    : METHOD=<com.fsck.k9.controller.push.KoinModuleKt$controllerPushModule$1$2: java.lang.Object invoke(java.lang.Object,java.lang.Object)>
08-28 15:34:21.582 28002 28002 D GAPS    : METHOD=<com.fsck.k9.controller.push.KoinModuleKt$controllerPushModule$1$2: com.fsck.k9.controller.push.BootCompleteManager invoke(org.koin.core.scope.Scope,org.koin.core.parameter.ParametersHolder)>
08-28 15:34:21.582 28002 28002 D GAPS    : CLASS=com.fsck.k9.controller.push.BootCompleteManager
08-28 15:34:21.582 28002 28002 D GAPS    : METHOD=<com.fsck.k9.controller.push.BootCompleteManager: void <init>(android.content.Context)>
08-28 15:34:21.582 28002 28002 D GAPS    : METHOD=<com.fsck.k9.controller.push.KoinModuleKt$controllerPushModule$1$3: java.lang.Object invoke(java.lang.Object,java.lang.Object)>
08-28 15:34:21.582 28002 28002 D GAPS    : METHOD=<com.fsck.k9.controller.push.KoinModuleKt$controllerPushModule$1$3: com.fsck.k9.controller.push.AutoSyncManager invoke(org.koin.core.scope.Scope,org.koin.core.parameter.ParametersHolder)>
08-28 15:34:21.582 28002 28002 D GAPS    : CLASS=com.fsck.k9.controller.push.AutoSyncManager
08-28 15:34:21.582 28002 28002 D GAPS    : METHOD=<com.fsck.k9.controller.push.AutoSyncManager: void <init>(android.content.Context)>
08-28 15:34:21.582 28002 28002 D GAPS    : CLASS=com.fsck.k9.controller.push.AutoSyncManager$receiver$1
08-28 15:34:21.582 28002 28002 D GAPS    : METHOD=<com.fsck.k9.controller.push.AutoSyncManager$receiver$1: void <init>(com.fsck.k9.controller.push.AutoSyncManager)>
08-28 15:34:21.582 28002 28002 D GAPS    : METHOD=<com.fsck.k9.notification.CoreKoinModuleKt$coreNotificationModule$1$19: java.lang.Object invoke(java.lang.Object,java.lang.Object)>
08-28 15:34:21.582 28002 28002 D GAPS    : METHOD=<com.fsck.k9.notification.CoreKoinModuleKt$coreNotificationModule$1$19: com.fsck.k9.notification.PushNotificationManager invoke(org.koin.core.scope.Scope,org.koin.core.parameter.ParametersHolder)>
08-28 15:34:21.582 28002 28002 D GAPS    : CLASS=com.fsck.k9.notification.PushNotificationManager
08-28 15:34:21.582 28002 28002 D GAPS    : METHOD=<com.fsck.k9.notification.PushNotificationManager: void <init>(android.content.Context,com.fsck.k9.CoreResourceProvider,com.fsck.k9.notification.NotificationChannelManager,androidx.core.app.NotificationManagerCompat)>
08-28 15:34:21.582 28002 28002 D GAPS    : CLASS=com.fsck.k9.notification.PushNotificationState
08-28 15:34:21.582 28002 28002 D GAPS    : METHOD=<com.fsck.k9.notification.PushNotificationState: void <clinit>()>
08-28 15:34:21.583 28002 28002 D GAPS    : METHOD=<com.fsck.k9.notification.PushNotificationState: void <init>(java.lang.String,int)>
08-28 15:34:21.583 28002 28002 D GAPS    : METHOD=<com.fsck.k9.notification.PushNotificationState: com.fsck.k9.notification.PushNotificationState[] $values()>
08-28 15:34:21.583 28002 28002 D GAPS    : METHOD=<com.fsck.k9.network.KointModuleKt$connectivityModule$1$2: java.lang.Object invoke(java.lang.Object,java.lang.Object)>
08-28 15:34:21.583 28002 28002 D GAPS    : METHOD=<com.fsck.k9.network.KointModuleKt$connectivityModule$1$2: com.fsck.k9.network.ConnectivityManager invoke(org.koin.core.scope.Scope,org.koin.core.parameter.ParametersHolder)>
08-28 15:34:21.583 28002 28002 D GAPS    : METHOD=<com.fsck.k9.network.KointModuleKt$connectivityModule$1$1: java.lang.Object invoke(java.lang.Object,java.lang.Object)>
08-28 15:34:21.583 28002 28002 D GAPS    : METHOD=<com.fsck.k9.network.KointModuleKt$connectivityModule$1$1: android.net.ConnectivityManager invoke(org.koin.core.scope.Scope,org.koin.core.parameter.ParametersHolder)>
08-28 15:34:21.583 28002 28002 D GAPS    : METHOD=<com.fsck.k9.network.ConnectivityManagerKt: com.fsck.k9.network.ConnectivityManager ConnectivityManager(android.net.ConnectivityManager)>
08-28 15:34:21.583 28002 28002 D GAPS    : CLASS=com.fsck.k9.network.ConnectivityManagerApi24
08-28 15:34:21.583 28002 28002 D GAPS    : METHOD=<com.fsck.k9.network.ConnectivityManagerApi24: void <init>(android.net.ConnectivityManager)>
08-28 15:34:21.583 28002 28002 D GAPS    : CLASS=com.fsck.k9.network.ConnectivityManagerBase
08-28 15:34:21.583 28002 28002 D GAPS    : METHOD=<com.fsck.k9.network.ConnectivityManagerBase: void <init>()>
08-28 15:34:21.583 28002 28002 D GAPS    : CLASS=com.fsck.k9.network.ConnectivityManagerApi24$networkCallback$1
08-28 15:34:21.583 28002 28002 D GAPS    : METHOD=<com.fsck.k9.network.ConnectivityManagerApi24$networkCallback$1: void <init>(com.fsck.k9.network.ConnectivityManagerApi24)>
08-28 15:34:21.583 28002 28002 D GAPS    : METHOD=<com.fsck.k9.controller.push.KoinModuleKt$controllerPushModule$1$4: java.lang.Object invoke(java.lang.Object,java.lang.Object)>
08-28 15:34:21.583 28002 28002 D GAPS    : METHOD=<com.fsck.k9.controller.push.KoinModuleKt$controllerPushModule$1$4: com.fsck.k9.controller.push.AccountPushControllerFactory invoke(org.koin.core.scope.Scope,org.koin.core.parameter.ParametersHolder)>
08-28 15:34:21.583 28002 28002 D GAPS    : CLASS=com.fsck.k9.controller.push.AccountPushControllerFactory
08-28 15:34:21.583 28002 28002 D GAPS    : METHOD=<com.fsck.k9.controller.push.AccountPushControllerFactory: void <init>(com.fsck.k9.backend.BackendManager,com.fsck.k9.controller.MessagingController,com.fsck.k9.mailstore.FolderRepository,com.fsck.k9.Preferences)>
08-28 15:34:21.583 28002 28002 D GAPS    : CLASS=com.fsck.k9.controller.push.PushController
08-28 15:34:21.583 28002 28002 D GAPS    : METHOD=<com.fsck.k9.controller.push.PushController: void <init>(com.fsck.k9.Preferences,com.fsck.k9.preferences.GeneralSettingsManager,com.fsck.k9.backend.BackendManager,com.fsck.k9.controller.push.PushServiceManager,com.fsck.k9.controller.push.BootCompleteManager,com.fsck.k9.controller.push.AutoSyncManager,com.fsck.k9.notification.PushNotificationManager,com.fsck.k9.network.ConnectivityManager,com.fsck.k9.controller.push.AccountPushControllerFactory,kotlinx.coroutines.CoroutineScope,kotlinx.coroutines.CoroutineDispatcher,int,kotlin.jvm.internal.DefaultConstructorMarker)>
08-28 15:34:21.583 28002 28002 D GAPS    : METHOD=<kotlinx.coroutines.ExecutorsKt: kotlinx.coroutines.ExecutorCoroutineDispatcher 'from'(java.util.concurrent.ExecutorService)>
08-28 15:34:21.583 28002 28002 D GAPS    : CLASS=kotlinx.coroutines.ExecutorCoroutineDispatcherImpl
08-28 15:34:21.583 28002 28002 D GAPS    : METHOD=<kotlinx.coroutines.ExecutorCoroutineDispatcherImpl: void <init>(java.util.concurrent.Executor)>
08-28 15:34:21.583 28002 28002 D GAPS    : METHOD=<kotlinx.coroutines.ExecutorCoroutineDispatcherImpl: java.util.concurrent.Executor getExecutor()>
08-28 15:34:21.583 28002 28002 D GAPS    : CLASS=kotlinx.coroutines.internal.ConcurrentKt
08-28 15:34:21.583 28002 28002 D GAPS    : METHOD=<kotlinx.coroutines.internal.ConcurrentKt: void <clinit>()>
08-28 15:34:21.583 28002 28002 D GAPS    : METHOD=<kotlinx.coroutines.internal.ConcurrentKt: boolean removeFutureOnCancel(java.util.concurrent.Executor)>
08-28 15:34:21.583 28002 28002 D GAPS    : METHOD=<com.fsck.k9.controller.push.PushController: void <init>(com.fsck.k9.Preferences,com.fsck.k9.preferences.GeneralSettingsManager,com.fsck.k9.backend.BackendManager,com.fsck.k9.controller.push.PushServiceManager,com.fsck.k9.controller.push.BootCompleteManager,com.fsck.k9.controller.push.AutoSyncManager,com.fsck.k9.notification.PushNotificationManager,com.fsck.k9.network.ConnectivityManager,com.fsck.k9.controller.push.AccountPushControllerFactory,kotlinx.coroutines.CoroutineScope,kotlinx.coroutines.CoroutineDispatcher)>
08-28 15:34:21.584 28002 28002 D GAPS    : CLASS=com.fsck.k9.controller.push.PushController$autoSyncListener$1
08-28 15:34:21.584 28002 28002 D GAPS    : METHOD=<com.fsck.k9.controller.push.PushController$autoSyncListener$1: void <init>(com.fsck.k9.controller.push.PushController)>
08-28 15:34:21.584 28002 28002 D GAPS    : CLASS=com.fsck.k9.controller.push.PushController$connectivityChangeListener$1
08-28 15:34:21.584 28002 28002 D GAPS    : METHOD=<com.fsck.k9.controller.push.PushController$connectivityChangeListener$1: void <init>(com.fsck.k9.controller.push.PushController)>
08-28 15:34:21.584 28002 28002 D GAPS    : METHOD=<com.fsck.k9.controller.push.PushController: void init()>
08-28 15:34:21.584 28002 28002 D GAPS    : CLASS=com.fsck.k9.controller.push.PushController$init$2
08-28 15:34:21.584 28002 28002 D GAPS    : METHOD=<com.fsck.k9.controller.push.PushController$init$2: void <init>(com.fsck.k9.controller.push.PushController,kotlin.coroutines.Continuation)>
08-28 15:34:21.584 28002 28002 D GAPS    : METHOD=<com.fsck.k9.controller.push.PushController$init$2: kotlin.coroutines.Continuation create(java.lang.Object,kotlin.coroutines.Continuation)>
08-28 15:34:21.584 28002 28002 D GAPS    : METHOD=<kotlinx.coroutines.ExecutorCoroutineDispatcherImpl: void dispatch(kotlin.coroutines.CoroutineContext,java.lang.Runnable)>
08-28 15:34:21.584 28002 28002 D GAPS    : ACTIVITY=androidx.fragment.app.FragmentActivity
08-28 15:34:21.584 28002 28002 D GAPS    : METHOD=<androidx.fragment.app.FragmentActivity: void onCreate(android.os.Bundle)>
08-28 15:34:21.584 28002 28002 D GAPS    : ACTIVITY=androidx.activity.ComponentActivity
08-28 15:34:21.584 28002 28002 D GAPS    : METHOD=<androidx.activity.ComponentActivity: void onCreate(android.os.Bundle)>
08-28 15:34:21.584 28002 28002 D GAPS    : METHOD=<androidx.savedstate.SavedStateRegistryController: void performRestore(android.os.Bundle)>
08-28 15:34:21.584 28002 28002 D GAPS    : METHOD=<androidx.lifecycle.Lifecycle$State: boolean isAtLeast(androidx.lifecycle.Lifecycle$State)>
08-28 15:34:21.584 28002 28002 D GAPS    : METHOD=<androidx.savedstate.SavedStateRegistry: void performRestore$savedstate_release(android.os.Bundle)>
08-28 15:34:21.584 28002 28002 D GAPS    : METHOD=<androidx.activity.contextaware.ContextAwareHelper: void dispatchOnContextAvailable(android.content.Context)>
08-28 15:34:21.584 28002 28002 D GAPS    : METHOD=<androidx.activity.ComponentActivity$$ExternalSyntheticLambda2: void onContextAvailable(android.content.Context)>
08-28 15:34:21.584 28002 28002 D GAPS    : METHOD=<androidx.activity.ComponentActivity: void $r8$lambda$Mg7-hF6_XzI8jXHyb9wZTvbC5nA(androidx.activity.ComponentActivity,android.content.Context)>
08-28 15:34:21.584 28002 28002 D GAPS    : METHOD=<androidx.activity.ComponentActivity: void lambda$new$1(android.content.Context)>
08-28 15:34:21.584 28002 28002 D GAPS    : METHOD=<androidx.savedstate.SavedStateRegistry: android.os.Bundle consumeRestoredStateForKey(java.lang.String)>
08-28 15:34:21.584 28002 28002 D GAPS    : METHOD=<androidx.fragment.app.FragmentActivity$$ExternalSyntheticLambda3: void onContextAvailable(android.content.Context)>
08-28 15:34:21.584 28002 28002 D GAPS    : METHOD=<androidx.fragment.app.FragmentActivity: void $r8$lambda$euPNEtWNfVdMY89Jt5kWt_WEHqw(androidx.fragment.app.FragmentActivity,android.content.Context)>
08-28 15:34:21.584 28002 28002 D GAPS    : METHOD=<androidx.fragment.app.FragmentActivity: void lambda$init$3(android.content.Context)>
08-28 15:34:21.584 28002 28002 D GAPS    : METHOD=<androidx.fragment.app.FragmentController: void attachHost(androidx.fragment.app.Fragment)>
08-28 15:34:21.584 28002 28002 D GAPS    : METHOD=<androidx.fragment.app.FragmentManager: void attachController(androidx.fragment.app.FragmentHostCallback,androidx.fragment.app.FragmentContainer,androidx.fragment.app.Fragment)>
08-28 15:34:21.584 28002 28002 D GAPS    : METHOD=<androidx.fragment.app.FragmentManager: void addFragmentOnAttachListener(androidx.fragment.app.FragmentOnAttachListener)>
08-28 15:34:21.584 28002 28002 D GAPS    : METHOD=<androidx.fragment.app.FragmentActivity$HostCallbacks: androidx.activity.OnBackPressedDispatcher getOnBackPressedDispatcher()>
08-28 15:34:21.584 28002 28002 D GAPS    : METHOD=<androidx.activity.ComponentActivity: androidx.activity.OnBackPressedDispatcher getOnBackPressedDispatcher()>
08-28 15:34:21.584 28002 28002 D GAPS    : METHOD=<androidx.activity.OnBackPressedDispatcher: void addCallback(androidx.lifecycle.LifecycleOwner,androidx.activity.OnBackPressedCallback)>
08-28 15:34:21.584 28002 28002 D GAPS    : METHOD=<androidx.fragment.app.FragmentActivity$HostCallbacks: androidx.lifecycle.Lifecycle getLifecycle()>
08-28 15:34:21.584 28002 28030 D GAPS    : METHOD=<com.fsck.k9.controller.push.PushController$init$2: java.lang.Object invokeSuspend(java.lang.Object)>
08-28 15:34:21.584 28002 28002 D GAPS    : CLASS=androidx.activity.OnBackPressedDispatcher$LifecycleOnBackPressedCancellable
08-28 15:34:21.584 28002 28030 D GAPS    : METHOD=<com.fsck.k9.controller.push.PushController: void access$initInBackground(com.fsck.k9.controller.push.PushController)>
08-28 15:34:21.584 28002 28002 D GAPS    : METHOD=<androidx.activity.OnBackPressedDispatcher$LifecycleOnBackPressedCancellable: void <init>(androidx.activity.OnBackPressedDispatcher,androidx.lifecycle.Lifecycle,androidx.activity.OnBackPressedCallback)>
08-28 15:34:21.584 28002 28030 D GAPS    : METHOD=<com.fsck.k9.controller.push.PushController: void initInBackground()>
08-28 15:34:21.585 28002 28030 D GAPS    : CLASS=com.fsck.k9.controller.push.PushController$$ExternalSyntheticLambda0
08-28 15:34:21.585 28002 28030 D GAPS    : METHOD=<com.fsck.k9.controller.push.PushController$$ExternalSyntheticLambda0: void <init>(com.fsck.k9.controller.push.PushController)>
08-28 15:34:21.585 28002 28002 D GAPS    : METHOD=<androidx.activity.OnBackPressedCallback: void addCancellable(androidx.activity.Cancellable)>
08-28 15:34:21.585 28002 28002 D GAPS    : METHOD=<androidx.activity.OnBackPressedDispatcher: void updateBackInvokedCallbackState()>
08-28 15:34:21.585 28002 28002 D GAPS    : METHOD=<androidx.activity.OnBackPressedDispatcher: boolean hasEnabledCallbacks()>
08-28 15:34:21.585 28002 28002 D GAPS    : METHOD=<androidx.activity.OnBackPressedCallback: void setIsEnabledConsumer(androidx.core.util.Consumer)>
08-28 15:34:21.585 28002 28002 D GAPS    : METHOD=<androidx.fragment.app.FragmentActivity$HostCallbacks: androidx.lifecycle.ViewModelStore getViewModelStore()>
08-28 15:34:21.585 28002 28002 D GAPS    : METHOD=<androidx.activity.ComponentActivity: androidx.lifecycle.ViewModelStore getViewModelStore()>
08-28 15:34:21.585 28002 28002 D GAPS    : METHOD=<androidx.activity.ComponentActivity: void ensureViewModelStore()>
08-28 15:34:21.585 28002 28030 D GAPS    : METHOD=<com.fsck.k9.controller.push.PushController: void listenForBackgroundSyncChanges()>
08-28 15:34:21.585 28002 28002 D GAPS    : CLASS=androidx.lifecycle.ViewModelStore
08-28 15:34:21.585 28002 28002 D GAPS    : METHOD=<androidx.lifecycle.ViewModelStore: void <init>()>
08-28 15:34:21.585 28002 28030 D GAPS    : CLASS=com.fsck.k9.controller.push.PushController$listenForBackgroundSyncChanges$$inlined$map$1
08-28 15:34:21.585 28002 28002 D GAPS    : CLASS=androidx.fragment.app.FragmentManagerViewModel
08-28 15:34:21.585 28002 28002 D GAPS    : METHOD=<androidx.fragment.app.FragmentManagerViewModel: void <clinit>()>
08-28 15:34:21.585 28002 28030 D GAPS    : METHOD=<com.fsck.k9.controller.push.PushController$listenForBackgroundSyncChanges$$inlined$map$1: void <init>(kotlinx.coroutines.flow.Flow)>
08-28 15:34:21.585 28002 28002 D GAPS    : CLASS=androidx.fragment.app.FragmentManagerViewModel$1
08-28 15:34:21.585 28002 28002 D GAPS    : METHOD=<androidx.fragment.app.FragmentManagerViewModel$1: void <init>()>
08-28 15:34:21.585 28002 28002 D GAPS    : METHOD=<androidx.fragment.app.FragmentManagerViewModel: androidx.fragment.app.FragmentManagerViewModel getInstance(androidx.lifecycle.ViewModelStore)>
08-28 15:34:21.585 28002 28030 D GAPS    : CLASS=com.fsck.k9.controller.push.PushController$listenForBackgroundSyncChanges$2
08-28 15:34:21.585 28002 28030 D GAPS    : METHOD=<com.fsck.k9.controller.push.PushController$listenForBackgroundSyncChanges$2: void <init>(com.fsck.k9.controller.push.PushController,kotlin.coroutines.Continuation)>
08-28 15:34:21.585 28002 28002 D GAPS    : CLASS=androidx.lifecycle.ViewModelProvider
08-28 15:34:21.585 28002 28002 D GAPS    : METHOD=<androidx.lifecycle.ViewModelProvider: void <init>(androidx.lifecycle.ViewModelStore,androidx.lifecycle.ViewModelProvider$Factory)>
08-28 15:34:21.585 28002 28002 D GAPS    : METHOD=<androidx.lifecycle.ViewModelProvider: void <init>(androidx.lifecycle.ViewModelStore,androidx.lifecycle.ViewModelProvider$Factory,androidx.lifecycle.viewmodel.CreationExtras,int,kotlin.jvm.internal.DefaultConstructorMarker)>
08-28 15:34:21.585 28002 28002 D GAPS    : CLASS=androidx.lifecycle.viewmodel.CreationExtras$Empty
08-28 15:34:21.585 28002 28002 D GAPS    : METHOD=<androidx.lifecycle.viewmodel.CreationExtras$Empty: void <clinit>()>
08-28 15:34:21.585 28002 28002 D GAPS    : METHOD=<androidx.lifecycle.viewmodel.CreationExtras$Empty: void <init>()>
08-28 15:34:21.585 28002 28002 D GAPS    : CLASS=androidx.lifecycle.viewmodel.CreationExtras
08-28 15:34:21.585 28002 28002 D GAPS    : METHOD=<androidx.lifecycle.viewmodel.CreationExtras: void <init>()>
08-28 15:34:21.585 28002 28002 D GAPS    : METHOD=<androidx.lifecycle.ViewModelProvider: void <init>(androidx.lifecycle.ViewModelStore,androidx.lifecycle.ViewModelProvider$Factory,androidx.lifecycle.viewmodel.CreationExtras)>
08-28 15:34:21.585 28002 28002 D GAPS    : METHOD=<androidx.lifecycle.ViewModelProvider: androidx.lifecycle.ViewModel get(java.lang.Class)>
08-28 15:34:21.585 28002 28002 D GAPS    : METHOD=<androidx.lifecycle.ViewModelProvider: androidx.lifecycle.ViewModel get(java.lang.String,java.lang.Class)>
08-28 15:34:21.585 28002 28002 D GAPS    : METHOD=<androidx.lifecycle.ViewModelStore: androidx.lifecycle.ViewModel get(java.lang.String)>
08-28 15:34:21.585 28002 28002 D GAPS    : CLASS=androidx.lifecycle.viewmodel.MutableCreationExtras
08-28 15:34:21.585 28002 28002 D GAPS    : METHOD=<androidx.lifecycle.viewmodel.MutableCreationExtras: void <init>(androidx.lifecycle.viewmodel.CreationExtras)>
08-28 15:34:21.585 28002 28002 D GAPS    : METHOD=<androidx.lifecycle.viewmodel.CreationExtras: java.util.Map getMap$lifecycle_viewmodel_release()>
08-28 15:34:21.585 28002 28002 D GAPS    : CLASS=androidx.lifecycle.ViewModelProvider$NewInstanceFactory
08-28 15:34:21.585 28002 28002 D GAPS    : METHOD=<androidx.lifecycle.ViewModelProvider$NewInstanceFactory: void <clinit>()>
08-28 15:34:21.585 28002 28002 D GAPS    : CLASS=androidx.lifecycle.ViewModelProvider$NewInstanceFactory$Companion
08-28 15:34:21.585 28002 28002 D GAPS    : METHOD=<androidx.lifecycle.ViewModelProvider$NewInstanceFactory$Companion: void <init>(kotlin.jvm.internal.DefaultConstructorMarker)>
08-28 15:34:21.585 28002 28002 D GAPS    : METHOD=<androidx.lifecycle.ViewModelProvider$NewInstanceFactory$Companion: void <init>()>
08-28 15:34:21.585 28002 28002 D GAPS    : CLASS=androidx.lifecycle.ViewModelProvider$NewInstanceFactory$Companion$ViewModelKeyImpl
08-28 15:34:21.585 28002 28002 D GAPS    : METHOD=<androidx.lifecycle.ViewModelProvider$NewInstanceFactory$Companion$ViewModelKeyImpl: void <clinit>()>
08-28 15:34:21.585 28002 28002 D GAPS    : METHOD=<androidx.lifecycle.ViewModelProvider$NewInstanceFactory$Companion$ViewModelKeyImpl: void <init>()>
08-28 15:34:21.585 28002 28002 D GAPS    : METHOD=<androidx.lifecycle.viewmodel.MutableCreationExtras: void set(androidx.lifecycle.viewmodel.CreationExtras$Key,java.lang.Object)>
08-28 15:34:21.585 28002 28030 D GAPS    : CLASS=com.fsck.k9.controller.push.PushController$initInBackground$2
08-28 15:34:21.585 28002 28002 D GAPS    : METHOD=<androidx.fragment.app.FragmentManagerViewModel$1: androidx.lifecycle.ViewModel create(java.lang.Class,androidx.lifecycle.viewmodel.CreationExtras)>
08-28 15:34:21.586 28002 28002 D GAPS    : METHOD=<androidx.lifecycle.ViewModelProvider$Factory$-CC: androidx.lifecycle.ViewModel $default$create(androidx.lifecycle.ViewModelProvider$Factory,java.lang.Class,androidx.lifecycle.viewmodel.CreationExtras)>
08-28 15:34:21.586 28002 28002 D GAPS    : METHOD=<androidx.fragment.app.FragmentManagerViewModel$1: androidx.lifecycle.ViewModel create(java.lang.Class)>
08-28 15:34:21.586 28002 28002 D GAPS    : METHOD=<androidx.fragment.app.FragmentManagerViewModel: void <init>(boolean)>
08-28 15:34:21.586 28002 28002 D GAPS    : CLASS=androidx.lifecycle.ViewModel
08-28 15:34:21.586 28002 28030 D GAPS    : METHOD=<com.fsck.k9.controller.push.PushController$initInBackground$2: void <init>(com.fsck.k9.controller.push.PushController)>
08-28 15:34:21.586 28002 28002 D GAPS    : METHOD=<androidx.lifecycle.ViewModel: void <init>()>
08-28 15:34:21.586 28002 28002 D GAPS    : METHOD=<androidx.lifecycle.ViewModelStore: void put(java.lang.String,androidx.lifecycle.ViewModel)>
08-28 15:34:21.586 28002 28002 D GAPS    : METHOD=<androidx.fragment.app.FragmentManager: boolean isStateSaved()>
08-28 15:34:21.586 28002 28002 D GAPS    : METHOD=<androidx.fragment.app.FragmentManagerViewModel: void setIsStateSaved(boolean)>
08-28 15:34:21.586 28002 28002 D GAPS    : METHOD=<androidx.fragment.app.FragmentStore: void setNonConfig(androidx.fragment.app.FragmentManagerViewModel)>
08-28 15:34:21.586 28002 28002 D GAPS    : METHOD=<androidx.fragment.app.FragmentActivity$HostCallbacks: androidx.savedstate.SavedStateRegistry getSavedStateRegistry()>
08-28 15:34:21.586 28002 28030 D GAPS    : METHOD=<com.fsck.k9.backend.BackendManager: void addListener(com.fsck.k9.backend.BackendChangedListener)>
08-28 15:34:21.586 28002 28030 D GAPS    : METHOD=<com.fsck.k9.controller.push.PushController: void updatePushers()>
08-28 15:34:21.586 28002 28002 D GAPS    : CLASS=androidx.fragment.app.FragmentManager$$ExternalSyntheticLambda4
08-28 15:34:21.586 28002 28002 D GAPS    : METHOD=<androidx.fragment.app.FragmentManager$$ExternalSyntheticLambda4: void <init>(androidx.fragment.app.FragmentManager)>
08-28 15:34:21.586 28002 28030 D GAPS    : METHOD=<com.fsck.k9.controller.push.AutoSyncManager: boolean isAutoSyncDisabled()>
08-28 15:34:21.586 28002 28002 D GAPS    : METHOD=<androidx.fragment.app.FragmentActivity$HostCallbacks: androidx.activity.result.ActivityResultRegistry getActivityResultRegistry()>
08-28 15:34:21.586 28002 28030 D GAPS    : METHOD=<com.fsck.k9.controller.push.AutoSyncManager: boolean getRespectSystemAutoSync()>
08-28 15:34:21.586 28002 28030 D GAPS    : METHOD=<com.fsck.k9.preferences.GeneralSettings: com.fsck.k9.preferences.BackgroundSync getBackgroundSync()>
08-28 15:34:21.586 28002 28030 D GAPS    : METHOD=<com.fsck.k9.network.ConnectivityManagerApi24: boolean isNetworkAvailable()>
08-28 15:34:21.586 28002 28030 D GAPS    : METHOD=<com.fsck.k9.network.ConnectivityManagerApi24: boolean isNetworkAvailableSynchronous()>
08-28 15:34:21.586 28002 28002 D GAPS    : METHOD=<androidx.activity.ComponentActivity: androidx.activity.result.ActivityResultRegistry getActivityResultRegistry()>
08-28 15:34:21.586 28002 28030 D GAPS    : METHOD=<androidx.work.impl.constraints.trackers.NetworkStateTracker$$ExternalSyntheticApiModelOutline0: android.net.Network m(android.net.ConnectivityManager)>
08-28 15:34:21.586 28002 28002 D GAPS    : CLASS=androidx.activity.result.contract.ActivityResultContracts$StartActivityForResult
08-28 15:34:21.586 28002 28002 D GAPS    : METHOD=<androidx.activity.result.contract.ActivityResultContracts$StartActivityForResult: void <clinit>()>
08-28 15:34:21.586 28002 28002 D GAPS    : CLASS=androidx.activity.result.contract.ActivityResultContracts$StartActivityForResult$Companion
08-28 15:34:21.586 28002 28002 D GAPS    : METHOD=<androidx.activity.result.contract.ActivityResultContracts$StartActivityForResult$Companion: void <init>(kotlin.jvm.internal.DefaultConstructorMarker)>
08-28 15:34:21.586 28002 28002 D GAPS    : METHOD=<androidx.activity.result.contract.ActivityResultContracts$StartActivityForResult$Companion: void <init>()>
08-28 15:34:21.586 28002 28002 D GAPS    : METHOD=<androidx.activity.result.contract.ActivityResultContracts$StartActivityForResult: void <init>()>
08-28 15:34:21.586 28002 28002 D GAPS    : CLASS=androidx.activity.result.contract.ActivityResultContract
08-28 15:34:21.586 28002 28002 D GAPS    : METHOD=<androidx.activity.result.contract.ActivityResultContract: void <init>()>
08-28 15:34:21.586 28002 28002 D GAPS    : CLASS=androidx.fragment.app.FragmentManager$8
08-28 15:34:21.586 28002 28002 D GAPS    : METHOD=<androidx.fragment.app.FragmentManager$8: void <init>(androidx.fragment.app.FragmentManager)>
08-28 15:34:21.586 28002 28002 D GAPS    : METHOD=<androidx.activity.result.ActivityResultRegistry: androidx.activity.result.ActivityResultLauncher register(java.lang.String,androidx.activity.result.contract.ActivityResultContract,androidx.activity.result.ActivityResultCallback)>
08-28 15:34:21.586 28002 28002 D GAPS    : METHOD=<androidx.activity.result.ActivityResultRegistry: void registerKey(java.lang.String)>
08-28 15:34:21.586 28002 28002 D GAPS    : METHOD=<androidx.activity.result.ActivityResultRegistry: int generateRandomNumber()>
08-28 15:34:21.586 28002 28002 D GAPS    : METHOD=<androidx.activity.result.ActivityResultRegistry: void bindRcKey(int,java.lang.String)>
08-28 15:34:21.586 28002 28002 D GAPS    : CLASS=androidx.activity.result.ActivityResultRegistry$CallbackAndContract
08-28 15:34:21.586 28002 28002 D GAPS    : METHOD=<androidx.activity.result.ActivityResultRegistry$CallbackAndContract: void <init>(androidx.activity.result.ActivityResultCallback,androidx.activity.result.contract.ActivityResultContract)>
08-28 15:34:21.586 28002 28002 D GAPS    : CLASS=androidx.activity.result.ActivityResultRegistry$3
08-28 15:34:21.586 28002 28002 D GAPS    : METHOD=<androidx.activity.result.ActivityResultRegistry$3: void <init>(androidx.activity.result.ActivityResultRegistry,java.lang.String,androidx.activity.result.contract.ActivityResultContract)>
08-28 15:34:21.586 28002 28002 D GAPS    : CLASS=androidx.activity.result.ActivityResultLauncher
08-28 15:34:21.586 28002 28002 D GAPS    : METHOD=<androidx.activity.result.ActivityResultLauncher: void <init>()>
08-28 15:34:21.586 28002 28002 D GAPS    : CLASS=androidx.fragment.app.FragmentManager$FragmentIntentSenderContract
08-28 15:34:21.586 28002 28002 D GAPS    : METHOD=<androidx.fragment.app.FragmentManager$FragmentIntentSenderContract: void <init>()>
08-28 15:34:21.587 28002 28002 D GAPS    : CLASS=androidx.fragment.app.FragmentManager$9
08-28 15:34:21.587 28002 28002 D GAPS    : METHOD=<androidx.fragment.app.FragmentManager$9: void <init>(androidx.fragment.app.FragmentManager)>
08-28 15:34:21.587 28002 28002 D GAPS    : CLASS=androidx.activity.result.contract.ActivityResultContracts$RequestMultiplePermissions
08-28 15:34:21.587 28002 28002 D GAPS    : METHOD=<androidx.activity.result.contract.ActivityResultContracts$RequestMultiplePermissions: void <clinit>()>
08-28 15:34:21.587 28002 28002 D GAPS    : CLASS=androidx.activity.result.contract.ActivityResultContracts$RequestMultiplePermissions$Companion
08-28 15:34:21.587 28002 28002 D GAPS    : METHOD=<androidx.activity.result.contract.ActivityResultContracts$RequestMultiplePermissions$Companion: void <init>(kotlin.jvm.internal.DefaultConstructorMarker)>
08-28 15:34:21.587 28002 28002 D GAPS    : METHOD=<androidx.activity.result.contract.ActivityResultContracts$RequestMultiplePermissions$Companion: void <init>()>
08-28 15:34:21.587 28002 28002 D GAPS    : METHOD=<androidx.activity.result.contract.ActivityResultContracts$RequestMultiplePermissions: void <init>()>
08-28 15:34:21.587 28002 28002 D GAPS    : CLASS=androidx.fragment.app.FragmentManager$10
08-28 15:34:21.587 28002 28002 D GAPS    : METHOD=<androidx.fragment.app.FragmentManager$10: void <init>(androidx.fragment.app.FragmentManager)>
08-28 15:34:21.587 28002 28002 D GAPS    : METHOD=<androidx.fragment.app.FragmentActivity$HostCallbacks: void addOnConfigurationChangedListener(androidx.core.util.Consumer)>
08-28 15:34:21.587 28002 28002 D GAPS    : METHOD=<androidx.fragment.app.FragmentActivity$HostCallbacks: void addOnTrimMemoryListener(androidx.core.util.Consumer)>
08-28 15:34:21.587 28002 28002 D GAPS    : METHOD=<androidx.activity.ComponentActivity: void addOnTrimMemoryListener(androidx.core.util.Consumer)>
08-28 15:34:21.587 28002 28002 D GAPS    : METHOD=<androidx.fragment.app.FragmentActivity$HostCallbacks: void addOnMultiWindowModeChangedListener(androidx.core.util.Consumer)>
08-28 15:34:21.587 28002 28002 D GAPS    : METHOD=<androidx.activity.ComponentActivity: void addOnMultiWindowModeChangedListener(androidx.core.util.Consumer)>
08-28 15:34:21.587 28002 28002 D GAPS    : METHOD=<androidx.fragment.app.FragmentActivity$HostCallbacks: void addOnPictureInPictureModeChangedListener(androidx.core.util.Consumer)>
08-28 15:34:21.587 28002 28002 D GAPS    : METHOD=<androidx.activity.ComponentActivity: void addOnPictureInPictureModeChangedListener(androidx.core.util.Consumer)>
08-28 15:34:21.587 28002 28002 D GAPS    : METHOD=<androidx.fragment.app.FragmentActivity$HostCallbacks: void addMenuProvider(androidx.core.view.MenuProvider)>
08-28 15:34:21.587 28002 28002 D GAPS    : METHOD=<androidx.activity.ComponentActivity: void addMenuProvider(androidx.core.view.MenuProvider)>
08-28 15:34:21.587 28002 28002 D GAPS    : METHOD=<androidx.core.view.MenuHostHelper: void addMenuProvider(androidx.core.view.MenuProvider)>
08-28 15:34:21.587 28002 28002 D GAPS    : METHOD=<androidx.activity.ComponentActivity$$ExternalSyntheticLambda0: void run()>
08-28 15:34:21.587 28002 28002 D GAPS    : METHOD=<androidx.activity.ComponentActivity: void invalidateMenu()>
08-28 15:34:21.587 28002 28002 D GAPS    : METHOD=<androidx.appcompat.app.AppCompatActivity: void invalidateOptionsMenu()>
08-28 15:34:21.587 28002 28002 D GAPS    : METHOD=<androidx.appcompat.app.AppCompatDelegateImpl: void invalidateOptionsMenu()>
08-28 15:34:21.587 28002 28002 D GAPS    : METHOD=<androidx.appcompat.app.AppCompatDelegateImpl: androidx.appcompat.app.ActionBar peekSupportActionBar()>
08-28 15:34:21.587 28002 28002 D GAPS    : METHOD=<androidx.appcompat.app.AppCompatActivity$2: void onContextAvailable(android.content.Context)>
08-28 15:34:21.587 28002 28002 D GAPS    : METHOD=<androidx.appcompat.app.AppCompatDelegateImpl: void installViewFactory()>
