08-28 15:34:21.587 28002 28002 D GAPS    : METHOD=<androidx.core.view.LayoutInflaterCompat: void setFactory2(android.view.LayoutInflater,android.view.LayoutInflater$Factory2)>
08-28 15:34:21.587 28002 28002 D GAPS    : METHOD=<androidx.appcompat.app.AppCompatDelegateImpl: void onCreate(android.os.Bundle)>
08-28 15:34:21.587 28002 28002 D GAPS    : METHOD=<androidx.appcompat.app.AppCompatDelegateImpl: boolean applyApplicationSpecificConfig(boolean)>
08-28 15:34:21.587 28002 28002 D GAPS    : METHOD=<androidx.appcompat.app.AppCompatDelegateImpl: boolean applyApplicationSpecificConfig(boolean,boolean)>
08-28 15:34:21.587 28002 28002 D GAPS    : METHOD=<androidx.appcompat.app.AppCompatDelegateImpl: boolean updateAppConfiguration(int,androidx.core.os.LocaleListCompat,boolean)>
08-28 15:34:21.587 28002 28002 D GAPS    : METHOD=<androidx.appcompat.app.AppCompatDelegateImpl: int getActivityHandlesConfigChangesFlags(android.content.Context)>
08-28 15:34:21.587 28002 28023 D GAPS    : METHOD=<com.fsck.k9.controller.push.PushController$listenForBackgroundSyncChanges$$inlined$map$1: java.lang.Object collect(kotlinx.coroutines.flow.FlowCollector,kotlin.coroutines.Continuation)>
08-28 15:34:21.587 28002 28023 D GAPS    : CLASS=com.fsck.k9.controller.push.PushController$listenForBackgroundSyncChanges$$inlined$map$1$2
08-28 15:34:21.587 28002 28023 D GAPS    : METHOD=<com.fsck.k9.controller.push.PushController$listenForBackgroundSyncChanges$$inlined$map$1$2: void <init>(kotlinx.coroutines.flow.FlowCollector)>
08-28 15:34:21.587 28002 28023 D GAPS    : METHOD=<com.fsck.k9.controller.push.PushController$listenForBackgroundSyncChanges$$inlined$map$1$2: java.lang.Object emit(java.lang.Object,kotlin.coroutines.Continuation)>
08-28 15:34:21.587 28002 28023 D GAPS    : CLASS=com.fsck.k9.controller.push.PushController$listenForBackgroundSyncChanges$$inlined$map$1$2$1
08-28 15:34:21.588 28002 28023 D GAPS    : METHOD=<com.fsck.k9.controller.push.PushController$listenForBackgroundSyncChanges$$inlined$map$1$2$1: void <init>(com.fsck.k9.controller.push.PushController$listenForBackgroundSyncChanges$$inlined$map$1$2,kotlin.coroutines.Continuation)>
08-28 15:34:21.588 28002 28002 D GAPS    : METHOD=<androidx.appcompat.app.AppCompatDelegateImpl: androidx.core.os.LocaleListCompat getConfigurationLocales(android.content.res.Configuration)>
08-28 15:34:21.588 28002 28023 D GAPS    : METHOD=<com.fsck.k9.controller.push.PushController$listenForBackgroundSyncChanges$2: java.lang.Object invoke(java.lang.Object,java.lang.Object)>
08-28 15:34:21.588 28002 28023 D GAPS    : METHOD=<com.fsck.k9.controller.push.PushController$listenForBackgroundSyncChanges$2: java.lang.Object invoke(com.fsck.k9.preferences.BackgroundSync,kotlin.coroutines.Continuation)>
08-28 15:34:21.588 28002 28023 D GAPS    : METHOD=<com.fsck.k9.controller.push.PushController$listenForBackgroundSyncChanges$2: kotlin.coroutines.Continuation create(java.lang.Object,kotlin.coroutines.Continuation)>
08-28 15:34:21.588 28002 28023 D GAPS    : METHOD=<com.fsck.k9.controller.push.PushController$listenForBackgroundSyncChanges$2: java.lang.Object invokeSuspend(java.lang.Object)>
08-28 15:34:21.588 28002 28023 D GAPS    : METHOD=<com.fsck.k9.controller.push.PushController: void access$launchUpdatePushers(com.fsck.k9.controller.push.PushController)>
08-28 15:34:21.588 28002 28023 D GAPS    : METHOD=<com.fsck.k9.controller.push.PushController: void launchUpdatePushers()>
08-28 15:34:21.588 28002 28023 D GAPS    : CLASS=com.fsck.k9.controller.push.PushController$launchUpdatePushers$1
08-28 15:34:21.588 28002 28023 D GAPS    : METHOD=<com.fsck.k9.controller.push.PushController$launchUpdatePushers$1: void <init>(com.fsck.k9.controller.push.PushController,kotlin.coroutines.Continuation)>
08-28 15:34:21.588 28002 28002 D GAPS    : METHOD=<androidx.appcompat.app.AppCompatDelegateImpl$Api24Impl: androidx.core.os.LocaleListCompat getLocales(android.content.res.Configuration)>
08-28 15:34:21.588 28002 28023 D GAPS    : METHOD=<com.fsck.k9.controller.push.PushController$launchUpdatePushers$1: kotlin.coroutines.Continuation create(java.lang.Object,kotlin.coroutines.Continuation)>
08-28 15:34:21.588 28002 28030 D GAPS    : METHOD=<com.fsck.k9.controller.push.PushController: java.util.List getPushAccounts()>
08-28 15:34:21.588 28002 28030 D GAPS    : METHOD=<kotlin.collections.CollectionsKt: java.util.List minus(java.lang.Iterable,java.lang.Iterable)>
08-28 15:34:21.588 28002 28030 D GAPS    : METHOD=<kotlin.collections.CollectionsKt___CollectionsKt: java.util.List minus(java.lang.Iterable,java.lang.Iterable)>
08-28 15:34:21.588 28002 28002 D GAPS    : METHOD=<androidx.appcompat.app.AppCompatDelegateImpl$Api24Impl$$ExternalSyntheticApiModelOutline2: java.lang.String m(android.os.LocaleList)>
08-28 15:34:21.588 28002 28030 D GAPS    : METHOD=<kotlin.collections.CollectionsKt__MutableCollectionsKt: java.util.Collection convertToListIfNotCollection(java.lang.Iterable)>
08-28 15:34:21.588 28002 28030 D GAPS    : METHOD=<kotlin.collections.SetsKt: java.util.Set minus(java.util.Set,java.lang.Iterable)>
08-28 15:34:21.588 28002 28030 D GAPS    : METHOD=<kotlin.collections.SetsKt___SetsKt: java.util.Set minus(java.util.Set,java.lang.Iterable)>
08-28 15:34:21.588 28002 28030 D GAPS    : METHOD=<kotlin.collections.CollectionsKt: java.util.Set toSet(java.lang.Iterable)>
08-28 15:34:21.588 28002 28030 D GAPS    : METHOD=<kotlin.collections.CollectionsKt___CollectionsKt: java.util.Set toSet(java.lang.Iterable)>
08-28 15:34:21.588 28002 28002 D GAPS    : CLASS=androidx.core.os.LocaleListCompat
08-28 15:34:21.588 28002 28002 D GAPS    : METHOD=<androidx.core.os.LocaleListCompat: void <clinit>()>
08-28 15:34:21.588 28002 28030 D GAPS    : METHOD=<kotlin.collections.EmptySet: boolean isEmpty()>
08-28 15:34:21.588 28002 28030 D GAPS    : METHOD=<com.fsck.k9.controller.push.PushController: void stopServices()>
08-28 15:34:21.588 28002 28030 D GAPS    : METHOD=<com.fsck.k9.controller.push.PushServiceManager: void stop()>
08-28 15:34:21.588 28002 28030 D GAPS    : METHOD=<com.fsck.k9.controller.push.BootCompleteManager: void disableReceiver()>
08-28 15:34:21.588 28002 28002 D GAPS    : METHOD=<androidx.core.os.LocaleListCompat: androidx.core.os.LocaleListCompat create(java.util.Locale[])>
08-28 15:34:21.588 28002 28002 D GAPS    : METHOD=<androidx.core.os.LocaleListCompat$Api24Impl: android.os.LocaleList createLocaleList(java.util.Locale[])>
08-28 15:34:21.588 28002 28002 D GAPS    : METHOD=<androidx.core.os.LocaleListCompat: androidx.core.os.LocaleListCompat wrap(android.os.LocaleList)>
08-28 15:34:21.588 28002 28002 D GAPS    : CLASS=androidx.core.os.LocaleListPlatformWrapper
08-28 15:34:21.588 28002 28002 D GAPS    : METHOD=<androidx.core.os.LocaleListPlatformWrapper: void <init>(java.lang.Object)>
08-28 15:34:21.588 28002 28002 D GAPS    : METHOD=<androidx.core.os.LocaleListCompat: void <init>(androidx.core.os.LocaleListInterface)>
08-28 15:34:21.588 28002 28002 D GAPS    : METHOD=<androidx.core.os.LocaleListCompat: androidx.core.os.LocaleListCompat forLanguageTags(java.lang.String)>
08-28 15:34:21.588 28002 28002 D GAPS    : CLASS=androidx.core.os.LocaleListCompat$Api21Impl
08-28 15:34:21.588 28002 28002 D GAPS    : METHOD=<androidx.core.os.LocaleListCompat$Api21Impl: void <clinit>()>
08-28 15:34:21.588 28002 28002 D GAPS    : METHOD=<androidx.core.os.LocaleListCompat$Api21Impl: java.util.Locale forLanguageTag(java.lang.String)>
08-28 15:34:21.588 28002 28002 D GAPS    : METHOD=<androidx.appcompat.app.AppCompatDelegateImpl: void ensureWindow()>
08-28 15:34:21.588 28002 28030 D GAPS    : METHOD=<com.fsck.k9.controller.push.AutoSyncManager: void unregisterListener()>
08-28 15:34:21.588 28002 28030 D GAPS    : METHOD=<com.fsck.k9.controller.push.PushController: void unregisterConnectivityChangeListener()>
08-28 15:34:21.588 28002 28030 D GAPS    : METHOD=<com.fsck.k9.network.ConnectivityManagerBase: void removeListener(com.fsck.k9.network.ConnectivityChangeListener)>
08-28 15:34:21.588 28002 28030 D GAPS    : METHOD=<com.fsck.k9.network.ConnectivityManagerApi24: void stop()>
08-28 15:34:21.588 28002 28002 D GAPS    : METHOD=<androidx.appcompat.app.AppCompatDelegateImpl: void attachToWindow(android.view.Window)>
08-28 15:34:21.588 28002 28030 D GAPS    : METHOD=<com.fsck.k9.controller.push.PushController$launchUpdatePushers$1: java.lang.Object invokeSuspend(java.lang.Object)>
08-28 15:34:21.588 28002 28030 D GAPS    : METHOD=<com.fsck.k9.controller.push.PushController: void access$updatePushers(com.fsck.k9.controller.push.PushController)>
08-28 15:34:21.588 28002 28002 D GAPS    : CLASS=androidx.appcompat.app.AppCompatDelegateImpl$AppCompatWindowCallback
08-28 15:34:21.588 28002 28002 D GAPS    : METHOD=<androidx.appcompat.app.AppCompatDelegateImpl$AppCompatWindowCallback: void <init>(androidx.appcompat.app.AppCompatDelegateImpl,android.view.Window$Callback)>
08-28 15:34:21.588 28002 28002 D GAPS    : CLASS=androidx.appcompat.view.WindowCallbackWrapper
08-28 15:34:21.588 28002 28002 D GAPS    : METHOD=<androidx.appcompat.view.WindowCallbackWrapper: void <init>(android.view.Window$Callback)>
08-28 15:34:21.588 28002 28002 D GAPS    : METHOD=<androidx.appcompat.widget.TintTypedArray: androidx.appcompat.widget.TintTypedArray obtainStyledAttributes(android.content.Context,android.util.AttributeSet,int[])>
08-28 15:34:21.588 28002 28002 D GAPS    : CLASS=androidx.appcompat.widget.TintTypedArray
08-28 15:34:21.588 28002 28002 D GAPS    : METHOD=<androidx.appcompat.widget.TintTypedArray: void <init>(android.content.Context,android.content.res.TypedArray)>
08-28 15:34:21.588 28002 28002 D GAPS    : METHOD=<androidx.appcompat.widget.TintTypedArray: android.graphics.drawable.Drawable getDrawableIfKnown(int)>
08-28 15:34:21.588 28002 28002 D GAPS    : METHOD=<androidx.appcompat.widget.AppCompatDrawableManager: androidx.appcompat.widget.AppCompatDrawableManager get()>
08-28 15:34:21.588 28002 28002 D GAPS    : METHOD=<androidx.appcompat.widget.AppCompatDrawableManager: android.graphics.drawable.Drawable getDrawable(android.content.Context,int,boolean)>
08-28 15:34:21.588 28002 28002 D GAPS    : METHOD=<androidx.appcompat.widget.ResourceManagerInternal: android.graphics.drawable.Drawable getDrawable(android.content.Context,int,boolean)>
08-28 15:34:21.589 28002 28002 D GAPS    : METHOD=<androidx.appcompat.widget.ResourceManagerInternal: void checkVectorDrawableSetup(android.content.Context)>
08-28 15:34:21.589 28002 28002 D GAPS    : METHOD=<androidx.appcompat.widget.ResourceManagerInternal: android.graphics.drawable.Drawable getDrawable(android.content.Context,int)>
08-28 15:34:21.589 28002 28002 D GAPS    : METHOD=<androidx.appcompat.widget.ResourceManagerInternal: android.graphics.drawable.Drawable loadDrawableFromDelegates(android.content.Context,int)>
08-28 15:34:21.589 28002 28002 D GAPS    : METHOD=<androidx.appcompat.widget.ResourceManagerInternal: android.graphics.drawable.Drawable createDrawableIfNeeded(android.content.Context,int)>
08-28 15:34:21.589 28002 28002 D GAPS    : METHOD=<androidx.appcompat.widget.ResourceManagerInternal: long createCacheKey(android.util.TypedValue)>
08-28 15:34:21.589 28002 28002 D GAPS    : METHOD=<androidx.appcompat.widget.ResourceManagerInternal: android.graphics.drawable.Drawable getCachedDrawable(android.content.Context,long)>
08-28 15:34:21.589 28002 28002 D GAPS    : METHOD=<androidx.appcompat.widget.AppCompatDrawableManager$1: android.graphics.drawable.Drawable createDrawableFor(androidx.appcompat.widget.ResourceManagerInternal,android.content.Context,int)>
08-28 15:34:21.589 28002 28002 D GAPS    : CLASS=androidx.core.content.ContextCompat
08-28 15:34:21.589 28002 28002 D GAPS    : METHOD=<androidx.core.content.ContextCompat: void <clinit>()>
08-28 15:34:21.589 28002 28002 D GAPS    : METHOD=<androidx.core.content.ContextCompat: android.graphics.drawable.Drawable getDrawable(android.content.Context,int)>
08-28 15:34:21.589 28002 28002 D GAPS    : METHOD=<androidx.core.content.ContextCompat$Api21Impl: android.graphics.drawable.Drawable getDrawable(android.content.Context,int)>
08-28 15:34:21.589 28002 28002 D GAPS    : METHOD=<androidx.appcompat.widget.ResourceManagerInternal: android.graphics.drawable.Drawable tintDrawable(android.content.Context,int,boolean,android.graphics.drawable.Drawable)>
08-28 15:34:21.589 28002 28002 D GAPS    : METHOD=<androidx.appcompat.widget.ResourceManagerInternal: android.content.res.ColorStateList getTintList(android.content.Context,int)>
08-28 15:34:21.589 28002 28002 D GAPS    : METHOD=<androidx.appcompat.widget.ResourceManagerInternal: android.content.res.ColorStateList getTintListFromCache(android.content.Context,int)>
08-28 15:34:21.589 28002 28002 D GAPS    : METHOD=<androidx.appcompat.widget.AppCompatDrawableManager$1: android.content.res.ColorStateList getTintListForDrawableRes(android.content.Context,int)>
08-28 15:34:21.589 28002 28002 D GAPS    : METHOD=<androidx.appcompat.widget.AppCompatDrawableManager$1: boolean arrayContains(int[],int)>
08-28 15:34:21.589 28002 28002 D GAPS    : METHOD=<androidx.appcompat.widget.AppCompatDrawableManager$1: boolean tintDrawable(android.content.Context,int,android.graphics.drawable.Drawable)>
08-28 15:34:21.589 28002 28002 D GAPS    : METHOD=<androidx.appcompat.widget.ResourceManagerInternal: boolean tintDrawableUsingColorFilter(android.content.Context,int,android.graphics.drawable.Drawable)>
08-28 15:34:21.589 28002 28002 D GAPS    : METHOD=<androidx.appcompat.widget.AppCompatDrawableManager$1: boolean tintDrawableUsingColorFilter(android.content.Context,int,android.graphics.drawable.Drawable)>
08-28 15:34:21.589 28002 28002 D GAPS    : METHOD=<androidx.appcompat.widget.AppCompatDrawableManager: android.graphics.PorterDuff$Mode access$000()>
08-28 15:34:21.589 28002 28002 D GAPS    : CLASS=androidx.appcompat.widget.DrawableUtils
08-28 15:34:21.589 28002 28002 D GAPS    : METHOD=<androidx.appcompat.widget.DrawableUtils: void <clinit>()>
08-28 15:34:21.589 28002 28002 D GAPS    : METHOD=<androidx.appcompat.widget.DrawableUtils: void fixDrawable(android.graphics.drawable.Drawable)>
08-28 15:34:21.589 28002 28002 D GAPS    : METHOD=<androidx.appcompat.widget.ResourceManagerInternal: boolean isVectorDrawable(android.graphics.drawable.Drawable)>
08-28 15:34:21.589 28002 28002 D GAPS    : METHOD=<androidx.appcompat.widget.TintTypedArray: void recycle()>
08-28 15:34:21.589 28002 28002 D GAPS    : METHOD=<androidx.appcompat.app.AppCompatDelegateImpl: void setOnBackInvokedDispatcher(android.window.OnBackInvokedDispatcher)>
08-28 15:34:21.589 28002 28002 D GAPS    : METHOD=<androidx.appcompat.app.AppCompatDelegate: void setOnBackInvokedDispatcher(android.window.OnBackInvokedDispatcher)>
08-28 15:34:21.589 28002 28002 D GAPS    : METHOD=<androidx.appcompat.app.AppCompatDelegateImpl$Api33Impl: android.window.OnBackInvokedDispatcher getOnBackInvokedDispatcher(android.app.Activity)>
08-28 15:34:21.589 28002 28002 D GAPS    : METHOD=<androidx.appcompat.app.AppCompatDelegateImpl: void updateBackInvokedCallbackState()>
08-28 15:34:21.589 28002 28002 D GAPS    : METHOD=<androidx.appcompat.app.AppCompatDelegateImpl: boolean shouldRegisterBackInvokedCallback()>
08-28 15:34:21.589 28002 28002 D GAPS    : METHOD=<androidx.appcompat.app.AppCompatDelegateImpl: androidx.appcompat.app.AppCompatDelegateImpl$PanelFeatureState getPanelState(int,boolean)>
08-28 15:34:21.589 28002 28002 D GAPS    : CLASS=androidx.appcompat.app.AppCompatDelegateImpl$PanelFeatureState
08-28 15:34:21.589 28002 28002 D GAPS    : METHOD=<androidx.appcompat.app.AppCompatDelegateImpl$PanelFeatureState: void <init>(int)>
08-28 15:34:21.589 28002 28002 D GAPS    : METHOD=<androidx.core.app.NavUtils: java.lang.String getParentActivityName(android.app.Activity)>
08-28 15:34:21.589 28002 28002 D GAPS    : METHOD=<androidx.core.app.NavUtils: java.lang.String getParentActivityName(android.content.Context,android.content.ComponentName)>
08-28 15:34:21.590 28002 28002 D GAPS    : METHOD=<androidx.appcompat.app.AppCompatDelegate: void addActiveDelegate(androidx.appcompat.app.AppCompatDelegate)>
08-28 15:34:21.590 28002 28002 D GAPS    : METHOD=<androidx.appcompat.app.AppCompatDelegate: void removeDelegateFromActives(androidx.appcompat.app.AppCompatDelegate)>
08-28 15:34:21.590 28002 28002 D GAPS    : METHOD=<androidx.collection.ArraySet: boolean add(java.lang.Object)>
08-28 15:34:21.590 28002 28002 D GAPS    : METHOD=<androidx.collection.ArraySet: int indexOf(java.lang.Object,int)>
08-28 15:34:21.590 28002 28002 D GAPS    : METHOD=<androidx.collection.ArraySet: void allocArrays(int)>
08-28 15:34:21.590 28002 28002 D GAPS    : METHOD=<androidx.collection.ArraySet: void freeArrays(int[],java.lang.Object[],int)>
08-28 15:34:21.590 28002 28002 D GAPS    : ACTIVITY=androidx.core.app.ComponentActivity
08-28 15:34:21.590 28002 28002 D GAPS    : METHOD=<androidx.core.app.ComponentActivity: void onCreate(android.os.Bundle)>
08-28 15:34:21.590 28002 28002 D GAPS    : METHOD=<androidx.lifecycle.LifecycleDispatcher$DispatcherActivityCallback: void onActivityCreated(android.app.Activity,android.os.Bundle)>
08-28 15:34:21.590 28002 28002 D GAPS    : METHOD=<androidx.lifecycle.ReportFragment: void injectIfNeededIn(android.app.Activity)>
08-28 15:34:21.590 28002 28002 D GAPS    : METHOD=<androidx.lifecycle.ReportFragment$LifecycleCallbacks: void registerIn(android.app.Activity)>
08-28 15:34:21.590 28002 28002 D GAPS    : CLASS=androidx.lifecycle.ReportFragment$LifecycleCallbacks
08-28 15:34:21.590 28002 28002 D GAPS    : METHOD=<androidx.lifecycle.ReportFragment$LifecycleCallbacks: void <init>()>
08-28 15:34:21.591 28002 28002 D GAPS    : CLASS=androidx.lifecycle.ReportFragment
08-28 15:34:21.591 28002 28002 D GAPS    : METHOD=<androidx.lifecycle.ReportFragment: void <init>()>
08-28 15:34:21.591 28002 28002 D GAPS    : METHOD=<androidx.lifecycle.ProcessLifecycleOwner$3: void onActivityCreated(android.app.Activity,android.os.Bundle)>
08-28 15:34:21.591 28002 28002 D GAPS    : METHOD=<androidx.lifecycle.EmptyActivityLifecycleCallbacks: void onActivityCreated(android.app.Activity,android.os.Bundle)>
08-28 15:34:21.591 28002 28002 D GAPS    : METHOD=<androidx.lifecycle.ReportFragment$LifecycleCallbacks: void onActivityCreated(android.app.Activity,android.os.Bundle)>
08-28 15:34:21.591 28002 28002 D GAPS    : METHOD=<androidx.activity.ComponentActivity$Api33Impl: android.window.OnBackInvokedDispatcher getOnBackInvokedDispatcher(android.app.Activity)>
08-28 15:34:21.591 28002 28002 D GAPS    : METHOD=<androidx.activity.OnBackPressedDispatcher: void setOnBackInvokedDispatcher(android.window.OnBackInvokedDispatcher)>
08-28 15:34:21.592 28002 28002 D GAPS    : METHOD=<androidx.lifecycle.LifecycleRegistry: void forwardPass(androidx.lifecycle.LifecycleOwner)>
08-28 15:34:21.592 28002 28002 D GAPS    : METHOD=<androidx.arch.core.internal.SafeIterableMap: androidx.arch.core.internal.SafeIterableMap$IteratorWithAdditions iteratorWithAdditions()>
08-28 15:34:21.592 28002 28002 D GAPS    : CLASS=androidx.arch.core.internal.SafeIterableMap$IteratorWithAdditions
08-28 15:34:21.592 28002 28002 D GAPS    : METHOD=<androidx.arch.core.internal.SafeIterableMap$IteratorWithAdditions: void <init>(androidx.arch.core.internal.SafeIterableMap)>
08-28 15:34:21.592 28002 28002 D GAPS    : METHOD=<androidx.arch.core.internal.SafeIterableMap$IteratorWithAdditions: boolean hasNext()>
08-28 15:34:21.592 28002 28002 D GAPS    : METHOD=<androidx.arch.core.internal.SafeIterableMap$IteratorWithAdditions: java.lang.Object next()>
08-28 15:34:21.592 28002 28002 D GAPS    : METHOD=<androidx.arch.core.internal.SafeIterableMap$IteratorWithAdditions: java.util.Map$Entry next()>
08-28 15:34:21.592 28002 28002 D GAPS    : METHOD=<androidx.arch.core.internal.SafeIterableMap$Entry: java.lang.Object getKey()>
08-28 15:34:21.592 28002 28002 D GAPS    : METHOD=<androidx.activity.OnBackPressedDispatcher$LifecycleOnBackPressedCancellable: void onStateChanged(androidx.lifecycle.LifecycleOwner,androidx.lifecycle.Lifecycle$Event)>
08-28 15:34:21.592 28002 28002 D GAPS    : METHOD=<androidx.fragment.app.FragmentController: void dispatchCreate()>
08-28 15:34:21.592 28002 28002 D GAPS    : METHOD=<androidx.fragment.app.FragmentManager: void dispatchCreate()>
08-28 15:34:21.592 28002 28002 D GAPS    : METHOD=<androidx.fragment.app.FragmentManager: void dispatchStateChange(int)>
08-28 15:34:21.592 28002 28002 D GAPS    : METHOD=<androidx.fragment.app.FragmentStore: void dispatchStateChange(int)>
08-28 15:34:21.592 28002 28002 D GAPS    : METHOD=<androidx.fragment.app.FragmentManager: void moveToState(int,boolean)>
08-28 15:34:21.592 28002 28002 D GAPS    : METHOD=<androidx.fragment.app.FragmentStore: void moveToExpectedState()>
08-28 15:34:21.592 28002 28002 D GAPS    : METHOD=<androidx.fragment.app.FragmentManager: void startPendingDeferredFragments()>
08-28 15:34:21.592 28002 28002 D GAPS    : METHOD=<androidx.fragment.app.FragmentStore: java.util.List getActiveFragmentStateManagers()>
08-28 15:34:21.592 28002 28002 D GAPS    : METHOD=<androidx.fragment.app.FragmentManager: java.util.Set collectAllSpecialEffectsController()>
08-28 15:34:21.592 28002 28002 D GAPS    : METHOD=<androidx.fragment.app.FragmentManager: boolean execPendingActions(boolean)>
08-28 15:34:21.592 28002 28002 D GAPS    : METHOD=<androidx.fragment.app.FragmentManager: void ensureExecReady(boolean)>
08-28 15:34:21.592 28002 28002 D GAPS    : METHOD=<androidx.fragment.app.FragmentHostCallback: android.os.Handler getHandler()>
08-28 15:34:21.592 28002 28002 D GAPS    : METHOD=<androidx.fragment.app.FragmentManager: boolean generateOpsForPendingActions(java.util.ArrayList,java.util.ArrayList)>
08-28 15:34:21.592 28002 28002 D GAPS    : METHOD=<androidx.fragment.app.FragmentManager: void updateOnBackPressedCallbackEnabled()>
08-28 15:34:21.592 28002 28002 D GAPS    : METHOD=<androidx.fragment.app.FragmentManager: int getBackStackEntryCount()>
08-28 15:34:21.592 28002 28002 D GAPS    : METHOD=<androidx.activity.OnBackPressedCallback: void setEnabled(boolean)>
08-28 15:34:21.592 28002 28002 D GAPS    : METHOD=<androidx.activity.OnBackPressedDispatcher$$ExternalSyntheticLambda0: void accept(java.lang.Object)>
08-28 15:34:21.592 28002 28002 D GAPS    : METHOD=<androidx.activity.OnBackPressedDispatcher: void $r8$lambda$_OyTAhjGr9tgm4CqoN01pHmhslA(androidx.activity.OnBackPressedDispatcher,java.lang.Boolean)>
08-28 15:34:21.592 28002 28002 D GAPS    : METHOD=<androidx.activity.OnBackPressedDispatcher: void lambda$new$0(java.lang.Boolean)>
08-28 15:34:21.592 28002 28002 D GAPS    : METHOD=<androidx.fragment.app.FragmentManager: void doPendingDeferredStart()>
08-28 15:34:21.592 28002 28002 D GAPS    : METHOD=<androidx.fragment.app.FragmentStore: void burpActive()>
08-28 15:34:21.592 28002 28002 D GAPS    : METHOD=<com.fsck.k9.ui.base.K9Activity: void setLayoutDirection()>
08-28 15:34:21.594 28002 28002 D GAPS    : METHOD=<androidx.appcompat.view.WindowCallbackWrapper: void onWindowAttributesChanged(android.view.WindowManager$LayoutParams)>
08-28 15:34:21.594 28002 28002 D GAPS    : METHOD=<androidx.appcompat.app.AppCompatDelegateImpl: android.view.View onCreateView(android.view.View,java.lang.String,android.content.Context,android.util.AttributeSet)>
08-28 15:34:21.594 28002 28002 D GAPS    : METHOD=<androidx.appcompat.app.AppCompatDelegateImpl: android.view.View createView(android.view.View,java.lang.String,android.content.Context,android.util.AttributeSet)>
08-28 15:34:21.594 28002 28002 D GAPS    : CLASS=androidx.appcompat.R$styleable
08-28 15:34:21.594 28002 28002 D GAPS    : METHOD=<androidx.appcompat.R$styleable: void <clinit>()>
08-28 15:34:21.594 28002 28002 D GAPS    : CLASS=androidx.appcompat.app.AppCompatViewInflater
08-28 15:34:21.594 28002 28002 D GAPS    : METHOD=<androidx.appcompat.app.AppCompatViewInflater: void <clinit>()>
08-28 15:34:21.594 28002 28002 D GAPS    : CLASS=com.google.android.material.theme.MaterialComponentsViewInflater
08-28 15:34:21.594 28002 28002 D GAPS    : METHOD=<com.google.android.material.theme.MaterialComponentsViewInflater: void <init>()>
08-28 15:34:21.594 28002 28002 D GAPS    : METHOD=<androidx.appcompat.app.AppCompatViewInflater: void <init>()>
08-28 15:34:21.594 28002 28002 D GAPS    : METHOD=<androidx.appcompat.app.AppCompatViewInflater: android.view.View createView(android.view.View,java.lang.String,android.content.Context,android.util.AttributeSet,boolean,boolean,boolean,boolean)>
08-28 15:34:21.594 28002 28002 D GAPS    : METHOD=<androidx.appcompat.app.AppCompatViewInflater: android.content.Context themifyContext(android.content.Context,android.util.AttributeSet,boolean,boolean)>
08-28 15:34:21.594 28002 28002 D GAPS    : METHOD=<androidx.appcompat.app.AppCompatViewInflater: android.view.View createView(android.content.Context,java.lang.String,android.util.AttributeSet)>
08-28 15:34:21.594 28002 28002 D GAPS    : METHOD=<androidx.fragment.app.FragmentActivity: android.view.View onCreateView(android.view.View,java.lang.String,android.content.Context,android.util.AttributeSet)>
08-28 15:34:21.594 28002 28002 D GAPS    : METHOD=<androidx.fragment.app.FragmentActivity: android.view.View dispatchFragmentsOnCreateView(android.view.View,java.lang.String,android.content.Context,android.util.AttributeSet)>
08-28 15:34:21.594 28002 28002 D GAPS    : METHOD=<androidx.fragment.app.FragmentController: android.view.View onCreateView(android.view.View,java.lang.String,android.content.Context,android.util.AttributeSet)>
08-28 15:34:21.594 28002 28002 D GAPS    : METHOD=<androidx.fragment.app.FragmentManager: android.view.LayoutInflater$Factory2 getLayoutInflaterFactory()>
08-28 15:34:21.594 28002 28002 D GAPS    : METHOD=<androidx.fragment.app.FragmentLayoutInflaterFactory: android.view.View onCreateView(android.view.View,java.lang.String,android.content.Context,android.util.AttributeSet)>
08-28 15:34:21.595 28002 28002 D GAPS    : METHOD=<androidx.fragment.app.FragmentActivity: android.view.View onCreateView(java.lang.String,android.content.Context,android.util.AttributeSet)>
08-28 15:34:21.595 28002 28002 D GAPS    : METHOD=<com.fsck.k9.ui.base.K9Activity: void listenForAppLanguageChanges()>
08-28 15:34:21.595 28002 28002 D GAPS    : METHOD=<androidx.lifecycle.FlowLiveDataConversions: androidx.lifecycle.LiveData asLiveData$default(kotlinx.coroutines.flow.Flow,kotlin.coroutines.CoroutineContext,long,int,java.lang.Object)>
08-28 15:34:21.595 28002 28002 D GAPS    : METHOD=<androidx.lifecycle.FlowLiveDataConversions: androidx.lifecycle.LiveData asLiveData(kotlinx.coroutines.flow.Flow,kotlin.coroutines.CoroutineContext,long)>
08-28 15:34:21.595 28002 28002 D GAPS    : CLASS=androidx.lifecycle.FlowLiveDataConversions$asLiveData$1
08-28 15:34:21.596 28002 28002 D GAPS    : METHOD=<androidx.lifecycle.FlowLiveDataConversions$asLiveData$1: void <init>(kotlinx.coroutines.flow.Flow,kotlin.coroutines.Continuation)>
08-28 15:34:21.596 28002 28002 D GAPS    : METHOD=<androidx.lifecycle.CoroutineLiveDataKt: androidx.lifecycle.LiveData liveData(kotlin.coroutines.CoroutineContext,long,kotlin.jvm.functions.Function2)>
08-28 15:34:21.596 28002 28002 D GAPS    : CLASS=androidx.lifecycle.LiveData
08-28 15:34:21.596 28002 28002 D GAPS    : METHOD=<androidx.lifecycle.LiveData: void <clinit>()>
08-28 15:34:21.596 28002 28002 D GAPS    : CLASS=androidx.lifecycle.CoroutineLiveData
08-28 15:34:21.596 28002 28002 D GAPS    : METHOD=<androidx.lifecycle.CoroutineLiveData: void <init>(kotlin.coroutines.CoroutineContext,long,kotlin.jvm.functions.Function2)>
08-28 15:34:21.596 28002 28002 D GAPS    : CLASS=androidx.lifecycle.MediatorLiveData
08-28 15:34:21.596 28002 28002 D GAPS    : METHOD=<androidx.lifecycle.MediatorLiveData: void <init>()>
08-28 15:34:21.596 28002 28002 D GAPS    : CLASS=androidx.lifecycle.MutableLiveData
08-28 15:34:21.596 28002 28002 D GAPS    : METHOD=<androidx.lifecycle.MutableLiveData: void <init>()>
08-28 15:34:21.596 28002 28002 D GAPS    : METHOD=<androidx.lifecycle.LiveData: void <init>()>
08-28 15:34:21.596 28002 28002 D GAPS    : CLASS=androidx.lifecycle.LiveData$1
08-28 15:34:21.596 28002 28002 D GAPS    : METHOD=<androidx.lifecycle.LiveData$1: void <init>(androidx.lifecycle.LiveData)>
08-28 15:34:21.596 28002 28002 D GAPS    : METHOD=<kotlinx.coroutines.SupervisorKt: kotlinx.coroutines.CompletableJob SupervisorJob(kotlinx.coroutines.Job)>
08-28 15:34:21.596 28002 28002 D GAPS    : CLASS=kotlinx.coroutines.SupervisorJobImpl
08-28 15:34:21.596 28002 28002 D GAPS    : METHOD=<kotlinx.coroutines.SupervisorJobImpl: void <init>(kotlinx.coroutines.Job)>
08-28 15:34:21.596 28002 28002 D GAPS    : CLASS=androidx.lifecycle.CoroutineLiveData$1
08-28 15:34:21.596 28002 28002 D GAPS    : METHOD=<androidx.lifecycle.CoroutineLiveData$1: void <init>(androidx.lifecycle.CoroutineLiveData)>
08-28 15:34:21.596 28002 28002 D GAPS    : CLASS=androidx.lifecycle.BlockRunner
08-28 15:34:21.596 28002 28002 D GAPS    : METHOD=<androidx.lifecycle.BlockRunner: void <init>(androidx.lifecycle.CoroutineLiveData,kotlin.jvm.functions.Function2,long,kotlinx.coroutines.CoroutineScope,kotlin.jvm.functions.Function0)>
08-28 15:34:21.596 28002 28002 D GAPS    : CLASS=com.fsck.k9.ui.base.K9Activity$listenForAppLanguageChanges$1
08-28 15:34:21.596 28002 28002 D GAPS    : METHOD=<com.fsck.k9.ui.base.K9Activity$listenForAppLanguageChanges$1: void <init>(com.fsck.k9.ui.base.K9Activity)>
08-28 15:34:21.596 28002 28002 D GAPS    : CLASS=com.fsck.k9.ui.base.K9Activity$$ExternalSyntheticLambda0
08-28 15:34:21.596 28002 28002 D GAPS    : METHOD=<com.fsck.k9.ui.base.K9Activity$$ExternalSyntheticLambda0: void <init>(kotlin.jvm.functions.Function1)>
08-28 15:34:21.596 28002 28002 D GAPS    : METHOD=<androidx.lifecycle.LiveData: void observe(androidx.lifecycle.LifecycleOwner,androidx.lifecycle.Observer)>
08-28 15:34:21.596 28002 28002 D GAPS    : METHOD=<androidx.lifecycle.LiveData: void assertMainThread(java.lang.String)>
08-28 15:34:21.596 28002 28002 D GAPS    : CLASS=androidx.lifecycle.LiveData$LifecycleBoundObserver
08-28 15:34:21.596 28002 28002 D GAPS    : METHOD=<androidx.lifecycle.LiveData$LifecycleBoundObserver: void <init>(androidx.lifecycle.LiveData,androidx.lifecycle.LifecycleOwner,androidx.lifecycle.Observer)>
08-28 15:34:21.596 28002 28002 D GAPS    : CLASS=androidx.lifecycle.LiveData$ObserverWrapper
08-28 15:34:21.596 28002 28002 D GAPS    : METHOD=<androidx.lifecycle.LiveData$ObserverWrapper: void <init>(androidx.lifecycle.LiveData,androidx.lifecycle.Observer)>
08-28 15:34:21.596 28002 28002 D GAPS    : METHOD=<com.fsck.k9.activity.MessageList: com.fsck.k9.Preferences getPreferences()>
08-28 15:34:21.596 28002 28002 D GAPS    : METHOD=<com.fsck.k9.activity.MessageList$special$$inlined$inject$default$2: java.lang.Object invoke()>
08-28 15:34:21.596 28002 28002 D GAPS    : METHOD=<com.fsck.k9.activity.MessageList: void deleteIncompleteAccounts(java.util.List)>
08-28 15:34:21.596 28002 28002 D GAPS    : CLASS=com.fsck.k9.ui.onboarding.OnboardingActivity
08-28 15:34:21.596 28002 28002 D GAPS    : METHOD=<com.fsck.k9.ui.onboarding.OnboardingActivity: void <clinit>()>
08-28 15:34:21.597 28002 28002 D GAPS    : CLASS=com.fsck.k9.ui.onboarding.OnboardingActivity$Companion
08-28 15:34:21.597 28002 28002 D GAPS    : METHOD=<com.fsck.k9.ui.onboarding.OnboardingActivity$Companion: void <init>(kotlin.jvm.internal.DefaultConstructorMarker)>
08-28 15:34:21.597 28002 28002 D GAPS    : METHOD=<com.fsck.k9.ui.onboarding.OnboardingActivity$Companion: void <init>()>
08-28 15:34:21.597 28002 28002 D GAPS    : METHOD=<com.fsck.k9.ui.onboarding.OnboardingActivity$Companion: void launch(android.app.Activity)>
08-28 15:34:21.597 28002 28002 D GAPS    : METHOD=<androidx.activity.ComponentActivity: void startActivityForResult(android.content.Intent,int)>
08-28 15:34:21.597 28002 28002 D GAPS    : METHOD=<androidx.activity.ComponentActivity: void startActivityForResult(android.content.Intent,int,android.os.Bundle)>
08-28 15:34:21.616 28002 28002 D GAPS    : METHOD=<androidx.lifecycle.ReportFragment: void onActivityCreated(android.os.Bundle)>
08-28 15:34:21.616 28002 28002 D GAPS    : METHOD=<androidx.lifecycle.ReportFragment: void dispatchCreate(androidx.lifecycle.ReportFragment$ActivityInitializationListener)>
08-28 15:34:21.616 28002 28002 D GAPS    : METHOD=<androidx.lifecycle.ReportFragment: void dispatch(androidx.lifecycle.Lifecycle$Event)>
08-28 15:34:21.616 28002 28002 D GAPS    : METHOD=<androidx.lifecycle.ReportFragment$LifecycleCallbacks: void onActivityPostCreated(android.app.Activity,android.os.Bundle)>
08-28 15:34:21.616 28002 28002 D GAPS    : METHOD=<androidx.lifecycle.ReportFragment: void dispatch(android.app.Activity,androidx.lifecycle.Lifecycle$Event)>
08-28 15:34:21.616 28002 28002 D GAPS    : METHOD=<androidx.activity.ComponentActivity$3: void onStateChanged(androidx.lifecycle.LifecycleOwner,androidx.lifecycle.Lifecycle$Event)>
08-28 15:34:21.616 28002 28002 D GAPS    : METHOD=<androidx.activity.ComponentActivity$4: void onStateChanged(androidx.lifecycle.LifecycleOwner,androidx.lifecycle.Lifecycle$Event)>
08-28 15:34:21.616 28002 28002 D GAPS    : METHOD=<androidx.activity.ComponentActivity$5: void onStateChanged(androidx.lifecycle.LifecycleOwner,androidx.lifecycle.Lifecycle$Event)>
08-28 15:34:21.616 28002 28002 D GAPS    : METHOD=<androidx.lifecycle.LifecycleRegistry: void removeObserver(androidx.lifecycle.LifecycleObserver)>
08-28 15:34:21.616 28002 28002 D GAPS    : METHOD=<androidx.arch.core.internal.FastSafeIterableMap: java.lang.Object remove(java.lang.Object)>
08-28 15:34:21.616 28002 28002 D GAPS    : METHOD=<androidx.arch.core.internal.SafeIterableMap: java.lang.Object remove(java.lang.Object)>
08-28 15:34:21.616 28002 28002 D GAPS    : METHOD=<androidx.arch.core.internal.SafeIterableMap$IteratorWithAdditions: void supportRemove(androidx.arch.core.internal.SafeIterableMap$Entry)>
08-28 15:34:21.616 28002 28002 D GAPS    : METHOD=<androidx.savedstate.Recreator: void onStateChanged(androidx.lifecycle.LifecycleOwner,androidx.lifecycle.Lifecycle$Event)>
08-28 15:34:21.616 28002 28002 D GAPS    : METHOD=<androidx.savedstate.SavedStateRegistry$$ExternalSyntheticLambda0: void onStateChanged(androidx.lifecycle.LifecycleOwner,androidx.lifecycle.Lifecycle$Event)>
08-28 15:34:21.616 28002 28002 D GAPS    : METHOD=<androidx.savedstate.SavedStateRegistry: void $r8$lambda$fqOml4yVknvVr08QjHEXC_isf3A(androidx.savedstate.SavedStateRegistry,androidx.lifecycle.LifecycleOwner,androidx.lifecycle.Lifecycle$Event)>
08-28 15:34:21.616 28002 28002 D GAPS    : METHOD=<androidx.savedstate.SavedStateRegistry: void performAttach$lambda-4(androidx.savedstate.SavedStateRegistry,androidx.lifecycle.LifecycleOwner,androidx.lifecycle.Lifecycle$Event)>
08-28 15:34:21.616 28002 28002 D GAPS    : METHOD=<androidx.lifecycle.SavedStateHandleAttacher: void onStateChanged(androidx.lifecycle.LifecycleOwner,androidx.lifecycle.Lifecycle$Event)>
08-28 15:34:21.616 28002 28002 D GAPS    : METHOD=<androidx.lifecycle.SavedStateHandlesProvider: void performRestore()>
08-28 15:34:21.616 28002 28002 D GAPS    : METHOD=<androidx.lifecycle.SavedStateHandlesProvider: androidx.lifecycle.SavedStateHandlesVM getViewModel()>
08-28 15:34:21.616 28002 28002 D GAPS    : METHOD=<androidx.lifecycle.SavedStateHandlesProvider$viewModel$2: java.lang.Object invoke()>
08-28 15:34:21.616 28002 28002 D GAPS    : METHOD=<androidx.lifecycle.SavedStateHandlesProvider$viewModel$2: androidx.lifecycle.SavedStateHandlesVM invoke()>
08-28 15:34:21.616 28002 28002 D GAPS    : METHOD=<androidx.lifecycle.SavedStateHandleSupport: androidx.lifecycle.SavedStateHandlesVM getSavedStateHandlesVM(androidx.lifecycle.ViewModelStoreOwner)>
08-28 15:34:21.616 28002 28002 D GAPS    : CLASS=androidx.lifecycle.viewmodel.InitializerViewModelFactoryBuilder
08-28 15:34:21.616 28002 28002 D GAPS    : METHOD=<androidx.lifecycle.viewmodel.InitializerViewModelFactoryBuilder: void <init>()>
08-28 15:34:21.616 28002 28002 D GAPS    : CLASS=androidx.lifecycle.SavedStateHandleSupport$savedStateHandlesVM$1$1
08-28 15:34:21.616 28002 28002 D GAPS    : METHOD=<androidx.lifecycle.SavedStateHandleSupport$savedStateHandlesVM$1$1: void <clinit>()>
08-28 15:34:21.616 28002 28002 D GAPS    : METHOD=<androidx.lifecycle.SavedStateHandleSupport$savedStateHandlesVM$1$1: void <init>()>
08-28 15:34:21.616 28002 28002 D GAPS    : METHOD=<androidx.lifecycle.viewmodel.InitializerViewModelFactoryBuilder: void addInitializer(kotlin.reflect.KClass,kotlin.jvm.functions.Function1)>
08-28 15:34:21.616 28002 28002 D GAPS    : CLASS=androidx.lifecycle.viewmodel.ViewModelInitializer
08-28 15:34:21.616 28002 28002 D GAPS    : METHOD=<androidx.lifecycle.viewmodel.ViewModelInitializer: void <init>(java.lang.Class,kotlin.jvm.functions.Function1)>
08-28 15:34:21.616 28002 28002 D GAPS    : METHOD=<androidx.lifecycle.viewmodel.InitializerViewModelFactoryBuilder: androidx.lifecycle.ViewModelProvider$Factory build()>
08-28 15:34:21.616 28002 28002 D GAPS    : CLASS=androidx.lifecycle.viewmodel.InitializerViewModelFactory
08-28 15:34:21.616 28002 28002 D GAPS    : METHOD=<androidx.lifecycle.viewmodel.InitializerViewModelFactory: void <init>(androidx.lifecycle.viewmodel.ViewModelInitializer[])>
08-28 15:34:21.617 28002 28002 D GAPS    : METHOD=<androidx.lifecycle.ViewModelProvider: void <init>(androidx.lifecycle.ViewModelStoreOwner,androidx.lifecycle.ViewModelProvider$Factory)>
08-28 15:34:21.617 28002 28002 D GAPS    : METHOD=<androidx.lifecycle.ViewModelProviderGetKt: androidx.lifecycle.viewmodel.CreationExtras defaultCreationExtras(androidx.lifecycle.ViewModelStoreOwner)>
08-28 15:34:21.617 28002 28002 D GAPS    : METHOD=<androidx.activity.ComponentActivity: androidx.lifecycle.viewmodel.CreationExtras getDefaultViewModelCreationExtras()>
08-28 15:34:21.617 28002 28002 D GAPS    : METHOD=<androidx.lifecycle.viewmodel.MutableCreationExtras: void <init>()>
08-28 15:34:21.617 28002 28002 D GAPS    : METHOD=<androidx.lifecycle.viewmodel.MutableCreationExtras: void <init>(androidx.lifecycle.viewmodel.CreationExtras,int,kotlin.jvm.internal.DefaultConstructorMarker)>
08-28 15:34:21.617 28002 28002 D GAPS    : CLASS=androidx.lifecycle.ViewModelProvider$AndroidViewModelFactory
08-28 15:34:21.617 28002 28002 D GAPS    : METHOD=<androidx.lifecycle.ViewModelProvider$AndroidViewModelFactory: void <clinit>()>
08-28 15:34:21.617 28002 28002 D GAPS    : CLASS=androidx.lifecycle.ViewModelProvider$AndroidViewModelFactory$Companion
08-28 15:34:21.617 28002 28002 D GAPS    : METHOD=<androidx.lifecycle.ViewModelProvider$AndroidViewModelFactory$Companion: void <init>(kotlin.jvm.internal.DefaultConstructorMarker)>
08-28 15:34:21.617 28002 28002 D GAPS    : METHOD=<androidx.lifecycle.ViewModelProvider$AndroidViewModelFactory$Companion: void <init>()>
08-28 15:34:21.617 28002 28002 D GAPS    : CLASS=androidx.lifecycle.ViewModelProvider$AndroidViewModelFactory$Companion$ApplicationKeyImpl
08-28 15:34:21.617 28002 28002 D GAPS    : METHOD=<androidx.lifecycle.ViewModelProvider$AndroidViewModelFactory$Companion$ApplicationKeyImpl: void <clinit>()>
08-28 15:34:21.617 28002 28002 D GAPS    : METHOD=<androidx.lifecycle.ViewModelProvider$AndroidViewModelFactory$Companion$ApplicationKeyImpl: void <init>()>
08-28 15:34:21.617 28002 28002 D GAPS    : METHOD=<androidx.lifecycle.viewmodel.InitializerViewModelFactory: androidx.lifecycle.ViewModel create(java.lang.Class,androidx.lifecycle.viewmodel.CreationExtras)>
08-28 15:34:21.617 28002 28002 D GAPS    : METHOD=<androidx.lifecycle.viewmodel.ViewModelInitializer: java.lang.Class getClazz$lifecycle_viewmodel_release()>
08-28 15:34:21.617 28002 28002 D GAPS    : METHOD=<androidx.lifecycle.viewmodel.ViewModelInitializer: kotlin.jvm.functions.Function1 getInitializer$lifecycle_viewmodel_release()>
08-28 15:34:21.617 28002 28002 D GAPS    : METHOD=<androidx.lifecycle.SavedStateHandleSupport$savedStateHandlesVM$1$1: java.lang.Object invoke(java.lang.Object)>
08-28 15:34:21.617 28002 28002 D GAPS    : METHOD=<androidx.lifecycle.SavedStateHandleSupport$savedStateHandlesVM$1$1: androidx.lifecycle.SavedStateHandlesVM invoke(androidx.lifecycle.viewmodel.CreationExtras)>
08-28 15:34:21.617 28002 28002 D GAPS    : CLASS=androidx.lifecycle.SavedStateHandlesVM
08-28 15:34:21.617 28002 28002 D GAPS    : METHOD=<androidx.lifecycle.SavedStateHandlesVM: void <init>()>
08-28 15:34:21.617 28002 28002 D GAPS    : METHOD=<androidx.lifecycle.LiveData$LifecycleBoundObserver: void onStateChanged(androidx.lifecycle.LifecycleOwner,androidx.lifecycle.Lifecycle$Event)>
08-28 15:34:21.617 28002 28002 D GAPS    : METHOD=<androidx.lifecycle.LiveData$LifecycleBoundObserver: boolean shouldBeActive()>
08-28 15:34:21.617 28002 28002 D GAPS    : METHOD=<androidx.lifecycle.LiveData$ObserverWrapper: void activeStateChanged(boolean)>
08-28 15:34:21.617 28002 28002 D GAPS    : METHOD=<com.fsck.k9.ui.base.AppLanguageManager$setLocale$1: java.lang.Object invokeSuspend(java.lang.Object)>
08-28 15:34:21.617 28002 28002 D GAPS    : METHOD=<com.fsck.k9.ui.base.AppLanguageManager: kotlinx.coroutines.flow.MutableSharedFlow access$get_overrideLocale$p(com.fsck.k9.ui.base.AppLanguageManager)>
08-28 15:34:21.617 28002 28002 D GAPS    : METHOD=<com.fsck.k9.ui.base.AppLanguageManager: kotlinx.coroutines.flow.MutableSharedFlow access$get_appLocale$p(com.fsck.k9.ui.base.AppLanguageManager)>
08-28 15:34:21.618 28002 28002 D GAPS    : METHOD=<kotlinx.coroutines.flow.FlowKt__LimitKt$drop$$inlined$unsafeFlow$1: java.lang.Object collect(kotlinx.coroutines.flow.FlowCollector,kotlin.coroutines.Continuation)>
08-28 15:34:21.618 28002 28002 D GAPS    : CLASS=kotlin.jvm.internal.Ref$IntRef
08-28 15:34:21.618 28002 28002 D GAPS    : METHOD=<kotlin.jvm.internal.Ref$IntRef: void <init>()>
08-28 15:34:21.618 28002 28002 D GAPS    : CLASS=kotlinx.coroutines.flow.FlowKt__LimitKt$drop$2$1
08-28 15:34:21.618 28002 28002 D GAPS    : METHOD=<kotlinx.coroutines.flow.FlowKt__LimitKt$drop$2$1: void <init>(kotlin.jvm.internal.Ref$IntRef,int,kotlinx.coroutines.flow.FlowCollector)>
08-28 15:34:21.618 28002 28002 D GAPS    : METHOD=<kotlinx.coroutines.flow.FlowKt__LimitKt$drop$2$1: java.lang.Object emit(java.lang.Object,kotlin.coroutines.Continuation)>
08-28 15:34:21.618 28002 28002 D GAPS    : CLASS=kotlinx.coroutines.flow.FlowKt__LimitKt$drop$2$1$emit$1
08-28 15:34:21.618 28002 28002 D GAPS    : METHOD=<kotlinx.coroutines.flow.FlowKt__LimitKt$drop$2$1$emit$1: void <init>(kotlinx.coroutines.flow.FlowKt__LimitKt$drop$2$1,kotlin.coroutines.Continuation)>
08-28 15:34:21.618 28002 28002 D GAPS    : METHOD=<com.fsck.k9.App$updateNotificationChannelsOnAppLanguageChanges$1: java.lang.Object invoke(java.lang.Object,java.lang.Object)>
08-28 15:34:21.618 28002 28002 D GAPS    : METHOD=<com.fsck.k9.App$updateNotificationChannelsOnAppLanguageChanges$1: java.lang.Object invoke(java.util.Locale,kotlin.coroutines.Continuation)>
08-28 15:34:21.618 28002 28002 D GAPS    : METHOD=<com.fsck.k9.App$updateNotificationChannelsOnAppLanguageChanges$1: kotlin.coroutines.Continuation create(java.lang.Object,kotlin.coroutines.Continuation)>
08-28 15:34:21.618 28002 28002 D GAPS    : METHOD=<com.fsck.k9.App$updateNotificationChannelsOnAppLanguageChanges$1: java.lang.Object invokeSuspend(java.lang.Object)>
08-28 15:34:21.618 28002 28002 D GAPS    : METHOD=<com.fsck.k9.App: com.fsck.k9.notification.NotificationChannelManager access$getNotificationChannelManager(com.fsck.k9.App)>
08-28 15:34:21.618 28002 28002 D GAPS    : METHOD=<com.fsck.k9.App: com.fsck.k9.notification.NotificationChannelManager getNotificationChannelManager()>
08-28 15:34:21.618 28002 28002 D GAPS    : METHOD=<com.fsck.k9.App$special$$inlined$inject$default$5: java.lang.Object invoke()>
08-28 15:34:21.618 28002 28002 D GAPS    : METHOD=<com.fsck.k9.notification.NotificationChannelManager: void updateChannels()>
08-28 15:34:21.618 28002 28002 D GAPS    : CLASS=com.fsck.k9.notification.NotificationChannelManager$$ExternalSyntheticLambda29
08-28 15:34:21.618 28002 28002 D GAPS    : METHOD=<com.fsck.k9.notification.NotificationChannelManager$$ExternalSyntheticLambda29: void <init>(com.fsck.k9.notification.NotificationChannelManager)>
08-28 15:34:21.618 28002 28032 D GAPS    : METHOD=<com.fsck.k9.notification.NotificationChannelManager$$ExternalSyntheticLambda29: void run()>
08-28 15:34:21.618 28002 28032 D GAPS    : METHOD=<com.fsck.k9.notification.NotificationChannelManager: void $r8$lambda$mLCPa1nNSzpyZZ-NYq1ETH8QEOU(com.fsck.k9.notification.NotificationChannelManager)>
08-28 15:34:21.618 28002 28032 D GAPS    : METHOD=<com.fsck.k9.notification.NotificationChannelManager: void updateChannels$lambda$0(com.fsck.k9.notification.NotificationChannelManager)>
08-28 15:34:21.618 28002 28032 D GAPS    : METHOD=<com.fsck.k9.notification.NotificationChannelManager: void addGeneralChannels()>
08-28 15:34:21.618 28002 28032 D GAPS    : METHOD=<com.fsck.k9.notification.NotificationChannelManager: android.app.NotificationChannel getChannelPush()>
08-28 15:34:21.618 28002 28032 D GAPS    : METHOD=<com.fsck.k9.notification.K9NotificationResourceProvider: java.lang.String getPushChannelName()>
08-28 15:34:21.618 28002 28032 D GAPS    : METHOD=<com.fsck.k9.notification.K9NotificationResourceProvider: java.lang.String getPushChannelDescription()>
08-28 15:34:21.618 28002 28032 D GAPS    : METHOD=<com.fsck.k9.notification.NotificationChannelManager$$ExternalSyntheticApiModelOutline7: void m(android.app.NotificationChannel,java.lang.String)>
08-28 15:34:21.619 28002 28032 D GAPS    : METHOD=<com.fsck.k9.notification.NotificationChannelManager$$ExternalSyntheticApiModelOutline15: void m(android.app.NotificationChannel,boolean)>
08-28 15:34:21.619 28002 28032 D GAPS    : METHOD=<com.fsck.k9.notification.NotificationChannelManager$$ExternalSyntheticApiModelOutline16: void m(android.app.NotificationChannel,boolean)>
08-28 15:34:21.619 28002 28032 D GAPS    : METHOD=<com.fsck.k9.notification.NotificationChannelManager$$ExternalSyntheticApiModelOutline17: void m(android.app.NotificationChannel,boolean)>
08-28 15:34:21.619 28002 28032 D GAPS    : METHOD=<com.fsck.k9.notification.NotificationChannelManager$$ExternalSyntheticApiModelOutline18: void m(android.app.NotificationChannel,android.net.Uri,android.media.AudioAttributes)>
08-28 15:34:21.619 28002 28032 D GAPS    : METHOD=<com.fsck.k9.notification.NotificationChannelManager$$ExternalSyntheticApiModelOutline9: void m(android.app.NotificationManager,android.app.NotificationChannel)>
08-28 15:34:21.623 28002 28032 D GAPS    : METHOD=<com.fsck.k9.notification.NotificationChannelManager: void removeChannelsForNonExistingOrChangedAccounts(android.app.NotificationManager,java.util.List)>
08-28 15:34:21.623 28002 28032 D GAPS    : METHOD=<com.fsck.k9.notification.NotificationChannelManager$$ExternalSyntheticApiModelOutline12: java.util.List m(android.app.NotificationManager)>
08-28 15:34:21.623 28002 28032 D GAPS    : METHOD=<com.fsck.k9.notification.NotificationChannelManager: void addChannelsForAccounts(android.app.NotificationManager,java.util.List)>
08-28 15:34:21.626 28002 28002 D GAPS    : METHOD=<com.fsck.k9.ui.onboarding.OnboardingActivity: void <init>()>
08-28 15:34:21.628 28002 28002 D GAPS    : ACTIVITY=com.fsck.k9.ui.onboarding.OnboardingActivity
08-28 15:34:21.628 28002 28002 D GAPS    : METHOD=<com.fsck.k9.ui.onboarding.OnboardingActivity: void onCreate(android.os.Bundle)>
08-28 15:34:21.629 28002 28002 D GAPS    : METHOD=<androidx.collection.MapCollections$ArrayIterator: java.lang.Object next()>
08-28 15:34:21.629 28002 28002 D GAPS    : METHOD=<androidx.collection.ArraySet$1: java.lang.Object colGetEntry(int,int)>
08-28 15:34:21.629 28002 28002 D GAPS    : METHOD=<androidx.collection.ContainerHelpers: int binarySearch(int[],int,int)>
08-28 15:34:21.630 28002 28002 D GAPS    : METHOD=<com.fsck.k9.ui.base.K9Activity: void setLayout(int)>
08-28 15:34:21.630 28002 28002 D GAPS    : METHOD=<androidx.appcompat.app.AppCompatActivity: void setContentView(int)>
08-28 15:34:21.630 28002 28002 D GAPS    : METHOD=<androidx.appcompat.app.AppCompatActivity: void initViewTreeOwners()>
08-28 15:34:21.630 28002 28002 D GAPS    : METHOD=<androidx.lifecycle.ViewTreeLifecycleOwner: void set(android.view.View,androidx.lifecycle.LifecycleOwner)>
08-28 15:34:21.630 28002 28002 D GAPS    : METHOD=<androidx.lifecycle.ViewTreeViewModelStoreOwner: void set(android.view.View,androidx.lifecycle.ViewModelStoreOwner)>
08-28 15:34:21.630 28002 28002 D GAPS    : METHOD=<androidx.savedstate.ViewTreeSavedStateRegistryOwner: void set(android.view.View,androidx.savedstate.SavedStateRegistryOwner)>
08-28 15:34:21.630 28002 28002 D GAPS    : METHOD=<androidx.activity.ViewTreeOnBackPressedDispatcherOwner: void set(android.view.View,androidx.activity.OnBackPressedDispatcherOwner)>
08-28 15:34:21.630 28002 28002 D GAPS    : METHOD=<androidx.appcompat.app.AppCompatDelegateImpl: void setContentView(int)>
08-28 15:34:21.631 28002 28002 D GAPS    : METHOD=<androidx.appcompat.app.AppCompatDelegateImpl: void ensureSubDecor()>
08-28 15:34:21.631 28002 28002 D GAPS    : METHOD=<androidx.appcompat.app.AppCompatDelegateImpl: android.view.ViewGroup createSubDecor()>
08-28 15:34:21.631 28002 28002 D GAPS    : METHOD=<androidx.appcompat.app.AppCompatDelegateImpl: boolean requestWindowFeature(int)>
08-28 15:34:21.631 28002 28002 D GAPS    : METHOD=<androidx.appcompat.app.AppCompatDelegateImpl: int sanitizeWindowFeatureId(int)>
08-28 15:34:21.631 28002 28002 D GAPS    : METHOD=<androidx.appcompat.app.AppCompatDelegateImpl: void throwFeatureRequestIfSubDecorInstalled()>
08-28 15:34:21.631 28002 28002 D GAPS    : CLASS=androidx.appcompat.widget.FitWindowsFrameLayout
08-28 15:34:21.631 28002 28002 D GAPS    : METHOD=<androidx.appcompat.widget.FitWindowsFrameLayout: void <init>(android.content.Context,android.util.AttributeSet)>
