08-28 15:34:21.544 28002 28002 D GAPS    : METHOD=<kotlinx.coroutines.flow.FlowKt__CollectKt$launchIn$1: kotlin.coroutines.Continuation create(java.lang.Object,kotlin.coroutines.Continuation)>
08-28 15:34:21.544 28002 28002 D GAPS    : METHOD=<com.fsck.k9.App: void updateNotificationChannelsOnAppLanguageChanges()>
08-28 15:34:21.544 28002 28002 D GAPS    : METHOD=<com.fsck.k9.ui.base.AppLanguageManager: kotlinx.coroutines.flow.Flow getAppLocale()>
08-28 15:34:21.544 28002 28002 D GAPS    : METHOD=<kotlinx.coroutines.flow.FlowKt: kotlinx.coroutines.flow.Flow distinctUntilChanged(kotlinx.coroutines.flow.Flow)>
08-28 15:34:21.544 28002 28002 D GAPS    : CLASS=kotlinx.coroutines.flow.FlowKt__DistinctKt
08-28 15:34:21.544 28002 28002 D GAPS    : METHOD=<kotlinx.coroutines.flow.FlowKt__DistinctKt: void <clinit>()>
08-28 15:34:21.544 28002 28002 D GAPS    : CLASS=kotlinx.coroutines.flow.FlowKt__DistinctKt$defaultKeySelector$1
08-28 15:34:21.544 28002 28002 D GAPS    : METHOD=<kotlinx.coroutines.flow.FlowKt__DistinctKt$defaultKeySelector$1: void <clinit>()>
08-28 15:34:21.544 28002 28002 D GAPS    : METHOD=<kotlinx.coroutines.flow.FlowKt__DistinctKt$defaultKeySelector$1: void <init>()>
08-28 15:34:21.545 28002 28002 D GAPS    : CLASS=kotlinx.coroutines.flow.FlowKt__DistinctKt$defaultAreEquivalent$1
08-28 15:34:21.545 28002 28002 D GAPS    : METHOD=<kotlinx.coroutines.flow.FlowKt__DistinctKt$defaultAreEquivalent$1: void <clinit>()>
08-28 15:34:21.545 28002 28002 D GAPS    : METHOD=<kotlinx.coroutines.flow.FlowKt__DistinctKt$defaultAreEquivalent$1: void <init>()>
08-28 15:34:21.545 28002 28002 D GAPS    : METHOD=<kotlinx.coroutines.flow.FlowKt__DistinctKt: kotlinx.coroutines.flow.Flow distinctUntilChanged(kotlinx.coroutines.flow.Flow)>
08-28 15:34:21.545 28002 28002 D GAPS    : METHOD=<kotlinx.coroutines.flow.FlowKt__DistinctKt: kotlinx.coroutines.flow.Flow distinctUntilChangedBy$FlowKt__DistinctKt(kotlinx.coroutines.flow.Flow,kotlin.jvm.functions.Function1,kotlin.jvm.functions.Function2)>
08-28 15:34:21.545 28002 28002 D GAPS    : CLASS=kotlinx.coroutines.flow.DistinctFlowImpl
08-28 15:34:21.545 28002 28002 D GAPS    : METHOD=<kotlinx.coroutines.flow.DistinctFlowImpl: void <init>(kotlinx.coroutines.flow.Flow,kotlin.jvm.functions.Function1,kotlin.jvm.functions.Function2)>
08-28 15:34:21.545 28002 28002 D GAPS    : CLASS=com.fsck.k9.App$updateNotificationChannelsOnAppLanguageChanges$1
08-28 15:34:21.545 28002 28002 D GAPS    : METHOD=<com.fsck.k9.App$updateNotificationChannelsOnAppLanguageChanges$1: void <init>(com.fsck.k9.App,kotlin.coroutines.Continuation)>
08-28 15:34:21.545 28002 28002 D GAPS    : METHOD=<com.fsck.k9.App: com.fsck.k9.ui.base.ThemeManager getThemeManager()>
08-28 15:34:21.545 28002 28002 D GAPS    : METHOD=<com.fsck.k9.App$special$$inlined$inject$default$3: java.lang.Object invoke()>
08-28 15:34:21.545 28002 28002 D GAPS    : METHOD=<com.fsck.k9.ui.base.KoinModuleKt$uiBaseModule$1$1: java.lang.Object invoke(java.lang.Object,java.lang.Object)>
08-28 15:34:21.545 28002 28002 D GAPS    : METHOD=<com.fsck.k9.ui.base.KoinModuleKt$uiBaseModule$1$1: com.fsck.k9.ui.base.ThemeManager invoke(org.koin.core.scope.Scope,org.koin.core.parameter.ParametersHolder)>
08-28 15:34:21.545 28002 28002 D GAPS    : METHOD=<com.fsck.k9.ui.KoinModuleKt$uiModule$1$2: java.lang.Object invoke(java.lang.Object,java.lang.Object)>
08-28 15:34:21.545 28002 28002 D GAPS    : METHOD=<com.fsck.k9.ui.KoinModuleKt$uiModule$1$2: com.fsck.k9.ui.base.ThemeProvider invoke(org.koin.core.scope.Scope,org.koin.core.parameter.ParametersHolder)>
08-28 15:34:21.545 28002 28002 D GAPS    : CLASS=com.fsck.k9.ui.K9ThemeProvider
08-28 15:34:21.545 28002 28002 D GAPS    : METHOD=<com.fsck.k9.ui.K9ThemeProvider: void <init>()>
08-28 15:34:21.545 28002 28002 D GAPS    : CLASS=com.fsck.k9.ui.base.ThemeManager
08-28 15:34:21.545 28002 28002 D GAPS    : METHOD=<com.fsck.k9.ui.base.ThemeManager: void <init>(android.content.Context,com.fsck.k9.ui.base.ThemeProvider,com.fsck.k9.preferences.GeneralSettingsManager,kotlinx.coroutines.CoroutineScope)>
08-28 15:34:21.545 28002 28002 D GAPS    : METHOD=<com.fsck.k9.ui.K9ThemeProvider: int getAppThemeResourceId()>
08-28 15:34:21.545 28002 28002 D GAPS    : METHOD=<com.fsck.k9.ui.K9ThemeProvider: int getDialogThemeResourceId()>
08-28 15:34:21.545 28002 28002 D GAPS    : METHOD=<com.fsck.k9.ui.K9ThemeProvider: int getTranslucentDialogThemeResourceId()>
08-28 15:34:21.545 28002 28002 D GAPS    : METHOD=<com.fsck.k9.ui.base.ThemeManager: void init()>
08-28 15:34:21.545 28002 28002 D GAPS    : METHOD=<com.fsck.k9.preferences.RealGeneralSettingsManager: kotlinx.coroutines.flow.Flow getSettingsFlow()>
08-28 15:34:21.545 28002 28002 D GAPS    : METHOD=<com.fsck.k9.preferences.RealGeneralSettingsManager: com.fsck.k9.preferences.GeneralSettings getSettings()>
08-28 15:34:21.545 28002 28002 D GAPS    : METHOD=<com.fsck.k9.preferences.RealGeneralSettingsManager: com.fsck.k9.preferences.GeneralSettings loadGeneralSettings()>
08-28 15:34:21.545 28002 28002 D GAPS    : METHOD=<com.fsck.k9.K9: com.fsck.k9.K9$BACKGROUND_OPS getBackgroundOps()>
08-28 15:34:21.545 28002 28002 D GAPS    : METHOD=<com.fsck.k9.preferences.RealGeneralSettingsManagerKt: com.fsck.k9.preferences.BackgroundSync access$toBackgroundSync(com.fsck.k9.K9$BACKGROUND_OPS)>
08-28 15:34:21.545 28002 28002 D GAPS    : METHOD=<com.fsck.k9.preferences.RealGeneralSettingsManagerKt: com.fsck.k9.preferences.BackgroundSync toBackgroundSync(com.fsck.k9.K9$BACKGROUND_OPS)>
08-28 15:34:21.545 28002 28002 D GAPS    : CLASS=com.fsck.k9.preferences.RealGeneralSettingsManagerKt$WhenMappings
08-28 15:34:21.545 28002 28002 D GAPS    : METHOD=<com.fsck.k9.preferences.RealGeneralSettingsManagerKt$WhenMappings: void <clinit>()>
08-28 15:34:21.545 28002 28002 D GAPS    : METHOD=<com.fsck.k9.K9$BACKGROUND_OPS: com.fsck.k9.K9$BACKGROUND_OPS[] values()>
08-28 15:34:21.545 28002 28002 D GAPS    : CLASS=com.fsck.k9.preferences.BackgroundSync
08-28 15:34:21.545 28002 28002 D GAPS    : METHOD=<com.fsck.k9.preferences.BackgroundSync: void <clinit>()>
08-28 15:34:21.545 28002 28002 D GAPS    : METHOD=<com.fsck.k9.preferences.BackgroundSync: void <init>(java.lang.String,int)>
08-28 15:34:21.545 28002 28002 D GAPS    : METHOD=<com.fsck.k9.preferences.BackgroundSync: com.fsck.k9.preferences.BackgroundSync[] $values()>
08-28 15:34:21.545 28002 28002 D GAPS    : CLASS=com.fsck.k9.preferences.AppTheme
08-28 15:34:21.545 28002 28002 D GAPS    : METHOD=<com.fsck.k9.preferences.AppTheme: void <clinit>()>
08-28 15:34:21.545 28002 28002 D GAPS    : METHOD=<com.fsck.k9.preferences.AppTheme: void <init>(java.lang.String,int)>
08-28 15:34:21.545 28002 28002 D GAPS    : METHOD=<com.fsck.k9.preferences.AppTheme: com.fsck.k9.preferences.AppTheme[] $values()>
08-28 15:34:21.545 28002 28002 D GAPS    : CLASS=com.fsck.k9.preferences.SubTheme
08-28 15:34:21.545 28002 28002 D GAPS    : METHOD=<com.fsck.k9.preferences.SubTheme: void <clinit>()>
08-28 15:34:21.545 28002 28002 D GAPS    : METHOD=<com.fsck.k9.preferences.SubTheme: void <init>(java.lang.String,int)>
08-28 15:34:21.545 28002 28002 D GAPS    : METHOD=<com.fsck.k9.preferences.SubTheme: com.fsck.k9.preferences.SubTheme[] $values()>
08-28 15:34:21.545 28002 28002 D GAPS    : CLASS=com.fsck.k9.preferences.GeneralSettings
08-28 15:34:21.545 28002 28002 D GAPS    : METHOD=<com.fsck.k9.preferences.GeneralSettings: void <init>(com.fsck.k9.preferences.BackgroundSync,boolean,com.fsck.k9.preferences.AppTheme,com.fsck.k9.preferences.SubTheme,com.fsck.k9.preferences.SubTheme,boolean)>
08-28 15:34:21.545 28002 28002 D GAPS    : METHOD=<com.fsck.k9.preferences.RealGeneralSettingsManager: void updateSettingsFlow(com.fsck.k9.preferences.GeneralSettings)>
08-28 15:34:21.545 28002 28002 D GAPS    : CLASS=com.fsck.k9.preferences.RealGeneralSettingsManager$updateSettingsFlow$1
08-28 15:34:21.545 28002 28002 D GAPS    : METHOD=<com.fsck.k9.preferences.RealGeneralSettingsManager$updateSettingsFlow$1: void <init>(com.fsck.k9.preferences.RealGeneralSettingsManager,com.fsck.k9.preferences.GeneralSettings,kotlin.coroutines.Continuation)>
08-28 15:34:21.545 28002 28002 D GAPS    : METHOD=<kotlin.coroutines.EmptyCoroutineContext: kotlin.coroutines.CoroutineContext$Element get(kotlin.coroutines.CoroutineContext$Key)>
08-28 15:34:21.545 28002 28002 D GAPS    : METHOD=<com.fsck.k9.preferences.RealGeneralSettingsManager$updateSettingsFlow$1: kotlin.coroutines.Continuation create(java.lang.Object,kotlin.coroutines.Continuation)>
08-28 15:34:21.545 28002 28002 D GAPS    : METHOD=<kotlinx.coroutines.scheduling.SchedulerCoroutineDispatcher: void dispatch(kotlin.coroutines.CoroutineContext,java.lang.Runnable)>
08-28 15:34:21.545 28002 28002 D GAPS    : METHOD=<kotlinx.coroutines.scheduling.CoroutineScheduler: void dispatch$default(kotlinx.coroutines.scheduling.CoroutineScheduler,java.lang.Runnable,kotlinx.coroutines.scheduling.TaskContext,boolean,int,java.lang.Object)>
08-28 15:34:21.545 28002 28002 D GAPS    : METHOD=<kotlinx.coroutines.scheduling.CoroutineScheduler: int parkedWorkersStackNextIndex(kotlinx.coroutines.scheduling.CoroutineScheduler$Worker)>
08-28 15:34:21.545 28002 28002 D GAPS    : CLASS=com.fsck.k9.ui.base.ThemeManager$init$$inlined$map$1
08-28 15:34:21.545 28002 28002 D GAPS    : METHOD=<com.fsck.k9.ui.base.ThemeManager$init$$inlined$map$1: void <init>(kotlinx.coroutines.flow.Flow)>
08-28 15:34:21.546 28002 28002 D GAPS    : CLASS=com.fsck.k9.ui.base.ThemeManager$init$2
08-28 15:34:21.546 28002 28023 D GAPS    : METHOD=<com.fsck.k9.notification.NotificationRepository: void <init>(com.fsck.k9.notification.NotificationStoreProvider,com.fsck.k9.mailstore.LocalStoreProvider,com.fsck.k9.mailstore.MessageStoreManager,com.fsck.k9.notification.NotificationContentCreator)>
08-28 15:34:21.546 28002 28002 D GAPS    : METHOD=<com.fsck.k9.ui.base.ThemeManager$init$2: void <init>(com.fsck.k9.ui.base.ThemeManager,kotlin.coroutines.Continuation)>
08-28 15:34:21.546 28002 28002 D GAPS    : METHOD=<kotlinx.coroutines.android.HandlerContext: kotlinx.coroutines.MainCoroutineDispatcher getImmediate()>
08-28 15:34:21.546 28002 28023 D GAPS    : CLASS=com.fsck.k9.notification.NotificationDataStore
08-28 15:34:21.546 28002 28002 D GAPS    : METHOD=<kotlinx.coroutines.android.HandlerContext: kotlinx.coroutines.android.HandlerContext getImmediate()>
08-28 15:34:21.546 28002 28023 D GAPS    : METHOD=<com.fsck.k9.notification.NotificationDataStore: void <init>()>
08-28 15:34:21.546 28002 28023 D GAPS    : METHOD=<com.fsck.k9.notification.CoreKoinModuleKt$coreNotificationModule$1$13: java.lang.Object invoke(java.lang.Object,java.lang.Object)>
08-28 15:34:21.546 28002 28023 D GAPS    : METHOD=<com.fsck.k9.notification.CoreKoinModuleKt$coreNotificationModule$1$13: com.fsck.k9.notification.BaseNotificationDataCreator invoke(org.koin.core.scope.Scope,org.koin.core.parameter.ParametersHolder)>
08-28 15:34:21.546 28002 28002 D GAPS    : CLASS=kotlinx.coroutines.ThreadLocalEventLoop
08-28 15:34:21.546 28002 28002 D GAPS    : METHOD=<kotlinx.coroutines.ThreadLocalEventLoop: void <clinit>()>
08-28 15:34:21.546 28002 28002 D GAPS    : METHOD=<kotlinx.coroutines.ThreadLocalEventLoop: void <init>()>
08-28 15:34:21.546 28002 28002 D GAPS    : METHOD=<kotlinx.coroutines.ThreadLocalEventLoop: kotlinx.coroutines.EventLoop getEventLoop$kotlinx_coroutines_core()>
08-28 15:34:21.546 28002 28022 D GAPS    : METHOD=<com.fsck.k9.preferences.RealGeneralSettingsManager$updateSettingsFlow$1: java.lang.Object invokeSuspend(java.lang.Object)>
08-28 15:34:21.546 28002 28022 D GAPS    : METHOD=<com.fsck.k9.preferences.RealGeneralSettingsManager: kotlinx.coroutines.flow.MutableSharedFlow access$getSettingsFlow$p(com.fsck.k9.preferences.RealGeneralSettingsManager)>
08-28 15:34:21.546 28002 28023 D GAPS    : CLASS=com.fsck.k9.notification.BaseNotificationDataCreator
08-28 15:34:21.546 28002 28022 D GAPS    : METHOD=<kotlinx.coroutines.flow.SharedFlowImpl: java.lang.Object emit(java.lang.Object,kotlin.coroutines.Continuation)>
08-28 15:34:21.546 28002 28022 D GAPS    : METHOD=<kotlinx.coroutines.flow.SharedFlowImpl: java.lang.Object emit$suspendImpl(kotlinx.coroutines.flow.SharedFlowImpl,java.lang.Object,kotlin.coroutines.Continuation)>
08-28 15:34:21.546 28002 28022 D GAPS    : METHOD=<kotlinx.coroutines.flow.SharedFlowImpl: boolean tryEmit(java.lang.Object)>
08-28 15:34:21.546 28002 28002 D GAPS    : METHOD=<kotlinx.coroutines.EventLoopKt: kotlinx.coroutines.EventLoop createEventLoop()>
08-28 15:34:21.546 28002 28022 D GAPS    : CLASS=kotlinx.coroutines.flow.internal.AbstractSharedFlowKt
08-28 15:34:21.546 28002 28022 D GAPS    : METHOD=<kotlinx.coroutines.flow.internal.AbstractSharedFlowKt: void <clinit>()>
08-28 15:34:21.546 28002 28023 D GAPS    : METHOD=<com.fsck.k9.notification.BaseNotificationDataCreator: void <init>()>
08-28 15:34:21.546 28002 28022 D GAPS    : METHOD=<kotlinx.coroutines.flow.SharedFlowImpl: boolean tryEmitLocked(java.lang.Object)>
08-28 15:34:21.546 28002 28002 D GAPS    : CLASS=kotlinx.coroutines.BlockingEventLoop
08-28 15:34:21.546 28002 28022 D GAPS    : METHOD=<kotlinx.coroutines.flow.internal.AbstractSharedFlow: int getNCollectors()>
08-28 15:34:21.546 28002 28002 D GAPS    : METHOD=<kotlinx.coroutines.BlockingEventLoop: void <init>(java.lang.Thread)>
08-28 15:34:21.546 28002 28022 D GAPS    : METHOD=<kotlinx.coroutines.flow.SharedFlowImpl: boolean tryEmitNoCollectorsLocked(java.lang.Object)>
08-28 15:34:21.546 28002 28022 D GAPS    : METHOD=<kotlinx.coroutines.flow.SharedFlowImpl: void enqueueLocked(java.lang.Object)>
08-28 15:34:21.546 28002 28022 D GAPS    : METHOD=<kotlinx.coroutines.flow.SharedFlowImpl: int getTotalSize()>
08-28 15:34:21.546 28002 28022 D GAPS    : METHOD=<kotlinx.coroutines.flow.SharedFlowImpl: java.lang.Object[] growBuffer(java.lang.Object[],int,int)>
08-28 15:34:21.546 28002 28022 D GAPS    : METHOD=<kotlinx.coroutines.flow.SharedFlowImpl: long getHead()>
08-28 15:34:21.546 28002 28002 D GAPS    : METHOD=<kotlinx.coroutines.EventLoop: boolean isUnconfinedLoopActive()>
08-28 15:34:21.546 28002 28022 D GAPS    : METHOD=<kotlinx.coroutines.flow.SharedFlowKt: void access$setBufferAt(java.lang.Object[],long,java.lang.Object)>
08-28 15:34:21.546 28002 28022 D GAPS    : METHOD=<kotlinx.coroutines.flow.SharedFlowKt: void setBufferAt(java.lang.Object[],long,java.lang.Object)>
08-28 15:34:21.546 28002 28002 D GAPS    : METHOD=<kotlinx.coroutines.flow.FlowKt__CollectKt$launchIn$1: java.lang.Object invokeSuspend(java.lang.Object)>
08-28 15:34:21.546 28002 28002 D GAPS    : METHOD=<kotlinx.coroutines.flow.FlowKt: java.lang.Object collect(kotlinx.coroutines.flow.Flow,kotlin.coroutines.Continuation)>
08-28 15:34:21.546 28002 28002 D GAPS    : METHOD=<kotlinx.coroutines.flow.FlowKt__CollectKt: java.lang.Object collect(kotlinx.coroutines.flow.Flow,kotlin.coroutines.Continuation)>
08-28 15:34:21.546 28002 28022 D GAPS    : METHOD=<kotlinx.coroutines.flow.SharedFlowImpl: kotlin.coroutines.Continuation[] findSlotsToResumeLocked(kotlin.coroutines.Continuation[])>
08-28 15:34:21.546 28002 28022 D GAPS    : METHOD=<kotlinx.coroutines.flow.internal.AbstractSharedFlow: int access$getNCollectors(kotlinx.coroutines.flow.internal.AbstractSharedFlow)>
08-28 15:34:21.546 28002 28022 D GAPS    : METHOD=<kotlin.coroutines.jvm.internal.ContinuationImpl: void releaseIntercepted()>
08-28 15:34:21.546 28002 28002 D GAPS    : CLASS=kotlinx.coroutines.flow.internal.NopCollector
08-28 15:34:21.546 28002 28022 D GAPS    : METHOD=<kotlinx.coroutines.CoroutineDispatcher: void releaseInterceptedContinuation(kotlin.coroutines.Continuation)>
08-28 15:34:21.546 28002 28022 D GAPS    : METHOD=<kotlinx.coroutines.internal.DispatchedContinuation: void release()>
08-28 15:34:21.546 28002 28022 D GAPS    : METHOD=<kotlinx.coroutines.internal.DispatchedContinuation: void awaitReusability()>
08-28 15:34:21.546 28002 28002 D GAPS    : METHOD=<kotlinx.coroutines.flow.internal.NopCollector: void <clinit>()>
08-28 15:34:21.546 28002 28022 D GAPS    : METHOD=<kotlinx.coroutines.internal.DispatchedContinuation: kotlinx.coroutines.CancellableContinuationImpl getReusableCancellableContinuation()>
08-28 15:34:21.546 28002 28002 D GAPS    : METHOD=<kotlinx.coroutines.flow.internal.NopCollector: void <init>()>
08-28 15:34:21.546 28002 28002 D GAPS    : METHOD=<kotlinx.coroutines.flow.FlowKt__TransformKt$onEach$$inlined$unsafeTransform$1: java.lang.Object collect(kotlinx.coroutines.flow.FlowCollector,kotlin.coroutines.Continuation)>
08-28 15:34:21.546 28002 28023 D GAPS    : METHOD=<com.fsck.k9.notification.CoreKoinModuleKt$coreNotificationModule$1$14: java.lang.Object invoke(java.lang.Object,java.lang.Object)>
08-28 15:34:21.546 28002 28023 D GAPS    : METHOD=<com.fsck.k9.notification.CoreKoinModuleKt$coreNotificationModule$1$14: com.fsck.k9.notification.SingleMessageNotificationDataCreator invoke(org.koin.core.scope.Scope,org.koin.core.parameter.ParametersHolder)>
08-28 15:34:21.546 28002 28023 D GAPS    : CLASS=com.fsck.k9.notification.SingleMessageNotificationDataCreator
08-28 15:34:21.546 28002 28023 D GAPS    : METHOD=<com.fsck.k9.notification.SingleMessageNotificationDataCreator: void <init>()>
08-28 15:34:21.546 28002 28022 D GAPS    : CLASS=kotlin.coroutines.jvm.internal.CompletedContinuation
08-28 15:34:21.546 28002 28022 D GAPS    : METHOD=<kotlin.coroutines.jvm.internal.CompletedContinuation: void <clinit>()>
08-28 15:34:21.546 28002 28002 D GAPS    : CLASS=kotlinx.coroutines.flow.FlowKt__TransformKt$onEach$$inlined$unsafeTransform$1$2
08-28 15:34:21.546 28002 28022 D GAPS    : METHOD=<kotlin.coroutines.jvm.internal.CompletedContinuation: void <init>()>
08-28 15:34:21.546 28002 28002 D GAPS    : METHOD=<kotlinx.coroutines.flow.FlowKt__TransformKt$onEach$$inlined$unsafeTransform$1$2: void <init>(kotlinx.coroutines.flow.FlowCollector,kotlin.jvm.functions.Function2)>
08-28 15:34:21.546 28002 28002 D GAPS    : METHOD=<kotlinx.coroutines.flow.DistinctFlowImpl: java.lang.Object collect(kotlinx.coroutines.flow.FlowCollector,kotlin.coroutines.Continuation)>
08-28 15:34:21.546 28002 28023 D GAPS    : METHOD=<com.fsck.k9.notification.CoreKoinModuleKt$coreNotificationModule$1$15: java.lang.Object invoke(java.lang.Object,java.lang.Object)>
08-28 15:34:21.546 28002 28002 D GAPS    : CLASS=kotlin.jvm.internal.Ref$ObjectRef
08-28 15:34:21.546 28002 28023 D GAPS    : METHOD=<com.fsck.k9.notification.CoreKoinModuleKt$coreNotificationModule$1$15: com.fsck.k9.notification.SummaryNotificationDataCreator invoke(org.koin.core.scope.Scope,org.koin.core.parameter.ParametersHolder)>
08-28 15:34:21.546 28002 28002 D GAPS    : METHOD=<kotlin.jvm.internal.Ref$ObjectRef: void <init>()>
08-28 15:34:21.546 28002 28002 D GAPS    : CLASS=kotlinx.coroutines.flow.internal.NullSurrogateKt
08-28 15:34:21.546 28002 28002 D GAPS    : METHOD=<kotlinx.coroutines.flow.internal.NullSurrogateKt: void <clinit>()>
08-28 15:34:21.546 28002 28002 D GAPS    : CLASS=kotlinx.coroutines.flow.DistinctFlowImpl$collect$2
08-28 15:34:21.546 28002 28022 D GAPS    : METHOD=<kotlinx.coroutines.AbstractCoroutine: void resumeWith(java.lang.Object)>
08-28 15:34:21.546 28002 28002 D GAPS    : METHOD=<kotlinx.coroutines.flow.DistinctFlowImpl$collect$2: void <init>(kotlinx.coroutines.flow.DistinctFlowImpl,kotlin.jvm.internal.Ref$ObjectRef,kotlinx.coroutines.flow.FlowCollector)>
08-28 15:34:21.546 28002 28022 D GAPS    : METHOD=<kotlinx.coroutines.CompletionStateKt: java.lang.Object toState$default(java.lang.Object,kotlin.jvm.functions.Function1,int,java.lang.Object)>
08-28 15:34:21.546 28002 28002 D GAPS    : METHOD=<com.fsck.k9.ui.base.ThemeManager$init$$inlined$map$1: java.lang.Object collect(kotlinx.coroutines.flow.FlowCollector,kotlin.coroutines.Continuation)>
08-28 15:34:21.546 28002 28023 D GAPS    : CLASS=com.fsck.k9.notification.SummaryNotificationDataCreator
08-28 15:34:21.546 28002 28002 D GAPS    : CLASS=com.fsck.k9.ui.base.ThemeManager$init$$inlined$map$1$2
08-28 15:34:21.546 28002 28022 D GAPS    : METHOD=<kotlinx.coroutines.JobSupport: java.lang.Object makeCompletingOnce$kotlinx_coroutines_core(java.lang.Object)>
08-28 15:34:21.546 28002 28023 D GAPS    : METHOD=<com.fsck.k9.notification.SummaryNotificationDataCreator: void <init>(com.fsck.k9.notification.SingleMessageNotificationDataCreator)>
08-28 15:34:21.546 28002 28002 D GAPS    : METHOD=<com.fsck.k9.ui.base.ThemeManager$init$$inlined$map$1$2: void <init>(kotlinx.coroutines.flow.FlowCollector)>
08-28 15:34:21.546 28002 28002 D GAPS    : METHOD=<kotlinx.coroutines.flow.SharedFlowImpl: java.lang.Object collect(kotlinx.coroutines.flow.FlowCollector,kotlin.coroutines.Continuation)>
08-28 15:34:21.546 28002 28002 D GAPS    : METHOD=<kotlinx.coroutines.flow.SharedFlowImpl: java.lang.Object collect$suspendImpl(kotlinx.coroutines.flow.SharedFlowImpl,kotlinx.coroutines.flow.FlowCollector,kotlin.coroutines.Continuation)>
08-28 15:34:21.546 28002 28022 D GAPS    : METHOD=<kotlinx.coroutines.JobSupport: java.lang.Object tryMakeCompleting(java.lang.Object,java.lang.Object)>
08-28 15:34:21.547 28002 28023 D GAPS    : CLASS=com.fsck.k9.notification.NewMailNotificationManager
08-28 15:34:21.547 28002 28002 D GAPS    : CLASS=kotlinx.coroutines.flow.SharedFlowImpl$collect$1
08-28 15:34:21.547 28002 28022 D GAPS    : METHOD=<kotlinx.coroutines.JobSupport: boolean tryFinalizeSimpleState(kotlinx.coroutines.Incomplete,java.lang.Object)>
08-28 15:34:21.547 28002 28002 D GAPS    : METHOD=<kotlinx.coroutines.flow.SharedFlowImpl$collect$1: void <init>(kotlinx.coroutines.flow.SharedFlowImpl,kotlin.coroutines.Continuation)>
08-28 15:34:21.547 28002 28002 D GAPS    : METHOD=<kotlinx.coroutines.flow.internal.AbstractSharedFlow: kotlinx.coroutines.flow.internal.AbstractSharedFlowSlot allocateSlot()>
08-28 15:34:21.547 28002 28002 D GAPS    : METHOD=<kotlinx.coroutines.flow.SharedFlowImpl: kotlinx.coroutines.flow.internal.AbstractSharedFlowSlot[] createSlotArray(int)>
08-28 15:34:21.547 28002 28002 D GAPS    : METHOD=<kotlinx.coroutines.flow.SharedFlowImpl: kotlinx.coroutines.flow.SharedFlowSlot[] createSlotArray(int)>
08-28 15:34:21.547 28002 28002 D GAPS    : METHOD=<kotlinx.coroutines.flow.SharedFlowImpl: kotlinx.coroutines.flow.internal.AbstractSharedFlowSlot createSlot()>
08-28 15:34:21.547 28002 28002 D GAPS    : METHOD=<kotlinx.coroutines.flow.SharedFlowImpl: kotlinx.coroutines.flow.SharedFlowSlot createSlot()>
08-28 15:34:21.547 28002 28002 D GAPS    : CLASS=kotlinx.coroutines.flow.SharedFlowSlot
08-28 15:34:21.547 28002 28002 D GAPS    : METHOD=<kotlinx.coroutines.flow.SharedFlowSlot: void <init>()>
08-28 15:34:21.547 28002 28002 D GAPS    : CLASS=kotlinx.coroutines.flow.internal.AbstractSharedFlowSlot
08-28 15:34:21.547 28002 28002 D GAPS    : METHOD=<kotlinx.coroutines.flow.internal.AbstractSharedFlowSlot: void <init>()>
08-28 15:34:21.547 28002 28002 D GAPS    : METHOD=<kotlinx.coroutines.flow.SharedFlowSlot: boolean allocateLocked(java.lang.Object)>
08-28 15:34:21.547 28002 28002 D GAPS    : METHOD=<kotlinx.coroutines.flow.SharedFlowSlot: boolean allocateLocked(kotlinx.coroutines.flow.SharedFlowImpl)>
08-28 15:34:21.547 28002 28002 D GAPS    : METHOD=<kotlinx.coroutines.flow.SharedFlowImpl: long updateNewCollectorIndexLocked$kotlinx_coroutines_core()>
08-28 15:34:21.547 28002 28002 D GAPS    : METHOD=<kotlinx.coroutines.flow.SharedFlowImpl: java.lang.Object tryTakeValue(kotlinx.coroutines.flow.SharedFlowSlot)>
08-28 15:34:21.547 28002 28002 D GAPS    : METHOD=<kotlinx.coroutines.flow.SharedFlowImpl: long tryPeekLocked(kotlinx.coroutines.flow.SharedFlowSlot)>
08-28 15:34:21.547 28002 28002 D GAPS    : METHOD=<kotlinx.coroutines.flow.SharedFlowImpl: long getBufferEndIndex()>
08-28 15:34:21.547 28002 28002 D GAPS    : METHOD=<kotlinx.coroutines.flow.SharedFlowImpl: java.lang.Object getPeekedValueLockedAt(long)>
08-28 15:34:21.547 28002 28002 D GAPS    : METHOD=<kotlinx.coroutines.flow.SharedFlowKt: java.lang.Object access$getBufferAt(java.lang.Object[],long)>
08-28 15:34:21.547 28002 28002 D GAPS    : METHOD=<kotlinx.coroutines.flow.SharedFlowKt: java.lang.Object getBufferAt(java.lang.Object[],long)>
08-28 15:34:21.547 28002 28002 D GAPS    : METHOD=<kotlinx.coroutines.flow.SharedFlowImpl: kotlin.coroutines.Continuation[] updateCollectorIndexLocked$kotlinx_coroutines_core(long)>
08-28 15:34:21.547 28002 28002 D GAPS    : METHOD=<kotlinx.coroutines.flow.internal.AbstractSharedFlow: kotlinx.coroutines.flow.internal.AbstractSharedFlowSlot[] access$getSlots(kotlinx.coroutines.flow.internal.AbstractSharedFlow)>
08-28 15:34:21.547 28002 28002 D GAPS    : METHOD=<kotlinx.coroutines.flow.SharedFlowImpl: void updateBufferLocked(long,long,long,long)>
08-28 15:34:21.547 28002 28002 D GAPS    : METHOD=<kotlinx.coroutines.flow.SharedFlowImpl: void cleanupTailLocked()>
08-28 15:34:21.547 28002 28002 D GAPS    : METHOD=<kotlinx.coroutines.JobKt: void ensureActive(kotlinx.coroutines.Job)>
08-28 15:34:21.547 28002 28002 D GAPS    : METHOD=<kotlinx.coroutines.JobKt__JobKt: void ensureActive(kotlinx.coroutines.Job)>
08-28 15:34:21.547 28002 28002 D GAPS    : METHOD=<kotlinx.coroutines.flow.DistinctFlowImpl$collect$2: java.lang.Object emit(java.lang.Object,kotlin.coroutines.Continuation)>
08-28 15:34:21.547 28002 28002 D GAPS    : CLASS=kotlinx.coroutines.flow.DistinctFlowImpl$collect$2$emit$1
08-28 15:34:21.547 28002 28002 D GAPS    : METHOD=<kotlinx.coroutines.flow.DistinctFlowImpl$collect$2$emit$1: void <init>(kotlinx.coroutines.flow.DistinctFlowImpl$collect$2,kotlin.coroutines.Continuation)>
08-28 15:34:21.547 28002 28002 D GAPS    : METHOD=<kotlinx.coroutines.flow.FlowKt__DistinctKt$defaultKeySelector$1: java.lang.Object invoke(java.lang.Object)>
08-28 15:34:21.547 28002 28002 D GAPS    : METHOD=<com.fsck.k9.ui.base.ThemeManager$init$$inlined$map$1$2: java.lang.Object emit(java.lang.Object,kotlin.coroutines.Continuation)>
08-28 15:34:21.547 28002 28023 D GAPS    : METHOD=<com.fsck.k9.notification.NewMailNotificationManager: void <init>(com.fsck.k9.notification.NotificationContentCreator,com.fsck.k9.notification.NotificationRepository,com.fsck.k9.notification.BaseNotificationDataCreator,com.fsck.k9.notification.SingleMessageNotificationDataCreator,com.fsck.k9.notification.SummaryNotificationDataCreator,kotlinx.datetime.Clock)>
08-28 15:34:21.547 28002 28022 D GAPS    : METHOD=<kotlinx.coroutines.JobSupportKt: java.lang.Object boxIncomplete(java.lang.Object)>
08-28 15:34:21.547 28002 28002 D GAPS    : CLASS=com.fsck.k9.ui.base.ThemeManager$init$$inlined$map$1$2$1
08-28 15:34:21.547 28002 28002 D GAPS    : METHOD=<com.fsck.k9.ui.base.ThemeManager$init$$inlined$map$1$2$1: void <init>(com.fsck.k9.ui.base.ThemeManager$init$$inlined$map$1$2,kotlin.coroutines.Continuation)>
08-28 15:34:21.547 28002 28002 D GAPS    : METHOD=<com.fsck.k9.preferences.GeneralSettings: com.fsck.k9.preferences.AppTheme getAppTheme()>
08-28 15:34:21.547 28002 28002 D GAPS    : METHOD=<kotlinx.coroutines.flow.FlowKt__TransformKt$onEach$$inlined$unsafeTransform$1$2: java.lang.Object emit(java.lang.Object,kotlin.coroutines.Continuation)>
08-28 15:34:21.547 28002 28023 D GAPS    : METHOD=<com.fsck.k9.notification.CoreKoinModuleKt$coreNotificationModule$1$17: java.lang.Object invoke(java.lang.Object,java.lang.Object)>
08-28 15:34:21.547 28002 28023 D GAPS    : METHOD=<com.fsck.k9.notification.CoreKoinModuleKt$coreNotificationModule$1$17: com.fsck.k9.notification.SummaryNotificationCreator invoke(org.koin.core.scope.Scope,org.koin.core.parameter.ParametersHolder)>
08-28 15:34:21.547 28002 28002 D GAPS    : CLASS=kotlinx.coroutines.flow.FlowKt__TransformKt$onEach$$inlined$unsafeTransform$1$2$1
08-28 15:34:21.547 28002 28002 D GAPS    : METHOD=<kotlinx.coroutines.flow.FlowKt__TransformKt$onEach$$inlined$unsafeTransform$1$2$1: void <init>(kotlinx.coroutines.flow.FlowKt__TransformKt$onEach$$inlined$unsafeTransform$1$2,kotlin.coroutines.Continuation)>
08-28 15:34:21.548 28002 28002 D GAPS    : METHOD=<kotlin.jvm.internal.InlineMarker: void mark(int)>
08-28 15:34:21.548 28002 28002 D GAPS    : METHOD=<com.fsck.k9.ui.base.ThemeManager$init$2: java.lang.Object invoke(java.lang.Object,java.lang.Object)>
08-28 15:34:21.548 28002 28002 D GAPS    : METHOD=<com.fsck.k9.ui.base.ThemeManager$init$2: java.lang.Object invoke(com.fsck.k9.preferences.AppTheme,kotlin.coroutines.Continuation)>
08-28 15:34:21.548 28002 28002 D GAPS    : METHOD=<com.fsck.k9.ui.base.ThemeManager$init$2: kotlin.coroutines.Continuation create(java.lang.Object,kotlin.coroutines.Continuation)>
08-28 15:34:21.548 28002 28002 D GAPS    : METHOD=<com.fsck.k9.ui.base.ThemeManager$init$2: java.lang.Object invokeSuspend(java.lang.Object)>
08-28 15:34:21.548 28002 28002 D GAPS    : METHOD=<com.fsck.k9.ui.base.ThemeManager: void access$updateAppTheme(com.fsck.k9.ui.base.ThemeManager,com.fsck.k9.preferences.AppTheme)>
08-28 15:34:21.548 28002 28023 D GAPS    : METHOD=<com.fsck.k9.notification.CoreKoinModuleKt$coreNotificationModule$1$18: java.lang.Object invoke(java.lang.Object,java.lang.Object)>
08-28 15:34:21.548 28002 28023 D GAPS    : METHOD=<com.fsck.k9.notification.CoreKoinModuleKt$coreNotificationModule$1$18: com.fsck.k9.notification.LockScreenNotificationCreator invoke(org.koin.core.scope.Scope,org.koin.core.parameter.ParametersHolder)>
08-28 15:34:21.548 28002 28022 D GAPS    : METHOD=<androidx.work.impl.utils.futures.AbstractFuture$SafeAtomicHelper$$ExternalSyntheticBackportWithForwarding0: boolean m(java.util.concurrent.atomic.AtomicReferenceFieldUpdater,java.lang.Object,java.lang.Object,java.lang.Object)>
08-28 15:34:21.548 28002 28002 D GAPS    : METHOD=<com.fsck.k9.ui.base.ThemeManager: void updateAppTheme(com.fsck.k9.preferences.AppTheme)>
08-28 15:34:21.548 28002 28022 D GAPS    : METHOD=<kotlinx.coroutines.JobSupport: void onCancelling(java.lang.Throwable)>
08-28 15:34:21.548 28002 28022 D GAPS    : METHOD=<kotlinx.coroutines.AbstractCoroutine: void onCompletionInternal(java.lang.Object)>
08-28 15:34:21.548 28002 28022 D GAPS    : METHOD=<kotlinx.coroutines.AbstractCoroutine: void onCompleted(java.lang.Object)>
08-28 15:34:21.548 28002 28002 D GAPS    : CLASS=com.fsck.k9.ui.base.ThemeManager$WhenMappings
08-28 15:34:21.548 28002 28002 D GAPS    : METHOD=<com.fsck.k9.ui.base.ThemeManager$WhenMappings: void <clinit>()>
08-28 15:34:21.548 28002 28002 D GAPS    : METHOD=<com.fsck.k9.preferences.AppTheme: com.fsck.k9.preferences.AppTheme[] values()>
08-28 15:34:21.548 28002 28022 D GAPS    : METHOD=<kotlinx.coroutines.JobSupport: void completeStateFinalization(kotlinx.coroutines.Incomplete,java.lang.Object)>
08-28 15:34:21.548 28002 28022 D GAPS    : METHOD=<kotlinx.coroutines.JobSupport: kotlinx.coroutines.ChildHandle getParentHandle$kotlinx_coroutines_core()>
08-28 15:34:21.548 28002 28022 D GAPS    : METHOD=<kotlinx.coroutines.NonDisposableHandle: void dispose()>
08-28 15:34:21.548 28002 28023 D GAPS    : CLASS=com.fsck.k9.notification.LockScreenNotificationCreator
08-28 15:34:21.548 28002 28023 D GAPS    : METHOD=<com.fsck.k9.notification.LockScreenNotificationCreator: void <init>(com.fsck.k9.notification.NotificationHelper,com.fsck.k9.notification.NotificationResourceProvider)>
08-28 15:34:21.548 28002 28002 D GAPS    : METHOD=<com.fsck.k9.preferences.SubTheme: com.fsck.k9.preferences.SubTheme[] values()>
08-28 15:34:21.548 28002 28022 D GAPS    : METHOD=<kotlinx.coroutines.Empty: kotlinx.coroutines.NodeList getList()>
08-28 15:34:21.548 28002 28022 D GAPS    : METHOD=<kotlinx.coroutines.JobSupportKt: kotlinx.coroutines.internal.Symbol access$getCOMPLETING_ALREADY$p()>
08-28 15:34:21.548 28002 28022 D GAPS    : METHOD=<kotlinx.coroutines.JobSupportKt: kotlinx.coroutines.internal.Symbol access$getCOMPLETING_RETRY$p()>
08-28 15:34:21.548 28002 28022 D GAPS    : METHOD=<kotlinx.coroutines.AbstractCoroutine: void afterResume(java.lang.Object)>
08-28 15:34:21.548 28002 28022 D GAPS    : METHOD=<kotlinx.coroutines.JobSupport: void afterCompletion(java.lang.Object)>
08-28 15:34:21.548 28002 28022 D GAPS    : METHOD=<kotlinx.coroutines.internal.ThreadContextKt: void restoreThreadContext(kotlin.coroutines.CoroutineContext,java.lang.Object)>
08-28 15:34:21.548 28002 28023 D GAPS    : METHOD=<com.fsck.k9.notification.CoreKoinModuleKt$coreNotificationModule$1$16: java.lang.Object invoke(java.lang.Object,java.lang.Object)>
08-28 15:34:21.548 28002 28023 D GAPS    : METHOD=<com.fsck.k9.notification.CoreKoinModuleKt$coreNotificationModule$1$16: com.fsck.k9.notification.SingleMessageNotificationCreator invoke(org.koin.core.scope.Scope,org.koin.core.parameter.ParametersHolder)>
08-28 15:34:21.548 28002 28022 D GAPS    : METHOD=<kotlinx.coroutines.scheduling.TaskContextImpl: void afterTask()>
08-28 15:34:21.548 28002 28022 D GAPS    : METHOD=<kotlinx.coroutines.DispatchedTask: void handleFatalException(java.lang.Throwable,java.lang.Throwable)>
08-28 15:34:21.548 28002 28022 D GAPS    : METHOD=<kotlinx.coroutines.scheduling.CoroutineScheduler$Worker: void afterTask(int)>
08-28 15:34:21.548 28002 28002 D GAPS    : CLASS=androidx.appcompat.app.AppCompatDelegate
08-28 15:34:21.548 28002 28002 D GAPS    : METHOD=<androidx.appcompat.app.AppCompatDelegate: void <clinit>()>
08-28 15:34:21.548 28002 28002 D GAPS    : CLASS=androidx.appcompat.app.AppLocalesStorageHelper$ThreadPerTaskExecutor
08-28 15:34:21.548 28002 28002 D GAPS    : METHOD=<androidx.appcompat.app.AppLocalesStorageHelper$ThreadPerTaskExecutor: void <init>()>
08-28 15:34:21.548 28002 28002 D GAPS    : CLASS=androidx.appcompat.app.AppLocalesStorageHelper$SerialExecutor
08-28 15:34:21.548 28002 28002 D GAPS    : METHOD=<androidx.appcompat.app.AppLocalesStorageHelper$SerialExecutor: void <init>(java.util.concurrent.Executor)>
08-28 15:34:21.548 28002 28023 D GAPS    : CLASS=com.fsck.k9.notification.SingleMessageNotificationCreator
08-28 15:34:21.548 28002 28002 D GAPS    : METHOD=<androidx.appcompat.app.AppCompatDelegate: void setDefaultNightMode(int)>
08-28 15:34:21.548 28002 28023 D GAPS    : METHOD=<com.fsck.k9.notification.SingleMessageNotificationCreator: void <init>(com.fsck.k9.notification.NotificationHelper,com.fsck.k9.notification.NotificationActionCreator,com.fsck.k9.notification.NotificationResourceProvider,com.fsck.k9.notification.LockScreenNotificationCreator)>
08-28 15:34:21.548 28002 28002 D GAPS    : METHOD=<androidx.appcompat.app.AppCompatDelegate: void applyDayNightToActiveDelegates()>
08-28 15:34:21.548 28002 28002 D GAPS    : METHOD=<androidx.collection.ArraySet: java.util.Iterator iterator()>
08-28 15:34:21.548 28002 28023 D GAPS    : CLASS=com.fsck.k9.notification.SummaryNotificationCreator
08-28 15:34:21.548 28002 28002 D GAPS    : METHOD=<androidx.collection.ArraySet: androidx.collection.MapCollections getCollection()>
08-28 15:34:21.548 28002 28023 D GAPS    : METHOD=<com.fsck.k9.notification.SummaryNotificationCreator: void <init>(com.fsck.k9.notification.NotificationHelper,com.fsck.k9.notification.NotificationActionCreator,com.fsck.k9.notification.LockScreenNotificationCreator,com.fsck.k9.notification.SingleMessageNotificationCreator,com.fsck.k9.notification.NotificationResourceProvider)>
08-28 15:34:21.548 28002 28002 D GAPS    : CLASS=androidx.collection.ArraySet$1
08-28 15:34:21.548 28002 28002 D GAPS    : METHOD=<androidx.collection.ArraySet$1: void <init>(androidx.collection.ArraySet)>
08-28 15:34:21.548 28002 28002 D GAPS    : CLASS=androidx.collection.MapCollections
08-28 15:34:21.548 28002 28002 D GAPS    : METHOD=<androidx.collection.MapCollections: void <init>()>
08-28 15:34:21.548 28002 28002 D GAPS    : METHOD=<androidx.collection.MapCollections: java.util.Set getKeySet()>
08-28 15:34:21.548 28002 28002 D GAPS    : CLASS=androidx.collection.MapCollections$KeySet
08-28 15:34:21.548 28002 28002 D GAPS    : METHOD=<androidx.collection.MapCollections$KeySet: void <init>(androidx.collection.MapCollections)>
08-28 15:34:21.548 28002 28002 D GAPS    : METHOD=<androidx.collection.MapCollections$KeySet: java.util.Iterator iterator()>
08-28 15:34:21.548 28002 28002 D GAPS    : CLASS=androidx.collection.MapCollections$ArrayIterator
08-28 15:34:21.548 28002 28023 D GAPS    : CLASS=com.fsck.k9.notification.NewMailNotificationController
08-28 15:34:21.548 28002 28023 D GAPS    : METHOD=<com.fsck.k9.notification.NewMailNotificationController: void <init>(androidx.core.app.NotificationManagerCompat,com.fsck.k9.notification.NewMailNotificationManager,com.fsck.k9.notification.SummaryNotificationCreator,com.fsck.k9.notification.SingleMessageNotificationCreator)>
08-28 15:34:21.548 28002 28002 D GAPS    : METHOD=<androidx.collection.MapCollections$ArrayIterator: void <init>(androidx.collection.MapCollections,int)>
08-28 15:34:21.548 28002 28023 D GAPS    : CLASS=com.fsck.k9.notification.NotificationController
08-28 15:34:21.548 28002 28002 D GAPS    : METHOD=<androidx.collection.ArraySet$1: int colGetSize()>
08-28 15:34:21.548 28002 28023 D GAPS    : METHOD=<com.fsck.k9.notification.NotificationController: void <init>(com.fsck.k9.notification.CertificateErrorNotificationController,com.fsck.k9.notification.AuthenticationErrorNotificationController,com.fsck.k9.notification.SyncNotificationController,com.fsck.k9.notification.SendFailedNotificationController,com.fsck.k9.notification.NewMailNotificationController)>
08-28 15:34:21.548 28002 28002 D GAPS    : METHOD=<androidx.collection.MapCollections$ArrayIterator: boolean hasNext()>
08-28 15:34:21.548 28002 28023 D GAPS    : METHOD=<com.fsck.k9.notification.NotificationController: void restoreNewMailNotifications(java.util.List)>
08-28 15:34:21.548 28002 28002 D GAPS    : METHOD=<kotlinx.coroutines.flow.internal.NopCollector: java.lang.Object emit(java.lang.Object,kotlin.coroutines.Continuation)>
08-28 15:34:21.548 28002 28023 D GAPS    : METHOD=<com.fsck.k9.notification.NewMailNotificationController: void restoreNewMailNotifications(java.util.List)>
08-28 15:34:21.548 28002 28002 D GAPS    : METHOD=<kotlinx.coroutines.flow.SharedFlowImpl: java.lang.Object awaitValue(kotlinx.coroutines.flow.SharedFlowSlot,kotlin.coroutines.Continuation)>
08-28 15:34:21.548 28002 28023 D GAPS    : METHOD=<kotlin.collections.EmptyList: java.util.Iterator iterator()>
08-28 15:34:21.548 28002 28002 D GAPS    : CLASS=kotlinx.coroutines.CancellableContinuationImpl
08-28 15:34:21.548 28002 28002 D GAPS    : METHOD=<kotlinx.coroutines.CancellableContinuationImpl: void <clinit>()>
08-28 15:34:21.548 28002 28023 D GAPS    : METHOD=<kotlinx.coroutines.internal.LockFreeTaskQueue: int getSize()>
08-28 15:34:21.548 28002 28023 D GAPS    : METHOD=<kotlinx.coroutines.internal.LockFreeTaskQueueCore: int getSize()>
08-28 15:34:21.548 28002 28002 D GAPS    : METHOD=<kotlinx.coroutines.CancellableContinuationImpl: void <init>(kotlin.coroutines.Continuation,int)>
08-28 15:34:21.549 28002 28002 D GAPS    : CLASS=kotlinx.coroutines.Active
08-28 15:34:21.549 28002 28002 D GAPS    : METHOD=<kotlinx.coroutines.Active: void <clinit>()>
08-28 15:34:21.549 28002 28002 D GAPS    : METHOD=<kotlinx.coroutines.Active: void <init>()>
08-28 15:34:21.549 28002 28002 D GAPS    : METHOD=<kotlinx.coroutines.CancellableContinuationImpl: void initCancellability()>
08-28 15:34:21.549 28002 28002 D GAPS    : METHOD=<kotlinx.coroutines.CancellableContinuationImpl: kotlinx.coroutines.DisposableHandle installParentHandle()>
08-28 15:34:21.549 28002 28002 D GAPS    : METHOD=<kotlinx.coroutines.CancellableContinuationImpl: kotlin.coroutines.CoroutineContext getContext()>
08-28 15:34:21.549 28002 28002 D GAPS    : CLASS=kotlinx.coroutines.internal.LockFreeLinkedListNode
08-28 15:34:21.549 28002 28002 D GAPS    : METHOD=<kotlinx.coroutines.internal.LockFreeLinkedListNode: void <clinit>()>
08-28 15:34:21.549 28002 28002 D GAPS    : CLASS=kotlinx.coroutines.ChildContinuation
08-28 15:34:21.549 28002 28002 D GAPS    : METHOD=<kotlinx.coroutines.ChildContinuation: void <init>(kotlinx.coroutines.CancellableContinuationImpl)>
08-28 15:34:21.549 28002 28002 D GAPS    : CLASS=kotlinx.coroutines.JobCancellingNode
08-28 15:34:21.549 28002 28002 D GAPS    : METHOD=<kotlinx.coroutines.JobCancellingNode: void <init>()>
08-28 15:34:21.549 28002 28002 D GAPS    : CLASS=kotlinx.coroutines.JobNode
08-28 15:34:21.549 28002 28002 D GAPS    : METHOD=<kotlinx.coroutines.JobNode: void <init>()>
08-28 15:34:21.549 28002 28002 D GAPS    : CLASS=kotlinx.coroutines.CompletionHandlerBase
08-28 15:34:21.549 28002 28002 D GAPS    : METHOD=<kotlinx.coroutines.CompletionHandlerBase: void <init>()>
08-28 15:34:21.549 28002 28002 D GAPS    : METHOD=<kotlinx.coroutines.internal.LockFreeLinkedListNode: void <init>()>
08-28 15:34:21.549 28002 28002 D GAPS    : METHOD=<kotlinx.coroutines.Job$DefaultImpls: kotlinx.coroutines.DisposableHandle invokeOnCompletion$default(kotlinx.coroutines.Job,boolean,boolean,kotlin.jvm.functions.Function1,int,java.lang.Object)>
08-28 15:34:21.549 28002 28002 D GAPS    : METHOD=<kotlinx.coroutines.JobSupport: kotlinx.coroutines.DisposableHandle invokeOnCompletion(boolean,boolean,kotlin.jvm.functions.Function1)>
08-28 15:34:21.549 28002 28002 D GAPS    : METHOD=<kotlinx.coroutines.JobSupport: kotlinx.coroutines.JobNode makeNode(kotlin.jvm.functions.Function1,boolean)>
08-28 15:34:21.549 28002 28002 D GAPS    : METHOD=<kotlinx.coroutines.JobNode: void setJob(kotlinx.coroutines.JobSupport)>
08-28 15:34:21.549 28002 28002 D GAPS    : METHOD=<kotlinx.coroutines.CancellableContinuationImpl: boolean isCompleted()>
08-28 15:34:21.549 28002 28002 D GAPS    : METHOD=<kotlinx.coroutines.CancellableContinuationImpl: java.lang.Object getState$kotlinx_coroutines_core()>
08-28 15:34:21.549 28002 28002 D GAPS    : METHOD=<kotlinx.coroutines.flow.SharedFlowImpl: long access$tryPeekLocked(kotlinx.coroutines.flow.SharedFlowImpl,kotlinx.coroutines.flow.SharedFlowSlot)>
08-28 15:34:21.549 28002 28002 D GAPS    : METHOD=<kotlinx.coroutines.CancellableContinuationImpl: java.lang.Object getResult()>
08-28 15:34:21.549 28002 28002 D GAPS    : METHOD=<kotlinx.coroutines.CancellableContinuationImpl: boolean isReusable()>
08-28 15:34:21.549 28002 28002 D GAPS    : METHOD=<kotlinx.coroutines.DispatchedTaskKt: boolean isReusableMode(int)>
08-28 15:34:21.549 28002 28002 D GAPS    : METHOD=<kotlinx.coroutines.CancellableContinuationImpl: boolean trySuspend()>
08-28 15:34:21.549 28002 28002 D GAPS    : METHOD=<kotlin.coroutines.jvm.internal.DebugProbesKt: void probeCoroutineSuspended(kotlin.coroutines.Continuation)>
08-28 15:34:21.549 28002 28002 D GAPS    : METHOD=<kotlinx.coroutines.EventLoop: boolean processUnconfinedEvent()>
08-28 15:34:21.549 28002 28002 D GAPS    : METHOD=<kotlinx.coroutines.EventLoop: void decrementUseCount(boolean)>
08-28 15:34:21.549 28002 28002 D GAPS    : METHOD=<com.fsck.k9.App: app.k9mail.ui.widget.list.MessageListWidgetManager getMessageListWidgetManager()>
08-28 15:34:21.549 28002 28002 D GAPS    : METHOD=<com.fsck.k9.App$special$$inlined$inject$default$6: java.lang.Object invoke()>
08-28 15:34:21.549 28002 28002 D GAPS    : METHOD=<app.k9mail.ui.widget.list.KoinModuleKt$messageListWidgetModule$1$1: java.lang.Object invoke(java.lang.Object,java.lang.Object)>
08-28 15:34:21.549 28002 28002 D GAPS    : METHOD=<app.k9mail.ui.widget.list.KoinModuleKt$messageListWidgetModule$1$1: app.k9mail.ui.widget.list.MessageListWidgetManager invoke(org.koin.core.scope.Scope,org.koin.core.parameter.ParametersHolder)>
08-28 15:34:21.549 28002 28002 D GAPS    : METHOD=<com.fsck.k9.mailstore.KoinModuleKt$mailStoreModule$1$14: java.lang.Object invoke(java.lang.Object,java.lang.Object)>
08-28 15:34:21.549 28002 28002 D GAPS    : METHOD=<com.fsck.k9.mailstore.KoinModuleKt$mailStoreModule$1$14: com.fsck.k9.mailstore.MessageListRepository invoke(org.koin.core.scope.Scope,org.koin.core.parameter.ParametersHolder)>
08-28 15:34:21.549 28002 28002 D GAPS    : CLASS=com.fsck.k9.mailstore.MessageListRepository
08-28 15:34:21.549 28002 28002 D GAPS    : METHOD=<com.fsck.k9.mailstore.MessageListRepository: void <init>(com.fsck.k9.mailstore.MessageStoreManager)>
08-28 15:34:21.549 28002 28002 D GAPS    : METHOD=<com.fsck.k9.widget.list.KoinModuleKt$messageListWidgetConfigModule$1$1: java.lang.Object invoke(java.lang.Object,java.lang.Object)>
08-28 15:34:21.549 28002 28002 D GAPS    : METHOD=<com.fsck.k9.widget.list.KoinModuleKt$messageListWidgetConfigModule$1$1: app.k9mail.ui.widget.list.MessageListWidgetConfig invoke(org.koin.core.scope.Scope,org.koin.core.parameter.ParametersHolder)>
08-28 15:34:21.549 28002 28002 D GAPS    : CLASS=com.fsck.k9.widget.list.K9MessageListWidgetConfig
08-28 15:34:21.549 28002 28002 D GAPS    : METHOD=<com.fsck.k9.widget.list.K9MessageListWidgetConfig: void <init>()>
08-28 15:34:21.549 28002 28002 D GAPS    : CLASS=app.k9mail.ui.widget.list.MessageListWidgetManager
08-28 15:34:21.549 28002 28002 D GAPS    : METHOD=<app.k9mail.ui.widget.list.MessageListWidgetManager: void <init>(android.content.Context,com.fsck.k9.mailstore.MessageListRepository,app.k9mail.ui.widget.list.MessageListWidgetConfig)>
08-28 15:34:21.549 28002 28002 D GAPS    : CLASS=app.k9mail.ui.widget.list.MessageListWidgetManager$$ExternalSyntheticLambda0
08-28 15:34:21.549 28002 28002 D GAPS    : METHOD=<app.k9mail.ui.widget.list.MessageListWidgetManager$$ExternalSyntheticLambda0: void <init>(app.k9mail.ui.widget.list.MessageListWidgetManager)>
08-28 15:34:21.549 28002 28002 D GAPS    : METHOD=<app.k9mail.ui.widget.list.MessageListWidgetManager: void init()>
08-28 15:34:21.550 28002 28002 D GAPS    : METHOD=<app.k9mail.ui.widget.list.MessageListWidgetManager: boolean isAtLeastOneMessageListWidgetAdded()>
08-28 15:34:21.550 28002 28002 D GAPS    : METHOD=<app.k9mail.ui.widget.list.MessageListWidgetManager: int[] getAppWidgetIds()>
08-28 15:34:21.550 28002 28002 D GAPS    : METHOD=<com.fsck.k9.widget.list.K9MessageListWidgetConfig: java.lang.Class getProviderClass()>
08-28 15:34:21.550 28002 28002 D GAPS    : METHOD=<com.fsck.k9.App: com.fsck.k9.MessagingListenerProvider getMessagingListenerProvider()>
08-28 15:34:21.550 28002 28002 D GAPS    : METHOD=<com.fsck.k9.App$special$$inlined$inject$default$2: java.lang.Object invoke()>
08-28 15:34:21.550 28002 28002 D GAPS    : METHOD=<com.fsck.k9.DependenciesKt$mainAppModule$1$2: java.lang.Object invoke(java.lang.Object,java.lang.Object)>
08-28 15:34:21.550 28002 28002 D GAPS    : METHOD=<com.fsck.k9.DependenciesKt$mainAppModule$1$2: com.fsck.k9.MessagingListenerProvider invoke(org.koin.core.scope.Scope,org.koin.core.parameter.ParametersHolder)>
08-28 15:34:21.550 28002 28002 D GAPS    : METHOD=<com.fsck.k9.widget.unread.KoinModuleKt$unreadWidgetModule$1$4: java.lang.Object invoke(java.lang.Object,java.lang.Object)>
08-28 15:34:21.550 28002 28002 D GAPS    : METHOD=<com.fsck.k9.widget.unread.KoinModuleKt$unreadWidgetModule$1$4: com.fsck.k9.widget.unread.UnreadWidgetUpdateListener invoke(org.koin.core.scope.Scope,org.koin.core.parameter.ParametersHolder)>
08-28 15:34:21.550 28002 28002 D GAPS    : METHOD=<com.fsck.k9.widget.unread.KoinModuleKt$unreadWidgetModule$1$3: java.lang.Object invoke(java.lang.Object,java.lang.Object)>
08-28 15:34:21.550 28002 28002 D GAPS    : METHOD=<com.fsck.k9.widget.unread.KoinModuleKt$unreadWidgetModule$1$3: com.fsck.k9.widget.unread.UnreadWidgetUpdater invoke(org.koin.core.scope.Scope,org.koin.core.parameter.ParametersHolder)>
08-28 15:34:21.550 28002 28002 D GAPS    : CLASS=com.fsck.k9.widget.unread.UnreadWidgetUpdater
08-28 15:34:21.550 28002 28002 D GAPS    : METHOD=<com.fsck.k9.widget.unread.UnreadWidgetUpdater: void <init>(android.content.Context)>
08-28 15:34:21.550 28002 28002 D GAPS    : CLASS=com.fsck.k9.widget.unread.UnreadWidgetUpdateListener
08-28 15:34:21.550 28002 28002 D GAPS    : METHOD=<com.fsck.k9.widget.unread.UnreadWidgetUpdateListener: void <init>(com.fsck.k9.widget.unread.UnreadWidgetUpdater)>
08-28 15:34:21.550 28002 28002 D GAPS    : CLASS=com.fsck.k9.controller.SimpleMessagingListener
08-28 15:34:21.550 28002 28002 D GAPS    : METHOD=<com.fsck.k9.controller.SimpleMessagingListener: void <init>()>
08-28 15:34:21.550 28002 28002 D GAPS    : CLASS=com.fsck.k9.MessagingListenerProvider
08-28 15:34:21.550 28002 28002 D GAPS    : METHOD=<com.fsck.k9.MessagingListenerProvider: void <init>(java.util.List)>
08-28 15:34:21.550 28002 28002 D GAPS    : METHOD=<com.fsck.k9.MessagingListenerProvider: java.util.List getListeners()>
08-28 15:34:21.550 28002 28002 D GAPS    : METHOD=<com.fsck.k9.App: com.fsck.k9.controller.MessagingController getMessagingController()>
08-28 15:34:21.550 28002 28002 D GAPS    : METHOD=<com.fsck.k9.App$special$$inlined$inject$default$1: java.lang.Object invoke()>
08-28 15:34:21.550 28002 28002 D GAPS    : METHOD=<com.fsck.k9.controller.KoinModuleKt$controllerModule$1$1: java.lang.Object invoke(java.lang.Object,java.lang.Object)>
08-28 15:34:21.550 28002 28002 D GAPS    : METHOD=<com.fsck.k9.controller.KoinModuleKt$controllerModule$1$1: com.fsck.k9.controller.MessagingController invoke(org.koin.core.scope.Scope,org.koin.core.parameter.ParametersHolder)>
08-28 15:34:21.550 28002 28002 D GAPS    : CLASS=com.fsck.k9.controller.MessagingController
08-28 15:34:21.550 28002 28002 D GAPS    : METHOD=<com.fsck.k9.controller.MessagingController: void <clinit>()>
08-28 15:34:21.550 28002 28002 D GAPS    : CLASS=com.fsck.k9.mail.Flag
08-28 15:34:21.550 28002 28002 D GAPS    : METHOD=<com.fsck.k9.mail.Flag: void <clinit>()>
08-28 15:34:21.550 28002 28002 D GAPS    : METHOD=<com.fsck.k9.mail.Flag: void <init>(java.lang.String,int)>
08-28 15:34:21.550 28002 28002 D GAPS    : METHOD=<com.fsck.k9.mail.Flag: com.fsck.k9.mail.Flag[] $values()>
08-28 15:34:21.550 28002 28002 D GAPS    : METHOD=<com.fsck.k9.mail.Flag: com.fsck.k9.mail.Flag[] values()>
08-28 15:34:21.551 28002 28002 D GAPS    : METHOD=<com.fsck.k9.notification.KoinModuleKt$notificationModule$1$3: java.lang.Object invoke(java.lang.Object,java.lang.Object)>
