08-28 15:34:21.536 28002 28002 D GAPS    : METHOD=<kotlinx.coroutines.internal.LimitedDispatcher: boolean addAndTryDispatching(java.lang.Runnable)>
08-28 15:34:21.536 28002 28002 D GAPS    : METHOD=<kotlinx.coroutines.internal.LockFreeTaskQueue: boolean addLast(java.lang.Object)>
08-28 15:34:21.536 28002 28002 D GAPS    : METHOD=<kotlinx.coroutines.internal.LockFreeTaskQueueCore: int addLast(java.lang.Object)>
08-28 15:34:21.536 28002 28002 D GAPS    : METHOD=<kotlinx.coroutines.internal.LockFreeTaskQueueCore$Companion: long updateTail(long,int)>
08-28 15:34:21.536 28002 28002 D GAPS    : METHOD=<kotlinx.coroutines.internal.LockFreeTaskQueueCore$Companion: long wo(long,long)>
08-28 15:34:21.536 28002 28002 D GAPS    : METHOD=<kotlinx.coroutines.internal.LimitedDispatcher: boolean tryAllocateWorker()>
08-28 15:34:21.536 28002 28002 D GAPS    : METHOD=<kotlinx.coroutines.scheduling.UnlimitedIoScheduler: void dispatch(kotlin.coroutines.CoroutineContext,java.lang.Runnable)>
08-28 15:34:21.536 28002 28002 D GAPS    : METHOD=<kotlinx.coroutines.scheduling.SchedulerCoroutineDispatcher: void dispatchWithContext$kotlinx_coroutines_core(java.lang.Runnable,kotlinx.coroutines.scheduling.TaskContext,boolean)>
08-28 15:34:21.536 28002 28002 D GAPS    : METHOD=<kotlinx.coroutines.scheduling.CoroutineScheduler: void dispatch(java.lang.Runnable,kotlinx.coroutines.scheduling.TaskContext,boolean)>
08-28 15:34:21.536 28002 28002 D GAPS    : CLASS=kotlinx.coroutines.AbstractTimeSourceKt
08-28 15:34:21.536 28002 28002 D GAPS    : METHOD=<kotlinx.coroutines.AbstractTimeSourceKt: void <clinit>()>
08-28 15:34:21.536 28002 28002 D GAPS    : METHOD=<kotlinx.coroutines.AbstractTimeSourceKt: kotlinx.coroutines.AbstractTimeSource getTimeSource()>
08-28 15:34:21.536 28002 28002 D GAPS    : METHOD=<kotlinx.coroutines.scheduling.CoroutineScheduler: kotlinx.coroutines.scheduling.Task createTask(java.lang.Runnable,kotlinx.coroutines.scheduling.TaskContext)>
08-28 15:34:21.536 28002 28002 D GAPS    : METHOD=<kotlinx.coroutines.scheduling.NanoTimeSource: long nanoTime()>
08-28 15:34:21.536 28002 28002 D GAPS    : CLASS=kotlinx.coroutines.scheduling.TaskImpl
08-28 15:34:21.536 28002 28002 D GAPS    : METHOD=<kotlinx.coroutines.scheduling.TaskImpl: void <init>(java.lang.Runnable,long,kotlinx.coroutines.scheduling.TaskContext)>
08-28 15:34:21.536 28002 28002 D GAPS    : METHOD=<kotlinx.coroutines.scheduling.CoroutineScheduler: kotlinx.coroutines.scheduling.CoroutineScheduler$Worker currentWorker()>
08-28 15:34:21.536 28002 28002 D GAPS    : METHOD=<kotlinx.coroutines.scheduling.CoroutineScheduler: kotlinx.coroutines.scheduling.Task submitToLocalQueue(kotlinx.coroutines.scheduling.CoroutineScheduler$Worker,kotlinx.coroutines.scheduling.Task,boolean)>
08-28 15:34:21.536 28002 28002 D GAPS    : METHOD=<kotlinx.coroutines.scheduling.CoroutineScheduler: boolean addToGlobalQueue(kotlinx.coroutines.scheduling.Task)>
08-28 15:34:21.536 28002 28002 D GAPS    : METHOD=<kotlinx.coroutines.scheduling.TaskContextImpl: int getTaskMode()>
08-28 15:34:21.536 28002 28002 D GAPS    : METHOD=<kotlinx.coroutines.scheduling.CoroutineScheduler: void signalBlockingWork(boolean)>
08-28 15:34:21.536 28002 28002 D GAPS    : METHOD=<kotlinx.coroutines.scheduling.CoroutineScheduler: boolean tryUnpark()>
08-28 15:34:21.536 28002 28002 D GAPS    : METHOD=<kotlinx.coroutines.scheduling.CoroutineScheduler: kotlinx.coroutines.scheduling.CoroutineScheduler$Worker parkedWorkersStackPop()>
08-28 15:34:21.536 28002 28002 D GAPS    : METHOD=<kotlinx.coroutines.internal.ResizableAtomicArray: java.lang.Object get(int)>
08-28 15:34:21.536 28002 28002 D GAPS    : METHOD=<kotlinx.coroutines.scheduling.CoroutineScheduler: boolean tryCreateWorker(long)>
08-28 15:34:21.536 28002 28002 D GAPS    : METHOD=<kotlinx.coroutines.scheduling.CoroutineScheduler: int createNewWorker()>
08-28 15:34:21.536 28002 28002 D GAPS    : METHOD=<kotlinx.coroutines.scheduling.CoroutineScheduler: boolean isTerminated()>
08-28 15:34:21.536 28002 28002 D GAPS    : CLASS=kotlinx.coroutines.scheduling.CoroutineScheduler$Worker
08-28 15:34:21.536 28002 28002 D GAPS    : METHOD=<kotlinx.coroutines.scheduling.CoroutineScheduler$Worker: void <clinit>()>
08-28 15:34:21.536 28002 28002 D GAPS    : METHOD=<kotlinx.coroutines.scheduling.CoroutineScheduler$Worker: void <init>(kotlinx.coroutines.scheduling.CoroutineScheduler,int)>
08-28 15:34:21.536 28002 28002 D GAPS    : METHOD=<kotlinx.coroutines.scheduling.CoroutineScheduler$Worker: void <init>(kotlinx.coroutines.scheduling.CoroutineScheduler)>
08-28 15:34:21.536 28002 28002 D GAPS    : CLASS=kotlinx.coroutines.scheduling.WorkQueue
08-28 15:34:21.536 28002 28002 D GAPS    : METHOD=<kotlinx.coroutines.scheduling.WorkQueue: void <clinit>()>
08-28 15:34:21.536 28002 28002 D GAPS    : METHOD=<kotlinx.coroutines.scheduling.WorkQueue: void <init>()>
08-28 15:34:21.536 28002 28002 D GAPS    : CLASS=kotlinx.coroutines.scheduling.CoroutineScheduler$WorkerState
08-28 15:34:21.536 28002 28002 D GAPS    : METHOD=<kotlinx.coroutines.scheduling.CoroutineScheduler$WorkerState: void <clinit>()>
08-28 15:34:21.536 28002 28002 D GAPS    : METHOD=<kotlinx.coroutines.scheduling.CoroutineScheduler$WorkerState: void <init>(java.lang.String,int)>
08-28 15:34:21.536 28002 28002 D GAPS    : METHOD=<kotlinx.coroutines.scheduling.CoroutineScheduler$WorkerState: kotlinx.coroutines.scheduling.CoroutineScheduler$WorkerState[] $values()>
08-28 15:34:21.536 28002 28002 D GAPS    : CLASS=kotlin.random.Random
08-28 15:34:21.536 28002 28002 D GAPS    : METHOD=<kotlin.random.Random: void <clinit>()>
08-28 15:34:21.536 28002 28002 D GAPS    : CLASS=kotlin.random.Random$Default
08-28 15:34:21.536 28002 28002 D GAPS    : METHOD=<kotlin.random.Random$Default: void <init>(kotlin.jvm.internal.DefaultConstructorMarker)>
08-28 15:34:21.536 28002 28002 D GAPS    : METHOD=<kotlin.random.Random$Default: void <init>()>
08-28 15:34:21.536 28002 28002 D GAPS    : METHOD=<kotlin.random.Random: void <init>()>
08-28 15:34:21.536 28002 28002 D GAPS    : CLASS=kotlin.internal.PlatformImplementationsKt
08-28 15:34:21.536 28002 28002 D GAPS    : METHOD=<kotlin.internal.PlatformImplementationsKt: void <clinit>()>
08-28 15:34:21.536 28002 28002 D GAPS    : CLASS=kotlin.internal.jdk8.JDK8PlatformImplementations
08-28 15:34:21.536 28002 28002 D GAPS    : METHOD=<kotlin.internal.jdk8.JDK8PlatformImplementations: void <init>()>
08-28 15:34:21.536 28002 28002 D GAPS    : CLASS=kotlin.internal.jdk7.JDK7PlatformImplementations
08-28 15:34:21.536 28002 28002 D GAPS    : METHOD=<kotlin.internal.jdk7.JDK7PlatformImplementations: void <init>()>
08-28 15:34:21.536 28002 28002 D GAPS    : CLASS=kotlin.internal.PlatformImplementations
08-28 15:34:21.536 28002 28002 D GAPS    : METHOD=<kotlin.internal.PlatformImplementations: void <init>()>
08-28 15:34:21.536 28002 28002 D GAPS    : METHOD=<kotlin.internal.jdk8.JDK8PlatformImplementations: kotlin.random.Random defaultPlatformRandom()>
08-28 15:34:21.536 28002 28002 D GAPS    : METHOD=<kotlin.internal.jdk8.JDK8PlatformImplementations: boolean sdkIsNullOrAtLeast(int)>
08-28 15:34:21.536 28002 28002 D GAPS    : CLASS=kotlin.internal.jdk8.JDK8PlatformImplementations$ReflectSdkVersion
08-28 15:34:21.536 28002 28002 D GAPS    : METHOD=<kotlin.internal.jdk8.JDK8PlatformImplementations$ReflectSdkVersion: void <clinit>()>
08-28 15:34:21.536 28002 28002 D GAPS    : METHOD=<kotlin.internal.jdk8.JDK8PlatformImplementations$ReflectSdkVersion: void <init>()>
08-28 15:34:21.536 28002 28002 D GAPS    : METHOD=<kotlin.internal.PlatformImplementations: kotlin.random.Random defaultPlatformRandom()>
08-28 15:34:21.536 28002 28002 D GAPS    : CLASS=kotlin.random.FallbackThreadLocalRandom
08-28 15:34:21.536 28002 28002 D GAPS    : METHOD=<kotlin.random.FallbackThreadLocalRandom: void <init>()>
08-28 15:34:21.536 28002 28002 D GAPS    : CLASS=kotlin.random.AbstractPlatformRandom
08-28 15:34:21.536 28002 28002 D GAPS    : METHOD=<kotlin.random.AbstractPlatformRandom: void <init>()>
08-28 15:34:21.536 28002 28002 D GAPS    : CLASS=kotlin.random.FallbackThreadLocalRandom$implStorage$1
08-28 15:34:21.536 28002 28002 D GAPS    : METHOD=<kotlin.random.FallbackThreadLocalRandom$implStorage$1: void <init>()>
08-28 15:34:21.536 28002 28002 D GAPS    : METHOD=<kotlin.random.Random$Default: int nextInt()>
08-28 15:34:21.536 28002 28002 D GAPS    : METHOD=<kotlin.random.Random: kotlin.random.Random access$getDefaultRandom$cp()>
08-28 15:34:21.536 28002 28002 D GAPS    : METHOD=<kotlin.random.AbstractPlatformRandom: int nextInt()>
08-28 15:34:21.536 28002 28002 D GAPS    : METHOD=<kotlin.random.FallbackThreadLocalRandom: java.util.Random getImpl()>
08-28 15:34:21.536 28002 28002 D GAPS    : METHOD=<kotlin.random.FallbackThreadLocalRandom$implStorage$1: java.lang.Object initialValue()>
08-28 15:34:21.536 28002 28002 D GAPS    : METHOD=<kotlin.random.FallbackThreadLocalRandom$implStorage$1: java.util.Random initialValue()>
08-28 15:34:21.536 28002 28002 D GAPS    : METHOD=<kotlinx.coroutines.scheduling.CoroutineScheduler$Worker: void setIndexInArray(int)>
08-28 15:34:21.536 28002 28002 D GAPS    : METHOD=<kotlinx.coroutines.internal.ResizableAtomicArray: void setSynchronized(int,java.lang.Object)>
08-28 15:34:21.537 28002 28022 D GAPS    : METHOD=<kotlinx.coroutines.scheduling.CoroutineScheduler$Worker: void run()>
08-28 15:34:21.537 28002 28002 D GAPS    : METHOD=<com.fsck.k9.App: void initializeAppLanguage()>
08-28 15:34:21.537 28002 28002 D GAPS    : METHOD=<com.fsck.k9.App: com.fsck.k9.ui.base.AppLanguageManager getAppLanguageManager()>
08-28 15:34:21.537 28002 28002 D GAPS    : METHOD=<com.fsck.k9.App$special$$inlined$inject$default$4: java.lang.Object invoke()>
08-28 15:34:21.537 28002 28023 D GAPS    : METHOD=<kotlinx.coroutines.scheduling.CoroutineScheduler$Worker: void run()>
08-28 15:34:21.537 28002 28002 D GAPS    : METHOD=<org.koin.android.ext.android.AndroidKoinScopeExtKt: org.koin.core.scope.Scope getKoinScope(android.content.ComponentCallbacks)>
08-28 15:34:21.537 28002 28023 D GAPS    : METHOD=<kotlinx.coroutines.scheduling.CoroutineScheduler$Worker: void runWorker()>
08-28 15:34:21.537 28002 28023 D GAPS    : METHOD=<kotlinx.coroutines.scheduling.CoroutineScheduler$Worker: kotlinx.coroutines.scheduling.Task findTask(boolean)>
08-28 15:34:21.537 28002 28023 D GAPS    : METHOD=<kotlinx.coroutines.scheduling.CoroutineScheduler$Worker: boolean tryAcquireCpuPermit()>
08-28 15:34:21.537 28002 28023 D GAPS    : METHOD=<kotlinx.coroutines.scheduling.CoroutineScheduler$Worker: kotlinx.coroutines.scheduling.Task findAnyTask(boolean)>
08-28 15:34:21.537 28002 28023 D GAPS    : METHOD=<kotlinx.coroutines.scheduling.CoroutineScheduler$Worker: kotlinx.coroutines.scheduling.Task pollGlobalQueues()>
08-28 15:34:21.537 28002 28023 D GAPS    : METHOD=<kotlinx.coroutines.scheduling.CoroutineScheduler$Worker: int nextInt(int)>
08-28 15:34:21.537 28002 28023 D GAPS    : METHOD=<kotlinx.coroutines.internal.LockFreeTaskQueue: java.lang.Object removeFirstOrNull()>
08-28 15:34:21.537 28002 28023 D GAPS    : METHOD=<kotlinx.coroutines.internal.LockFreeTaskQueueCore: java.lang.Object removeFirstOrNull()>
08-28 15:34:21.537 28002 28023 D GAPS    : METHOD=<kotlinx.coroutines.internal.LockFreeTaskQueueCore$Companion: long updateHead(long,int)>
08-28 15:34:21.537 28002 28023 D GAPS    : METHOD=<kotlinx.coroutines.scheduling.CoroutineScheduler$Worker: void executeTask(kotlinx.coroutines.scheduling.Task)>
08-28 15:34:21.537 28002 28023 D GAPS    : METHOD=<kotlinx.coroutines.scheduling.CoroutineScheduler$Worker: void idleReset(int)>
08-28 15:34:21.537 28002 28023 D GAPS    : METHOD=<kotlinx.coroutines.scheduling.CoroutineScheduler$Worker: void beforeTask(int)>
08-28 15:34:21.537 28002 28023 D GAPS    : METHOD=<kotlinx.coroutines.scheduling.CoroutineScheduler$Worker: boolean tryReleaseCpu(kotlinx.coroutines.scheduling.CoroutineScheduler$WorkerState)>
08-28 15:34:21.537 28002 28023 D GAPS    : METHOD=<kotlinx.coroutines.scheduling.CoroutineScheduler: void signalCpuWork()>
08-28 15:34:21.537 28002 28023 D GAPS    : METHOD=<kotlinx.coroutines.scheduling.CoroutineScheduler: boolean tryCreateWorker$default(kotlinx.coroutines.scheduling.CoroutineScheduler,long,int,java.lang.Object)>
08-28 15:34:21.537 28002 28023 D GAPS    : METHOD=<kotlinx.coroutines.scheduling.CoroutineScheduler: void runSafely(kotlinx.coroutines.scheduling.Task)>
08-28 15:34:21.537 28002 28002 D GAPS    : METHOD=<com.fsck.k9.ui.base.KoinModuleKt$uiBaseModule$1$2: java.lang.Object invoke(java.lang.Object,java.lang.Object)>
08-28 15:34:21.537 28002 28002 D GAPS    : METHOD=<com.fsck.k9.ui.base.KoinModuleKt$uiBaseModule$1$2: com.fsck.k9.ui.base.AppLanguageManager invoke(org.koin.core.scope.Scope,org.koin.core.parameter.ParametersHolder)>
08-28 15:34:21.537 28002 28002 D GAPS    : METHOD=<com.fsck.k9.ui.base.KoinModuleKt$uiBaseModule$1$3: java.lang.Object invoke(java.lang.Object,java.lang.Object)>
08-28 15:34:21.537 28002 28002 D GAPS    : METHOD=<com.fsck.k9.ui.base.KoinModuleKt$uiBaseModule$1$3: com.fsck.k9.ui.base.locale.SystemLocaleManager invoke(org.koin.core.scope.Scope,org.koin.core.parameter.ParametersHolder)>
08-28 15:34:21.537 28002 28023 D GAPS    : METHOD=<kotlinx.coroutines.scheduling.TaskImpl: void run()>
08-28 15:34:21.537 28002 28023 D GAPS    : METHOD=<kotlinx.coroutines.internal.LimitedDispatcher: void run()>
08-28 15:34:21.537 28002 28024 D GAPS    : METHOD=<kotlinx.coroutines.scheduling.CoroutineScheduler$Worker: kotlinx.coroutines.scheduling.Task trySteal(boolean)>
08-28 15:34:21.537 28002 28024 D GAPS    : METHOD=<kotlinx.coroutines.scheduling.WorkQueue: long tryStealFrom(kotlinx.coroutines.scheduling.WorkQueue)>
08-28 15:34:21.537 28002 28024 D GAPS    : METHOD=<kotlinx.coroutines.scheduling.WorkQueue: kotlinx.coroutines.scheduling.Task pollBuffer()>
08-28 15:34:21.537 28002 28024 D GAPS    : METHOD=<kotlinx.coroutines.scheduling.WorkQueue: long tryStealLastScheduled(kotlinx.coroutines.scheduling.WorkQueue,boolean)>
08-28 15:34:21.537 28002 28024 D GAPS    : METHOD=<kotlinx.coroutines.scheduling.CoroutineScheduler$Worker: void tryPark()>
08-28 15:34:21.537 28002 28024 D GAPS    : METHOD=<kotlinx.coroutines.scheduling.CoroutineScheduler$Worker: boolean inStack()>
08-28 15:34:21.537 28002 28024 D GAPS    : METHOD=<kotlinx.coroutines.scheduling.CoroutineScheduler: boolean parkedWorkersStackPush(kotlinx.coroutines.scheduling.CoroutineScheduler$Worker)>
08-28 15:34:21.537 28002 28024 D GAPS    : METHOD=<kotlinx.coroutines.scheduling.CoroutineScheduler$Worker: java.lang.Object getNextParkedWorker()>
08-28 15:34:21.537 28002 28024 D GAPS    : METHOD=<kotlinx.coroutines.scheduling.CoroutineScheduler$Worker: int getIndexInArray()>
08-28 15:34:21.537 28002 28024 D GAPS    : METHOD=<kotlinx.coroutines.scheduling.CoroutineScheduler$Worker: void setNextParkedWorker(java.lang.Object)>
08-28 15:34:21.537 28002 28002 D GAPS    : CLASS=com.fsck.k9.ui.base.locale.SystemLocaleManager
08-28 15:34:21.537 28002 28024 D GAPS    : METHOD=<kotlinx.coroutines.scheduling.CoroutineScheduler$Worker: void park()>
08-28 15:34:21.537 28002 28002 D GAPS    : METHOD=<com.fsck.k9.ui.base.locale.SystemLocaleManager: void <init>(android.content.Context)>
08-28 15:34:21.537 28002 28023 D GAPS    : METHOD=<kotlinx.coroutines.DispatchedTask: void run()>
08-28 15:34:21.537 28002 28023 D GAPS    : METHOD=<kotlinx.coroutines.internal.DispatchedContinuation: kotlin.coroutines.Continuation getDelegate$kotlinx_coroutines_core()>
08-28 15:34:21.537 28002 28023 D GAPS    : METHOD=<kotlinx.coroutines.internal.ThreadContextKt: java.lang.Object updateThreadContext(kotlin.coroutines.CoroutineContext,java.lang.Object)>
08-28 15:34:21.537 28002 28023 D GAPS    : METHOD=<kotlinx.coroutines.internal.DispatchedContinuation: java.lang.Object takeState$kotlinx_coroutines_core()>
08-28 15:34:21.537 28002 28002 D GAPS    : CLASS=com.fsck.k9.ui.base.AppLanguageManager
08-28 15:34:21.537 28002 28002 D GAPS    : METHOD=<com.fsck.k9.ui.base.AppLanguageManager: void <init>(com.fsck.k9.ui.base.locale.SystemLocaleManager,kotlinx.coroutines.CoroutineScope,int,kotlin.jvm.internal.DefaultConstructorMarker)>
08-28 15:34:21.537 28002 28023 D GAPS    : METHOD=<kotlinx.coroutines.DispatchedTask: java.lang.Throwable getExceptionalResult$kotlinx_coroutines_core(java.lang.Object)>
08-28 15:34:21.537 28002 28002 D GAPS    : METHOD=<com.fsck.k9.ui.base.AppLanguageManager: void <init>(com.fsck.k9.ui.base.locale.SystemLocaleManager,kotlinx.coroutines.CoroutineScope)>
08-28 15:34:21.537 28002 28023 D GAPS    : METHOD=<kotlinx.coroutines.DispatchedTaskKt: boolean isCancellableMode(int)>
08-28 15:34:21.537 28002 28023 D GAPS    : METHOD=<kotlinx.coroutines.JobSupport: kotlin.coroutines.CoroutineContext$Element get(kotlin.coroutines.CoroutineContext$Key)>
08-28 15:34:21.537 28002 28023 D GAPS    : METHOD=<kotlinx.coroutines.Job$DefaultImpls: kotlin.coroutines.CoroutineContext$Element get(kotlinx.coroutines.Job,kotlin.coroutines.CoroutineContext$Key)>
08-28 15:34:21.537 28002 28023 D GAPS    : METHOD=<kotlin.coroutines.CoroutineContext$Element$DefaultImpls: kotlin.coroutines.CoroutineContext$Element get(kotlin.coroutines.CoroutineContext$Element,kotlin.coroutines.CoroutineContext$Key)>
08-28 15:34:21.537 28002 28002 D GAPS    : CLASS=com.fsck.k9.ui.base.AppLanguageManager$$ExternalSyntheticLambda0
08-28 15:34:21.537 28002 28002 D GAPS    : METHOD=<com.fsck.k9.ui.base.AppLanguageManager$$ExternalSyntheticLambda0: void <init>(com.fsck.k9.ui.base.AppLanguageManager)>
08-28 15:34:21.537 28002 28023 D GAPS    : METHOD=<kotlinx.coroutines.AbstractCoroutine: boolean isActive()>
08-28 15:34:21.537 28002 28002 D GAPS    : METHOD=<com.fsck.k9.ui.base.AppLanguageManager: void init()>
08-28 15:34:21.537 28002 28023 D GAPS    : METHOD=<kotlinx.coroutines.JobSupport: boolean isActive()>
08-28 15:34:21.537 28002 28023 D GAPS    : METHOD=<kotlinx.coroutines.JobSupport: java.lang.Object getState$kotlinx_coroutines_core()>
08-28 15:34:21.537 28002 28002 D GAPS    : METHOD=<com.fsck.k9.K9: java.lang.String getK9Language()>
08-28 15:34:21.537 28002 28002 D GAPS    : METHOD=<com.fsck.k9.ui.base.AppLanguageManager: void setLocale(java.lang.String)>
08-28 15:34:21.537 28002 28002 D GAPS    : METHOD=<com.fsck.k9.ui.base.AppLanguageManager: java.util.Locale getOverrideLocaleForLanguage(java.lang.String)>
08-28 15:34:21.537 28002 28002 D GAPS    : METHOD=<com.fsck.k9.ui.base.AppLanguageManager: java.util.Locale getSystemLocale()>
08-28 15:34:21.537 28002 28002 D GAPS    : METHOD=<com.fsck.k9.ui.base.extensions.ConfigurationExtensionsKt: java.util.Locale getCurrentLocale(android.content.res.Configuration)>
08-28 15:34:21.537 28002 28002 D GAPS    : METHOD=<androidx.appcompat.app.AppCompatDelegateImpl$Api24Impl$$ExternalSyntheticApiModelOutline1: android.os.LocaleList m(android.content.res.Configuration)>
08-28 15:34:21.538 28002 28002 D GAPS    : METHOD=<androidx.core.os.LocaleListPlatformWrapper$$ExternalSyntheticApiModelOutline0: java.util.Locale m(android.os.LocaleList,int)>
08-28 15:34:21.538 28002 28002 D GAPS    : METHOD=<com.fsck.k9.ui.base.locale.SystemLocaleManager: void addListener(com.fsck.k9.ui.base.locale.SystemLocaleChangeListener)>
08-28 15:34:21.538 28002 28002 D GAPS    : METHOD=<com.fsck.k9.ui.base.locale.SystemLocaleManager: void enableReceiver()>
08-28 15:34:21.538 28002 28002 D GAPS    : METHOD=<timber.log.Timber$Forest: void v(java.lang.String,java.lang.Object[])>
08-28 15:34:21.538 28002 28023 D GAPS    : METHOD=<kotlinx.coroutines.Empty: boolean isActive()>
08-28 15:34:21.538 28002 28023 D GAPS    : METHOD=<kotlinx.coroutines.DispatchedTask: java.lang.Object getSuccessfulResult$kotlinx_coroutines_core(java.lang.Object)>
08-28 15:34:21.538 28002 28023 D GAPS    : METHOD=<kotlin.coroutines.jvm.internal.BaseContinuationImpl: void resumeWith(java.lang.Object)>
08-28 15:34:21.538 28002 28023 D GAPS    : METHOD=<kotlin.coroutines.jvm.internal.DebugProbesKt: void probeCoroutineResumed(kotlin.coroutines.Continuation)>
08-28 15:34:21.538 28002 28023 D GAPS    : METHOD=<com.fsck.k9.Core$restoreNotifications$1: java.lang.Object invokeSuspend(java.lang.Object)>
08-28 15:34:21.538 28002 28023 D GAPS    : METHOD=<kotlin.coroutines.intrinsics.IntrinsicsKt: java.lang.Object getCOROUTINE_SUSPENDED()>
08-28 15:34:21.538 28002 28023 D GAPS    : METHOD=<kotlin.coroutines.intrinsics.IntrinsicsKt__IntrinsicsKt: java.lang.Object getCOROUTINE_SUSPENDED()>
08-28 15:34:21.538 28002 28023 D GAPS    : CLASS=kotlin.coroutines.intrinsics.CoroutineSingletons
08-28 15:34:21.538 28002 28023 D GAPS    : METHOD=<kotlin.coroutines.intrinsics.CoroutineSingletons: void <clinit>()>
08-28 15:34:21.538 28002 28023 D GAPS    : METHOD=<kotlin.coroutines.intrinsics.CoroutineSingletons: void <init>(java.lang.String,int)>
08-28 15:34:21.538 28002 28023 D GAPS    : METHOD=<kotlin.coroutines.intrinsics.CoroutineSingletons: kotlin.coroutines.intrinsics.CoroutineSingletons[] $values()>
08-28 15:34:21.538 28002 28023 D GAPS    : METHOD=<kotlin.ResultKt: void throwOnFailure(java.lang.Object)>
08-28 15:34:21.538 28002 28023 D GAPS    : METHOD=<com.fsck.k9.Core: com.fsck.k9.Preferences access$getPreferences(com.fsck.k9.Core)>
08-28 15:34:21.538 28002 28023 D GAPS    : METHOD=<com.fsck.k9.Core: com.fsck.k9.Preferences getPreferences()>
08-28 15:34:21.538 28002 28023 D GAPS    : METHOD=<com.fsck.k9.Core$special$$inlined$inject$default$5: java.lang.Object invoke()>
08-28 15:34:21.538 28002 28023 D GAPS    : METHOD=<com.fsck.k9.Core: com.fsck.k9.notification.NotificationController access$getNotificationController(com.fsck.k9.Core)>
08-28 15:34:21.538 28002 28023 D GAPS    : METHOD=<com.fsck.k9.Core: com.fsck.k9.notification.NotificationController getNotificationController()>
08-28 15:34:21.538 28002 28023 D GAPS    : METHOD=<com.fsck.k9.Core$special$$inlined$inject$default$6: java.lang.Object invoke()>
08-28 15:34:21.538 28002 28023 D GAPS    : METHOD=<com.fsck.k9.notification.CoreKoinModuleKt$coreNotificationModule$1$1: java.lang.Object invoke(java.lang.Object,java.lang.Object)>
08-28 15:34:21.538 28002 28023 D GAPS    : METHOD=<com.fsck.k9.notification.CoreKoinModuleKt$coreNotificationModule$1$1: com.fsck.k9.notification.NotificationController invoke(org.koin.core.scope.Scope,org.koin.core.parameter.ParametersHolder)>
08-28 15:34:21.538 28002 28023 D GAPS    : METHOD=<com.fsck.k9.notification.CoreKoinModuleKt$coreNotificationModule$1$6: java.lang.Object invoke(java.lang.Object,java.lang.Object)>
08-28 15:34:21.538 28002 28023 D GAPS    : METHOD=<com.fsck.k9.notification.CoreKoinModuleKt$coreNotificationModule$1$6: com.fsck.k9.notification.CertificateErrorNotificationController invoke(org.koin.core.scope.Scope,org.koin.core.parameter.ParametersHolder)>
08-28 15:34:21.538 28002 28023 D GAPS    : METHOD=<com.fsck.k9.notification.CoreKoinModuleKt$coreNotificationModule$1$3: java.lang.Object invoke(java.lang.Object,java.lang.Object)>
08-28 15:34:21.538 28002 28023 D GAPS    : METHOD=<com.fsck.k9.notification.CoreKoinModuleKt$coreNotificationModule$1$3: com.fsck.k9.notification.NotificationHelper invoke(org.koin.core.scope.Scope,org.koin.core.parameter.ParametersHolder)>
08-28 15:34:21.538 28002 28023 D GAPS    : CLASS=com.fsck.k9.notification.NotificationHelper
08-28 15:34:21.538 28002 28023 D GAPS    : METHOD=<com.fsck.k9.notification.NotificationHelper: void <clinit>()>
08-28 15:34:21.538 28002 28023 D GAPS    : CLASS=com.fsck.k9.notification.NotificationHelper$Companion
08-28 15:34:21.538 28002 28023 D GAPS    : METHOD=<com.fsck.k9.notification.NotificationHelper$Companion: void <init>(kotlin.jvm.internal.DefaultConstructorMarker)>
08-28 15:34:21.538 28002 28023 D GAPS    : METHOD=<com.fsck.k9.notification.NotificationHelper$Companion: void <init>()>
08-28 15:34:21.538 28002 28023 D GAPS    : METHOD=<com.fsck.k9.notification.CoreKoinModuleKt$coreNotificationModule$1$2: java.lang.Object invoke(java.lang.Object,java.lang.Object)>
08-28 15:34:21.538 28002 28023 D GAPS    : METHOD=<com.fsck.k9.notification.CoreKoinModuleKt$coreNotificationModule$1$2: androidx.core.app.NotificationManagerCompat invoke(org.koin.core.scope.Scope,org.koin.core.parameter.ParametersHolder)>
08-28 15:34:21.538 28002 28023 D GAPS    : CLASS=androidx.core.app.NotificationManagerCompat
08-28 15:34:21.538 28002 28023 D GAPS    : METHOD=<androidx.core.app.NotificationManagerCompat: void <clinit>()>
08-28 15:34:21.538 28002 28023 D GAPS    : METHOD=<androidx.core.app.NotificationManagerCompat: androidx.core.app.NotificationManagerCompat 'from'(android.content.Context)>
08-28 15:34:21.538 28002 28023 D GAPS    : METHOD=<androidx.core.app.NotificationManagerCompat: void <init>(android.content.Context)>
08-28 15:34:21.538 28002 28023 D GAPS    : METHOD=<com.fsck.k9.notification.CoreKoinModuleKt$coreNotificationModule$1$4: java.lang.Object invoke(java.lang.Object,java.lang.Object)>
08-28 15:34:21.538 28002 28023 D GAPS    : METHOD=<com.fsck.k9.notification.CoreKoinModuleKt$coreNotificationModule$1$4: com.fsck.k9.notification.NotificationChannelManager invoke(org.koin.core.scope.Scope,org.koin.core.parameter.ParametersHolder)>
08-28 15:34:21.539 28002 28023 D GAPS    : METHOD=<com.fsck.k9.notification.KoinModuleKt$notificationModule$1$2: java.lang.Object invoke(java.lang.Object,java.lang.Object)>
08-28 15:34:21.539 28002 28023 D GAPS    : METHOD=<com.fsck.k9.notification.KoinModuleKt$notificationModule$1$2: com.fsck.k9.notification.NotificationResourceProvider invoke(org.koin.core.scope.Scope,org.koin.core.parameter.ParametersHolder)>
08-28 15:34:21.539 28002 28023 D GAPS    : CLASS=com.fsck.k9.notification.K9NotificationResourceProvider
08-28 15:34:21.539 28002 28023 D GAPS    : METHOD=<com.fsck.k9.notification.K9NotificationResourceProvider: void <init>(android.content.Context)>
08-28 15:34:21.539 28002 28023 D GAPS    : METHOD=<com.fsck.k9.notification.CoreKoinModuleKt$coreNotificationModule$1$21: java.lang.Object invoke(java.lang.Object,java.lang.Object)>
08-28 15:34:21.539 28002 28023 D GAPS    : METHOD=<com.fsck.k9.notification.CoreKoinModuleKt$coreNotificationModule$1$21: com.fsck.k9.notification.NotificationLightDecoder invoke(org.koin.core.scope.Scope,org.koin.core.parameter.ParametersHolder)>
08-28 15:34:21.539 28002 28023 D GAPS    : CLASS=com.fsck.k9.notification.NotificationLightDecoder
08-28 15:34:21.539 28002 28023 D GAPS    : METHOD=<com.fsck.k9.notification.NotificationLightDecoder: void <init>()>
08-28 15:34:21.539 28002 28023 D GAPS    : CLASS=com.fsck.k9.notification.NotificationChannelManager
08-28 15:34:21.539 28002 28023 D GAPS    : METHOD=<com.fsck.k9.notification.NotificationChannelManager: void <init>(com.fsck.k9.Preferences,java.util.concurrent.Executor,android.app.NotificationManager,com.fsck.k9.notification.NotificationResourceProvider,com.fsck.k9.notification.NotificationLightDecoder)>
08-28 15:34:21.539 28002 28023 D GAPS    : CLASS=com.fsck.k9.notification.NotificationChannelManager$$ExternalSyntheticLambda30
08-28 15:34:21.539 28002 28023 D GAPS    : METHOD=<com.fsck.k9.notification.NotificationChannelManager$$ExternalSyntheticLambda30: void <init>(com.fsck.k9.notification.NotificationChannelManager)>
08-28 15:34:21.539 28002 28023 D GAPS    : METHOD=<com.fsck.k9.Preferences: void addOnAccountsChangeListener(com.fsck.k9.AccountsChangeListener)>
08-28 15:34:21.539 28002 28023 D GAPS    : METHOD=<com.fsck.k9.notification.NotificationHelper: void <init>(android.content.Context,androidx.core.app.NotificationManagerCompat,com.fsck.k9.notification.NotificationChannelManager,com.fsck.k9.notification.NotificationResourceProvider)>
08-28 15:34:21.539 28002 28023 D GAPS    : METHOD=<com.fsck.k9.notification.KoinModuleKt$notificationModule$1$1: java.lang.Object invoke(java.lang.Object,java.lang.Object)>
08-28 15:34:21.539 28002 28023 D GAPS    : METHOD=<com.fsck.k9.notification.KoinModuleKt$notificationModule$1$1: com.fsck.k9.notification.NotificationActionCreator invoke(org.koin.core.scope.Scope,org.koin.core.parameter.ParametersHolder)>
08-28 15:34:21.539 28002 28023 D GAPS    : METHOD=<com.fsck.k9.ui.messagelist.KoinModuleKt$messageListUiModule$1$2: java.lang.Object invoke(java.lang.Object,java.lang.Object)>
08-28 15:34:21.539 28002 28023 D GAPS    : METHOD=<com.fsck.k9.ui.messagelist.KoinModuleKt$messageListUiModule$1$2: com.fsck.k9.ui.messagelist.DefaultFolderProvider invoke(org.koin.core.scope.Scope,org.koin.core.parameter.ParametersHolder)>
08-28 15:34:21.540 28002 28023 D GAPS    : CLASS=com.fsck.k9.ui.messagelist.DefaultFolderProvider
08-28 15:34:21.540 28002 28023 D GAPS    : METHOD=<com.fsck.k9.ui.messagelist.DefaultFolderProvider: void <init>()>
08-28 15:34:21.540 28002 28023 D GAPS    : METHOD=<com.fsck.k9.mailstore.KoinModuleKt$mailStoreModule$1$8: java.lang.Object invoke(java.lang.Object,java.lang.Object)>
08-28 15:34:21.540 28002 28023 D GAPS    : METHOD=<com.fsck.k9.mailstore.KoinModuleKt$mailStoreModule$1$8: com.fsck.k9.mailstore.MessageStoreManager invoke(org.koin.core.scope.Scope,org.koin.core.parameter.ParametersHolder)>
08-28 15:34:21.540 28002 28023 D GAPS    : METHOD=<com.fsck.k9.preferences.KoinModuleKt$preferencesModule$1$3: java.lang.Object invoke(java.lang.Object,java.lang.Object)>
08-28 15:34:21.540 28002 28023 D GAPS    : METHOD=<com.fsck.k9.preferences.KoinModuleKt$preferencesModule$1$3: com.fsck.k9.preferences.AccountManager invoke(org.koin.core.scope.Scope,org.koin.core.parameter.ParametersHolder)>
08-28 15:34:21.540 28002 28023 D GAPS    : METHOD=<com.fsck.k9.storage.KoinModuleKt$storageModule$1$2: java.lang.Object invoke(java.lang.Object,java.lang.Object)>
08-28 15:34:21.540 28002 28023 D GAPS    : METHOD=<com.fsck.k9.storage.KoinModuleKt$storageModule$1$2: com.fsck.k9.mailstore.MessageStoreFactory invoke(org.koin.core.scope.Scope,org.koin.core.parameter.ParametersHolder)>
08-28 15:34:21.540 28002 28023 D GAPS    : METHOD=<com.fsck.k9.message.extractors.KoinModuleKt$extractorModule$1$3: java.lang.Object invoke(java.lang.Object,java.lang.Object)>
08-28 15:34:21.540 28002 28023 D GAPS    : METHOD=<com.fsck.k9.message.extractors.KoinModuleKt$extractorModule$1$3: com.fsck.k9.message.extractors.BasicPartInfoExtractor invoke(org.koin.core.scope.Scope,org.koin.core.parameter.ParametersHolder)>
08-28 15:34:21.540 28002 28023 D GAPS    : CLASS=com.fsck.k9.message.extractors.BasicPartInfoExtractor
08-28 15:34:21.540 28002 28023 D GAPS    : METHOD=<com.fsck.k9.message.extractors.BasicPartInfoExtractor: void <init>()>
08-28 15:34:21.540 28002 28023 D GAPS    : CLASS=com.fsck.k9.storage.messages.K9MessageStoreFactory
08-28 15:34:21.540 28002 28023 D GAPS    : METHOD=<com.fsck.k9.storage.messages.K9MessageStoreFactory: void <init>(com.fsck.k9.mailstore.LocalStoreProvider,com.fsck.k9.mailstore.StorageManager,com.fsck.k9.message.extractors.BasicPartInfoExtractor)>
08-28 15:34:21.540 28002 28023 D GAPS    : CLASS=com.fsck.k9.mailstore.MessageStoreManager
08-28 15:34:21.540 28002 28023 D GAPS    : METHOD=<com.fsck.k9.mailstore.MessageStoreManager: void <init>(com.fsck.k9.preferences.AccountManager,com.fsck.k9.mailstore.MessageStoreFactory)>
08-28 15:34:21.540 28002 28023 D GAPS    : CLASS=com.fsck.k9.mailstore.MessageStoreManager$$ExternalSyntheticLambda0
08-28 15:34:21.540 28002 28023 D GAPS    : METHOD=<com.fsck.k9.mailstore.MessageStoreManager$$ExternalSyntheticLambda0: void <init>(com.fsck.k9.mailstore.MessageStoreManager)>
08-28 15:34:21.540 28002 28023 D GAPS    : METHOD=<com.fsck.k9.Preferences: void addAccountRemovedListener(com.fsck.k9.AccountRemovedListener)>
08-28 15:34:21.540 28002 28023 D GAPS    : CLASS=com.fsck.k9.notification.K9NotificationActionCreator
08-28 15:34:21.540 28002 28023 D GAPS    : METHOD=<com.fsck.k9.notification.K9NotificationActionCreator: void <init>(android.content.Context,com.fsck.k9.ui.messagelist.DefaultFolderProvider,com.fsck.k9.mailstore.MessageStoreManager)>
08-28 15:34:21.540 28002 28023 D GAPS    : CLASS=com.fsck.k9.notification.CertificateErrorNotificationController
08-28 15:34:21.540 28002 28023 D GAPS    : METHOD=<com.fsck.k9.notification.CertificateErrorNotificationController: void <init>(com.fsck.k9.notification.NotificationHelper,com.fsck.k9.notification.NotificationActionCreator,com.fsck.k9.notification.NotificationResourceProvider)>
08-28 15:34:21.540 28002 28023 D GAPS    : METHOD=<com.fsck.k9.notification.CoreKoinModuleKt$coreNotificationModule$1$7: java.lang.Object invoke(java.lang.Object,java.lang.Object)>
08-28 15:34:21.540 28002 28023 D GAPS    : METHOD=<com.fsck.k9.notification.CoreKoinModuleKt$coreNotificationModule$1$7: com.fsck.k9.notification.AuthenticationErrorNotificationController invoke(org.koin.core.scope.Scope,org.koin.core.parameter.ParametersHolder)>
08-28 15:34:21.540 28002 28023 D GAPS    : CLASS=com.fsck.k9.notification.AuthenticationErrorNotificationController
08-28 15:34:21.540 28002 28023 D GAPS    : METHOD=<com.fsck.k9.notification.AuthenticationErrorNotificationController: void <init>(com.fsck.k9.notification.NotificationHelper,com.fsck.k9.notification.NotificationActionCreator,com.fsck.k9.notification.NotificationResourceProvider)>
08-28 15:34:21.540 28002 28023 D GAPS    : METHOD=<com.fsck.k9.notification.CoreKoinModuleKt$coreNotificationModule$1$8: java.lang.Object invoke(java.lang.Object,java.lang.Object)>
08-28 15:34:21.540 28002 28023 D GAPS    : METHOD=<com.fsck.k9.notification.CoreKoinModuleKt$coreNotificationModule$1$8: com.fsck.k9.notification.SyncNotificationController invoke(org.koin.core.scope.Scope,org.koin.core.parameter.ParametersHolder)>
08-28 15:34:21.540 28002 28023 D GAPS    : CLASS=com.fsck.k9.notification.SyncNotificationController
08-28 15:34:21.540 28002 28023 D GAPS    : METHOD=<com.fsck.k9.notification.SyncNotificationController: void <init>(com.fsck.k9.notification.NotificationHelper,com.fsck.k9.notification.NotificationActionCreator,com.fsck.k9.notification.NotificationResourceProvider)>
08-28 15:34:21.540 28002 28023 D GAPS    : METHOD=<com.fsck.k9.notification.CoreKoinModuleKt$coreNotificationModule$1$9: java.lang.Object invoke(java.lang.Object,java.lang.Object)>
08-28 15:34:21.540 28002 28023 D GAPS    : METHOD=<com.fsck.k9.notification.CoreKoinModuleKt$coreNotificationModule$1$9: com.fsck.k9.notification.SendFailedNotificationController invoke(org.koin.core.scope.Scope,org.koin.core.parameter.ParametersHolder)>
08-28 15:34:21.541 28002 28023 D GAPS    : CLASS=com.fsck.k9.notification.SendFailedNotificationController
08-28 15:34:21.541 28002 28023 D GAPS    : METHOD=<com.fsck.k9.notification.SendFailedNotificationController: void <init>(com.fsck.k9.notification.NotificationHelper,com.fsck.k9.notification.NotificationActionCreator,com.fsck.k9.notification.NotificationResourceProvider)>
08-28 15:34:21.541 28002 28023 D GAPS    : METHOD=<com.fsck.k9.notification.CoreKoinModuleKt$coreNotificationModule$1$10: java.lang.Object invoke(java.lang.Object,java.lang.Object)>
08-28 15:34:21.541 28002 28023 D GAPS    : METHOD=<com.fsck.k9.notification.CoreKoinModuleKt$coreNotificationModule$1$10: com.fsck.k9.notification.NewMailNotificationController invoke(org.koin.core.scope.Scope,org.koin.core.parameter.ParametersHolder)>
08-28 15:34:21.541 28002 28023 D GAPS    : METHOD=<com.fsck.k9.notification.CoreKoinModuleKt$coreNotificationModule$1$11: java.lang.Object invoke(java.lang.Object,java.lang.Object)>
08-28 15:34:21.541 28002 28023 D GAPS    : METHOD=<com.fsck.k9.notification.CoreKoinModuleKt$coreNotificationModule$1$11: com.fsck.k9.notification.NewMailNotificationManager invoke(org.koin.core.scope.Scope,org.koin.core.parameter.ParametersHolder)>
08-28 15:34:21.541 28002 28023 D GAPS    : METHOD=<com.fsck.k9.notification.CoreKoinModuleKt$coreNotificationModule$1$12: java.lang.Object invoke(java.lang.Object,java.lang.Object)>
08-28 15:34:21.541 28002 28023 D GAPS    : METHOD=<com.fsck.k9.notification.CoreKoinModuleKt$coreNotificationModule$1$12: com.fsck.k9.notification.NotificationContentCreator invoke(org.koin.core.scope.Scope,org.koin.core.parameter.ParametersHolder)>
08-28 15:34:21.541 28002 28023 D GAPS    : METHOD=<app.k9mail.core.android.common.contact.ContactKoinModuleKt$contactModule$1$3: java.lang.Object invoke(java.lang.Object,java.lang.Object)>
08-28 15:34:21.541 28002 28023 D GAPS    : METHOD=<app.k9mail.core.android.common.contact.ContactKoinModuleKt$contactModule$1$3: app.k9mail.core.android.common.contact.ContactRepository invoke(org.koin.core.scope.Scope,org.koin.core.parameter.ParametersHolder)>
08-28 15:34:21.541 28002 28023 D GAPS    : METHOD=<app.k9mail.core.android.common.contact.ContactKoinModuleKt$contactModule$1$1: java.lang.Object invoke(java.lang.Object,java.lang.Object)>
08-28 15:34:21.541 28002 28023 D GAPS    : METHOD=<app.k9mail.core.android.common.contact.ContactKoinModuleKt$contactModule$1$1: app.k9mail.core.common.cache.Cache invoke(org.koin.core.scope.Scope,org.koin.core.parameter.ParametersHolder)>
08-28 15:34:21.541 28002 28023 D GAPS    : CLASS=app.k9mail.core.common.cache.ExpiringCache
08-28 15:34:21.541 28002 28023 D GAPS    : METHOD=<app.k9mail.core.common.cache.ExpiringCache: void <clinit>()>
08-28 15:34:21.541 28002 28023 D GAPS    : CLASS=app.k9mail.core.common.cache.ExpiringCache$Companion
08-28 15:34:21.542 28002 28023 D GAPS    : METHOD=<app.k9mail.core.common.cache.ExpiringCache$Companion: void <init>(kotlin.jvm.internal.DefaultConstructorMarker)>
08-28 15:34:21.542 28002 28023 D GAPS    : METHOD=<app.k9mail.core.common.cache.ExpiringCache$Companion: void <init>()>
08-28 15:34:21.542 28002 28023 D GAPS    : METHOD=<app.k9mail.core.common.CoreCommonModuleKt$coreCommonModule$1$1: java.lang.Object invoke(java.lang.Object,java.lang.Object)>
08-28 15:34:21.542 28002 28023 D GAPS    : METHOD=<app.k9mail.core.common.CoreCommonModuleKt$coreCommonModule$1$1: kotlinx.datetime.Clock invoke(org.koin.core.scope.Scope,org.koin.core.parameter.ParametersHolder)>
08-28 15:34:21.542 28002 28023 D GAPS    : CLASS=kotlinx.datetime.Clock$System
08-28 15:34:21.542 28002 28023 D GAPS    : METHOD=<kotlinx.datetime.Clock$System: void <clinit>()>
08-28 15:34:21.542 28002 28023 D GAPS    : METHOD=<kotlinx.datetime.Clock$System: void <init>()>
08-28 15:34:21.542 28002 28023 D GAPS    : METHOD=<app.k9mail.core.common.cache.ExpiringCache: void <init>(kotlinx.datetime.Clock,app.k9mail.core.common.cache.Cache,kotlinx.datetime.Instant,long,int,kotlin.jvm.internal.DefaultConstructorMarker)>
08-28 15:34:21.542 28002 28023 D GAPS    : CLASS=app.k9mail.core.common.cache.InMemoryCache
08-28 15:34:21.542 28002 28023 D GAPS    : METHOD=<app.k9mail.core.common.cache.InMemoryCache: void <init>(java.util.Map,int,kotlin.jvm.internal.DefaultConstructorMarker)>
08-28 15:34:21.542 28002 28023 D GAPS    : METHOD=<app.k9mail.core.common.cache.InMemoryCache: void <init>(java.util.Map)>
08-28 15:34:21.542 28002 28023 D GAPS    : METHOD=<kotlinx.datetime.Clock$System: kotlinx.datetime.Instant now()>
08-28 15:34:21.542 28002 28023 D GAPS    : CLASS=kotlinx.datetime.Instant
08-28 15:34:21.542 28002 28023 D GAPS    : METHOD=<kotlinx.datetime.Instant: void <clinit>()>
08-28 15:34:21.542 28002 28023 D GAPS    : CLASS=kotlinx.datetime.Instant$Companion
08-28 15:34:21.542 28002 28023 D GAPS    : METHOD=<kotlinx.datetime.Instant$Companion: void <init>(kotlin.jvm.internal.DefaultConstructorMarker)>
08-28 15:34:21.542 28002 28023 D GAPS    : METHOD=<kotlinx.datetime.Instant$Companion: void <init>()>
08-28 15:34:21.543 28002 28023 D GAPS    : CLASS=j$.time.Instant
08-28 15:34:21.543 28002 28023 D GAPS    : METHOD=<j$.time.Instant: void <clinit>()>
08-28 15:34:21.543 28002 28023 D GAPS    : METHOD=<j$.time.Instant: void <init>(long,int)>
08-28 15:34:21.543 28002 28023 D GAPS    : METHOD=<j$.time.Instant: j$.time.Instant ofEpochSecond(long,long)>
08-28 15:34:21.543 28002 28023 D GAPS    : METHOD=<j$.time.a: long g(long,long)>
08-28 15:34:21.543 28002 28023 D GAPS    : METHOD=<j$.time.a: long d(long,long)>
08-28 15:34:21.543 28002 28023 D GAPS    : METHOD=<j$.time.a: long e(long,long)>
08-28 15:34:21.543 28002 28023 D GAPS    : METHOD=<j$.time.Instant: j$.time.Instant D(long,int)>
08-28 15:34:21.543 28002 28023 D GAPS    : METHOD=<kotlinx.datetime.Instant: void <init>(j$.time.Instant)>
08-28 15:34:21.543 28002 28023 D GAPS    : METHOD=<kotlinx.datetime.Instant$Companion: kotlinx.datetime.Instant now()>
08-28 15:34:21.543 28002 28023 D GAPS    : METHOD=<j$.time.Clock: j$.time.Clock systemUTC()>
08-28 15:34:21.543 28002 28023 D GAPS    : CLASS=j$.time.ZoneId
08-28 15:34:21.543 28002 28023 D GAPS    : METHOD=<j$.time.ZoneId: void <clinit>()>
08-28 15:34:21.543 28002 28023 D GAPS    : CLASS=j$.time.A
08-28 15:34:21.543 28002 28023 D GAPS    : METHOD=<j$.time.A: void <clinit>()>
08-28 15:34:21.543 28002 28023 D GAPS    : METHOD=<j$.util.concurrent.ConcurrentHashMap: void <init>(int,int)>
08-28 15:34:21.543 28002 28023 D GAPS    : METHOD=<j$.util.concurrent.ConcurrentHashMap: int n(int)>
08-28 15:34:21.543 28002 28023 D GAPS    : METHOD=<j$.time.A: j$.time.A N(int)>
08-28 15:34:21.543 28002 28023 D GAPS    : METHOD=<j$.time.A: void <init>(int)>
08-28 15:34:21.543 28002 28023 D GAPS    : METHOD=<j$.time.ZoneId: void <init>()>
08-28 15:34:21.543 28002 28023 D GAPS    : METHOD=<j$.util.concurrent.ConcurrentHashMap: java.lang.Object putIfAbsent(java.lang.Object,java.lang.Object)>
08-28 15:34:21.543 28002 28023 D GAPS    : CLASS=j$.time.b
08-28 15:34:21.543 28002 28023 D GAPS    : METHOD=<j$.time.b: void <init>(j$.time.A)>
08-28 15:34:21.543 28002 28023 D GAPS    : CLASS=j$.time.Clock
08-28 15:34:21.543 28002 28023 D GAPS    : METHOD=<j$.time.Clock: void <init>()>
08-28 15:34:21.543 28002 28023 D GAPS    : METHOD=<j$.time.b: j$.time.Instant instant()>
08-28 15:34:21.543 28002 28023 D GAPS    : METHOD=<j$.time.Instant: j$.time.Instant E(long)>
08-28 15:34:21.543 28002 28023 D GAPS    : METHOD=<app.k9mail.core.common.cache.ExpiringCache: void <init>(kotlinx.datetime.Clock,app.k9mail.core.common.cache.Cache,kotlinx.datetime.Instant,long)>
08-28 15:34:21.543 28002 28023 D GAPS    : CLASS=app.k9mail.core.common.cache.SynchronizedCache
08-28 15:34:21.543 28002 28023 D GAPS    : METHOD=<app.k9mail.core.common.cache.SynchronizedCache: void <init>(app.k9mail.core.common.cache.Cache)>
08-28 15:34:21.544 28002 28023 D GAPS    : METHOD=<app.k9mail.core.android.common.contact.ContactKoinModuleKt$contactModule$1$2: java.lang.Object invoke(java.lang.Object,java.lang.Object)>
08-28 15:34:21.544 28002 28023 D GAPS    : METHOD=<app.k9mail.core.android.common.contact.ContactKoinModuleKt$contactModule$1$2: app.k9mail.core.android.common.contact.ContactDataSource invoke(org.koin.core.scope.Scope,org.koin.core.parameter.ParametersHolder)>
08-28 15:34:21.544 28002 28023 D GAPS    : CLASS=app.k9mail.core.android.common.contact.ContentResolverContactDataSource
08-28 15:34:21.544 28002 28023 D GAPS    : METHOD=<app.k9mail.core.android.common.contact.ContentResolverContactDataSource: void <clinit>()>
08-28 15:34:21.544 28002 28023 D GAPS    : CLASS=app.k9mail.core.android.common.contact.ContentResolverContactDataSource$Companion
08-28 15:34:21.544 28002 28023 D GAPS    : METHOD=<app.k9mail.core.android.common.contact.ContentResolverContactDataSource$Companion: void <init>(kotlin.jvm.internal.DefaultConstructorMarker)>
08-28 15:34:21.544 28002 28023 D GAPS    : METHOD=<app.k9mail.core.android.common.contact.ContentResolverContactDataSource$Companion: void <init>()>
08-28 15:34:21.544 28002 28023 D GAPS    : METHOD=<app.k9mail.core.android.common.contact.ContactKoinModuleKt$contactModule$1$4: java.lang.Object invoke(java.lang.Object,java.lang.Object)>
08-28 15:34:21.544 28002 28023 D GAPS    : METHOD=<app.k9mail.core.android.common.contact.ContactKoinModuleKt$contactModule$1$4: app.k9mail.core.android.common.contact.ContactPermissionResolver invoke(org.koin.core.scope.Scope,org.koin.core.parameter.ParametersHolder)>
08-28 15:34:21.544 28002 28023 D GAPS    : CLASS=app.k9mail.core.android.common.contact.AndroidContactPermissionResolver
08-28 15:34:21.544 28002 28023 D GAPS    : METHOD=<app.k9mail.core.android.common.contact.AndroidContactPermissionResolver: void <init>(android.content.Context)>
08-28 15:34:21.544 28002 28023 D GAPS    : METHOD=<app.k9mail.core.android.common.contact.ContentResolverContactDataSource: void <init>(android.content.ContentResolver,app.k9mail.core.android.common.contact.ContactPermissionResolver)>
08-28 15:34:21.544 28002 28002 D GAPS    : CLASS=com.fsck.k9.ui.base.AppLanguageManager$setLocale$1
08-28 15:34:21.544 28002 28023 D GAPS    : CLASS=app.k9mail.core.android.common.contact.CachingContactRepository
08-28 15:34:21.544 28002 28023 D GAPS    : METHOD=<app.k9mail.core.android.common.contact.CachingContactRepository: void <init>(app.k9mail.core.common.cache.Cache,app.k9mail.core.android.common.contact.ContactDataSource)>
08-28 15:34:21.544 28002 28023 D GAPS    : CLASS=com.fsck.k9.notification.NotificationContentCreator
08-28 15:34:21.544 28002 28023 D GAPS    : METHOD=<com.fsck.k9.notification.NotificationContentCreator: void <init>(com.fsck.k9.notification.NotificationResourceProvider,app.k9mail.core.android.common.contact.ContactRepository)>
08-28 15:34:21.544 28002 28002 D GAPS    : METHOD=<com.fsck.k9.ui.base.AppLanguageManager$setLocale$1: void <init>(com.fsck.k9.ui.base.AppLanguageManager,java.util.Locale,java.util.Locale,kotlin.coroutines.Continuation)>
08-28 15:34:21.544 28002 28002 D GAPS    : METHOD=<kotlinx.coroutines.internal.ContextScope: kotlin.coroutines.CoroutineContext getCoroutineContext()>
08-28 15:34:21.544 28002 28023 D GAPS    : METHOD=<com.fsck.k9.notification.CoreKoinModuleKt$coreNotificationModule$1$20: java.lang.Object invoke(java.lang.Object,java.lang.Object)>
08-28 15:34:21.544 28002 28023 D GAPS    : METHOD=<com.fsck.k9.notification.CoreKoinModuleKt$coreNotificationModule$1$20: com.fsck.k9.notification.NotificationRepository invoke(org.koin.core.scope.Scope,org.koin.core.parameter.ParametersHolder)>
08-28 15:34:21.544 28002 28023 D GAPS    : METHOD=<com.fsck.k9.storage.KoinModuleKt$storageModule$1$3: java.lang.Object invoke(java.lang.Object,java.lang.Object)>
08-28 15:34:21.544 28002 28023 D GAPS    : METHOD=<com.fsck.k9.storage.KoinModuleKt$storageModule$1$3: com.fsck.k9.notification.NotificationStoreProvider invoke(org.koin.core.scope.Scope,org.koin.core.parameter.ParametersHolder)>
08-28 15:34:21.544 28002 28002 D GAPS    : METHOD=<com.fsck.k9.ui.base.AppLanguageManager$setLocale$1: kotlin.coroutines.Continuation create(java.lang.Object,kotlin.coroutines.Continuation)>
08-28 15:34:21.544 28002 28002 D GAPS    : METHOD=<kotlinx.coroutines.android.HandlerContext: boolean isDispatchNeeded(kotlin.coroutines.CoroutineContext)>
08-28 15:34:21.544 28002 28002 D GAPS    : METHOD=<kotlinx.coroutines.android.HandlerContext: void dispatch(kotlin.coroutines.CoroutineContext,java.lang.Runnable)>
08-28 15:34:21.544 28002 28023 D GAPS    : CLASS=com.fsck.k9.storage.notifications.K9NotificationStoreProvider
08-28 15:34:21.544 28002 28023 D GAPS    : METHOD=<com.fsck.k9.storage.notifications.K9NotificationStoreProvider: void <init>(com.fsck.k9.mailstore.LocalStoreProvider)>
08-28 15:34:21.544 28002 28002 D GAPS    : METHOD=<com.fsck.k9.App: void applyOverrideLocaleToConfiguration()>
08-28 15:34:21.544 28002 28002 D GAPS    : METHOD=<com.fsck.k9.ui.base.AppLanguageManager: java.util.Locale getOverrideLocale()>
08-28 15:34:21.544 28002 28002 D GAPS    : METHOD=<com.fsck.k9.App: void listenForAppLanguageChanges()>
08-28 15:34:21.544 28002 28002 D GAPS    : METHOD=<com.fsck.k9.ui.base.AppLanguageManager: kotlinx.coroutines.flow.Flow getOverrideLocale()>
08-28 15:34:21.544 28002 28002 D GAPS    : METHOD=<kotlinx.coroutines.flow.FlowKt: kotlinx.coroutines.flow.Flow drop(kotlinx.coroutines.flow.Flow,int)>
08-28 15:34:21.544 28002 28002 D GAPS    : METHOD=<kotlinx.coroutines.flow.FlowKt__LimitKt: kotlinx.coroutines.flow.Flow drop(kotlinx.coroutines.flow.Flow,int)>
08-28 15:34:21.544 28002 28002 D GAPS    : CLASS=kotlinx.coroutines.flow.FlowKt__LimitKt$drop$$inlined$unsafeFlow$1
08-28 15:34:21.544 28002 28002 D GAPS    : METHOD=<kotlinx.coroutines.flow.FlowKt__LimitKt$drop$$inlined$unsafeFlow$1: void <init>(kotlinx.coroutines.flow.Flow,int)>
08-28 15:34:21.544 28002 28002 D GAPS    : CLASS=com.fsck.k9.App$listenForAppLanguageChanges$1
08-28 15:34:21.544 28002 28002 D GAPS    : METHOD=<com.fsck.k9.App$listenForAppLanguageChanges$1: void <init>(com.fsck.k9.App,kotlin.coroutines.Continuation)>
08-28 15:34:21.544 28002 28002 D GAPS    : METHOD=<kotlinx.coroutines.flow.FlowKt: kotlinx.coroutines.flow.Flow onEach(kotlinx.coroutines.flow.Flow,kotlin.jvm.functions.Function2)>
08-28 15:34:21.544 28002 28023 D GAPS    : CLASS=com.fsck.k9.notification.NotificationRepository
08-28 15:34:21.544 28002 28002 D GAPS    : METHOD=<kotlinx.coroutines.flow.FlowKt__TransformKt: kotlinx.coroutines.flow.Flow onEach(kotlinx.coroutines.flow.Flow,kotlin.jvm.functions.Function2)>
08-28 15:34:21.544 28002 28002 D GAPS    : CLASS=kotlinx.coroutines.flow.FlowKt__TransformKt$onEach$$inlined$unsafeTransform$1
08-28 15:34:21.544 28002 28002 D GAPS    : METHOD=<kotlinx.coroutines.flow.FlowKt__TransformKt$onEach$$inlined$unsafeTransform$1: void <init>(kotlinx.coroutines.flow.Flow,kotlin.jvm.functions.Function2)>
08-28 15:34:21.544 28002 28002 D GAPS    : METHOD=<kotlinx.coroutines.flow.FlowKt: kotlinx.coroutines.Job launchIn(kotlinx.coroutines.flow.Flow,kotlinx.coroutines.CoroutineScope)>
08-28 15:34:21.544 28002 28002 D GAPS    : METHOD=<kotlinx.coroutines.flow.FlowKt__CollectKt: kotlinx.coroutines.Job launchIn(kotlinx.coroutines.flow.Flow,kotlinx.coroutines.CoroutineScope)>
08-28 15:34:21.544 28002 28002 D GAPS    : CLASS=kotlinx.coroutines.flow.FlowKt__CollectKt$launchIn$1
08-28 15:34:21.544 28002 28002 D GAPS    : METHOD=<kotlinx.coroutines.flow.FlowKt__CollectKt$launchIn$1: void <init>(kotlinx.coroutines.flow.Flow,kotlin.coroutines.Continuation)>
