--------- beginning of main
08-28 17:08:12.967 26741 26741 D GAPS    : CLASS=net.mandaria.tippytipperlibrary.TippyTipperApplication
08-28 17:08:12.967 26741 26741 D GAPS    : METHOD=<net.mandaria.tippytipperlibrary.TippyTipperApplication: void <init>()>
08-28 17:08:12.967 26741 26741 D GAPS    : CLASS=net.mandaria.tippytipperlibrary.services.TipCalculatorService
08-28 17:08:12.967 26741 26741 D GAPS    : METHOD=<net.mandaria.tippytipperlibrary.services.TipCalculatorService: void <init>()>
08-28 17:08:12.968 26741 26741 D GAPS    : METHOD=<net.mandaria.tippytipperlibrary.TippyTipperApplication: void onCreate()>
08-28 17:08:12.968 26741 26741 D GAPS    : CLASS=net.mandaria.tippytipperlibrary.errors.CustomExceptionHandler
08-28 17:08:12.968 26741 26741 D GAPS    : METHOD=<net.mandaria.tippytipperlibrary.errors.CustomExceptionHandler: void <clinit>()>
08-28 17:08:12.968 26741 26741 D GAPS    : METHOD=<net.mandaria.tippytipperlibrary.errors.CustomExceptionHandler: void <init>(android.content.Context)>
08-28 17:08:12.974 26741 26741 D GAPS    : CLASS=net.mandaria.tippytipperlibrary.activities.TippyTipper
08-28 17:08:12.974 26741 26741 D GAPS    : METHOD=<net.mandaria.tippytipperlibrary.activities.TippyTipper: void <init>()>
08-28 17:08:12.974 26741 26741 D GAPS    : CLASS=com.actionbarsherlock.app.SherlockActivity
08-28 17:08:12.974 26741 26741 D GAPS    : METHOD=<com.actionbarsherlock.app.SherlockActivity: void <init>()>
08-28 17:08:12.978 26741 26741 D GAPS    : ACTIVITY=net.mandaria.tippytipperlibrary.activities.TippyTipper
08-28 17:08:12.978 26741 26741 D GAPS    : METHOD=<net.mandaria.tippytipperlibrary.activities.TippyTipper: void onCreate(android.os.Bundle)>
08-28 17:08:12.978 26741 26741 D GAPS    : METHOD=<com.actionbarsherlock.app.SherlockActivity: void setContentView(int)>
08-28 17:08:12.978 26741 26741 D GAPS    : METHOD=<com.actionbarsherlock.app.SherlockActivity: com.actionbarsherlock.ActionBarSherlock getSherlock()>
08-28 17:08:12.978 26741 26741 D GAPS    : CLASS=com.actionbarsherlock.ActionBarSherlock
08-28 17:08:12.979 26741 26741 D GAPS    : METHOD=<com.actionbarsherlock.ActionBarSherlock: void <clinit>()>
08-28 17:08:12.979 26741 26741 D GAPS    : METHOD=<com.actionbarsherlock.ActionBarSherlock: void registerImplementation(java.lang.Class)>
08-28 17:08:12.980 26741 26741 D GAPS    : METHOD=<com.actionbarsherlock.ActionBarSherlock: com.actionbarsherlock.ActionBarSherlock wrap(android.app.Activity,int)>
08-28 17:08:12.980 26741 26741 D GAPS    : CLASS=com.actionbarsherlock.internal.ActionBarSherlockNative
08-28 17:08:12.980 26741 26741 D GAPS    : METHOD=<com.actionbarsherlock.internal.ActionBarSherlockNative: void <init>(android.app.Activity,int)>
08-28 17:08:12.980 26741 26741 D GAPS    : METHOD=<com.actionbarsherlock.ActionBarSherlock: void <init>(android.app.Activity,int)>
08-28 17:08:12.980 26741 26741 D GAPS    : METHOD=<com.actionbarsherlock.internal.ActionBarSherlockNative: void setContentView(int)>
08-28 17:08:13.009 26741 26741 D GAPS    : METHOD=<com.actionbarsherlock.internal.ActionBarSherlockNative: void initActionBar()>
08-28 17:08:13.010 26741 26741 D GAPS    : CLASS=com.actionbarsherlock.internal.app.ActionBarWrapper
08-28 17:08:13.010 26741 26741 D GAPS    : METHOD=<com.actionbarsherlock.internal.app.ActionBarWrapper: void <init>(android.app.Activity)>
08-28 17:08:13.010 26741 26741 D GAPS    : CLASS=com.actionbarsherlock.app.ActionBar
08-28 17:08:13.010 26741 26741 D GAPS    : METHOD=<com.actionbarsherlock.app.ActionBar: void <init>()>
08-28 17:08:13.010 26741 26741 D GAPS    : METHOD=<net.mandaria.tippytipperlibrary.activities.TippyTipper: void bindData()>
08-28 17:08:13.010 26741 26741 D GAPS    : METHOD=<com.actionbarsherlock.app.SherlockActivity: android.view.View findViewById(int)>
08-28 17:08:13.010 26741 26741 D GAPS    : METHOD=<com.actionbarsherlock.ActionBarSherlock: void ensureActionBar()>
08-28 17:08:13.010 26741 26741 D GAPS    : METHOD=<net.mandaria.tippytipperlibrary.services.TipCalculatorService: java.lang.String getBillAmount()>
08-28 17:08:13.011 26741 26741 D GAPS    : CLASS=net.mandaria.tippytipperlibrary.activities.TippyTipper$1
08-28 17:08:13.011 26741 26741 D GAPS    : METHOD=<net.mandaria.tippytipperlibrary.activities.TippyTipper$1: void <init>(net.mandaria.tippytipperlibrary.activities.TippyTipper)>
08-28 17:08:13.011 26741 26741 D GAPS    : CLASS=net.mandaria.tippytipperlibrary.activities.TippyTipper$2
08-28 17:08:13.011 26741 26741 D GAPS    : METHOD=<net.mandaria.tippytipperlibrary.activities.TippyTipper$2: void <init>(net.mandaria.tippytipperlibrary.activities.TippyTipper)>
08-28 17:08:13.011 26741 26741 D GAPS    : CLASS=net.mandaria.tippytipperlibrary.activities.TippyTipper$3
08-28 17:08:13.011 26741 26741 D GAPS    : METHOD=<net.mandaria.tippytipperlibrary.activities.TippyTipper$3: void <init>(net.mandaria.tippytipperlibrary.activities.TippyTipper)>
08-28 17:08:13.011 26741 26741 D GAPS    : CLASS=net.mandaria.tippytipperlibrary.activities.TippyTipper$4
08-28 17:08:13.011 26741 26741 D GAPS    : METHOD=<net.mandaria.tippytipperlibrary.activities.TippyTipper$4: void <init>(net.mandaria.tippytipperlibrary.activities.TippyTipper)>
08-28 17:08:13.011 26741 26741 D GAPS    : CLASS=net.mandaria.tippytipperlibrary.activities.TippyTipper$5
08-28 17:08:13.011 26741 26741 D GAPS    : METHOD=<net.mandaria.tippytipperlibrary.activities.TippyTipper$5: void <init>(net.mandaria.tippytipperlibrary.activities.TippyTipper)>
08-28 17:08:13.011 26741 26741 D GAPS    : CLASS=net.mandaria.tippytipperlibrary.activities.TippyTipper$6
08-28 17:08:13.011 26741 26741 D GAPS    : METHOD=<net.mandaria.tippytipperlibrary.activities.TippyTipper$6: void <init>(net.mandaria.tippytipperlibrary.activities.TippyTipper)>
08-28 17:08:13.011 26741 26741 D GAPS    : CLASS=net.mandaria.tippytipperlibrary.activities.TippyTipper$7
08-28 17:08:13.011 26741 26741 D GAPS    : METHOD=<net.mandaria.tippytipperlibrary.activities.TippyTipper$7: void <init>(net.mandaria.tippytipperlibrary.activities.TippyTipper)>
08-28 17:08:13.011 26741 26741 D GAPS    : CLASS=net.mandaria.tippytipperlibrary.activities.TippyTipper$8
08-28 17:08:13.011 26741 26741 D GAPS    : METHOD=<net.mandaria.tippytipperlibrary.activities.TippyTipper$8: void <init>(net.mandaria.tippytipperlibrary.activities.TippyTipper)>
08-28 17:08:13.011 26741 26741 D GAPS    : CLASS=net.mandaria.tippytipperlibrary.activities.TippyTipper$9
08-28 17:08:13.011 26741 26741 D GAPS    : METHOD=<net.mandaria.tippytipperlibrary.activities.TippyTipper$9: void <init>(net.mandaria.tippytipperlibrary.activities.TippyTipper)>
08-28 17:08:13.011 26741 26741 D GAPS    : CLASS=net.mandaria.tippytipperlibrary.activities.TippyTipper$10
08-28 17:08:13.011 26741 26741 D GAPS    : METHOD=<net.mandaria.tippytipperlibrary.activities.TippyTipper$10: void <init>(net.mandaria.tippytipperlibrary.activities.TippyTipper)>
08-28 17:08:13.011 26741 26741 D GAPS    : CLASS=net.mandaria.tippytipperlibrary.activities.TippyTipper$11
08-28 17:08:13.011 26741 26741 D GAPS    : METHOD=<net.mandaria.tippytipperlibrary.activities.TippyTipper$11: void <init>(net.mandaria.tippytipperlibrary.activities.TippyTipper)>
08-28 17:08:13.011 26741 26741 D GAPS    : CLASS=net.mandaria.tippytipperlibrary.activities.TippyTipper$12
08-28 17:08:13.011 26741 26741 D GAPS    : METHOD=<net.mandaria.tippytipperlibrary.activities.TippyTipper$12: void <init>(net.mandaria.tippytipperlibrary.activities.TippyTipper)>
08-28 17:08:13.011 26741 26741 D GAPS    : CLASS=net.mandaria.tippytipperlibrary.activities.TippyTipper$13
08-28 17:08:13.011 26741 26741 D GAPS    : METHOD=<net.mandaria.tippytipperlibrary.activities.TippyTipper$13: void <init>(net.mandaria.tippytipperlibrary.activities.TippyTipper)>
08-28 17:08:13.011 26741 26741 D GAPS    : CLASS=net.mandaria.tippytipperlibrary.activities.TippyTipper$14
08-28 17:08:13.011 26741 26741 D GAPS    : METHOD=<net.mandaria.tippytipperlibrary.activities.TippyTipper$14: void <init>(net.mandaria.tippytipperlibrary.activities.TippyTipper)>
08-28 17:08:13.011 26741 26741 D GAPS    : CLASS=net.mandaria.tippytipperlibrary.activities.TippyTipper$15
08-28 17:08:13.011 26741 26741 D GAPS    : METHOD=<net.mandaria.tippytipperlibrary.activities.TippyTipper$15: void <init>(net.mandaria.tippytipperlibrary.activities.TippyTipper)>
08-28 17:08:13.011 26741 26741 D GAPS    : METHOD=<net.mandaria.tippytipperlibrary.activities.TippyTipper: void onStart()>
08-28 17:08:13.011 26741 26741 D GAPS    : METHOD=<net.mandaria.tippytipperlibrary.activities.Settings: boolean getEnableErrorLogging(android.content.Context)>
08-28 17:08:13.012 26741 26741 D GAPS    : CLASS=com.flurry.android.FlurryAgent
08-28 17:08:13.012 26741 26741 D GAPS    : METHOD=<com.flurry.android.FlurryAgent: void <clinit>()>
08-28 17:08:13.012 26741 26741 D GAPS    : METHOD=<com.flurry.android.FlurryAgent: void setContinueSessionMillis(long)>
08-28 17:08:13.012 26741 26741 D GAPS    : CLASS=com.flurry.sdk.eh
08-28 17:08:13.012 26741 26741 D GAPS    : METHOD=<com.flurry.sdk.eh: void <clinit>()>
08-28 17:08:13.012 26741 26741 D GAPS    : METHOD=<com.flurry.sdk.eh: com.flurry.sdk.ei a()>
08-28 17:08:13.012 26741 26741 D GAPS    : CLASS=com.flurry.sdk.ei
08-28 17:08:13.012 26741 26741 D GAPS    : METHOD=<com.flurry.sdk.ei: void <init>()>
08-28 17:08:13.012 26741 26741 D GAPS    : METHOD=<com.flurry.sdk.eh: void b()>
08-28 17:08:13.012 26741 26741 D GAPS    : METHOD=<com.flurry.sdk.ei: void a(java.lang.String,java.lang.Object)>
08-28 17:08:13.012 26741 26741 D GAPS    : METHOD=<com.flurry.sdk.ei: boolean a(java.lang.Object,java.lang.Object)>
08-28 17:08:13.012 26741 26741 D GAPS    : METHOD=<com.flurry.sdk.ei: void b(java.lang.String,java.lang.Object)>
08-28 17:08:13.012 26741 26741 D GAPS    : METHOD=<com.flurry.android.FlurryAgent: void onStartSession(android.content.Context,java.lang.String)>
08-28 17:08:13.012 26741 26741 D GAPS    : METHOD=<com.flurry.sdk.eg: void a(android.content.Context)>
08-28 17:08:13.012 26741 26741 D GAPS    : CLASS=com.flurry.sdk.eg
08-28 17:08:13.012 26741 26741 D GAPS    : METHOD=<com.flurry.sdk.eg: void <init>(android.content.Context)>
08-28 17:08:13.029 26741 26741 D GAPS    : CLASS=com.flurry.sdk.bx
08-28 17:08:13.029 26741 26741 D GAPS    : METHOD=<com.flurry.sdk.bx: void <clinit>()>
08-28 17:08:13.029 26741 26741 D GAPS    : METHOD=<com.flurry.sdk.bx: com.flurry.sdk.bx a()>
08-28 17:08:13.029 26741 26741 D GAPS    : METHOD=<com.flurry.sdk.bx: void <init>()>
08-28 17:08:13.029 26741 26741 D GAPS    : METHOD=<com.flurry.sdk.fe: com.flurry.sdk.fe a()>
08-28 17:08:13.029 26741 26741 D GAPS    : CLASS=com.flurry.sdk.fe
08-28 17:08:13.029 26741 26741 D GAPS    : METHOD=<com.flurry.sdk.fe: void <init>()>
08-28 17:08:13.029 26741 26741 D GAPS    : METHOD=<com.flurry.sdk.fe: void a(com.flurry.sdk.fd)>
08-28 17:08:13.029 26741 26741 D GAPS    : METHOD=<com.flurry.sdk.eq: com.flurry.sdk.eq a()>
08-28 17:08:13.029 26741 26741 D GAPS    : CLASS=com.flurry.sdk.eq
08-28 17:08:13.029 26741 26741 D GAPS    : METHOD=<com.flurry.sdk.eq: void <init>()>
08-28 17:08:13.029 26741 26741 D GAPS    : CLASS=com.flurry.sdk.eq$a
08-28 17:08:13.029 26741 26741 D GAPS    : METHOD=<com.flurry.sdk.eq$a: void <init>(com.flurry.sdk.eq,com.flurry.sdk.eq$1)>
08-28 17:08:13.029 26741 26741 D GAPS    : METHOD=<com.flurry.sdk.eq$a: void <init>(com.flurry.sdk.eq)>
08-28 17:08:13.029 26741 26741 D GAPS    : METHOD=<com.flurry.sdk.eq: void a(java.lang.Thread$UncaughtExceptionHandler)>
08-28 17:08:13.029 26741 26741 D GAPS    : METHOD=<com.flurry.sdk.bx: void p()>
08-28 17:08:13.029 26741 26741 D GAPS    : METHOD=<com.flurry.sdk.ei: java.lang.Object a(java.lang.String)>
08-28 17:08:13.029 26741 26741 D GAPS    : METHOD=<com.flurry.sdk.ei: void a(java.lang.String,com.flurry.sdk.ei$a)>
08-28 17:08:13.029 26741 26741 D GAPS    : CLASS=com.flurry.sdk.ex
08-28 17:08:13.029 26741 26741 D GAPS    : METHOD=<com.flurry.sdk.ex: void <clinit>()>
08-28 17:08:13.029 26741 26741 D GAPS    : METHOD=<com.flurry.sdk.ex: void a(int,java.lang.String,java.lang.String)>
08-28 17:08:13.029 26741 26741 D GAPS    : METHOD=<com.flurry.sdk.ex: void c(int,java.lang.String,java.lang.String)>
08-28 17:08:13.029 26741 26741 D GAPS    : CLASS=com.flurry.sdk.ep
08-28 17:08:13.029 26741 26741 D GAPS    : METHOD=<com.flurry.sdk.ep: void <clinit>()>
08-28 17:08:13.029 26741 26741 D GAPS    : METHOD=<com.flurry.sdk.ep: void a(java.lang.String)>
08-28 17:08:13.029 26741 26741 D GAPS    : METHOD=<com.flurry.sdk.bx: void a(android.content.Context,java.lang.String)>
08-28 17:08:13.029 26741 26741 D GAPS    : METHOD=<com.flurry.sdk.fe: void b()>
08-28 17:08:13.029 26741 26741 D GAPS    : METHOD=<com.flurry.sdk.eg: com.flurry.sdk.eg a()>
08-28 17:08:13.029 26741 26741 D GAPS    : METHOD=<com.flurry.sdk.eg: android.content.Context b()>
08-28 17:08:13.029 26741 26741 D GAPS    : METHOD=<com.flurry.sdk.fe: boolean a(android.content.Context)>
08-28 17:08:13.029 26741 26741 D GAPS    : CLASS=com.flurry.sdk.en
08-28 17:08:13.029 26741 26741 D GAPS    : METHOD=<com.flurry.sdk.en: void <clinit>()>
08-28 17:08:13.029 26741 26741 D GAPS    : METHOD=<com.flurry.sdk.en: com.flurry.sdk.en a()>
08-28 17:08:13.029 26741 26741 D GAPS    : METHOD=<com.flurry.sdk.en: void <init>()>
08-28 17:08:13.030 26741 26741 D GAPS    : CLASS=com.flurry.sdk.en$a
08-28 17:08:13.030 26741 26741 D GAPS    : METHOD=<com.flurry.sdk.en$a: void <init>(com.flurry.sdk.en)>
08-28 17:08:13.030 26741 26741 D GAPS    : METHOD=<com.flurry.sdk.en: void b()>
08-28 17:08:13.030 26741 26741 D GAPS    : METHOD=<com.flurry.sdk.bx: void q()>
08-28 17:08:13.030 26741 26741 D GAPS    : CLASS=com.flurry.sdk.cd
08-28 17:08:13.030 26741 26741 D GAPS    : METHOD=<com.flurry.sdk.cd: void <clinit>()>
08-28 17:08:13.030 26741 26741 D GAPS    : METHOD=<com.flurry.sdk.cd: void <init>()>
08-28 17:08:13.030 26741 26741 D GAPS    : METHOD=<com.flurry.sdk.cd: void <init>(com.flurry.sdk.cf$a)>
08-28 17:08:13.030 26741 26741 D GAPS    : CLASS=com.flurry.sdk.cf
08-28 17:08:13.030 26741 26741 D GAPS    : METHOD=<com.flurry.sdk.cf: void <init>(java.lang.String,java.lang.String)>
08-28 17:08:13.030 26741 26741 D GAPS    : CLASS=com.flurry.sdk.ff
08-28 17:08:13.030 26741 26741 D GAPS    : METHOD=<com.flurry.sdk.ff: void <init>(java.lang.String,int)>
08-28 17:08:13.030 26741 26741 D GAPS    : METHOD=<com.flurry.sdk.cf: void a(java.lang.String)>
08-28 17:08:13.030 26741 26741 D GAPS    : CLASS=com.flurry.sdk.cf$1
08-28 17:08:13.030 26741 26741 D GAPS    : METHOD=<com.flurry.sdk.cf$1: void <init>(com.flurry.sdk.cf,java.lang.String)>
08-28 17:08:13.030 26741 26741 D GAPS    : METHOD=<com.flurry.sdk.ff: java.lang.Thread newThread(java.lang.Runnable)>
08-28 17:08:13.030 26741 26741 D GAPS    : METHOD=<com.flurry.sdk.cd: void b()>
08-28 17:08:13.030 26741 26741 D GAPS    : METHOD=<com.flurry.sdk.cd: void b(java.lang.String)>
08-28 17:08:13.030 26741 26741 D GAPS    : METHOD=<com.flurry.sdk.cf: void a(com.flurry.sdk.cf$a)>
08-28 17:08:13.030 26741 26741 D GAPS    : CLASS=com.flurry.sdk.cf$3
08-28 17:08:13.030 26741 26741 D GAPS    : METHOD=<com.flurry.sdk.cf$3: void <init>(com.flurry.sdk.cf,com.flurry.sdk.cf$a)>
08-28 17:08:13.030 26741 26741 D GAPS    : METHOD=<com.flurry.sdk.en: void c()>
08-28 17:08:13.030 26741 26741 D GAPS    : METHOD=<com.flurry.sdk.en: void h()>
08-28 17:08:13.030 26741 26763 D GAPS    : METHOD=<com.flurry.sdk.cf$1: void run()>
08-28 17:08:13.030 26741 26763 D GAPS    : METHOD=<com.flurry.sdk.cf: void f()>
08-28 17:08:13.030 26741 26763 D GAPS    : CLASS=com.flurry.sdk.ci
08-28 17:08:13.030 26741 26763 D GAPS    : METHOD=<com.flurry.sdk.ci: void <clinit>()>
08-28 17:08:13.030 26741 26763 D GAPS    : METHOD=<com.flurry.sdk.ci: void <init>(java.lang.String)>
08-28 17:08:13.030 26741 26763 D GAPS    : METHOD=<com.flurry.sdk.ci: void a(java.lang.String)>
08-28 17:08:13.030 26741 26763 D GAPS    : METHOD=<com.flurry.sdk.ci: java.util.List e(java.lang.String)>
08-28 17:08:13.030 26741 26741 D GAPS    : CLASS=com.flurry.sdk.cl
08-28 17:08:13.030 26741 26741 D GAPS    : METHOD=<com.flurry.sdk.cl: void <clinit>()>
08-28 17:08:13.030 26741 26741 D GAPS    : METHOD=<com.flurry.sdk.cl: void <init>(android.content.Context,java.lang.String,com.flurry.sdk.cl$a)>
08-28 17:08:13.030 26741 26741 D GAPS    : CLASS=com.flurry.sdk.by
08-28 17:08:13.031 26741 26741 D GAPS    : METHOD=<com.flurry.sdk.by: void <clinit>()>
08-28 17:08:13.031 26741 26741 D GAPS    : METHOD=<com.flurry.sdk.by: void <init>()>
08-28 17:08:13.031 26741 26741 D GAPS    : METHOD=<com.flurry.sdk.by: void <init>(android.content.Context)>
08-28 17:08:13.031 26741 26741 D GAPS    : CLASS=com.flurry.sdk.bz
08-28 17:08:13.031 26741 26741 D GAPS    : METHOD=<com.flurry.sdk.bz: void <clinit>()>
08-28 17:08:13.031 26741 26741 D GAPS    : METHOD=<com.flurry.sdk.bz: void <init>()>
08-28 17:08:13.031 26741 26763 D GAPS    : METHOD=<com.flurry.sdk.cf$3: void run()>
08-28 17:08:13.031 26741 26763 D GAPS    : METHOD=<com.flurry.sdk.cf: void g()>
08-28 17:08:13.031 26741 26763 D GAPS    : METHOD=<com.flurry.sdk.fe: boolean c()>
08-28 17:08:13.031 26741 26763 D GAPS    : METHOD=<com.flurry.sdk.ci: java.util.List a()>
08-28 17:08:13.031 26741 26741 D GAPS    : METHOD=<com.flurry.sdk.cl: void u()>
08-28 17:08:13.031 26741 26741 D GAPS    : CLASS=com.flurry.sdk.fi
08-28 17:08:13.031 26741 26741 D GAPS    : METHOD=<com.flurry.sdk.fi: void <clinit>()>
08-28 17:08:13.031 26741 26741 D GAPS    : CLASS=com.flurry.sdk.cl$2
08-28 17:08:13.031 26741 26741 D GAPS    : METHOD=<com.flurry.sdk.cl$2: void <init>(com.flurry.sdk.cl)>
08-28 17:08:13.031 26741 26741 D GAPS    : METHOD=<com.flurry.sdk.fi: void <init>()>
08-28 17:08:13.031 26741 26741 D GAPS    : METHOD=<com.flurry.sdk.cl: void a(com.flurry.sdk.fi)>
08-28 17:08:13.031 26741 26741 D GAPS    : CLASS=com.flurry.sdk.cn
08-28 17:08:13.031 26741 26741 D GAPS    : METHOD=<com.flurry.sdk.cn: void <init>(com.flurry.sdk.cn$b)>
08-28 17:08:13.031 26741 26764 D GAPS    : METHOD=<com.flurry.sdk.fi: void run()>
08-28 17:08:13.031 26741 26764 D GAPS    : METHOD=<com.flurry.sdk.cl$2: void a()>
08-28 17:08:13.031 26741 26741 D GAPS    : METHOD=<com.flurry.sdk.cl: java.lang.String A()>
08-28 17:08:13.031 26741 26764 D GAPS    : CLASS=com.flurry.sdk.eo
08-28 17:08:13.031 26741 26764 D GAPS    : METHOD=<com.flurry.sdk.eo: void <clinit>()>
08-28 17:08:13.031 26741 26764 D GAPS    : METHOD=<com.flurry.sdk.eo: java.util.Set i()>
08-28 17:08:13.031 26741 26764 D GAPS    : METHOD=<com.flurry.sdk.eo: java.lang.String a()>
08-28 17:08:13.031 26741 26764 D GAPS    : METHOD=<com.flurry.sdk.eo: java.lang.String g()>
08-28 17:08:13.031 26741 26741 D GAPS    : METHOD=<com.flurry.sdk.ep: java.lang.String a()>
08-28 17:08:13.031 26741 26764 D GAPS    : METHOD=<com.flurry.sdk.eo: java.lang.String b()>
08-28 17:08:13.031 26741 26741 D GAPS    : METHOD=<com.flurry.sdk.ep: java.lang.String b()>
08-28 17:08:13.031 26741 26741 D GAPS    : METHOD=<com.flurry.sdk.cl: void r()>
08-28 17:08:13.031 26741 26741 D GAPS    : METHOD=<com.flurry.sdk.bx: java.util.Map b(android.content.Context)>
08-28 17:08:13.031 26741 26741 D GAPS    : METHOD=<com.flurry.sdk.cl: void a(java.util.Map)>
08-28 17:08:13.031 26741 26741 D GAPS    : METHOD=<com.flurry.sdk.cl: void c()>
08-28 17:08:13.031 26741 26741 D GAPS    : METHOD=<com.flurry.sdk.cn: boolean b()>
08-28 17:08:13.031 26741 26741 D GAPS    : METHOD=<com.flurry.sdk.cl: void y()>
08-28 17:08:13.031 26741 26741 D GAPS    : METHOD=<com.flurry.sdk.cl: void s()>
08-28 17:08:13.031 26741 26741 D GAPS    : METHOD=<com.flurry.sdk.ex: void e(java.lang.String,java.lang.String)>
08-28 17:08:13.031 26741 26741 D GAPS    : METHOD=<com.flurry.sdk.ex: void b(int,java.lang.String,java.lang.String)>
08-28 17:08:13.031 26741 26741 D GAPS    : METHOD=<com.flurry.sdk.ex: void d(int,java.lang.String,java.lang.String)>
08-28 17:08:13.032 26741 26741 D GAPS    : CLASS=com.flurry.sdk.cl$1
08-28 17:08:13.032 26741 26741 D GAPS    : METHOD=<com.flurry.sdk.cl$1: void <init>(com.flurry.sdk.cl)>
08-28 17:08:13.032 26741 26741 D GAPS    : METHOD=<com.flurry.sdk.bx: void a(com.flurry.sdk.cl)>
08-28 17:08:13.032 26741 26741 D GAPS    : METHOD=<com.flurry.sdk.ey: com.flurry.sdk.ey a()>
08-28 17:08:13.032 26741 26741 D GAPS    : CLASS=com.flurry.sdk.ey
08-28 17:08:13.032 26741 26741 D GAPS    : METHOD=<com.flurry.sdk.ey: void <init>()>
08-28 17:08:13.032 26741 26741 D GAPS    : METHOD=<com.flurry.sdk.ey: java.util.List b()>
08-28 17:08:13.032 26741 26741 D GAPS    : CLASS=com.flurry.sdk.ez
08-28 17:08:13.032 26741 26741 D GAPS    : METHOD=<com.flurry.sdk.ez: void <init>(java.lang.String,int)>
08-28 17:08:13.032 26741 26741 D GAPS    : METHOD=<com.flurry.sdk.ez: com.flurry.sdk.fc a(java.lang.String,int)>
08-28 17:08:13.032 26741 26741 D GAPS    : METHOD=<com.flurry.sdk.ez: boolean b(java.lang.String,int)>
08-28 17:08:13.032 26741 26741 D GAPS    : CLASS=com.flurry.sdk.fa
08-28 17:08:13.032 26741 26741 D GAPS    : METHOD=<com.flurry.sdk.fa: void <clinit>()>
08-28 17:08:13.032 26741 26741 D GAPS    : METHOD=<com.flurry.sdk.fa: com.flurry.sdk.fc a(java.lang.String)>
08-28 17:08:13.033 26741 26741 D GAPS    : METHOD=<com.flurry.sdk.ex: void a(int,java.lang.String,java.lang.String,java.lang.Throwable)>
08-28 17:08:13.033 26741 26741 D GAPS    : METHOD=<com.flurry.sdk.ex: void c(int,java.lang.String,java.lang.String,java.lang.Throwable)>
08-28 17:08:13.033 26741 26741 D GAPS    : CLASS=com.flurry.sdk.fb
08-28 17:08:13.033 26741 26741 D GAPS    : METHOD=<com.flurry.sdk.fb: void <init>(com.flurry.sdk.fc)>
08-28 17:08:13.033 26741 26741 D GAPS    : METHOD=<com.flurry.sdk.ey: void f(android.content.Context)>
08-28 17:08:13.034 26741 26741 D GAPS    : METHOD=<com.flurry.sdk.fb: void f(android.content.Context)>
08-28 17:08:13.034 26741 26764 D GAPS    : METHOD=<com.flurry.sdk.eo: boolean a(java.lang.String)>
08-28 17:08:13.034 26741 26764 D GAPS    : METHOD=<com.flurry.sdk.eo: boolean c(java.lang.String)>
08-28 17:08:13.034 26741 26764 D GAPS    : METHOD=<com.flurry.sdk.cl: java.lang.String a(com.flurry.sdk.cl,java.lang.String)>
08-28 17:08:13.034 26741 26764 D GAPS    : METHOD=<com.flurry.sdk.cl$1: void a()>
08-28 17:08:13.034 26741 26741 D GAPS    : METHOD=<com.actionbarsherlock.app.SherlockActivity: void onPostCreate(android.os.Bundle)>
08-28 17:08:13.034 26741 26741 D GAPS    : METHOD=<com.actionbarsherlock.ActionBarSherlock: void dispatchPostCreate(android.os.Bundle)>
08-28 17:08:13.034 26741 26741 D GAPS    : METHOD=<com.actionbarsherlock.app.SherlockActivity: void onTitleChanged(java.lang.CharSequence,int)>
08-28 17:08:13.034 26741 26741 D GAPS    : METHOD=<com.actionbarsherlock.ActionBarSherlock: void dispatchTitleChanged(java.lang.CharSequence,int)>
08-28 17:08:13.034 26741 26764 D GAPS    : METHOD=<com.flurry.sdk.cl: boolean a(com.flurry.sdk.cl)>
08-28 17:08:13.034 26741 26764 D GAPS    : METHOD=<com.flurry.sdk.cl: void a(com.flurry.sdk.cl,android.content.Context)>
08-28 17:08:13.034 26741 26764 D GAPS    : METHOD=<com.flurry.sdk.cl: void d(android.content.Context)>
08-28 17:08:13.034 26741 26764 D GAPS    : METHOD=<com.flurry.sdk.cl: void b(com.flurry.sdk.cl,android.content.Context)>
08-28 17:08:13.034 26741 26764 D GAPS    : METHOD=<com.flurry.sdk.cl: void a(android.content.Context)>
08-28 17:08:13.034 26741 26764 D GAPS    : CLASS=com.flurry.sdk.em
08-28 17:08:13.034 26741 26764 D GAPS    : METHOD=<com.flurry.sdk.em: void <clinit>()>
08-28 17:08:13.034 26741 26764 D GAPS    : METHOD=<com.flurry.sdk.em: byte[] a()>
08-28 17:08:13.034 26741 26764 D GAPS    : METHOD=<com.flurry.sdk.cl: void c(android.content.Context)>
08-28 17:08:13.034 26741 26764 D GAPS    : CLASS=com.flurry.sdk.cc
08-28 17:08:13.034 26741 26764 D GAPS    : METHOD=<com.flurry.sdk.cc: void <clinit>()>
08-28 17:08:13.034 26741 26764 D GAPS    : METHOD=<com.flurry.sdk.cl: java.lang.String D()>
08-28 17:08:13.034 26741 26764 D GAPS    : METHOD=<com.flurry.sdk.by: java.util.Map a(boolean)>
08-28 17:08:13.034 26741 26764 D GAPS    : METHOD=<com.flurry.sdk.by: void b()>
08-28 17:08:13.034 26741 26764 D GAPS    : CLASS=com.flurry.sdk.et
08-28 17:08:13.034 26741 26764 D GAPS    : METHOD=<com.flurry.sdk.et: void <clinit>()>
08-28 17:08:13.034 26741 26764 D GAPS    : METHOD=<com.flurry.sdk.et: java.lang.String b(java.io.File)>
08-28 17:08:13.035 26741 26764 D GAPS    : METHOD=<com.flurry.sdk.ex: void a(java.lang.String,java.lang.String)>
08-28 17:08:13.035 26741 26764 D GAPS    : METHOD=<com.flurry.sdk.by: void b(java.lang.String)>
08-28 17:08:13.035 26741 26764 D GAPS    : METHOD=<com.flurry.sdk.bz: java.util.Map a(java.lang.String)>
08-28 17:08:13.035 26741 26764 D GAPS    : METHOD=<com.flurry.sdk.cl: java.util.Map a()>
08-28 17:08:13.035 26741 26764 D GAPS    : METHOD=<com.flurry.sdk.cc: void <init>(java.lang.String,java.lang.String,java.lang.String,boolean,long,long,java.util.List,java.util.Map,java.util.Map,java.util.Map,long)>
08-28 17:08:13.035 26741 26741 D GAPS    : METHOD=<com.actionbarsherlock.app.SherlockActivity: void onPostResume()>
08-28 17:08:13.035 26741 26741 D GAPS    : METHOD=<com.actionbarsherlock.ActionBarSherlock: void dispatchPostResume()>
08-28 17:08:13.035 26741 26764 D GAPS    : CLASS=com.flurry.sdk.er
08-28 17:08:13.035 26741 26764 D GAPS    : METHOD=<com.flurry.sdk.er: void <init>()>
08-28 17:08:13.035 26741 26764 D GAPS    : METHOD=<com.flurry.sdk.er: void engineUpdate(byte)>
08-28 17:08:13.035 26741 26764 D GAPS    : METHOD=<com.flurry.sdk.er: void engineUpdate(byte[],int,int)>
08-28 17:08:13.035 26741 26764 D GAPS    : METHOD=<com.flurry.android.FlurryAgent: int getAgentVersion()>
08-28 17:08:13.035 26741 26764 D GAPS    : METHOD=<com.flurry.sdk.bx: int b()>
08-28 17:08:13.035 26741 26764 D GAPS    : METHOD=<com.flurry.sdk.bx: int m()>
08-28 17:08:13.035 26741 26764 D GAPS    : METHOD=<com.flurry.sdk.er: byte[] a()>
08-28 17:08:13.035 26741 26764 D GAPS    : METHOD=<com.flurry.sdk.er: byte[] engineDigest()>
08-28 17:08:13.035 26741 26764 D GAPS    : CLASS=com.flurry.sdk.fh
08-28 17:08:13.035 26741 26764 D GAPS    : METHOD=<com.flurry.sdk.fh: void <clinit>()>
08-28 17:08:13.035 26741 26764 D GAPS    : METHOD=<com.flurry.sdk.fh: void a(java.io.Closeable)>
08-28 17:08:13.035 26741 26764 D GAPS    : METHOD=<com.flurry.sdk.cc: byte[] a()>
08-28 17:08:13.035 26741 26764 D GAPS    : METHOD=<com.flurry.sdk.cl: void a(byte[])>
08-28 17:08:13.035 26741 26764 D GAPS    : METHOD=<com.flurry.sdk.bx: com.flurry.sdk.cd o()>
08-28 17:08:13.035 26741 26764 D GAPS    : METHOD=<com.flurry.sdk.cf: void b(byte[],java.lang.String,java.lang.String)>
08-28 17:08:13.035 26741 26764 D GAPS    : METHOD=<com.flurry.sdk.cf: void a(byte[],java.lang.String,java.lang.String,com.flurry.sdk.cf$a)>
08-28 17:08:13.035 26741 26764 D GAPS    : METHOD=<com.flurry.sdk.cf: void c(byte[],java.lang.String,java.lang.String)>
08-28 17:08:13.035 26741 26764 D GAPS    : CLASS=com.flurry.sdk.cf$2
08-28 17:08:13.035 26741 26764 D GAPS    : METHOD=<com.flurry.sdk.cf$2: void <init>(com.flurry.sdk.cf,byte[],java.lang.String,java.lang.String)>
08-28 17:08:13.035 26741 26764 D GAPS    : METHOD=<com.flurry.sdk.cl: void x()>
08-28 17:08:13.035 26741 26764 D GAPS    : METHOD=<com.flurry.sdk.et: boolean a(java.io.File)>
08-28 17:08:13.035 26741 26764 D GAPS    : CLASS=com.flurry.sdk.cm
08-28 17:08:13.035 26741 26764 D GAPS    : METHOD=<com.flurry.sdk.cm: void <clinit>()>
08-28 17:08:13.035 26741 26764 D GAPS    : METHOD=<com.flurry.sdk.cm: void <init>()>
08-28 17:08:13.035 26741 26764 D GAPS    : METHOD=<com.flurry.sdk.cm: void a(boolean)>
08-28 17:08:13.035 26741 26764 D GAPS    : METHOD=<com.flurry.sdk.cm: void a(long)>
08-28 17:08:13.035 26741 26764 D GAPS    : METHOD=<com.flurry.sdk.cm: void a(java.util.List)>
08-28 17:08:13.035 26741 26764 D GAPS    : METHOD=<com.flurry.sdk.cm: void a(java.io.DataOutputStream,java.lang.String,java.lang.String)>
08-28 17:08:13.035 26741 26763 D GAPS    : METHOD=<com.flurry.sdk.cf$2: void run()>
08-28 17:08:13.035 26741 26763 D GAPS    : METHOD=<com.flurry.sdk.cf: java.lang.String d(byte[],java.lang.String,java.lang.String)>
08-28 17:08:13.035 26741 26763 D GAPS    : METHOD=<com.flurry.sdk.cf: java.lang.String a(java.lang.String,java.lang.String)>
08-28 17:08:13.035 26741 26763 D GAPS    : CLASS=com.flurry.sdk.cg
08-28 17:08:13.036 26741 26763 D GAPS    : METHOD=<com.flurry.sdk.cg: void <clinit>()>
08-28 17:08:13.036 26741 26763 D GAPS    : METHOD=<com.flurry.sdk.cg: void <init>()>
08-28 17:08:13.036 26741 26763 D GAPS    : METHOD=<com.flurry.sdk.cg: boolean a(byte[])>
08-28 17:08:13.036 26741 26763 D GAPS    : METHOD=<com.flurry.sdk.cg: java.lang.String a()>
08-28 17:08:13.036 26741 26763 D GAPS    : METHOD=<com.flurry.sdk.ci: void a(com.flurry.sdk.cg,java.lang.String)>
08-28 17:08:13.036 26741 26763 D GAPS    : METHOD=<com.flurry.sdk.ci: boolean a(java.lang.String,java.util.List)>
08-28 17:08:13.036 26741 26763 D GAPS    : METHOD=<com.flurry.sdk.ci: void c()>
08-28 17:08:13.036 26741 26763 D GAPS    : METHOD=<com.flurry.sdk.ci: void b()>
08-28 17:08:13.036 26741 26763 D GAPS    : METHOD=<com.flurry.sdk.ci: boolean a(java.io.File)>
08-28 17:08:13.036 26741 26763 D GAPS    : METHOD=<com.flurry.sdk.cf: boolean e()>
08-28 17:08:13.036 26741 26763 D GAPS    : METHOD=<com.flurry.sdk.cf: int c()>
08-28 17:08:13.036 26741 26763 D GAPS    : METHOD=<com.flurry.sdk.ci: java.util.List c(java.lang.String)>
08-28 17:08:13.036 26741 26763 D GAPS    : METHOD=<com.flurry.sdk.cg: void <init>(java.lang.String)>
08-28 17:08:13.036 26741 26763 D GAPS    : METHOD=<com.flurry.sdk.cg: byte[] b()>
08-28 17:08:13.037 26741 26763 D GAPS    : METHOD=<com.flurry.sdk.cd: void a(byte[],java.lang.String,java.lang.String)>
08-28 17:08:13.037 26741 26763 D GAPS    : METHOD=<com.flurry.sdk.cd: java.lang.String a()>
08-28 17:08:13.037 26741 26763 D GAPS    : CLASS=com.flurry.sdk.cd$1
08-28 17:08:13.037 26741 26763 D GAPS    : METHOD=<com.flurry.sdk.cd$1: void <init>(com.flurry.sdk.cd)>
08-28 17:08:13.037 26741 26763 D GAPS    : CLASS=com.flurry.sdk.ce
08-28 17:08:13.037 26741 26763 D GAPS    : METHOD=<com.flurry.sdk.ce: void <clinit>()>
08-28 17:08:13.037 26741 26763 D GAPS    : METHOD=<com.flurry.sdk.ce: void <init>(java.lang.String,java.lang.String,java.lang.String,byte[],com.flurry.sdk.ch)>
08-28 17:08:13.037 26741 26765 D GAPS    : METHOD=<com.flurry.sdk.ce: void a()>
08-28 17:08:13.041 26741 26765 D GAPS    : METHOD=<com.flurry.sdk.ew: org.apache.http.client.HttpClient b(org.apache.http.params.HttpParams)>
08-28 17:08:13.041 26741 26765 D GAPS    : METHOD=<com.flurry.sdk.ew: org.apache.http.conn.scheme.SchemeRegistry a()>
08-28 17:08:13.041 26741 26765 D GAPS    : CLASS=com.flurry.sdk.eu
08-28 17:08:13.041 26741 26765 D GAPS    : METHOD=<com.flurry.sdk.eu: void <init>()>
08-28 17:08:13.096 26741 26741 D GAPS    : METHOD=<com.actionbarsherlock.app.SherlockActivity: boolean onCreateOptionsMenu(android.view.Menu)>
08-28 17:08:13.096 26741 26741 D GAPS    : METHOD=<com.actionbarsherlock.internal.ActionBarSherlockNative: boolean dispatchCreateOptionsMenu(android.view.Menu)>
08-28 17:08:13.096 26741 26741 D GAPS    : CLASS=com.actionbarsherlock.internal.view.menu.MenuWrapper
08-28 17:08:13.096 26741 26741 D GAPS    : METHOD=<com.actionbarsherlock.internal.view.menu.MenuWrapper: void <init>(android.view.Menu)>
08-28 17:08:13.096 26741 26741 D GAPS    : METHOD=<com.actionbarsherlock.ActionBarSherlock: boolean callbackCreateOptionsMenu(com.actionbarsherlock.view.Menu)>
08-28 17:08:13.096 26741 26741 D GAPS    : METHOD=<com.actionbarsherlock.app.SherlockActivity: boolean onCreatePanelMenu(int,com.actionbarsherlock.view.Menu)>
08-28 17:08:13.096 26741 26741 D GAPS    : METHOD=<net.mandaria.tippytipperlibrary.activities.TippyTipper: boolean onCreateOptionsMenu(com.actionbarsherlock.view.Menu)>
08-28 17:08:13.096 26741 26741 D GAPS    : METHOD=<com.actionbarsherlock.app.SherlockActivity: boolean onCreateOptionsMenu(com.actionbarsherlock.view.Menu)>
08-28 17:08:13.096 26741 26741 D GAPS    : METHOD=<com.actionbarsherlock.app.SherlockActivity: com.actionbarsherlock.view.MenuInflater getSupportMenuInflater()>
08-28 17:08:13.096 26741 26741 D GAPS    : METHOD=<com.actionbarsherlock.ActionBarSherlock: com.actionbarsherlock.view.MenuInflater getMenuInflater()>
08-28 17:08:13.096 26741 26741 D GAPS    : METHOD=<com.actionbarsherlock.internal.ActionBarSherlockNative: com.actionbarsherlock.app.ActionBar getActionBar()>
08-28 17:08:13.096 26741 26741 D GAPS    : CLASS=com.actionbarsherlock.view.MenuInflater
08-28 17:08:13.096 26741 26741 D GAPS    : METHOD=<com.actionbarsherlock.view.MenuInflater: void <clinit>()>
08-28 17:08:13.096 26741 26741 D GAPS    : METHOD=<com.actionbarsherlock.internal.ActionBarSherlockNative: android.content.Context getThemedContext()>
08-28 17:08:13.096 26741 26741 D GAPS    : METHOD=<com.actionbarsherlock.view.MenuInflater: void <init>(android.content.Context,java.lang.Object)>
08-28 17:08:13.096 26741 26741 D GAPS    : METHOD=<com.actionbarsherlock.view.MenuInflater: void inflate(int,com.actionbarsherlock.view.Menu)>
08-28 17:08:13.096 26741 26741 D GAPS    : METHOD=<com.actionbarsherlock.view.MenuInflater: void parseMenu(org.xmlpull.v1.XmlPullParser,android.util.AttributeSet,com.actionbarsherlock.view.Menu)>
08-28 17:08:13.096 26741 26741 D GAPS    : CLASS=com.actionbarsherlock.view.MenuInflater$MenuState
08-28 17:08:13.096 26741 26741 D GAPS    : METHOD=<com.actionbarsherlock.view.MenuInflater$MenuState: void <init>(com.actionbarsherlock.view.MenuInflater,com.actionbarsherlock.view.Menu)>
08-28 17:08:13.096 26741 26741 D GAPS    : METHOD=<com.actionbarsherlock.view.MenuInflater$MenuState: void resetGroup()>
08-28 17:08:13.096 26741 26741 D GAPS    : METHOD=<com.actionbarsherlock.view.MenuInflater$MenuState: void readItem(android.util.AttributeSet)>
08-28 17:08:13.096 26741 26741 D GAPS    : METHOD=<com.actionbarsherlock.view.MenuInflater: android.content.Context access$0(com.actionbarsherlock.view.MenuInflater)>
08-28 17:08:13.096 26741 26741 D GAPS    : CLASS=com.actionbarsherlock.R$styleable
08-28 17:08:13.096 26741 26741 D GAPS    : METHOD=<com.actionbarsherlock.R$styleable: void <clinit>()>
08-28 17:08:13.097 26741 26741 D GAPS    : METHOD=<com.actionbarsherlock.view.MenuInflater$MenuState: char getShortcut(java.lang.String)>
08-28 17:08:13.097 26741 26741 D GAPS    : METHOD=<com.actionbarsherlock.view.MenuInflater$MenuState: boolean hasAddedItem()>
08-28 17:08:13.097 26741 26741 D GAPS    : METHOD=<com.actionbarsherlock.view.MenuInflater$MenuState: com.actionbarsherlock.view.ActionProvider access$0(com.actionbarsherlock.view.MenuInflater$MenuState)>
08-28 17:08:13.097 26741 26741 D GAPS    : METHOD=<com.actionbarsherlock.view.MenuInflater$MenuState: void addItem()>
08-28 17:08:13.097 26741 26741 D GAPS    : METHOD=<com.actionbarsherlock.internal.view.menu.MenuWrapper: com.actionbarsherlock.view.MenuItem add(int,int,int,java.lang.CharSequence)>
08-28 17:08:13.097 26741 26741 D GAPS    : METHOD=<com.actionbarsherlock.internal.view.menu.MenuWrapper: com.actionbarsherlock.view.MenuItem addInternal(android.view.MenuItem)>
08-28 17:08:13.097 26741 26741 D GAPS    : CLASS=com.actionbarsherlock.internal.view.menu.MenuItemWrapper
08-28 17:08:13.097 26741 26741 D GAPS    : METHOD=<com.actionbarsherlock.internal.view.menu.MenuItemWrapper: void <init>(android.view.MenuItem)>
08-28 17:08:13.097 26741 26741 D GAPS    : METHOD=<com.actionbarsherlock.view.MenuInflater$MenuState: void setItem(com.actionbarsherlock.view.MenuItem)>
08-28 17:08:13.097 26741 26741 D GAPS    : METHOD=<com.actionbarsherlock.internal.view.menu.MenuItemWrapper: com.actionbarsherlock.view.MenuItem setChecked(boolean)>
08-28 17:08:13.097 26741 26741 D GAPS    : METHOD=<com.actionbarsherlock.internal.view.menu.MenuItemWrapper: com.actionbarsherlock.view.MenuItem setVisible(boolean)>
08-28 17:08:13.097 26741 26741 D GAPS    : METHOD=<com.actionbarsherlock.internal.view.menu.MenuItemWrapper: com.actionbarsherlock.view.MenuItem setEnabled(boolean)>
08-28 17:08:13.097 26741 26741 D GAPS    : METHOD=<com.actionbarsherlock.internal.view.menu.MenuItemWrapper: com.actionbarsherlock.view.MenuItem setCheckable(boolean)>
08-28 17:08:13.097 26741 26741 D GAPS    : METHOD=<com.actionbarsherlock.internal.view.menu.MenuItemWrapper: com.actionbarsherlock.view.MenuItem setTitleCondensed(java.lang.CharSequence)>
08-28 17:08:13.097 26741 26741 D GAPS    : METHOD=<com.actionbarsherlock.internal.view.menu.MenuItemWrapper: com.actionbarsherlock.view.MenuItem setIcon(int)>
08-28 17:08:13.097 26741 26741 D GAPS    : METHOD=<com.actionbarsherlock.internal.view.menu.MenuItemWrapper: com.actionbarsherlock.view.MenuItem setAlphabeticShortcut(char)>
08-28 17:08:13.097 26741 26741 D GAPS    : METHOD=<com.actionbarsherlock.internal.view.menu.MenuItemWrapper: com.actionbarsherlock.view.MenuItem setNumericShortcut(char)>
08-28 17:08:13.097 26741 26741 D GAPS    : METHOD=<com.actionbarsherlock.internal.view.menu.MenuItemWrapper: void setShowAsAction(int)>
08-28 17:08:13.097 26741 26741 D GAPS    : METHOD=<com.flurry.android.FlurryAgent: void onEvent(java.lang.String)>
08-28 17:08:13.097 26741 26741 D GAPS    : METHOD=<com.flurry.sdk.bx: void c(java.lang.String)>
08-28 17:08:13.097 26741 26741 D GAPS    : METHOD=<com.flurry.sdk.bx: com.flurry.sdk.cl h()>
08-28 17:08:13.097 26741 26741 D GAPS    : METHOD=<com.flurry.sdk.cl: void a(java.lang.String,java.util.Map,boolean)>
08-28 17:08:13.097 26741 26741 D GAPS    : METHOD=<com.flurry.sdk.fh: java.lang.String a(java.lang.String)>
08-28 17:08:13.097 26741 26741 D GAPS    : METHOD=<com.flurry.sdk.fh: java.lang.String a(java.lang.String,int)>
08-28 17:08:13.097 26741 26741 D GAPS    : CLASS=com.flurry.sdk.bx$a
08-28 17:08:13.097 26741 26741 D GAPS    : METHOD=<com.flurry.sdk.bx$a: void <init>()>
08-28 17:08:13.097 26741 26741 D GAPS    : METHOD=<com.flurry.sdk.cl: int B()>
08-28 17:08:13.097 26741 26741 D GAPS    : CLASS=com.flurry.sdk.cb
08-28 17:08:13.097 26741 26741 D GAPS    : METHOD=<com.flurry.sdk.cb: void <init>(int,java.lang.String,java.util.Map,long,boolean)>
08-28 17:08:13.097 26741 26741 D GAPS    : METHOD=<com.flurry.sdk.cb: int d()>
08-28 17:08:13.097 26741 26741 D GAPS    : METHOD=<com.flurry.sdk.cb: byte[] e()>
08-28 17:08:13.097 26741 26741 D GAPS    : METHOD=<com.actionbarsherlock.app.SherlockActivity: boolean onPrepareOptionsMenu(android.view.Menu)>
08-28 17:08:13.097 26741 26741 D GAPS    : METHOD=<com.actionbarsherlock.internal.ActionBarSherlockNative: boolean dispatchPrepareOptionsMenu(android.view.Menu)>
08-28 17:08:13.097 26741 26741 D GAPS    : METHOD=<com.actionbarsherlock.ActionBarSherlock: boolean callbackPrepareOptionsMenu(com.actionbarsherlock.view.Menu)>
08-28 17:08:13.097 26741 26741 D GAPS    : METHOD=<com.actionbarsherlock.app.SherlockActivity: boolean onPreparePanel(int,android.view.View,com.actionbarsherlock.view.Menu)>
08-28 17:08:13.097 26741 26741 D GAPS    : METHOD=<com.actionbarsherlock.app.SherlockActivity: boolean onPrepareOptionsMenu(com.actionbarsherlock.view.Menu)>
08-28 17:08:13.347 26741 26765 D GAPS    : METHOD=<com.flurry.sdk.cd$1: void a(java.lang.String,java.lang.String)>
08-28 17:08:13.347 26741 26765 D GAPS    : METHOD=<com.flurry.sdk.cf: void b(java.lang.String,java.lang.String)>
08-28 17:08:13.347 26741 26765 D GAPS    : CLASS=com.flurry.sdk.cf$5
08-28 17:08:13.347 26741 26765 D GAPS    : METHOD=<com.flurry.sdk.cf$5: void <init>(com.flurry.sdk.cf,java.lang.String)>
08-28 17:08:13.347 26741 26763 D GAPS    : METHOD=<com.flurry.sdk.cf$5: void run()>
08-28 17:08:13.491 10941 10941 D GAPS    : METHOD=<com.nloko.android.syncmypix.MainActivity: void onStop()>
08-28 17:08:13.492 10941 10941 D GAPS    : SERVICE=com.nloko.android.syncmypix.facebook.FacebookSyncService
08-28 17:08:13.492 10941 10941 D GAPS    : METHOD=<com.nloko.android.syncmypix.facebook.FacebookSyncService: void onDestroy()>
08-28 17:08:13.492 10941 10941 D GAPS    : METHOD=<com.nloko.android.syncmypix.SyncService: void onDestroy()>
08-28 17:08:13.492 10941 10941 D GAPS    : METHOD=<com.nloko.android.syncmypix.SyncService: void cancelNotification(int)>
08-28 17:08:13.492 10941 10941 D GAPS    : METHOD=<com.nloko.android.syncmypix.SyncService: void cancelNotification(int,int)>
08-28 17:08:13.492 10941 10941 D GAPS    : METHOD=<com.nloko.android.syncmypix.SyncService: void unsetListener()>
08-28 17:08:13.492 10941 10941 D GAPS    : METHOD=<com.nloko.android.syncmypix.SyncWakeLock: void releaseWakeLock()>
