08-28 20:20:56.021 16155 16155 D GAPS    : METHOD=<androidx.work.impl.constraints.trackers.Trackers: void <init>(android.content.Context,androidx.work.impl.utils.taskexecutor.TaskExecutor,androidx.work.impl.constraints.trackers.ConstraintTracker,androidx.work.impl.constraints.trackers.BatteryNotLowTracker,androidx.work.impl.constraints.trackers.ConstraintTracker,androidx.work.impl.constraints.trackers.ConstraintTracker,int,kotlin.jvm.internal.DefaultConstructorMarker)>
08-28 20:20:56.021 16155 16155 D GAPS    : CLASS=androidx.work.impl.constraints.trackers.BatteryChargingTracker
08-28 20:20:56.021 16155 16155 D GAPS    : METHOD=<androidx.work.impl.constraints.trackers.BatteryChargingTracker: void <init>(android.content.Context,androidx.work.impl.utils.taskexecutor.TaskExecutor)>
08-28 20:20:56.021 16155 16155 D GAPS    : CLASS=androidx.work.impl.constraints.trackers.BroadcastReceiverConstraintTracker
08-28 20:20:56.021 16155 16155 D GAPS    : METHOD=<androidx.work.impl.constraints.trackers.BroadcastReceiverConstraintTracker: void <init>(android.content.Context,androidx.work.impl.utils.taskexecutor.TaskExecutor)>
08-28 20:20:56.021 16155 16155 D GAPS    : CLASS=androidx.work.impl.constraints.trackers.ConstraintTracker
08-28 20:20:56.021 16155 16155 D GAPS    : METHOD=<androidx.work.impl.constraints.trackers.ConstraintTracker: void <init>(android.content.Context,androidx.work.impl.utils.taskexecutor.TaskExecutor)>
08-28 20:20:56.021 16155 16155 D GAPS    : CLASS=androidx.work.impl.constraints.trackers.BroadcastReceiverConstraintTracker$broadcastReceiver$1
08-28 20:20:56.021 16155 16155 D GAPS    : METHOD=<androidx.work.impl.constraints.trackers.BroadcastReceiverConstraintTracker$broadcastReceiver$1: void <init>(androidx.work.impl.constraints.trackers.BroadcastReceiverConstraintTracker)>
08-28 20:20:56.021 16155 16155 D GAPS    : CLASS=androidx.work.impl.constraints.trackers.BatteryNotLowTracker
08-28 20:20:56.021 16155 16155 D GAPS    : METHOD=<androidx.work.impl.constraints.trackers.BatteryNotLowTracker: void <init>(android.content.Context,androidx.work.impl.utils.taskexecutor.TaskExecutor)>
08-28 20:20:56.021 16155 16155 D GAPS    : CLASS=androidx.work.impl.constraints.trackers.NetworkStateTrackerKt
08-28 20:20:56.021 16155 16155 D GAPS    : METHOD=<androidx.work.impl.constraints.trackers.NetworkStateTrackerKt: void <clinit>()>
08-28 20:20:56.021 16155 16155 D GAPS    : METHOD=<androidx.work.impl.constraints.trackers.NetworkStateTrackerKt: androidx.work.impl.constraints.trackers.ConstraintTracker NetworkStateTracker(android.content.Context,androidx.work.impl.utils.taskexecutor.TaskExecutor)>
08-28 20:20:56.021 16155 16155 D GAPS    : CLASS=androidx.work.impl.constraints.trackers.NetworkStateTracker24
08-28 20:20:56.021 16155 16155 D GAPS    : METHOD=<androidx.work.impl.constraints.trackers.NetworkStateTracker24: void <init>(android.content.Context,androidx.work.impl.utils.taskexecutor.TaskExecutor)>
08-28 20:20:56.021 16155 16155 D GAPS    : METHOD=<androidx.work.impl.constraints.trackers.ConstraintTracker: android.content.Context getAppContext()>
08-28 20:20:56.021 16155 16155 D GAPS    : CLASS=androidx.work.impl.constraints.trackers.NetworkStateTracker24$networkCallback$1
08-28 20:20:56.021 16155 16155 D GAPS    : METHOD=<androidx.work.impl.constraints.trackers.NetworkStateTracker24$networkCallback$1: void <init>(androidx.work.impl.constraints.trackers.NetworkStateTracker24)>
08-28 20:20:56.021 16155 16155 D GAPS    : CLASS=androidx.work.impl.constraints.trackers.StorageNotLowTracker
08-28 20:20:56.021 16155 16155 D GAPS    : METHOD=<androidx.work.impl.constraints.trackers.StorageNotLowTracker: void <init>(android.content.Context,androidx.work.impl.utils.taskexecutor.TaskExecutor)>
08-28 20:20:56.021 16155 16155 D GAPS    : METHOD=<androidx.work.impl.constraints.trackers.Trackers: void <init>(android.content.Context,androidx.work.impl.utils.taskexecutor.TaskExecutor,androidx.work.impl.constraints.trackers.ConstraintTracker,androidx.work.impl.constraints.trackers.BatteryNotLowTracker,androidx.work.impl.constraints.trackers.ConstraintTracker,androidx.work.impl.constraints.trackers.ConstraintTracker)>
08-28 20:20:56.021 16155 16155 D GAPS    : METHOD=<androidx.work.impl.WorkManagerImpl: java.util.List createSchedulers(android.content.Context,androidx.work.Configuration,androidx.work.impl.constraints.trackers.Trackers)>
08-28 20:20:56.021 16155 16155 D GAPS    : CLASS=androidx.work.impl.Schedulers
08-28 20:20:56.021 16155 16155 D GAPS    : METHOD=<androidx.work.impl.Schedulers: void <clinit>()>
08-28 20:20:56.021 16155 16155 D GAPS    : METHOD=<androidx.work.impl.Schedulers: androidx.work.impl.Scheduler createBestAvailableBackgroundScheduler(android.content.Context,androidx.work.impl.WorkManagerImpl)>
08-28 20:20:56.021 16155 16155 D GAPS    : CLASS=androidx.work.impl.background.systemjob.SystemJobScheduler
08-28 20:20:56.021 16155 16155 D GAPS    : METHOD=<androidx.work.impl.background.systemjob.SystemJobScheduler: void <clinit>()>
08-28 20:20:56.021 16155 16155 D GAPS    : METHOD=<androidx.work.impl.background.systemjob.SystemJobScheduler: void <init>(android.content.Context,androidx.work.impl.WorkManagerImpl)>
08-28 20:20:56.021 16155 16155 D GAPS    : CLASS=androidx.work.impl.background.systemjob.SystemJobInfoConverter
08-28 20:20:56.021 16155 16155 D GAPS    : METHOD=<androidx.work.impl.background.systemjob.SystemJobInfoConverter: void <clinit>()>
08-28 20:20:56.021 16155 16155 D GAPS    : METHOD=<androidx.work.impl.background.systemjob.SystemJobInfoConverter: void <init>(android.content.Context)>
08-28 20:20:56.021 16155 16155 D GAPS    : METHOD=<androidx.work.impl.background.systemjob.SystemJobScheduler: void <init>(android.content.Context,androidx.work.impl.WorkManagerImpl,android.app.job.JobScheduler,androidx.work.impl.background.systemjob.SystemJobInfoConverter)>
08-28 20:20:56.022 16155 16155 D GAPS    : CLASS=androidx.work.impl.utils.PackageManagerHelper
08-28 20:20:56.022 16155 16155 D GAPS    : METHOD=<androidx.work.impl.utils.PackageManagerHelper: void <clinit>()>
08-28 20:20:56.022 16155 16155 D GAPS    : METHOD=<androidx.work.impl.utils.PackageManagerHelper: void setComponentEnabled(android.content.Context,java.lang.Class,boolean)>
08-28 20:20:56.022 16155 16155 D GAPS    : CLASS=androidx.work.impl.background.greedy.GreedyScheduler
08-28 20:20:56.022 16155 16155 D GAPS    : METHOD=<androidx.work.impl.background.greedy.GreedyScheduler: void <clinit>()>
08-28 20:20:56.022 16155 16155 D GAPS    : METHOD=<androidx.work.impl.background.greedy.GreedyScheduler: void <init>(android.content.Context,androidx.work.Configuration,androidx.work.impl.constraints.trackers.Trackers,androidx.work.impl.WorkManagerImpl)>
08-28 20:20:56.022 16155 16155 D GAPS    : CLASS=androidx.work.impl.StartStopTokens
08-28 20:20:56.022 16155 16155 D GAPS    : METHOD=<androidx.work.impl.StartStopTokens: void <init>()>
08-28 20:20:56.022 16155 16155 D GAPS    : CLASS=androidx.work.impl.constraints.WorkConstraintsTrackerImpl
08-28 20:20:56.022 16155 16155 D GAPS    : METHOD=<androidx.work.impl.constraints.WorkConstraintsTrackerImpl: void <init>(androidx.work.impl.constraints.trackers.Trackers,androidx.work.impl.constraints.WorkConstraintsCallback)>
08-28 20:20:56.022 16155 16155 D GAPS    : METHOD=<androidx.work.impl.constraints.trackers.Trackers: androidx.work.impl.constraints.trackers.ConstraintTracker getBatteryChargingTracker()>
08-28 20:20:56.022 16155 16155 D GAPS    : CLASS=androidx.work.impl.constraints.controllers.BatteryChargingController
08-28 20:20:56.022 16155 16155 D GAPS    : METHOD=<androidx.work.impl.constraints.controllers.BatteryChargingController: void <init>(androidx.work.impl.constraints.trackers.ConstraintTracker)>
08-28 20:20:56.022 16155 16155 D GAPS    : CLASS=androidx.work.impl.constraints.controllers.ConstraintController
08-28 20:20:56.022 16155 16155 D GAPS    : METHOD=<androidx.work.impl.constraints.controllers.ConstraintController: void <init>(androidx.work.impl.constraints.trackers.ConstraintTracker)>
08-28 20:20:56.022 16155 16155 D GAPS    : METHOD=<androidx.work.impl.constraints.trackers.Trackers: androidx.work.impl.constraints.trackers.BatteryNotLowTracker getBatteryNotLowTracker()>
08-28 20:20:56.022 16155 16155 D GAPS    : CLASS=androidx.work.impl.constraints.controllers.BatteryNotLowController
08-28 20:20:56.022 16155 16155 D GAPS    : METHOD=<androidx.work.impl.constraints.controllers.BatteryNotLowController: void <init>(androidx.work.impl.constraints.trackers.BatteryNotLowTracker)>
08-28 20:20:56.022 16155 16155 D GAPS    : METHOD=<androidx.work.impl.constraints.trackers.Trackers: androidx.work.impl.constraints.trackers.ConstraintTracker getStorageNotLowTracker()>
08-28 20:20:56.022 16155 16155 D GAPS    : CLASS=androidx.work.impl.constraints.controllers.StorageNotLowController
08-28 20:20:56.022 16155 16155 D GAPS    : METHOD=<androidx.work.impl.constraints.controllers.StorageNotLowController: void <init>(androidx.work.impl.constraints.trackers.ConstraintTracker)>
08-28 20:20:56.022 16155 16155 D GAPS    : METHOD=<androidx.work.impl.constraints.trackers.Trackers: androidx.work.impl.constraints.trackers.ConstraintTracker getNetworkStateTracker()>
08-28 20:20:56.022 16155 16155 D GAPS    : CLASS=androidx.work.impl.constraints.controllers.NetworkConnectedController
08-28 20:20:56.022 16155 16155 D GAPS    : METHOD=<androidx.work.impl.constraints.controllers.NetworkConnectedController: void <init>(androidx.work.impl.constraints.trackers.ConstraintTracker)>
08-28 20:20:56.022 16155 16155 D GAPS    : CLASS=androidx.work.impl.constraints.controllers.NetworkUnmeteredController
08-28 20:20:56.022 16155 16155 D GAPS    : METHOD=<androidx.work.impl.constraints.controllers.NetworkUnmeteredController: void <init>(androidx.work.impl.constraints.trackers.ConstraintTracker)>
08-28 20:20:56.022 16155 16155 D GAPS    : CLASS=androidx.work.impl.constraints.controllers.NetworkNotRoamingController
08-28 20:20:56.022 16155 16155 D GAPS    : METHOD=<androidx.work.impl.constraints.controllers.NetworkNotRoamingController: void <clinit>()>
08-28 20:20:56.022 16155 16155 D GAPS    : CLASS=androidx.work.impl.constraints.controllers.NetworkNotRoamingController$Companion
08-28 20:20:56.022 16155 16155 D GAPS    : METHOD=<androidx.work.impl.constraints.controllers.NetworkNotRoamingController$Companion: void <init>(kotlin.jvm.internal.DefaultConstructorMarker)>
08-28 20:20:56.022 16155 16155 D GAPS    : METHOD=<androidx.work.impl.constraints.controllers.NetworkNotRoamingController$Companion: void <init>()>
08-28 20:20:56.022 16155 16155 D GAPS    : METHOD=<androidx.work.impl.constraints.controllers.NetworkNotRoamingController: void <init>(androidx.work.impl.constraints.trackers.ConstraintTracker)>
08-28 20:20:56.022 16155 16155 D GAPS    : CLASS=androidx.work.impl.constraints.controllers.NetworkMeteredController
08-28 20:20:56.022 16155 16155 D GAPS    : METHOD=<androidx.work.impl.constraints.controllers.NetworkMeteredController: void <clinit>()>
08-28 20:20:56.022 16155 16155 D GAPS    : CLASS=androidx.work.impl.constraints.controllers.NetworkMeteredController$Companion
08-28 20:20:56.022 16155 16155 D GAPS    : METHOD=<androidx.work.impl.constraints.controllers.NetworkMeteredController$Companion: void <init>(kotlin.jvm.internal.DefaultConstructorMarker)>
08-28 20:20:56.022 16155 16155 D GAPS    : METHOD=<androidx.work.impl.constraints.controllers.NetworkMeteredController$Companion: void <init>()>
08-28 20:20:56.022 16155 16155 D GAPS    : METHOD=<androidx.work.impl.constraints.controllers.NetworkMeteredController: void <init>(androidx.work.impl.constraints.trackers.ConstraintTracker)>
08-28 20:20:56.022 16155 16155 D GAPS    : METHOD=<androidx.work.impl.constraints.WorkConstraintsTrackerImpl: void <init>(androidx.work.impl.constraints.WorkConstraintsCallback,androidx.work.impl.constraints.controllers.ConstraintController[])>
08-28 20:20:56.022 16155 16155 D GAPS    : CLASS=androidx.work.impl.background.greedy.DelayedWorkTracker
08-28 20:20:56.022 16155 16155 D GAPS    : METHOD=<androidx.work.impl.background.greedy.DelayedWorkTracker: void <clinit>()>
08-28 20:20:56.022 16155 16155 D GAPS    : METHOD=<androidx.work.Configuration: androidx.work.RunnableScheduler getRunnableScheduler()>
08-28 20:20:56.022 16155 16155 D GAPS    : METHOD=<androidx.work.impl.background.greedy.DelayedWorkTracker: void <init>(androidx.work.impl.background.greedy.GreedyScheduler,androidx.work.RunnableScheduler)>
08-28 20:20:56.022 16155 16155 D GAPS    : CLASS=androidx.work.impl.Processor
08-28 20:20:56.022 16155 16155 D GAPS    : METHOD=<androidx.work.impl.Processor: void <clinit>()>
08-28 20:20:56.022 16155 16155 D GAPS    : METHOD=<androidx.work.impl.Processor: void <init>(android.content.Context,androidx.work.Configuration,androidx.work.impl.utils.taskexecutor.TaskExecutor,androidx.work.impl.WorkDatabase,java.util.List)>
08-28 20:20:56.022 16155 16155 D GAPS    : METHOD=<androidx.work.impl.WorkManagerImpl: void internalInit(android.content.Context,androidx.work.Configuration,androidx.work.impl.utils.taskexecutor.TaskExecutor,androidx.work.impl.WorkDatabase,java.util.List,androidx.work.impl.Processor)>
08-28 20:20:56.022 16155 16155 D GAPS    : CLASS=androidx.work.impl.utils.PreferenceUtils
08-28 20:20:56.022 16155 16155 D GAPS    : METHOD=<androidx.work.impl.utils.PreferenceUtils: void <init>(androidx.work.impl.WorkDatabase)>
08-28 20:20:56.022 16155 16155 D GAPS    : METHOD=<androidx.work.impl.WorkManagerImpl$Api24Impl: boolean isDeviceProtectedStorage(android.content.Context)>
08-28 20:20:56.022 16155 16155 D GAPS    : METHOD=<androidx.work.impl.WorkManagerImpl$Api24Impl$$ExternalSyntheticApiModelOutline0: boolean m(android.content.Context)>
08-28 20:20:56.022 16155 16155 D GAPS    : CLASS=androidx.work.impl.utils.ForceStopRunnable
08-28 20:20:56.022 16155 16155 D GAPS    : METHOD=<androidx.work.impl.utils.ForceStopRunnable: void <clinit>()>
08-28 20:20:56.022 16155 16155 D GAPS    : METHOD=<androidx.work.impl.utils.ForceStopRunnable: void <init>(android.content.Context,androidx.work.impl.WorkManagerImpl)>
08-28 20:20:56.022 16155 16155 D GAPS    : METHOD=<androidx.work.impl.WorkManagerImpl: androidx.work.impl.utils.PreferenceUtils getPreferenceUtils()>
08-28 20:20:56.022 16155 16155 D GAPS    : METHOD=<androidx.work.impl.utils.taskexecutor.WorkManagerTaskExecutor: void executeOnTaskThread(java.lang.Runnable)>
08-28 20:20:56.022 16155 16155 D GAPS    : METHOD=<androidx.work.impl.utils.taskexecutor.TaskExecutor$-CC: void $default$executeOnTaskThread(androidx.work.impl.utils.taskexecutor.TaskExecutor,java.lang.Runnable)>
08-28 20:20:56.022 16155 16155 D GAPS    : METHOD=<androidx.work.impl.utils.SerialExecutorImpl: void execute(java.lang.Runnable)>
08-28 20:20:56.022 16155 16155 D GAPS    : CLASS=androidx.work.impl.utils.SerialExecutorImpl$Task
08-28 20:20:56.022 16155 16155 D GAPS    : METHOD=<androidx.work.impl.utils.SerialExecutorImpl$Task: void <init>(androidx.work.impl.utils.SerialExecutorImpl,java.lang.Runnable)>
08-28 20:20:56.022 16155 16155 D GAPS    : METHOD=<androidx.work.impl.utils.SerialExecutorImpl: void scheduleNext()>
08-28 20:20:56.022 16155 16155 D GAPS    : METHOD=<androidx.work.Configuration$1: java.lang.Thread newThread(java.lang.Runnable)>
08-28 20:20:56.022 16155 16155 D GAPS    : METHOD=<androidx.work.WorkManager: androidx.work.WorkManager getInstance(android.content.Context)>
08-28 20:20:56.022 16155 16155 D GAPS    : METHOD=<androidx.work.impl.WorkManagerImpl: androidx.work.impl.WorkManagerImpl getInstance(android.content.Context)>
08-28 20:20:56.022 16155 16155 D GAPS    : METHOD=<androidx.work.impl.WorkManagerImpl: androidx.work.impl.WorkManagerImpl getInstance()>
08-28 20:20:56.022 16155 16155 D GAPS    : CLASS=androidx.profileinstaller.ProfileInstallerInitializer
08-28 20:20:56.022 16155 16170 D GAPS    : METHOD=<androidx.work.impl.utils.SerialExecutorImpl$Task: void run()>
08-28 20:20:56.022 16155 16170 D GAPS    : METHOD=<androidx.work.impl.utils.ForceStopRunnable: void run()>
08-28 20:20:56.022 16155 16170 D GAPS    : METHOD=<androidx.work.impl.utils.ForceStopRunnable: boolean multiProcessChecks()>
08-28 20:20:56.022 16155 16170 D GAPS    : METHOD=<androidx.work.impl.WorkManagerImpl: androidx.work.Configuration getConfiguration()>
08-28 20:20:56.022 16155 16170 D GAPS    : METHOD=<androidx.work.Configuration: java.lang.String getDefaultProcessName()>
08-28 20:20:56.022 16155 16170 D GAPS    : CLASS=androidx.work.impl.WorkDatabasePathHelper
08-28 20:20:56.022 16155 16170 D GAPS    : METHOD=<androidx.work.impl.WorkDatabasePathHelper: void <clinit>()>
08-28 20:20:56.022 16155 16170 D GAPS    : METHOD=<androidx.work.impl.WorkDatabasePathHelper: void <init>()>
08-28 20:20:56.022 16155 16170 D GAPS    : METHOD=<androidx.work.impl.WorkDatabasePathHelper: void migrateDatabase(android.content.Context)>
08-28 20:20:56.022 16155 16170 D GAPS    : METHOD=<androidx.work.impl.WorkDatabasePathHelper: java.io.File getDefaultDatabasePath(android.content.Context)>
08-28 20:20:56.023 16155 16155 D GAPS    : METHOD=<androidx.profileinstaller.ProfileInstallerInitializer: void <init>()>
08-28 20:20:56.023 16155 16155 D GAPS    : METHOD=<androidx.profileinstaller.ProfileInstallerInitializer: java.util.List dependencies()>
08-28 20:20:56.023 16155 16155 D GAPS    : METHOD=<androidx.profileinstaller.ProfileInstallerInitializer: java.lang.Object create(android.content.Context)>
08-28 20:20:56.023 16155 16155 D GAPS    : METHOD=<androidx.profileinstaller.ProfileInstallerInitializer: androidx.profileinstaller.ProfileInstallerInitializer$Result create(android.content.Context)>
08-28 20:20:56.023 16155 16155 D GAPS    : METHOD=<androidx.profileinstaller.ProfileInstallerInitializer: void delayAfterFirstFrame(android.content.Context)>
08-28 20:20:56.023 16155 16155 D GAPS    : CLASS=androidx.profileinstaller.ProfileInstallerInitializer$$ExternalSyntheticLambda0
08-28 20:20:56.023 16155 16155 D GAPS    : METHOD=<androidx.profileinstaller.ProfileInstallerInitializer$$ExternalSyntheticLambda0: void <init>(androidx.profileinstaller.ProfileInstallerInitializer,android.content.Context)>
08-28 20:20:56.023 16155 16170 D GAPS    : METHOD=<androidx.work.impl.utils.ForceStopRunnable: void forceStopRunnable()>
08-28 20:20:56.023 16155 16155 D GAPS    : METHOD=<androidx.profileinstaller.ProfileInstallerInitializer$Choreographer16Impl: void postFrameCallback(java.lang.Runnable)>
08-28 20:20:56.023 16155 16170 D GAPS    : METHOD=<androidx.work.impl.utils.ForceStopRunnable: boolean cleanUp()>
08-28 20:20:56.023 16155 16170 D GAPS    : METHOD=<androidx.work.impl.background.systemjob.SystemJobScheduler: boolean reconcileJobs(android.content.Context,androidx.work.impl.WorkManagerImpl)>
08-28 20:20:56.023 16155 16170 D GAPS    : METHOD=<androidx.work.impl.background.systemjob.SystemJobScheduler: java.util.List getPendingJobs(android.content.Context,android.app.job.JobScheduler)>
08-28 20:20:56.023 16155 16170 D GAPS    : METHOD=<androidx.work.impl.WorkManagerImpl: androidx.work.impl.WorkDatabase getWorkDatabase()>
08-28 20:20:56.023 16155 16170 D GAPS    : METHOD=<androidx.work.impl.WorkDatabase_Impl: androidx.work.impl.model.SystemIdInfoDao systemIdInfoDao()>
08-28 20:20:56.023 16155 16170 D GAPS    : CLASS=androidx.work.impl.model.SystemIdInfoDao_Impl
08-28 20:20:56.023 16155 16170 D GAPS    : METHOD=<androidx.work.impl.model.SystemIdInfoDao_Impl: void <init>(androidx.room.RoomDatabase)>
08-28 20:20:56.023 16155 16170 D GAPS    : CLASS=androidx.work.impl.model.SystemIdInfoDao_Impl$1
08-28 20:20:56.023 16155 16170 D GAPS    : METHOD=<androidx.work.impl.model.SystemIdInfoDao_Impl$1: void <init>(androidx.work.impl.model.SystemIdInfoDao_Impl,androidx.room.RoomDatabase)>
08-28 20:20:56.023 16155 16170 D GAPS    : CLASS=androidx.room.EntityInsertionAdapter
08-28 20:20:56.023 16155 16170 D GAPS    : METHOD=<androidx.room.EntityInsertionAdapter: void <init>(androidx.room.RoomDatabase)>
08-28 20:20:56.023 16155 16170 D GAPS    : CLASS=androidx.room.SharedSQLiteStatement
08-28 20:20:56.023 16155 16170 D GAPS    : METHOD=<androidx.room.SharedSQLiteStatement: void <init>(androidx.room.RoomDatabase)>
08-28 20:20:56.023 16155 16170 D GAPS    : CLASS=androidx.room.SharedSQLiteStatement$stmt$2
08-28 20:20:56.023 16155 16170 D GAPS    : METHOD=<androidx.room.SharedSQLiteStatement$stmt$2: void <init>(androidx.room.SharedSQLiteStatement)>
08-28 20:20:56.023 16155 16170 D GAPS    : CLASS=androidx.work.impl.model.SystemIdInfoDao_Impl$2
08-28 20:20:56.023 16155 16170 D GAPS    : METHOD=<androidx.work.impl.model.SystemIdInfoDao_Impl$2: void <init>(androidx.work.impl.model.SystemIdInfoDao_Impl,androidx.room.RoomDatabase)>
08-28 20:20:56.023 16155 16170 D GAPS    : CLASS=androidx.work.impl.model.SystemIdInfoDao_Impl$3
08-28 20:20:56.023 16155 16170 D GAPS    : METHOD=<androidx.work.impl.model.SystemIdInfoDao_Impl$3: void <init>(androidx.work.impl.model.SystemIdInfoDao_Impl,androidx.room.RoomDatabase)>
08-28 20:20:56.023 16155 16170 D GAPS    : METHOD=<androidx.work.impl.model.SystemIdInfoDao_Impl: java.util.List getWorkSpecIds()>
08-28 20:20:56.023 16155 16170 D GAPS    : CLASS=androidx.room.RoomSQLiteQuery
08-28 20:20:56.023 16155 16170 D GAPS    : METHOD=<androidx.room.RoomSQLiteQuery: void <clinit>()>
08-28 20:20:56.023 16155 16170 D GAPS    : CLASS=androidx.room.RoomSQLiteQuery$Companion
08-28 20:20:56.024 16155 16170 D GAPS    : METHOD=<androidx.room.RoomSQLiteQuery$Companion: void <init>(kotlin.jvm.internal.DefaultConstructorMarker)>
08-28 20:20:56.024 16155 16170 D GAPS    : METHOD=<androidx.room.RoomSQLiteQuery$Companion: void <init>()>
08-28 20:20:56.024 16155 16170 D GAPS    : METHOD=<androidx.room.RoomSQLiteQuery: androidx.room.RoomSQLiteQuery acquire(java.lang.String,int)>
08-28 20:20:56.024 16155 16170 D GAPS    : METHOD=<androidx.room.RoomSQLiteQuery$Companion: androidx.room.RoomSQLiteQuery acquire(java.lang.String,int)>
08-28 20:20:56.024 16155 16170 D GAPS    : CLASS=kotlin.Unit
08-28 20:20:56.024 16155 16170 D GAPS    : METHOD=<kotlin.Unit: void <clinit>()>
08-28 20:20:56.024 16155 16170 D GAPS    : METHOD=<kotlin.Unit: void <init>()>
08-28 20:20:56.024 16155 16170 D GAPS    : METHOD=<androidx.room.RoomSQLiteQuery: void <init>(int,kotlin.jvm.internal.DefaultConstructorMarker)>
08-28 20:20:56.024 16155 16170 D GAPS    : METHOD=<androidx.room.RoomSQLiteQuery: void <init>(int)>
08-28 20:20:56.024 16155 16155 D GAPS    : CLASS=androidx.profileinstaller.ProfileInstallerInitializer$Choreographer16Impl$$ExternalSyntheticLambda0
08-28 20:20:56.024 16155 16155 D GAPS    : METHOD=<androidx.profileinstaller.ProfileInstallerInitializer$Choreographer16Impl$$ExternalSyntheticLambda0: void <init>(java.lang.Runnable)>
08-28 20:20:56.024 16155 16170 D GAPS    : METHOD=<androidx.room.RoomSQLiteQuery: void init(java.lang.String,int)>
08-28 20:20:56.024 16155 16170 D GAPS    : METHOD=<androidx.room.RoomDatabase: void assertNotSuspendingTransaction()>
08-28 20:20:56.024 16155 16170 D GAPS    : METHOD=<androidx.room.RoomDatabase: boolean inTransaction()>
08-28 20:20:56.024 16155 16170 D GAPS    : METHOD=<androidx.sqlite.db.framework.FrameworkSQLiteOpenHelper: androidx.sqlite.db.SupportSQLiteDatabase getWritableDatabase()>
08-28 20:20:56.024 16155 16170 D GAPS    : METHOD=<androidx.sqlite.db.framework.FrameworkSQLiteOpenHelper: androidx.sqlite.db.framework.FrameworkSQLiteOpenHelper$OpenHelper getDelegate()>
08-28 20:20:56.024 16155 16155 D GAPS    : CLASS=androidx.profileinstaller.ProfileInstallerInitializer$Result
08-28 20:20:56.024 16155 16170 D GAPS    : METHOD=<kotlin.SynchronizedLazyImpl: java.lang.Object getValue()>
08-28 20:20:56.024 16155 16155 D GAPS    : METHOD=<androidx.profileinstaller.ProfileInstallerInitializer$Result: void <init>()>
08-28 20:20:56.024 16155 16170 D GAPS    : METHOD=<androidx.sqlite.db.framework.FrameworkSQLiteOpenHelper$lazyDelegate$1: java.lang.Object invoke()>
08-28 20:20:56.024 16155 16170 D GAPS    : METHOD=<androidx.sqlite.db.framework.FrameworkSQLiteOpenHelper$lazyDelegate$1: androidx.sqlite.db.framework.FrameworkSQLiteOpenHelper$OpenHelper invoke()>
08-28 20:20:56.024 16155 16170 D GAPS    : METHOD=<androidx.sqlite.db.framework.FrameworkSQLiteOpenHelper: java.lang.String access$getName$p(androidx.sqlite.db.framework.FrameworkSQLiteOpenHelper)>
08-28 20:20:56.024 16155 16170 D GAPS    : METHOD=<androidx.sqlite.db.framework.FrameworkSQLiteOpenHelper: boolean access$getUseNoBackupDirectory$p(androidx.sqlite.db.framework.FrameworkSQLiteOpenHelper)>
08-28 20:20:56.024 16155 16170 D GAPS    : METHOD=<androidx.sqlite.db.framework.FrameworkSQLiteOpenHelper: android.content.Context access$getContext$p(androidx.sqlite.db.framework.FrameworkSQLiteOpenHelper)>
08-28 20:20:56.024 16155 16170 D GAPS    : CLASS=androidx.sqlite.db.SupportSQLiteCompat$Api21Impl
08-28 20:20:56.024 16155 16170 D GAPS    : METHOD=<androidx.sqlite.db.SupportSQLiteCompat$Api21Impl: void <clinit>()>
08-28 20:20:56.024 16155 16170 D GAPS    : METHOD=<androidx.sqlite.db.SupportSQLiteCompat$Api21Impl: void <init>()>
08-28 20:20:56.024 16155 16170 D GAPS    : METHOD=<androidx.sqlite.db.SupportSQLiteCompat$Api21Impl: java.io.File getNoBackupFilesDir(android.content.Context)>
08-28 20:20:56.024 16155 16170 D GAPS    : CLASS=androidx.sqlite.db.framework.FrameworkSQLiteOpenHelper$OpenHelper
08-28 20:20:56.024 16155 16170 D GAPS    : METHOD=<androidx.sqlite.db.framework.FrameworkSQLiteOpenHelper$OpenHelper: void <clinit>()>
08-28 20:20:56.024 16155 16170 D GAPS    : CLASS=androidx.sqlite.db.framework.FrameworkSQLiteOpenHelper$OpenHelper$Companion
08-28 20:20:56.024 16155 16170 D GAPS    : METHOD=<androidx.sqlite.db.framework.FrameworkSQLiteOpenHelper$OpenHelper$Companion: void <init>(kotlin.jvm.internal.DefaultConstructorMarker)>
08-28 20:20:56.024 16155 16170 D GAPS    : METHOD=<androidx.sqlite.db.framework.FrameworkSQLiteOpenHelper$OpenHelper$Companion: void <init>()>
08-28 20:20:56.024 16155 16170 D GAPS    : CLASS=androidx.sqlite.db.framework.FrameworkSQLiteOpenHelper$DBRefHolder
08-28 20:20:56.024 16155 16170 D GAPS    : METHOD=<androidx.sqlite.db.framework.FrameworkSQLiteOpenHelper$DBRefHolder: void <init>(androidx.sqlite.db.framework.FrameworkSQLiteDatabase)>
08-28 20:20:56.024 16155 16170 D GAPS    : METHOD=<androidx.sqlite.db.framework.FrameworkSQLiteOpenHelper: androidx.sqlite.db.SupportSQLiteOpenHelper$Callback access$getCallback$p(androidx.sqlite.db.framework.FrameworkSQLiteOpenHelper)>
08-28 20:20:56.024 16155 16170 D GAPS    : METHOD=<androidx.sqlite.db.framework.FrameworkSQLiteOpenHelper: boolean access$getAllowDataLossOnRecovery$p(androidx.sqlite.db.framework.FrameworkSQLiteOpenHelper)>
08-28 20:20:56.024 16155 16170 D GAPS    : METHOD=<androidx.sqlite.db.framework.FrameworkSQLiteOpenHelper$OpenHelper: void <init>(android.content.Context,java.lang.String,androidx.sqlite.db.framework.FrameworkSQLiteOpenHelper$DBRefHolder,androidx.sqlite.db.SupportSQLiteOpenHelper$Callback,boolean)>
08-28 20:20:56.024 16155 16170 D GAPS    : CLASS=androidx.sqlite.db.framework.FrameworkSQLiteOpenHelper$OpenHelper$$ExternalSyntheticLambda0
08-28 20:20:56.024 16155 16170 D GAPS    : METHOD=<androidx.sqlite.db.framework.FrameworkSQLiteOpenHelper$OpenHelper$$ExternalSyntheticLambda0: void <init>(androidx.sqlite.db.SupportSQLiteOpenHelper$Callback,androidx.sqlite.db.framework.FrameworkSQLiteOpenHelper$DBRefHolder)>
08-28 20:20:56.024 16155 16170 D GAPS    : CLASS=androidx.sqlite.util.ProcessLock
08-28 20:20:56.024 16155 16170 D GAPS    : METHOD=<androidx.sqlite.util.ProcessLock: void <clinit>()>
08-28 20:20:56.024 16155 16170 D GAPS    : CLASS=androidx.sqlite.util.ProcessLock$Companion
08-28 20:20:56.024 16155 16170 D GAPS    : METHOD=<androidx.sqlite.util.ProcessLock$Companion: void <init>(kotlin.jvm.internal.DefaultConstructorMarker)>
08-28 20:20:56.024 16155 16170 D GAPS    : METHOD=<androidx.sqlite.util.ProcessLock$Companion: void <init>()>
08-28 20:20:56.024 16155 16170 D GAPS    : METHOD=<androidx.sqlite.util.ProcessLock: void <init>(java.lang.String,java.io.File,boolean)>
08-28 20:20:56.024 16155 16170 D GAPS    : METHOD=<androidx.sqlite.util.ProcessLock$Companion: java.util.concurrent.locks.Lock access$getThreadLock(androidx.sqlite.util.ProcessLock$Companion,java.lang.String)>
08-28 20:20:56.024 16155 16170 D GAPS    : METHOD=<androidx.sqlite.util.ProcessLock$Companion: java.util.concurrent.locks.Lock getThreadLock(java.lang.String)>
08-28 20:20:56.024 16155 16170 D GAPS    : METHOD=<androidx.sqlite.util.ProcessLock: java.util.Map access$getThreadLocksMap$cp()>
08-28 20:20:56.024 16155 16170 D GAPS    : METHOD=<androidx.sqlite.db.framework.FrameworkSQLiteOpenHelper: boolean access$getWriteAheadLoggingEnabled$p(androidx.sqlite.db.framework.FrameworkSQLiteOpenHelper)>
08-28 20:20:56.024 16155 16170 D GAPS    : CLASS=androidx.sqlite.db.SupportSQLiteCompat$Api16Impl
08-28 20:20:56.024 16155 16170 D GAPS    : METHOD=<androidx.sqlite.db.SupportSQLiteCompat$Api16Impl: void <clinit>()>
08-28 20:20:56.024 16155 16170 D GAPS    : METHOD=<androidx.sqlite.db.SupportSQLiteCompat$Api16Impl: void <init>()>
08-28 20:20:56.024 16155 16170 D GAPS    : METHOD=<androidx.sqlite.db.SupportSQLiteCompat$Api16Impl: void setWriteAheadLoggingEnabled(android.database.sqlite.SQLiteOpenHelper,boolean)>
08-28 20:20:56.024 16155 16170 D GAPS    : METHOD=<androidx.sqlite.db.framework.FrameworkSQLiteOpenHelper$OpenHelper: androidx.sqlite.db.SupportSQLiteDatabase getSupportDatabase(boolean)>
08-28 20:20:56.024 16155 16170 D GAPS    : METHOD=<androidx.sqlite.util.ProcessLock: void lock(boolean)>
08-28 20:20:56.024 16155 16155 D GAPS    : METHOD=<org.wikipedia.WikipediaApp: void onCreate()>
08-28 20:20:56.025 16155 16170 D GAPS    : METHOD=<androidx.sqlite.db.framework.FrameworkSQLiteOpenHelper$OpenHelper: android.database.sqlite.SQLiteDatabase innerGetDatabase(boolean)>
08-28 20:20:56.025 16155 16170 D GAPS    : METHOD=<androidx.sqlite.db.framework.FrameworkSQLiteOpenHelper$OpenHelper: android.database.sqlite.SQLiteDatabase getWritableOrReadableDatabase(boolean)>
08-28 20:20:56.025 16155 16155 D GAPS    : CLASS=org.wikipedia.dataclient.WikiSite
08-28 20:20:56.026 16155 16155 D GAPS    : METHOD=<org.wikipedia.dataclient.WikiSite: void <clinit>()>
08-28 20:20:56.026 16155 16155 D GAPS    : CLASS=org.wikipedia.dataclient.WikiSite$Companion
08-28 20:20:56.026 16155 16155 D GAPS    : METHOD=<org.wikipedia.dataclient.WikiSite$Companion: void <init>(kotlin.jvm.internal.DefaultConstructorMarker)>
08-28 20:20:56.026 16155 16155 D GAPS    : METHOD=<org.wikipedia.dataclient.WikiSite$Companion: void <init>()>
08-28 20:20:56.026 16155 16155 D GAPS    : CLASS=org.wikipedia.dataclient.WikiSite$Creator
08-28 20:20:56.026 16155 16155 D GAPS    : METHOD=<org.wikipedia.dataclient.WikiSite$Creator: void <init>()>
08-28 20:20:56.026 16155 16155 D GAPS    : CLASS=org.wikipedia.settings.Prefs
08-28 20:20:56.027 16155 16155 D GAPS    : METHOD=<org.wikipedia.settings.Prefs: void <clinit>()>
08-28 20:20:56.027 16155 16155 D GAPS    : METHOD=<org.wikipedia.settings.Prefs: void <init>()>
08-28 20:20:56.027 16155 16155 D GAPS    : METHOD=<org.wikipedia.settings.Prefs: java.lang.String getMediaWikiBaseUrl()>
08-28 20:20:56.027 16155 16155 D GAPS    : METHOD=<org.wikipedia.settings.PrefsIoUtil: java.lang.String getString(int,java.lang.String)>
08-28 20:20:56.027 16155 16155 D GAPS    : METHOD=<org.wikipedia.settings.PrefsIoUtil: java.lang.String getKey(int,java.lang.Object[])>
08-28 20:20:56.027 16155 16155 D GAPS    : METHOD=<org.wikipedia.settings.PrefsIoUtil: android.content.res.Resources getResources()>
08-28 20:20:56.027 16155 16155 D GAPS    : METHOD=<org.wikipedia.settings.PrefsIoUtil: android.content.Context getContext()>
08-28 20:20:56.027 16155 16155 D GAPS    : METHOD=<org.wikipedia.WikipediaApp$Companion: org.wikipedia.WikipediaApp getInstance()>
08-28 20:20:56.027 16155 16155 D GAPS    : METHOD=<org.wikipedia.WikipediaApp: org.wikipedia.WikipediaApp access$getInstance$cp()>
08-28 20:20:56.027 16155 16155 D GAPS    : METHOD=<org.wikipedia.settings.PrefsIoUtil: java.lang.String getString(java.lang.String,java.lang.String)>
08-28 20:20:56.027 16155 16155 D GAPS    : METHOD=<org.wikipedia.settings.PrefsIoUtil: android.content.SharedPreferences getPreferences()>
08-28 20:20:56.046 16155 16155 D GAPS    : METHOD=<org.wikipedia.dataclient.WikiSite$Companion: void setDefaultBaseUrl(java.lang.String)>
08-28 20:20:56.046 16155 16155 D GAPS    : METHOD=<org.wikipedia.dataclient.WikiSite: void access$setDEFAULT_BASE_URL$cp(java.lang.String)>
08-28 20:20:56.046 16155 16155 D GAPS    : METHOD=<org.wikipedia.connectivity.ConnectionStateMonitor: void enable()>
08-28 20:20:56.046 16155 16155 D GAPS    : METHOD=<org.wikipedia.connectivity.ConnectionStateMonitor: void ensureNetworkCallbackRegistered()>
08-28 20:20:56.046 16155 16155 D GAPS    : METHOD=<androidx.work.impl.utils.NetworkApi24$$ExternalSyntheticApiModelOutline0: void m(android.net.ConnectivityManager,android.net.ConnectivityManager$NetworkCallback)>
08-28 20:20:56.047 16155 16155 D GAPS    : METHOD=<org.wikipedia.connectivity.ConnectionStateMonitor: void updateOnlineState()>
08-28 20:20:56.047 16155 16155 D GAPS    : METHOD=<androidx.work.impl.utils.NetworkApi23$$ExternalSyntheticApiModelOutline0: android.net.Network m(android.net.ConnectivityManager)>
08-28 20:20:56.048 16155 16155 D GAPS    : CLASS=org.wikipedia.analytics.eventplatform.EventPlatformClient
08-28 20:20:56.048 16155 16172 D GAPS    : METHOD=<org.wikipedia.connectivity.ConnectionStateMonitor: void onAvailable(android.net.Network)>
08-28 20:20:56.048 16155 16155 D GAPS    : METHOD=<org.wikipedia.analytics.eventplatform.EventPlatformClient: void <clinit>()>
08-28 20:20:56.048 16155 16155 D GAPS    : METHOD=<org.wikipedia.analytics.eventplatform.EventPlatformClient: void <init>()>
08-28 20:20:56.048 16155 16155 D GAPS    : METHOD=<org.wikipedia.WikipediaApp: boolean isOnline()>
08-28 20:20:56.048 16155 16155 D GAPS    : METHOD=<org.wikipedia.connectivity.ConnectionStateMonitor: boolean isOnline()>
08-28 20:20:56.048 16155 16155 D GAPS    : METHOD=<org.wikipedia.analytics.eventplatform.EventPlatformClient: void setEnabled(boolean)>
08-28 20:20:56.048 16155 16155 D GAPS    : CLASS=org.wikipedia.analytics.eventplatform.EventPlatformClient$OutputBuffer
08-28 20:20:56.048 16155 16155 D GAPS    : METHOD=<org.wikipedia.analytics.eventplatform.EventPlatformClient$OutputBuffer: void <clinit>()>
08-28 20:20:56.048 16155 16155 D GAPS    : METHOD=<org.wikipedia.analytics.eventplatform.EventPlatformClient$OutputBuffer: void <init>()>
08-28 20:20:56.048 16155 16155 D GAPS    : METHOD=<org.wikipedia.analytics.eventplatform.EventPlatformClient$OutputBuffer: void sendAllScheduled()>
08-28 20:20:56.048 16155 16155 D GAPS    : METHOD=<org.wikipedia.WikipediaApp: android.os.Handler getMainThreadHandler()>
08-28 20:20:56.048 16155 16155 D GAPS    : METHOD=<org.wikipedia.WikipediaApp$mainThreadHandler$2: java.lang.Object invoke()>
08-28 20:20:56.048 16155 16155 D GAPS    : METHOD=<org.wikipedia.WikipediaApp$mainThreadHandler$2: android.os.Handler invoke()>
08-28 20:20:56.048 16155 16155 D GAPS    : METHOD=<org.wikipedia.analytics.eventplatform.EventPlatformClient: boolean access$getENABLED$p()>
08-28 20:20:56.048 16155 16155 D GAPS    : METHOD=<org.wikipedia.analytics.eventplatform.EventPlatformClient$OutputBuffer: void send()>
08-28 20:20:56.048 16155 16155 D GAPS    : METHOD=<org.wikipedia.settings.Prefs: boolean isEventLoggingEnabled()>
08-28 20:20:56.048 16155 16155 D GAPS    : METHOD=<org.wikipedia.settings.PrefsIoUtil: boolean getBoolean(int,boolean)>
08-28 20:20:56.048 16155 16155 D GAPS    : METHOD=<org.wikipedia.settings.PrefsIoUtil: boolean getBoolean(java.lang.String,boolean)>
08-28 20:20:56.048 16155 16155 D GAPS    : METHOD=<org.wikipedia.LeakCanaryStubKt: void setupLeakCanary()>
08-28 20:20:56.049 16155 16155 D GAPS    : CLASS=androidx.appcompat.app.AppCompatDelegate
08-28 20:20:56.050 16155 16155 D GAPS    : METHOD=<androidx.appcompat.app.AppCompatDelegate: void <clinit>()>
08-28 20:20:56.050 16155 16155 D GAPS    : CLASS=androidx.appcompat.app.AppLocalesStorageHelper$ThreadPerTaskExecutor
08-28 20:20:56.050 16155 16155 D GAPS    : METHOD=<androidx.appcompat.app.AppLocalesStorageHelper$ThreadPerTaskExecutor: void <init>()>
08-28 20:20:56.050 16155 16155 D GAPS    : CLASS=androidx.appcompat.app.AppLocalesStorageHelper$SerialExecutor
08-28 20:20:56.050 16155 16155 D GAPS    : METHOD=<androidx.appcompat.app.AppLocalesStorageHelper$SerialExecutor: void <init>(java.util.concurrent.Executor)>
08-28 20:20:56.050 16155 16155 D GAPS    : METHOD=<androidx.appcompat.app.AppCompatDelegate: void setCompatVectorFromResourcesEnabled(boolean)>
08-28 20:20:56.050 16155 16170 D GAPS    : METHOD=<androidx.sqlite.db.framework.FrameworkSQLiteOpenHelper$OpenHelper: void onConfigure(android.database.sqlite.SQLiteDatabase)>
08-28 20:20:56.050 16155 16155 D GAPS    : CLASS=androidx.appcompat.widget.VectorEnabledTintResources
08-28 20:20:56.050 16155 16155 D GAPS    : METHOD=<androidx.appcompat.widget.VectorEnabledTintResources: void <clinit>()>
08-28 20:20:56.050 16155 16155 D GAPS    : METHOD=<androidx.appcompat.widget.VectorEnabledTintResources: void setCompatVectorFromResourcesEnabled(boolean)>
08-28 20:20:56.050 16155 16155 D GAPS    : CLASS=io.reactivex.rxjava3.internal.functions.Functions
08-28 20:20:56.050 16155 16155 D GAPS    : METHOD=<io.reactivex.rxjava3.internal.functions.Functions: void <clinit>()>
08-28 20:20:56.050 16155 16155 D GAPS    : CLASS=io.reactivex.rxjava3.internal.functions.Functions$Identity
08-28 20:20:56.050 16155 16155 D GAPS    : METHOD=<io.reactivex.rxjava3.internal.functions.Functions$Identity: void <init>()>
08-28 20:20:56.050 16155 16155 D GAPS    : CLASS=io.reactivex.rxjava3.internal.functions.Functions$EmptyRunnable
08-28 20:20:56.050 16155 16155 D GAPS    : METHOD=<io.reactivex.rxjava3.internal.functions.Functions$EmptyRunnable: void <init>()>
08-28 20:20:56.050 16155 16155 D GAPS    : CLASS=io.reactivex.rxjava3.internal.functions.Functions$EmptyAction
08-28 20:20:56.050 16155 16155 D GAPS    : METHOD=<io.reactivex.rxjava3.internal.functions.Functions$EmptyAction: void <init>()>
08-28 20:20:56.050 16155 16155 D GAPS    : CLASS=io.reactivex.rxjava3.internal.functions.Functions$EmptyConsumer
08-28 20:20:56.050 16155 16155 D GAPS    : METHOD=<io.reactivex.rxjava3.internal.functions.Functions$EmptyConsumer: void <init>()>
08-28 20:20:56.050 16155 16155 D GAPS    : CLASS=io.reactivex.rxjava3.internal.functions.Functions$ErrorConsumer
08-28 20:20:56.050 16155 16155 D GAPS    : METHOD=<io.reactivex.rxjava3.internal.functions.Functions$ErrorConsumer: void <init>()>
08-28 20:20:56.050 16155 16155 D GAPS    : CLASS=io.reactivex.rxjava3.internal.functions.Functions$OnErrorMissingConsumer
08-28 20:20:56.050 16155 16155 D GAPS    : METHOD=<io.reactivex.rxjava3.internal.functions.Functions$OnErrorMissingConsumer: void <init>()>
08-28 20:20:56.050 16155 16170 D GAPS    : METHOD=<androidx.sqlite.db.framework.FrameworkSQLiteOpenHelper$OpenHelper: androidx.sqlite.db.framework.FrameworkSQLiteDatabase getWrappedDb(android.database.sqlite.SQLiteDatabase)>
08-28 20:20:56.050 16155 16170 D GAPS    : METHOD=<androidx.sqlite.db.framework.FrameworkSQLiteOpenHelper$OpenHelper$Companion: androidx.sqlite.db.framework.FrameworkSQLiteDatabase getWrappedDb(androidx.sqlite.db.framework.FrameworkSQLiteOpenHelper$DBRefHolder,android.database.sqlite.SQLiteDatabase)>
08-28 20:20:56.050 16155 16170 D GAPS    : METHOD=<androidx.sqlite.db.framework.FrameworkSQLiteOpenHelper$DBRefHolder: androidx.sqlite.db.framework.FrameworkSQLiteDatabase getDb()>
08-28 20:20:56.050 16155 16155 D GAPS    : CLASS=io.reactivex.rxjava3.internal.functions.Functions$EmptyLongConsumer
08-28 20:20:56.050 16155 16155 D GAPS    : METHOD=<io.reactivex.rxjava3.internal.functions.Functions$EmptyLongConsumer: void <init>()>
08-28 20:20:56.050 16155 16155 D GAPS    : CLASS=io.reactivex.rxjava3.internal.functions.Functions$TruePredicate
08-28 20:20:56.050 16155 16155 D GAPS    : METHOD=<io.reactivex.rxjava3.internal.functions.Functions$TruePredicate: void <init>()>
08-28 20:20:56.050 16155 16155 D GAPS    : CLASS=io.reactivex.rxjava3.internal.functions.Functions$FalsePredicate
08-28 20:20:56.050 16155 16155 D GAPS    : METHOD=<io.reactivex.rxjava3.internal.functions.Functions$FalsePredicate: void <init>()>
08-28 20:20:56.050 16155 16155 D GAPS    : CLASS=io.reactivex.rxjava3.internal.functions.Functions$NullProvider
08-28 20:20:56.050 16155 16155 D GAPS    : METHOD=<io.reactivex.rxjava3.internal.functions.Functions$NullProvider: void <init>()>
08-28 20:20:56.050 16155 16170 D GAPS    : CLASS=androidx.sqlite.db.framework.FrameworkSQLiteDatabase
08-28 20:20:56.050 16155 16170 D GAPS    : METHOD=<androidx.sqlite.db.framework.FrameworkSQLiteDatabase: void <clinit>()>
08-28 20:20:56.050 16155 16155 D GAPS    : CLASS=io.reactivex.rxjava3.internal.functions.Functions$MaxRequestSubscription
08-28 20:20:56.050 16155 16155 D GAPS    : METHOD=<io.reactivex.rxjava3.internal.functions.Functions$MaxRequestSubscription: void <init>()>
08-28 20:20:56.050 16155 16155 D GAPS    : METHOD=<io.reactivex.rxjava3.internal.functions.Functions: io.reactivex.rxjava3.functions.Consumer emptyConsumer()>
08-28 20:20:56.050 16155 16155 D GAPS    : METHOD=<io.reactivex.rxjava3.plugins.RxJavaPlugins: void setErrorHandler(io.reactivex.rxjava3.functions.Consumer)>
08-28 20:20:56.050 16155 16155 D GAPS    : METHOD=<org.wikipedia.settings.Prefs: int getCurrentThemeId()>
08-28 20:20:56.050 16155 16155 D GAPS    : METHOD=<org.wikipedia.theme.Theme: int getMarshallingId()>
08-28 20:20:56.050 16155 16155 D GAPS    : METHOD=<org.wikipedia.settings.PrefsIoUtil: int getInt(int,int)>
08-28 20:20:56.050 16155 16155 D GAPS    : METHOD=<org.wikipedia.settings.PrefsIoUtil: int getInt(java.lang.String,int)>
08-28 20:20:56.050 16155 16155 D GAPS    : METHOD=<org.wikipedia.WikipediaApp: org.wikipedia.theme.Theme unmarshalTheme(int)>
08-28 20:20:56.050 16155 16155 D GAPS    : METHOD=<org.wikipedia.theme.Theme$Companion: org.wikipedia.theme.Theme ofMarshallingId(int)>
08-28 20:20:56.050 16155 16155 D GAPS    : METHOD=<org.wikipedia.theme.Theme: org.wikipedia.theme.Theme[] values()>
08-28 20:20:56.050 16155 16170 D GAPS    : CLASS=androidx.sqlite.db.framework.FrameworkSQLiteDatabase$Companion
08-28 20:20:56.050 16155 16170 D GAPS    : METHOD=<androidx.sqlite.db.framework.FrameworkSQLiteDatabase$Companion: void <init>(kotlin.jvm.internal.DefaultConstructorMarker)>
08-28 20:20:56.050 16155 16170 D GAPS    : METHOD=<androidx.sqlite.db.framework.FrameworkSQLiteDatabase$Companion: void <init>()>
08-28 20:20:56.050 16155 16155 D GAPS    : METHOD=<org.wikipedia.WikipediaApp: void setCurrentTheme(org.wikipedia.theme.Theme)>
08-28 20:20:56.050 16155 16170 D GAPS    : METHOD=<androidx.sqlite.db.framework.FrameworkSQLiteDatabase: void <init>(android.database.sqlite.SQLiteDatabase)>
08-28 20:20:56.050 16155 16170 D GAPS    : METHOD=<androidx.sqlite.db.framework.FrameworkSQLiteOpenHelper$DBRefHolder: void setDb(androidx.sqlite.db.framework.FrameworkSQLiteDatabase)>
08-28 20:20:56.050 16155 16170 D GAPS    : METHOD=<androidx.room.RoomOpenHelper: void onConfigure(androidx.sqlite.db.SupportSQLiteDatabase)>
08-28 20:20:56.050 16155 16170 D GAPS    : METHOD=<androidx.sqlite.db.SupportSQLiteOpenHelper$Callback: void onConfigure(androidx.sqlite.db.SupportSQLiteDatabase)>
08-28 20:20:56.051 16155 16155 D GAPS    : METHOD=<org.wikipedia.WikipediaApp: void initTabs()>
08-28 20:20:56.051 16155 16155 D GAPS    : METHOD=<org.wikipedia.settings.Prefs: boolean getHasTabs()>
08-28 20:20:56.051 16155 16170 D GAPS    : METHOD=<androidx.sqlite.db.framework.FrameworkSQLiteOpenHelper$OpenHelper: void onOpen(android.database.sqlite.SQLiteDatabase)>
08-28 20:20:56.051 16155 16155 D GAPS    : METHOD=<org.wikipedia.settings.PrefsIoUtil: boolean contains(int)>
08-28 20:20:56.051 16155 16170 D GAPS    : METHOD=<androidx.sqlite.db.framework.FrameworkSQLiteDatabase: boolean isDelegate(android.database.sqlite.SQLiteDatabase)>
08-28 20:20:56.051 16155 16170 D GAPS    : METHOD=<androidx.room.RoomOpenHelper: void onOpen(androidx.sqlite.db.SupportSQLiteDatabase)>
08-28 20:20:56.051 16155 16170 D GAPS    : METHOD=<androidx.sqlite.db.SupportSQLiteOpenHelper$Callback: void onOpen(androidx.sqlite.db.SupportSQLiteDatabase)>
08-28 20:20:56.051 16155 16170 D GAPS    : METHOD=<androidx.room.RoomOpenHelper: void checkIdentity(androidx.sqlite.db.SupportSQLiteDatabase)>
08-28 20:20:56.051 16155 16170 D GAPS    : METHOD=<androidx.room.RoomOpenHelper$Companion: boolean hasRoomMasterTable$room_runtime_release(androidx.sqlite.db.SupportSQLiteDatabase)>
08-28 20:20:56.051 16155 16170 D GAPS    : METHOD=<androidx.sqlite.db.framework.FrameworkSQLiteDatabase: android.database.Cursor query(java.lang.String)>
08-28 20:20:56.051 16155 16170 D GAPS    : CLASS=androidx.sqlite.db.SimpleSQLiteQuery
08-28 20:20:56.051 16155 16170 D GAPS    : METHOD=<androidx.sqlite.db.SimpleSQLiteQuery: void <clinit>()>
08-28 20:20:56.051 16155 16170 D GAPS    : CLASS=androidx.sqlite.db.SimpleSQLiteQuery$Companion
08-28 20:20:56.051 16155 16170 D GAPS    : METHOD=<androidx.sqlite.db.SimpleSQLiteQuery$Companion: void <init>(kotlin.jvm.internal.DefaultConstructorMarker)>
08-28 20:20:56.051 16155 16170 D GAPS    : METHOD=<androidx.sqlite.db.SimpleSQLiteQuery$Companion: void <init>()>
08-28 20:20:56.051 16155 16170 D GAPS    : METHOD=<androidx.sqlite.db.SimpleSQLiteQuery: void <init>(java.lang.String)>
08-28 20:20:56.051 16155 16170 D GAPS    : METHOD=<androidx.sqlite.db.SimpleSQLiteQuery: void <init>(java.lang.String,java.lang.Object[])>
08-28 20:20:56.051 16155 16170 D GAPS    : METHOD=<androidx.sqlite.db.framework.FrameworkSQLiteDatabase: android.database.Cursor query(androidx.sqlite.db.SupportSQLiteQuery)>
08-28 20:20:56.051 16155 16170 D GAPS    : CLASS=androidx.sqlite.db.framework.FrameworkSQLiteDatabase$query$cursorFactory$1
08-28 20:20:56.051 16155 16170 D GAPS    : METHOD=<androidx.sqlite.db.framework.FrameworkSQLiteDatabase$query$cursorFactory$1: void <init>(androidx.sqlite.db.SupportSQLiteQuery)>
08-28 20:20:56.051 16155 16170 D GAPS    : CLASS=androidx.sqlite.db.framework.FrameworkSQLiteDatabase$$ExternalSyntheticLambda1
08-28 20:20:56.051 16155 16170 D GAPS    : METHOD=<androidx.sqlite.db.framework.FrameworkSQLiteDatabase$$ExternalSyntheticLambda1: void <init>(kotlin.jvm.functions.Function4)>
08-28 20:20:56.051 16155 16170 D GAPS    : METHOD=<androidx.sqlite.db.SimpleSQLiteQuery: java.lang.String getSql()>
08-28 20:20:56.051 16155 16170 D GAPS    : METHOD=<androidx.sqlite.db.framework.FrameworkSQLiteDatabase$$ExternalSyntheticLambda1: android.database.Cursor newCursor(android.database.sqlite.SQLiteDatabase,android.database.sqlite.SQLiteCursorDriver,java.lang.String,android.database.sqlite.SQLiteQuery)>
08-28 20:20:56.051 16155 16170 D GAPS    : METHOD=<androidx.sqlite.db.framework.FrameworkSQLiteDatabase: android.database.Cursor $r8$lambda$xWs7VTYEzeAWyi_2-SJixQ1HyKQ(kotlin.jvm.functions.Function4,android.database.sqlite.SQLiteDatabase,android.database.sqlite.SQLiteCursorDriver,java.lang.String,android.database.sqlite.SQLiteQuery)>
08-28 20:20:56.051 16155 16170 D GAPS    : METHOD=<androidx.sqlite.db.framework.FrameworkSQLiteDatabase: android.database.Cursor query$lambda$0(kotlin.jvm.functions.Function4,android.database.sqlite.SQLiteDatabase,android.database.sqlite.SQLiteCursorDriver,java.lang.String,android.database.sqlite.SQLiteQuery)>
08-28 20:20:56.051 16155 16170 D GAPS    : METHOD=<androidx.sqlite.db.framework.FrameworkSQLiteDatabase$query$cursorFactory$1: java.lang.Object invoke(java.lang.Object,java.lang.Object,java.lang.Object,java.lang.Object)>
08-28 20:20:56.051 16155 16170 D GAPS    : METHOD=<androidx.sqlite.db.framework.FrameworkSQLiteDatabase$query$cursorFactory$1: android.database.sqlite.SQLiteCursor invoke(android.database.sqlite.SQLiteDatabase,android.database.sqlite.SQLiteCursorDriver,java.lang.String,android.database.sqlite.SQLiteQuery)>
08-28 20:20:56.051 16155 16170 D GAPS    : CLASS=androidx.sqlite.db.framework.FrameworkSQLiteProgram
08-28 20:20:56.051 16155 16170 D GAPS    : METHOD=<androidx.sqlite.db.framework.FrameworkSQLiteProgram: void <init>(android.database.sqlite.SQLiteProgram)>
08-28 20:20:56.051 16155 16170 D GAPS    : METHOD=<androidx.sqlite.db.SimpleSQLiteQuery: void bindTo(androidx.sqlite.db.SupportSQLiteProgram)>
08-28 20:20:56.051 16155 16170 D GAPS    : METHOD=<androidx.sqlite.db.SimpleSQLiteQuery$Companion: void bind(androidx.sqlite.db.SupportSQLiteProgram,java.lang.Object[])>
08-28 20:20:56.051 16155 16170 D GAPS    : METHOD=<kotlin.io.CloseableKt: void closeFinally(java.io.Closeable,java.lang.Throwable)>
08-28 20:20:56.051 16155 16170 D GAPS    : METHOD=<androidx.work.impl.WorkDatabase_Impl$1: void onOpen(androidx.sqlite.db.SupportSQLiteDatabase)>
08-28 20:20:56.051 16155 16170 D GAPS    : METHOD=<androidx.work.impl.WorkDatabase_Impl: androidx.sqlite.db.SupportSQLiteDatabase access$602(androidx.work.impl.WorkDatabase_Impl,androidx.sqlite.db.SupportSQLiteDatabase)>
08-28 20:20:56.051 16155 16170 D GAPS    : METHOD=<androidx.sqlite.db.framework.FrameworkSQLiteDatabase: void execSQL(java.lang.String)>
08-28 20:20:56.051 16155 16170 D GAPS    : METHOD=<androidx.work.impl.WorkDatabase_Impl: void access$700(androidx.work.impl.WorkDatabase_Impl,androidx.sqlite.db.SupportSQLiteDatabase)>
08-28 20:20:56.051 16155 16170 D GAPS    : METHOD=<androidx.room.RoomDatabase: void internalInitInvalidationTracker(androidx.sqlite.db.SupportSQLiteDatabase)>
08-28 20:20:56.051 16155 16170 D GAPS    : METHOD=<androidx.room.RoomDatabase: androidx.room.InvalidationTracker getInvalidationTracker()>
