08-28 20:20:56.051 16155 16170 D GAPS    : METHOD=<androidx.room.InvalidationTracker: void internalInit$room_runtime_release(androidx.sqlite.db.SupportSQLiteDatabase)>
08-28 20:20:56.051 16155 16170 D GAPS    : METHOD=<androidx.room.InvalidationTracker: void syncTriggers$room_runtime_release(androidx.sqlite.db.SupportSQLiteDatabase)>
08-28 20:20:56.051 16155 16170 D GAPS    : METHOD=<androidx.sqlite.db.framework.FrameworkSQLiteDatabase: boolean inTransaction()>
08-28 20:20:56.051 16155 16170 D GAPS    : METHOD=<androidx.room.RoomDatabase: java.util.concurrent.locks.Lock getCloseLock$room_runtime_release()>
08-28 20:20:56.051 16155 16170 D GAPS    : METHOD=<androidx.room.InvalidationTracker$ObservedTableTracker: int[] getTablesToSync()>
08-28 20:20:56.051 16155 16170 D GAPS    : METHOD=<androidx.sqlite.db.framework.FrameworkSQLiteDatabase: androidx.sqlite.db.SupportSQLiteStatement compileStatement(java.lang.String)>
08-28 20:20:56.051 16155 16155 D GAPS    : CLASS=org.wikipedia.page.tabs.Tab
08-28 20:20:56.051 16155 16170 D GAPS    : CLASS=androidx.sqlite.db.framework.FrameworkSQLiteStatement
08-28 20:20:56.051 16155 16170 D GAPS    : METHOD=<androidx.sqlite.db.framework.FrameworkSQLiteStatement: void <init>(android.database.sqlite.SQLiteStatement)>
08-28 20:20:56.051 16155 16170 D GAPS    : METHOD=<androidx.work.impl.WorkDatabase_Impl: java.util.List access$800(androidx.work.impl.WorkDatabase_Impl)>
08-28 20:20:56.051 16155 16170 D GAPS    : METHOD=<androidx.work.impl.WorkDatabase_Impl: java.util.List access$900(androidx.work.impl.WorkDatabase_Impl)>
08-28 20:20:56.051 16155 16170 D GAPS    : METHOD=<androidx.work.impl.WorkDatabase_Impl: java.util.List access$1000(androidx.work.impl.WorkDatabase_Impl)>
08-28 20:20:56.051 16155 16170 D GAPS    : METHOD=<androidx.work.impl.CleanupCallback: void onOpen(androidx.sqlite.db.SupportSQLiteDatabase)>
08-28 20:20:56.051 16155 16170 D GAPS    : METHOD=<androidx.room.RoomDatabase$Callback: void onOpen(androidx.sqlite.db.SupportSQLiteDatabase)>
08-28 20:20:56.051 16155 16170 D GAPS    : METHOD=<androidx.sqlite.db.framework.FrameworkSQLiteDatabase: void beginTransaction()>
08-28 20:20:56.051 16155 16170 D GAPS    : METHOD=<androidx.work.impl.CleanupCallback: java.lang.String getPruneSQL()>
08-28 20:20:56.051 16155 16170 D GAPS    : METHOD=<androidx.work.impl.CleanupCallback: long getPruneDate()>
08-28 20:20:56.051 16155 16170 D GAPS    : CLASS=androidx.work.impl.WorkDatabaseKt
08-28 20:20:56.051 16155 16170 D GAPS    : METHOD=<androidx.work.impl.WorkDatabaseKt: void <clinit>()>
08-28 20:20:56.051 16155 16170 D GAPS    : METHOD=<androidx.work.impl.WorkDatabaseKt: long access$getPRUNE_THRESHOLD_MILLIS$p()>
08-28 20:20:56.052 16155 16170 D GAPS    : METHOD=<androidx.sqlite.db.framework.FrameworkSQLiteDatabase: void setTransactionSuccessful()>
08-28 20:20:56.052 16155 16170 D GAPS    : METHOD=<androidx.sqlite.db.framework.FrameworkSQLiteDatabase: void endTransaction()>
08-28 20:20:56.052 16155 16170 D GAPS    : METHOD=<androidx.sqlite.util.ProcessLock: void unlock()>
08-28 20:20:56.052 16155 16170 D GAPS    : METHOD=<androidx.room.util.DBUtil: android.database.Cursor query(androidx.room.RoomDatabase,androidx.sqlite.db.SupportSQLiteQuery,boolean,android.os.CancellationSignal)>
08-28 20:20:56.052 16155 16170 D GAPS    : METHOD=<androidx.room.RoomDatabase: android.database.Cursor query(androidx.sqlite.db.SupportSQLiteQuery,android.os.CancellationSignal)>
08-28 20:20:56.052 16155 16170 D GAPS    : METHOD=<androidx.room.RoomDatabase: void assertNotMainThread()>
08-28 20:20:56.052 16155 16170 D GAPS    : METHOD=<androidx.room.RoomDatabase: boolean isMainThread$room_runtime_release()>
08-28 20:20:56.052 16155 16170 D GAPS    : METHOD=<androidx.room.RoomSQLiteQuery: java.lang.String getSql()>
08-28 20:20:56.052 16155 16155 D GAPS    : METHOD=<org.wikipedia.page.tabs.Tab: void <clinit>()>
08-28 20:20:56.052 16155 16155 D GAPS    : CLASS=org.wikipedia.page.tabs.Tab$Companion
08-28 20:20:56.052 16155 16155 D GAPS    : METHOD=<org.wikipedia.page.tabs.Tab$Companion: void <init>(kotlin.jvm.internal.DefaultConstructorMarker)>
08-28 20:20:56.052 16155 16155 D GAPS    : METHOD=<org.wikipedia.page.tabs.Tab$Companion: void <init>()>
08-28 20:20:56.052 16155 16170 D GAPS    : METHOD=<androidx.room.RoomSQLiteQuery: void bindTo(androidx.sqlite.db.SupportSQLiteProgram)>
08-28 20:20:56.052 16155 16170 D GAPS    : METHOD=<androidx.room.RoomSQLiteQuery: int getArgCount()>
08-28 20:20:56.052 16155 16170 D GAPS    : METHOD=<androidx.room.RoomSQLiteQuery: void release()>
08-28 20:20:56.052 16155 16170 D GAPS    : METHOD=<androidx.room.RoomSQLiteQuery$Companion: void prunePoolLocked$room_runtime_release()>
08-28 20:20:56.052 16155 16170 D GAPS    : METHOD=<androidx.work.impl.WorkDatabase_Impl: androidx.work.impl.model.WorkSpecDao workSpecDao()>
08-28 20:20:56.052 16155 16170 D GAPS    : CLASS=androidx.work.impl.model.WorkSpecDao_Impl
08-28 20:20:56.052 16155 16170 D GAPS    : METHOD=<androidx.work.impl.model.WorkSpecDao_Impl: void <init>(androidx.room.RoomDatabase)>
08-28 20:20:56.052 16155 16170 D GAPS    : CLASS=androidx.work.impl.model.WorkSpecDao_Impl$1
08-28 20:20:56.052 16155 16170 D GAPS    : METHOD=<androidx.work.impl.model.WorkSpecDao_Impl$1: void <init>(androidx.work.impl.model.WorkSpecDao_Impl,androidx.room.RoomDatabase)>
08-28 20:20:56.052 16155 16170 D GAPS    : CLASS=androidx.work.impl.model.WorkSpecDao_Impl$2
08-28 20:20:56.052 16155 16170 D GAPS    : METHOD=<androidx.work.impl.model.WorkSpecDao_Impl$2: void <init>(androidx.work.impl.model.WorkSpecDao_Impl,androidx.room.RoomDatabase)>
08-28 20:20:56.052 16155 16170 D GAPS    : CLASS=androidx.room.EntityDeletionOrUpdateAdapter
08-28 20:20:56.052 16155 16170 D GAPS    : METHOD=<androidx.room.EntityDeletionOrUpdateAdapter: void <init>(androidx.room.RoomDatabase)>
08-28 20:20:56.052 16155 16170 D GAPS    : CLASS=androidx.work.impl.model.WorkSpecDao_Impl$3
08-28 20:20:56.052 16155 16170 D GAPS    : METHOD=<androidx.work.impl.model.WorkSpecDao_Impl$3: void <init>(androidx.work.impl.model.WorkSpecDao_Impl,androidx.room.RoomDatabase)>
08-28 20:20:56.052 16155 16170 D GAPS    : CLASS=androidx.work.impl.model.WorkSpecDao_Impl$4
08-28 20:20:56.052 16155 16170 D GAPS    : METHOD=<androidx.work.impl.model.WorkSpecDao_Impl$4: void <init>(androidx.work.impl.model.WorkSpecDao_Impl,androidx.room.RoomDatabase)>
08-28 20:20:56.052 16155 16170 D GAPS    : CLASS=androidx.work.impl.model.WorkSpecDao_Impl$5
08-28 20:20:56.052 16155 16170 D GAPS    : METHOD=<androidx.work.impl.model.WorkSpecDao_Impl$5: void <init>(androidx.work.impl.model.WorkSpecDao_Impl,androidx.room.RoomDatabase)>
08-28 20:20:56.052 16155 16170 D GAPS    : CLASS=androidx.work.impl.model.WorkSpecDao_Impl$6
08-28 20:20:56.052 16155 16170 D GAPS    : METHOD=<androidx.work.impl.model.WorkSpecDao_Impl$6: void <init>(androidx.work.impl.model.WorkSpecDao_Impl,androidx.room.RoomDatabase)>
08-28 20:20:56.052 16155 16170 D GAPS    : CLASS=androidx.work.impl.model.WorkSpecDao_Impl$7
08-28 20:20:56.052 16155 16170 D GAPS    : METHOD=<androidx.work.impl.model.WorkSpecDao_Impl$7: void <init>(androidx.work.impl.model.WorkSpecDao_Impl,androidx.room.RoomDatabase)>
08-28 20:20:56.052 16155 16170 D GAPS    : CLASS=androidx.work.impl.model.WorkSpecDao_Impl$8
08-28 20:20:56.052 16155 16170 D GAPS    : METHOD=<androidx.work.impl.model.WorkSpecDao_Impl$8: void <init>(androidx.work.impl.model.WorkSpecDao_Impl,androidx.room.RoomDatabase)>
08-28 20:20:56.052 16155 16170 D GAPS    : CLASS=androidx.work.impl.model.WorkSpecDao_Impl$9
08-28 20:20:56.052 16155 16170 D GAPS    : METHOD=<androidx.work.impl.model.WorkSpecDao_Impl$9: void <init>(androidx.work.impl.model.WorkSpecDao_Impl,androidx.room.RoomDatabase)>
08-28 20:20:56.052 16155 16170 D GAPS    : CLASS=androidx.work.impl.model.WorkSpecDao_Impl$10
08-28 20:20:56.052 16155 16170 D GAPS    : METHOD=<androidx.work.impl.model.WorkSpecDao_Impl$10: void <init>(androidx.work.impl.model.WorkSpecDao_Impl,androidx.room.RoomDatabase)>
08-28 20:20:56.052 16155 16170 D GAPS    : CLASS=androidx.work.impl.model.WorkSpecDao_Impl$11
08-28 20:20:56.052 16155 16170 D GAPS    : METHOD=<androidx.work.impl.model.WorkSpecDao_Impl$11: void <init>(androidx.work.impl.model.WorkSpecDao_Impl,androidx.room.RoomDatabase)>
08-28 20:20:56.052 16155 16170 D GAPS    : CLASS=androidx.work.impl.model.WorkSpecDao_Impl$12
08-28 20:20:56.052 16155 16170 D GAPS    : METHOD=<androidx.work.impl.model.WorkSpecDao_Impl$12: void <init>(androidx.work.impl.model.WorkSpecDao_Impl,androidx.room.RoomDatabase)>
08-28 20:20:56.052 16155 16170 D GAPS    : CLASS=androidx.work.impl.model.WorkSpecDao_Impl$13
08-28 20:20:56.052 16155 16170 D GAPS    : METHOD=<androidx.work.impl.model.WorkSpecDao_Impl$13: void <init>(androidx.work.impl.model.WorkSpecDao_Impl,androidx.room.RoomDatabase)>
08-28 20:20:56.052 16155 16170 D GAPS    : METHOD=<androidx.work.impl.WorkDatabase_Impl: androidx.work.impl.model.WorkProgressDao workProgressDao()>
08-28 20:20:56.052 16155 16170 D GAPS    : CLASS=androidx.work.impl.model.WorkProgressDao_Impl
08-28 20:20:56.052 16155 16170 D GAPS    : METHOD=<androidx.work.impl.model.WorkProgressDao_Impl: void <init>(androidx.room.RoomDatabase)>
08-28 20:20:56.052 16155 16170 D GAPS    : CLASS=androidx.work.impl.model.WorkProgressDao_Impl$1
08-28 20:20:56.052 16155 16170 D GAPS    : METHOD=<androidx.work.impl.model.WorkProgressDao_Impl$1: void <init>(androidx.work.impl.model.WorkProgressDao_Impl,androidx.room.RoomDatabase)>
08-28 20:20:56.052 16155 16170 D GAPS    : CLASS=androidx.work.impl.model.WorkProgressDao_Impl$2
08-28 20:20:56.052 16155 16170 D GAPS    : METHOD=<androidx.work.impl.model.WorkProgressDao_Impl$2: void <init>(androidx.work.impl.model.WorkProgressDao_Impl,androidx.room.RoomDatabase)>
08-28 20:20:56.052 16155 16170 D GAPS    : CLASS=androidx.work.impl.model.WorkProgressDao_Impl$3
08-28 20:20:56.052 16155 16170 D GAPS    : METHOD=<androidx.work.impl.model.WorkProgressDao_Impl$3: void <init>(androidx.work.impl.model.WorkProgressDao_Impl,androidx.room.RoomDatabase)>
08-28 20:20:56.052 16155 16170 D GAPS    : METHOD=<androidx.room.RoomDatabase: void beginTransaction()>
08-28 20:20:56.052 16155 16170 D GAPS    : METHOD=<androidx.room.RoomDatabase: void internalBeginTransaction()>
08-28 20:20:56.052 16155 16170 D GAPS    : METHOD=<androidx.sqlite.db.framework.FrameworkSQLiteDatabase: boolean isWriteAheadLoggingEnabled()>
08-28 20:20:56.052 16155 16170 D GAPS    : METHOD=<androidx.sqlite.db.SupportSQLiteCompat$Api16Impl: boolean isWriteAheadLoggingEnabled(android.database.sqlite.SQLiteDatabase)>
08-28 20:20:56.052 16155 16170 D GAPS    : METHOD=<androidx.sqlite.db.framework.FrameworkSQLiteDatabase: void beginTransactionNonExclusive()>
08-28 20:20:56.052 16155 16170 D GAPS    : METHOD=<androidx.work.impl.model.WorkSpecDao_Impl: java.util.List getRunningWork()>
08-28 20:20:56.053 16155 16170 D GAPS    : METHOD=<androidx.room.util.CursorUtil: int getColumnIndexOrThrow(android.database.Cursor,java.lang.String)>
08-28 20:20:56.053 16155 16170 D GAPS    : METHOD=<androidx.room.util.CursorUtil: int getColumnIndex(android.database.Cursor,java.lang.String)>
08-28 20:20:56.053 16155 16170 D GAPS    : METHOD=<androidx.work.impl.model.WorkProgressDao_Impl: void deleteAll()>
08-28 20:20:56.053 16155 16170 D GAPS    : METHOD=<androidx.room.SharedSQLiteStatement: androidx.sqlite.db.SupportSQLiteStatement acquire()>
08-28 20:20:56.053 16155 16170 D GAPS    : METHOD=<androidx.room.SharedSQLiteStatement: void assertNotMainThread()>
08-28 20:20:56.053 16155 16170 D GAPS    : METHOD=<androidx.room.SharedSQLiteStatement: androidx.sqlite.db.SupportSQLiteStatement getStmt(boolean)>
08-28 20:20:56.053 16155 16170 D GAPS    : METHOD=<androidx.room.SharedSQLiteStatement: androidx.sqlite.db.SupportSQLiteStatement getStmt()>
08-28 20:20:56.053 16155 16170 D GAPS    : METHOD=<androidx.room.SharedSQLiteStatement$stmt$2: java.lang.Object invoke()>
08-28 20:20:56.053 16155 16170 D GAPS    : METHOD=<androidx.room.SharedSQLiteStatement$stmt$2: androidx.sqlite.db.SupportSQLiteStatement invoke()>
08-28 20:20:56.053 16155 16170 D GAPS    : METHOD=<androidx.room.SharedSQLiteStatement: androidx.sqlite.db.SupportSQLiteStatement access$createNewStatement(androidx.room.SharedSQLiteStatement)>
08-28 20:20:56.053 16155 16170 D GAPS    : METHOD=<androidx.room.SharedSQLiteStatement: androidx.sqlite.db.SupportSQLiteStatement createNewStatement()>
08-28 20:20:56.053 16155 16170 D GAPS    : METHOD=<androidx.work.impl.model.WorkProgressDao_Impl$3: java.lang.String createQuery()>
08-28 20:20:56.053 16155 16170 D GAPS    : METHOD=<androidx.room.RoomDatabase: androidx.sqlite.db.SupportSQLiteStatement compileStatement(java.lang.String)>
08-28 20:20:56.053 16155 16170 D GAPS    : METHOD=<androidx.sqlite.db.framework.FrameworkSQLiteStatement: int executeUpdateDelete()>
08-28 20:20:56.053 16155 16170 D GAPS    : METHOD=<androidx.room.RoomDatabase: void setTransactionSuccessful()>
08-28 20:20:56.053 16155 16170 D GAPS    : METHOD=<androidx.room.RoomDatabase: void endTransaction()>
08-28 20:20:56.053 16155 16170 D GAPS    : METHOD=<androidx.room.RoomDatabase: void internalEndTransaction()>
08-28 20:20:56.053 16155 16170 D GAPS    : METHOD=<androidx.room.SharedSQLiteStatement: void release(androidx.sqlite.db.SupportSQLiteStatement)>
08-28 20:20:56.053 16155 16170 D GAPS    : METHOD=<androidx.room.InvalidationTracker: void refreshVersionsAsync()>
08-28 20:20:56.053 16155 16170 D GAPS    : METHOD=<androidx.room.RoomDatabase: java.util.concurrent.Executor getQueryExecutor()>
08-28 20:20:56.053 16155 16170 D GAPS    : METHOD=<androidx.work.impl.utils.ForceStopRunnable: boolean shouldRescheduleWorkers()>
08-28 20:20:56.053 16155 16170 D GAPS    : METHOD=<androidx.work.impl.utils.PreferenceUtils: boolean getNeedsReschedule()>
08-28 20:20:56.053 16155 16170 D GAPS    : METHOD=<androidx.work.impl.WorkDatabase_Impl: androidx.work.impl.model.PreferenceDao preferenceDao()>
08-28 20:20:56.053 16155 16170 D GAPS    : CLASS=androidx.work.impl.model.PreferenceDao_Impl
08-28 20:20:56.053 16155 16170 D GAPS    : METHOD=<androidx.work.impl.model.PreferenceDao_Impl: void <init>(androidx.room.RoomDatabase)>
08-28 20:20:56.053 16155 16170 D GAPS    : CLASS=androidx.work.impl.model.PreferenceDao_Impl$1
08-28 20:20:56.053 16155 16170 D GAPS    : METHOD=<androidx.work.impl.model.PreferenceDao_Impl$1: void <init>(androidx.work.impl.model.PreferenceDao_Impl,androidx.room.RoomDatabase)>
08-28 20:20:56.053 16155 16170 D GAPS    : METHOD=<androidx.work.impl.model.PreferenceDao_Impl: java.lang.Long getLongValue(java.lang.String)>
08-28 20:20:56.053 16155 16170 D GAPS    : METHOD=<androidx.room.RoomSQLiteQuery: void bindString(int,java.lang.String)>
08-28 20:20:56.053 16155 16170 D GAPS    : METHOD=<androidx.sqlite.db.framework.FrameworkSQLiteProgram: void bindString(int,java.lang.String)>
08-28 20:20:56.053 16155 16170 D GAPS    : METHOD=<androidx.work.impl.utils.ForceStopRunnable: boolean isForceStopped()>
08-28 20:20:56.053 16155 16170 D GAPS    : METHOD=<androidx.work.impl.utils.ForceStopRunnable: android.app.PendingIntent getPendingIntent(android.content.Context,int)>
08-28 20:20:56.053 16155 16170 D GAPS    : METHOD=<androidx.work.impl.utils.ForceStopRunnable: android.content.Intent getIntent(android.content.Context)>
08-28 20:20:56.053 16155 16170 D GAPS    : METHOD=<androidx.work.impl.utils.ForceStopRunnable$$ExternalSyntheticApiModelOutline0: java.util.List m(android.app.ActivityManager,java.lang.String,int,int)>
08-28 20:20:56.053 16155 16155 D GAPS    : CLASS=org.wikipedia.page.PageBackStackItem$$serializer
08-28 20:20:56.053 16155 16170 D GAPS    : METHOD=<androidx.work.impl.utils.PreferenceUtils: long getLastForceStopEventMillis()>
08-28 20:20:56.053 16155 16170 D GAPS    : METHOD=<androidx.work.impl.utils.ForceStopRunnable$$ExternalSyntheticApiModelOutline1: android.app.ApplicationExitInfo m(java.lang.Object)>
08-28 20:20:56.054 16155 16170 D GAPS    : METHOD=<androidx.work.impl.utils.ForceStopRunnable$$ExternalSyntheticApiModelOutline2: int m(android.app.ApplicationExitInfo)>
08-28 20:20:56.054 16155 16170 D GAPS    : METHOD=<androidx.work.impl.WorkManagerImpl: void onForceStopRunnableCompleted()>
08-28 20:20:56.054 16155 16173 D GAPS    : METHOD=<androidx.room.InvalidationTracker$refreshRunnable$1: void run()>
08-28 20:20:56.054 16155 16173 D GAPS    : METHOD=<androidx.room.InvalidationTracker: androidx.room.RoomDatabase getDatabase$room_runtime_release()>
08-28 20:20:56.054 16155 16173 D GAPS    : METHOD=<androidx.room.InvalidationTracker: boolean ensureInitialization$room_runtime_release()>
08-28 20:20:56.054 16155 16173 D GAPS    : METHOD=<androidx.room.RoomDatabase: boolean isOpenInternal()>
08-28 20:20:56.054 16155 16173 D GAPS    : METHOD=<androidx.sqlite.db.framework.FrameworkSQLiteDatabase: boolean isOpen()>
08-28 20:20:56.054 16155 16173 D GAPS    : METHOD=<androidx.room.InvalidationTracker: java.util.concurrent.atomic.AtomicBoolean getPendingRefresh()>
08-28 20:20:56.054 16155 16173 D GAPS    : METHOD=<androidx.room.InvalidationTracker$refreshRunnable$1: java.util.Set checkUpdatedTable()>
08-28 20:20:56.054 16155 16173 D GAPS    : METHOD=<kotlin.collections.SetsKt: java.util.Set createSetBuilder()>
08-28 20:20:56.054 16155 16173 D GAPS    : METHOD=<kotlin.collections.SetsKt__SetsJVMKt: java.util.Set createSetBuilder()>
08-28 20:20:56.054 16155 16173 D GAPS    : CLASS=kotlin.collections.builders.SetBuilder
08-28 20:20:56.054 16155 16173 D GAPS    : METHOD=<kotlin.collections.builders.SetBuilder: void <clinit>()>
08-28 20:20:56.054 16155 16155 D GAPS    : METHOD=<org.wikipedia.page.PageBackStackItem$$serializer: void <clinit>()>
08-28 20:20:56.054 16155 16155 D GAPS    : METHOD=<org.wikipedia.page.PageBackStackItem$$serializer: void <init>()>
08-28 20:20:56.054 16155 16173 D GAPS    : CLASS=kotlin.collections.builders.SetBuilder$Companion
08-28 20:20:56.054 16155 16173 D GAPS    : METHOD=<kotlin.collections.builders.SetBuilder$Companion: void <init>(kotlin.jvm.internal.DefaultConstructorMarker)>
08-28 20:20:56.054 16155 16173 D GAPS    : METHOD=<kotlin.collections.builders.SetBuilder$Companion: void <init>()>
08-28 20:20:56.054 16155 16155 D GAPS    : CLASS=kotlinx.serialization.internal.PluginGeneratedSerialDescriptor
08-28 20:20:56.054 16155 16173 D GAPS    : CLASS=kotlin.collections.builders.MapBuilder
08-28 20:20:56.054 16155 16173 D GAPS    : METHOD=<kotlin.collections.builders.MapBuilder: void <clinit>()>
08-28 20:20:56.054 16155 16173 D GAPS    : CLASS=kotlin.collections.builders.MapBuilder$Companion
08-28 20:20:56.054 16155 16173 D GAPS    : METHOD=<kotlin.collections.builders.MapBuilder$Companion: void <init>(kotlin.jvm.internal.DefaultConstructorMarker)>
08-28 20:20:56.054 16155 16173 D GAPS    : METHOD=<kotlin.collections.builders.MapBuilder$Companion: void <init>()>
08-28 20:20:56.054 16155 16173 D GAPS    : METHOD=<kotlin.collections.builders.MapBuilder: void <init>(int)>
08-28 20:20:56.054 16155 16173 D GAPS    : METHOD=<kotlin.collections.builders.ListBuilderKt: java.lang.Object[] arrayOfUninitializedElements(int)>
08-28 20:20:56.054 16155 16173 D GAPS    : METHOD=<kotlin.collections.builders.MapBuilder$Companion: int access$computeHashSize(kotlin.collections.builders.MapBuilder$Companion,int)>
08-28 20:20:56.054 16155 16173 D GAPS    : METHOD=<kotlin.collections.builders.MapBuilder$Companion: int computeHashSize(int)>
08-28 20:20:56.054 16155 16173 D GAPS    : METHOD=<kotlin.ranges.RangesKt: int coerceAtLeast(int,int)>
08-28 20:20:56.054 16155 16173 D GAPS    : METHOD=<kotlin.ranges.RangesKt___RangesKt: int coerceAtLeast(int,int)>
08-28 20:20:56.054 16155 16173 D GAPS    : METHOD=<kotlin.collections.builders.MapBuilder: void <init>(java.lang.Object[],java.lang.Object[],int[],int[],int,int)>
08-28 20:20:56.054 16155 16173 D GAPS    : METHOD=<kotlin.collections.builders.MapBuilder: int getHashSize()>
08-28 20:20:56.054 16155 16173 D GAPS    : METHOD=<kotlin.collections.builders.MapBuilder$Companion: int access$computeShift(kotlin.collections.builders.MapBuilder$Companion,int)>
08-28 20:20:56.054 16155 16173 D GAPS    : METHOD=<kotlin.collections.builders.MapBuilder$Companion: int computeShift(int)>
08-28 20:20:56.054 16155 16173 D GAPS    : METHOD=<kotlin.collections.builders.MapBuilder$Companion: kotlin.collections.builders.MapBuilder getEmpty$kotlin_stdlib()>
08-28 20:20:56.054 16155 16173 D GAPS    : METHOD=<kotlin.collections.builders.MapBuilder: kotlin.collections.builders.MapBuilder access$getEmpty$cp()>
08-28 20:20:56.054 16155 16173 D GAPS    : METHOD=<kotlin.collections.builders.SetBuilder: void <init>(kotlin.collections.builders.MapBuilder)>
08-28 20:20:56.054 16155 16173 D GAPS    : CLASS=kotlin.collections.AbstractMutableSet
08-28 20:20:56.054 16155 16173 D GAPS    : METHOD=<kotlin.collections.AbstractMutableSet: void <init>()>
08-28 20:20:56.054 16155 16173 D GAPS    : METHOD=<kotlin.collections.builders.SetBuilder: void <init>()>
08-28 20:20:56.054 16155 16173 D GAPS    : METHOD=<kotlin.collections.builders.MapBuilder: void <init>()>
08-28 20:20:56.054 16155 16173 D GAPS    : METHOD=<androidx.room.RoomDatabase: android.database.Cursor query$default(androidx.room.RoomDatabase,androidx.sqlite.db.SupportSQLiteQuery,android.os.CancellationSignal,int,java.lang.Object)>
08-28 20:20:56.054 16155 16173 D GAPS    : METHOD=<kotlin.collections.SetsKt: java.util.Set build(java.util.Set)>
08-28 20:20:56.054 16155 16173 D GAPS    : METHOD=<kotlin.collections.SetsKt__SetsJVMKt: java.util.Set build(java.util.Set)>
08-28 20:20:56.054 16155 16173 D GAPS    : METHOD=<kotlin.collections.builders.SetBuilder: java.util.Set build()>
08-28 20:20:56.054 16155 16173 D GAPS    : METHOD=<kotlin.collections.builders.MapBuilder: java.util.Map build()>
08-28 20:20:56.054 16155 16173 D GAPS    : METHOD=<kotlin.collections.builders.MapBuilder: void checkIsMutable$kotlin_stdlib()>
08-28 20:20:56.054 16155 16173 D GAPS    : METHOD=<kotlin.collections.builders.MapBuilder: int size()>
08-28 20:20:56.054 16155 16173 D GAPS    : METHOD=<kotlin.collections.builders.MapBuilder: int getSize()>
08-28 20:20:56.054 16155 16173 D GAPS    : METHOD=<kotlin.collections.AbstractMutableSet: int size()>
08-28 20:20:56.054 16155 16173 D GAPS    : METHOD=<kotlin.collections.builders.SetBuilder: int getSize()>
08-28 20:20:56.054 16155 16173 D GAPS    : METHOD=<kotlin.collections.builders.SetBuilder: boolean isEmpty()>
08-28 20:20:56.054 16155 16173 D GAPS    : METHOD=<kotlin.collections.builders.MapBuilder: boolean isEmpty()>
08-28 20:20:56.054 16155 16173 D GAPS    : METHOD=<androidx.room.InvalidationTracker: androidx.room.AutoCloser access$getAutoCloser$p(androidx.room.InvalidationTracker)>
08-28 20:20:56.055 16155 16155 D GAPS    : METHOD=<kotlinx.serialization.internal.PluginGeneratedSerialDescriptor: void <init>(java.lang.String,kotlinx.serialization.internal.GeneratedSerializer,int)>
08-28 20:20:56.055 16155 16155 D GAPS    : METHOD=<kotlin.collections.MapsKt: java.util.Map emptyMap()>
08-28 20:20:56.055 16155 16155 D GAPS    : METHOD=<kotlin.collections.MapsKt__MapsKt: java.util.Map emptyMap()>
08-28 20:20:56.055 16155 16155 D GAPS    : CLASS=kotlin.collections.EmptyMap
08-28 20:20:56.055 16155 16155 D GAPS    : METHOD=<kotlin.collections.EmptyMap: void <clinit>()>
08-28 20:20:56.055 16155 16155 D GAPS    : METHOD=<kotlin.collections.EmptyMap: void <init>()>
08-28 20:20:56.055 16155 16155 D GAPS    : CLASS=kotlin.LazyThreadSafetyMode
08-28 20:20:56.055 16155 16155 D GAPS    : METHOD=<kotlin.LazyThreadSafetyMode: void <clinit>()>
08-28 20:20:56.055 16155 16155 D GAPS    : METHOD=<kotlin.LazyThreadSafetyMode: void <init>(java.lang.String,int)>
08-28 20:20:56.055 16155 16155 D GAPS    : METHOD=<kotlin.LazyThreadSafetyMode: kotlin.LazyThreadSafetyMode[] $values()>
08-28 20:20:56.055 16155 16155 D GAPS    : CLASS=kotlinx.serialization.internal.PluginGeneratedSerialDescriptor$childSerializers$2
08-28 20:20:56.055 16155 16155 D GAPS    : METHOD=<kotlinx.serialization.internal.PluginGeneratedSerialDescriptor$childSerializers$2: void <init>(kotlinx.serialization.internal.PluginGeneratedSerialDescriptor)>
08-28 20:20:56.055 16155 16155 D GAPS    : METHOD=<kotlin.LazyKt: kotlin.Lazy lazy(kotlin.LazyThreadSafetyMode,kotlin.jvm.functions.Function0)>
08-28 20:20:56.055 16155 16155 D GAPS    : METHOD=<kotlin.LazyKt__LazyJVMKt: kotlin.Lazy lazy(kotlin.LazyThreadSafetyMode,kotlin.jvm.functions.Function0)>
08-28 20:20:56.055 16155 16155 D GAPS    : CLASS=kotlin.LazyKt__LazyJVMKt$WhenMappings
08-28 20:20:56.055 16155 16155 D GAPS    : METHOD=<kotlin.LazyKt__LazyJVMKt$WhenMappings: void <clinit>()>
08-28 20:20:56.055 16155 16155 D GAPS    : METHOD=<kotlin.LazyThreadSafetyMode: kotlin.LazyThreadSafetyMode[] values()>
08-28 20:20:56.055 16155 16155 D GAPS    : CLASS=kotlin.SafePublicationLazyImpl
08-28 20:20:56.055 16155 16155 D GAPS    : METHOD=<kotlin.SafePublicationLazyImpl: void <clinit>()>
08-28 20:20:56.055 16155 16155 D GAPS    : CLASS=kotlin.SafePublicationLazyImpl$Companion
08-28 20:20:56.055 16155 16155 D GAPS    : METHOD=<kotlin.SafePublicationLazyImpl$Companion: void <init>(kotlin.jvm.internal.DefaultConstructorMarker)>
08-28 20:20:56.055 16155 16155 D GAPS    : METHOD=<kotlin.SafePublicationLazyImpl$Companion: void <init>()>
08-28 20:20:56.055 16155 16155 D GAPS    : METHOD=<kotlin.SafePublicationLazyImpl: void <init>(kotlin.jvm.functions.Function0)>
08-28 20:20:56.055 16155 16155 D GAPS    : CLASS=kotlinx.serialization.internal.PluginGeneratedSerialDescriptor$typeParameterDescriptors$2
08-28 20:20:56.055 16155 16155 D GAPS    : METHOD=<kotlinx.serialization.internal.PluginGeneratedSerialDescriptor$typeParameterDescriptors$2: void <init>(kotlinx.serialization.internal.PluginGeneratedSerialDescriptor)>
08-28 20:20:56.055 16155 16155 D GAPS    : CLASS=kotlinx.serialization.internal.PluginGeneratedSerialDescriptor$_hashCode$2
08-28 20:20:56.055 16155 16155 D GAPS    : METHOD=<kotlinx.serialization.internal.PluginGeneratedSerialDescriptor$_hashCode$2: void <init>(kotlinx.serialization.internal.PluginGeneratedSerialDescriptor)>
08-28 20:20:56.055 16155 16155 D GAPS    : METHOD=<kotlinx.serialization.internal.PluginGeneratedSerialDescriptor: void addElement(java.lang.String,boolean)>
08-28 20:20:56.055 16155 16155 D GAPS    : METHOD=<kotlinx.serialization.internal.PluginGeneratedSerialDescriptor: java.util.Map buildIndices()>
08-28 20:20:56.055 16155 16155 D GAPS    : CLASS=kotlinx.serialization.internal.ArrayListSerializer
08-28 20:20:56.055 16155 16155 D GAPS    : METHOD=<kotlinx.serialization.internal.ArrayListSerializer: void <init>(kotlinx.serialization.KSerializer)>
08-28 20:20:56.055 16155 16155 D GAPS    : CLASS=kotlinx.serialization.internal.CollectionSerializer
08-28 20:20:56.055 16155 16155 D GAPS    : METHOD=<kotlinx.serialization.internal.CollectionSerializer: void <init>(kotlinx.serialization.KSerializer)>
08-28 20:20:56.055 16155 16155 D GAPS    : CLASS=kotlinx.serialization.internal.CollectionLikeSerializer
08-28 20:20:56.055 16155 16155 D GAPS    : METHOD=<kotlinx.serialization.internal.CollectionLikeSerializer: void <init>(kotlinx.serialization.KSerializer,kotlin.jvm.internal.DefaultConstructorMarker)>
08-28 20:20:56.055 16155 16155 D GAPS    : METHOD=<kotlinx.serialization.internal.CollectionLikeSerializer: void <init>(kotlinx.serialization.KSerializer)>
08-28 20:20:56.055 16155 16155 D GAPS    : CLASS=kotlinx.serialization.internal.AbstractCollectionSerializer
08-28 20:20:56.055 16155 16155 D GAPS    : METHOD=<kotlinx.serialization.internal.AbstractCollectionSerializer: void <init>(kotlin.jvm.internal.DefaultConstructorMarker)>
08-28 20:20:56.055 16155 16155 D GAPS    : METHOD=<kotlinx.serialization.internal.AbstractCollectionSerializer: void <init>()>
08-28 20:20:56.055 16155 16155 D GAPS    : METHOD=<org.wikipedia.page.PageBackStackItem$$serializer: kotlinx.serialization.descriptors.SerialDescriptor getDescriptor()>
08-28 20:20:56.055 16155 16155 D GAPS    : CLASS=kotlinx.serialization.internal.ArrayListClassDesc
08-28 20:20:56.055 16155 16155 D GAPS    : METHOD=<kotlinx.serialization.internal.ArrayListClassDesc: void <init>(kotlinx.serialization.descriptors.SerialDescriptor)>
08-28 20:20:56.055 16155 16155 D GAPS    : CLASS=kotlinx.serialization.internal.ListLikeDescriptor
08-28 20:20:56.055 16155 16155 D GAPS    : METHOD=<kotlinx.serialization.internal.ListLikeDescriptor: void <init>(kotlinx.serialization.descriptors.SerialDescriptor,kotlin.jvm.internal.DefaultConstructorMarker)>
08-28 20:20:56.055 16155 16155 D GAPS    : METHOD=<kotlinx.serialization.internal.ListLikeDescriptor: void <init>(kotlinx.serialization.descriptors.SerialDescriptor)>
08-28 20:20:56.055 16155 16155 D GAPS    : METHOD=<org.wikipedia.page.tabs.Tab: void <init>()>
08-28 20:20:56.055 16155 16155 D GAPS    : METHOD=<org.wikipedia.WikipediaApp: void enableWebViewDebugging()>
08-28 20:20:56.056 16155 16155 D GAPS    : CLASS=org.wikipedia.notifications.NotificationCategory
08-28 20:20:56.056 16155 16155 D GAPS    : METHOD=<org.wikipedia.notifications.NotificationCategory: void <clinit>()>
08-28 20:20:56.056 16155 16155 D GAPS    : METHOD=<org.wikipedia.notifications.NotificationCategory: void <init>(java.lang.String,int,java.lang.String,int,int,int,int,int,java.lang.String,int,kotlin.jvm.internal.DefaultConstructorMarker)>
08-28 20:20:56.056 16155 16155 D GAPS    : METHOD=<org.wikipedia.notifications.NotificationCategory: void <init>(java.lang.String,int,java.lang.String,int,int,int,int,int,java.lang.String)>
08-28 20:20:56.056 16155 16155 D GAPS    : METHOD=<org.wikipedia.notifications.NotificationCategory: org.wikipedia.notifications.NotificationCategory[] $values()>
08-28 20:20:56.056 16155 16155 D GAPS    : CLASS=org.wikipedia.notifications.NotificationCategory$Companion
08-28 20:20:56.056 16155 16155 D GAPS    : METHOD=<org.wikipedia.notifications.NotificationCategory$Companion: void <init>(kotlin.jvm.internal.DefaultConstructorMarker)>
08-28 20:20:56.056 16155 16155 D GAPS    : METHOD=<org.wikipedia.notifications.NotificationCategory$Companion: void <init>()>
08-28 20:20:56.056 16155 16155 D GAPS    : METHOD=<kotlin.collections.CollectionsKt: java.util.List listOf(java.lang.Object[])>
08-28 20:20:56.056 16155 16155 D GAPS    : METHOD=<kotlin.collections.CollectionsKt__CollectionsKt: java.util.List listOf(java.lang.Object[])>
08-28 20:20:56.057 16155 16155 D GAPS    : METHOD=<kotlin.collections.ArraysKt: java.util.List asList(java.lang.Object[])>
08-28 20:20:56.057 16155 16155 D GAPS    : METHOD=<kotlin.collections.ArraysKt___ArraysJvmKt: java.util.List asList(java.lang.Object[])>
08-28 20:20:56.057 16155 16155 D GAPS    : METHOD=<kotlin.collections.ArraysUtilJVM: java.util.List asList(java.lang.Object[])>
08-28 20:20:56.057 16155 16155 D GAPS    : CLASS=org.wikipedia.model.EnumCodeMap
08-28 20:20:56.057 16155 16155 D GAPS    : METHOD=<org.wikipedia.model.EnumCodeMap: void <init>(java.lang.Class)>
08-28 20:20:56.057 16155 16155 D GAPS    : METHOD=<org.wikipedia.model.EnumCodeMap: android.util.SparseArray codeToEnumMap(java.lang.Class)>
08-28 20:20:56.057 16155 16155 D GAPS    : METHOD=<org.wikipedia.notifications.NotificationCategory: org.wikipedia.notifications.NotificationCategory[] values()>
08-28 20:20:56.057 16155 16155 D GAPS    : METHOD=<org.wikipedia.notifications.NotificationCategory: int code()>
08-28 20:20:56.057 16155 16155 D GAPS    : METHOD=<org.wikipedia.notifications.NotificationCategory$Companion: void createNotificationChannels(android.content.Context)>
08-28 20:20:56.057 16155 16155 D GAPS    : CLASS=androidx.core.app.NotificationManagerCompat
08-28 20:20:56.057 16155 16155 D GAPS    : METHOD=<androidx.core.app.NotificationManagerCompat: void <clinit>()>
08-28 20:20:56.057 16155 16155 D GAPS    : METHOD=<androidx.core.app.NotificationManagerCompat: androidx.core.app.NotificationManagerCompat 'from'(android.content.Context)>
08-28 20:20:56.057 16155 16155 D GAPS    : METHOD=<androidx.core.app.NotificationManagerCompat: void <init>(android.content.Context)>
08-28 20:20:56.057 16155 16155 D GAPS    : METHOD=<androidx.core.app.NotificationManagerCompat: androidx.core.app.NotificationChannelGroupCompat getNotificationChannelGroupCompat(java.lang.String)>
08-28 20:20:56.057 16155 16155 D GAPS    : METHOD=<androidx.core.app.NotificationManagerCompat: android.app.NotificationChannelGroup getNotificationChannelGroup(java.lang.String)>
08-28 20:20:56.057 16155 16155 D GAPS    : METHOD=<androidx.core.app.NotificationManagerCompat$Api28Impl: android.app.NotificationChannelGroup getNotificationChannelGroup(android.app.NotificationManager,java.lang.String)>
08-28 20:20:56.057 16155 16155 D GAPS    : CLASS=androidx.core.app.NotificationChannelGroupCompat
08-28 20:20:56.057 16155 16155 D GAPS    : METHOD=<androidx.core.app.NotificationChannelGroupCompat: void <init>(android.app.NotificationChannelGroup)>
08-28 20:20:56.057 16155 16155 D GAPS    : METHOD=<androidx.core.app.NotificationChannelGroupCompat: void <init>(android.app.NotificationChannelGroup,java.util.List)>
08-28 20:20:56.057 16155 16155 D GAPS    : METHOD=<androidx.core.app.NotificationChannelGroupCompat$Api26Impl: java.lang.String getId(android.app.NotificationChannelGroup)>
08-28 20:20:56.057 16155 16155 D GAPS    : METHOD=<androidx.core.app.NotificationChannelGroupCompat: void <init>(java.lang.String)>
08-28 20:20:56.057 16155 16155 D GAPS    : METHOD=<androidx.core.util.Preconditions: java.lang.Object checkNotNull(java.lang.Object)>
08-28 20:20:56.057 16155 16155 D GAPS    : METHOD=<androidx.core.app.NotificationChannelGroupCompat$Api26Impl: java.lang.CharSequence getName(android.app.NotificationChannelGroup)>
08-28 20:20:56.057 16155 16155 D GAPS    : METHOD=<androidx.core.app.NotificationChannelGroupCompat$Api28Impl: java.lang.String getDescription(android.app.NotificationChannelGroup)>
08-28 20:20:56.057 16155 16155 D GAPS    : METHOD=<androidx.core.app.NotificationChannelGroupCompat$Api28Impl: boolean isBlocked(android.app.NotificationChannelGroup)>
08-28 20:20:56.057 16155 16155 D GAPS    : METHOD=<androidx.core.app.NotificationChannelGroupCompat$Api26Impl: java.util.List getChannels(android.app.NotificationChannelGroup)>
08-28 20:20:56.057 16155 16155 D GAPS    : METHOD=<androidx.core.app.NotificationChannelGroupCompat: java.util.List getChannelsCompat(java.util.List)>
08-28 20:20:56.057 16155 16155 D GAPS    : METHOD=<androidx.core.app.NotificationChannelGroupCompat$$ExternalSyntheticApiModelOutline0: android.app.NotificationChannel m(java.lang.Object)>
08-28 20:20:56.057 16155 16155 D GAPS    : METHOD=<androidx.core.app.NotificationChannelGroupCompat$Api26Impl: java.lang.String getGroup(android.app.NotificationChannel)>
08-28 20:20:56.057 16155 16155 D GAPS    : CLASS=androidx.core.app.NotificationChannelCompat
08-28 20:20:56.057 16155 16155 D GAPS    : METHOD=<androidx.core.app.NotificationChannelCompat: void <init>(android.app.NotificationChannel)>
08-28 20:20:56.057 16155 16155 D GAPS    : METHOD=<androidx.core.app.NotificationChannelCompat$Api26Impl: java.lang.String getId(android.app.NotificationChannel)>
08-28 20:20:56.057 16155 16155 D GAPS    : METHOD=<androidx.core.app.NotificationChannelCompat$Api26Impl: int getImportance(android.app.NotificationChannel)>
08-28 20:20:56.057 16155 16155 D GAPS    : METHOD=<androidx.core.app.NotificationChannelCompat: void <init>(java.lang.String,int)>
08-28 20:20:56.058 16155 16155 D GAPS    : METHOD=<androidx.core.app.NotificationChannelCompat$Api26Impl: java.lang.CharSequence getName(android.app.NotificationChannel)>
08-28 20:20:56.058 16155 16155 D GAPS    : METHOD=<androidx.core.app.NotificationChannelCompat$Api26Impl: java.lang.String getDescription(android.app.NotificationChannel)>
08-28 20:20:56.058 16155 16155 D GAPS    : METHOD=<androidx.core.app.NotificationChannelCompat$Api26Impl: java.lang.String getGroup(android.app.NotificationChannel)>
08-28 20:20:56.058 16155 16155 D GAPS    : METHOD=<androidx.core.app.NotificationChannelCompat$Api26Impl: boolean canShowBadge(android.app.NotificationChannel)>
08-28 20:20:56.058 16155 16155 D GAPS    : METHOD=<androidx.core.app.NotificationChannelCompat$Api26Impl: android.net.Uri getSound(android.app.NotificationChannel)>
08-28 20:20:56.058 16155 16155 D GAPS    : METHOD=<androidx.core.app.NotificationChannelCompat$Api26Impl: android.media.AudioAttributes getAudioAttributes(android.app.NotificationChannel)>
08-28 20:20:56.058 16155 16155 D GAPS    : METHOD=<androidx.core.app.NotificationChannelCompat$Api26Impl: boolean shouldShowLights(android.app.NotificationChannel)>
08-28 20:20:56.058 16155 16155 D GAPS    : METHOD=<androidx.core.app.NotificationChannelCompat$Api26Impl: int getLightColor(android.app.NotificationChannel)>
08-28 20:20:56.058 16155 16155 D GAPS    : METHOD=<androidx.core.app.NotificationChannelCompat$Api26Impl: boolean shouldVibrate(android.app.NotificationChannel)>
08-28 20:20:56.058 16155 16155 D GAPS    : METHOD=<androidx.core.app.NotificationChannelCompat$Api26Impl: long[] getVibrationPattern(android.app.NotificationChannel)>
08-28 20:20:56.058 16155 16155 D GAPS    : METHOD=<androidx.core.app.NotificationChannelCompat$Api30Impl: java.lang.String getParentChannelId(android.app.NotificationChannel)>
08-28 20:20:56.058 16155 16155 D GAPS    : METHOD=<androidx.core.app.NotificationChannelCompat$Api30Impl: java.lang.String getConversationId(android.app.NotificationChannel)>
08-28 20:20:56.058 16155 16155 D GAPS    : METHOD=<androidx.core.app.NotificationChannelCompat$Api26Impl: boolean canBypassDnd(android.app.NotificationChannel)>
08-28 20:20:56.058 16155 16155 D GAPS    : METHOD=<androidx.core.app.NotificationChannelCompat$Api26Impl: int getLockscreenVisibility(android.app.NotificationChannel)>
08-28 20:20:56.058 16155 16155 D GAPS    : METHOD=<androidx.core.app.NotificationChannelCompat$Api29Impl: boolean canBubble(android.app.NotificationChannel)>
08-28 20:20:56.058 16155 16155 D GAPS    : METHOD=<androidx.core.app.NotificationChannelCompat$Api30Impl: boolean isImportantConversation(android.app.NotificationChannel)>
08-28 20:20:56.058 16155 16155 D GAPS    : CLASS=org.wikipedia.util.log.L
08-28 20:20:56.059 16155 16155 D GAPS    : METHOD=<org.wikipedia.util.log.L: void <clinit>()>
08-28 20:20:56.059 16155 16155 D GAPS    : METHOD=<org.wikipedia.util.log.L: void <init>()>
08-28 20:20:56.059 16155 16155 D GAPS    : CLASS=org.wikipedia.util.log.L$LogLevel
08-28 20:20:56.059 16155 16155 D GAPS    : METHOD=<org.wikipedia.util.log.L$LogLevel: void <clinit>()>
08-28 20:20:56.059 16155 16155 D GAPS    : CLASS=org.wikipedia.util.log.L$LogLevel$Companion
08-28 20:20:56.059 16155 16155 D GAPS    : METHOD=<org.wikipedia.util.log.L$LogLevel$Companion: void <init>(kotlin.jvm.internal.DefaultConstructorMarker)>
08-28 20:20:56.059 16155 16155 D GAPS    : METHOD=<org.wikipedia.util.log.L$LogLevel$Companion: void <init>()>
08-28 20:20:56.059 16155 16155 D GAPS    : CLASS=org.wikipedia.util.log.L$LEVEL_V$1
08-28 20:20:56.059 16155 16155 D GAPS    : METHOD=<org.wikipedia.util.log.L$LEVEL_V$1: void <init>()>
08-28 20:20:56.059 16155 16155 D GAPS    : METHOD=<org.wikipedia.util.log.L$LogLevel: void <init>()>
08-28 20:20:56.059 16155 16155 D GAPS    : CLASS=org.wikipedia.util.log.L$LEVEL_D$1
08-28 20:20:56.059 16155 16155 D GAPS    : METHOD=<org.wikipedia.util.log.L$LEVEL_D$1: void <init>()>
08-28 20:20:56.059 16155 16155 D GAPS    : CLASS=org.wikipedia.util.log.L$LEVEL_I$1
08-28 20:20:56.059 16155 16155 D GAPS    : METHOD=<org.wikipedia.util.log.L$LEVEL_I$1: void <init>()>
08-28 20:20:56.059 16155 16155 D GAPS    : CLASS=org.wikipedia.util.log.L$LEVEL_W$1
08-28 20:20:56.059 16155 16155 D GAPS    : METHOD=<org.wikipedia.util.log.L$LEVEL_W$1: void <init>()>
08-28 20:20:56.059 16155 16155 D GAPS    : CLASS=org.wikipedia.util.log.L$LEVEL_E$1
08-28 20:20:56.059 16155 16155 D GAPS    : METHOD=<org.wikipedia.util.log.L$LEVEL_E$1: void <init>()>
08-28 20:20:56.059 16155 16155 D GAPS    : METHOD=<org.wikipedia.util.log.L: void d(java.lang.String)>
08-28 20:20:56.059 16155 16155 D GAPS    : METHOD=<org.wikipedia.util.log.L$LogLevel: void log(java.lang.String,java.lang.Throwable)>
08-28 20:20:56.059 16155 16155 D GAPS    : CLASS=org.wikipedia.util.ReleaseUtil
08-28 20:20:56.059 16155 16155 D GAPS    : METHOD=<org.wikipedia.util.ReleaseUtil: void <clinit>()>
08-28 20:20:56.059 16155 16155 D GAPS    : METHOD=<org.wikipedia.util.ReleaseUtil: void <init>()>
08-28 20:20:56.059 16155 16155 D GAPS    : METHOD=<org.wikipedia.util.ReleaseUtil: boolean isDevRelease()>
08-28 20:20:56.059 16155 16155 D GAPS    : METHOD=<org.wikipedia.util.ReleaseUtil: int calculateReleaseType()>
08-28 20:20:56.059 16155 16155 D GAPS    : METHOD=<kotlin.text.StringsKt: boolean contains$default(java.lang.CharSequence,java.lang.CharSequence,boolean,int,java.lang.Object)>
08-28 20:20:56.059 16155 16155 D GAPS    : METHOD=<kotlin.text.StringsKt__StringsKt: boolean contains$default(java.lang.CharSequence,java.lang.CharSequence,boolean,int,java.lang.Object)>
08-28 20:20:56.059 16155 16155 D GAPS    : METHOD=<kotlin.text.StringsKt: boolean contains(java.lang.CharSequence,java.lang.CharSequence,boolean)>
08-28 20:20:56.059 16155 16155 D GAPS    : METHOD=<kotlin.text.StringsKt__StringsKt: boolean contains(java.lang.CharSequence,java.lang.CharSequence,boolean)>
08-28 20:20:56.059 16155 16155 D GAPS    : METHOD=<kotlin.text.StringsKt: int indexOf$default(java.lang.CharSequence,java.lang.String,int,boolean,int,java.lang.Object)>
08-28 20:20:56.059 16155 16155 D GAPS    : METHOD=<kotlin.text.StringsKt__StringsKt: int indexOf$default(java.lang.CharSequence,java.lang.String,int,boolean,int,java.lang.Object)>
08-28 20:20:56.059 16155 16155 D GAPS    : METHOD=<kotlin.text.StringsKt__StringsKt: int indexOf(java.lang.CharSequence,java.lang.String,int,boolean)>
08-28 20:20:56.059 16155 16155 D GAPS    : METHOD=<org.wikipedia.util.log.L$LEVEL_D$1: void logLevel(java.lang.String,java.lang.String,java.lang.Throwable)>
08-28 20:20:56.059 16155 16155 D GAPS    : CLASS=org.wikipedia.appshortcuts.AppShortcuts
08-28 20:20:56.059 16155 16155 D GAPS    : METHOD=<org.wikipedia.appshortcuts.AppShortcuts: void <clinit>()>
08-28 20:20:56.059 16155 16155 D GAPS    : CLASS=org.wikipedia.appshortcuts.AppShortcuts$Companion
08-28 20:20:56.059 16155 16155 D GAPS    : METHOD=<org.wikipedia.appshortcuts.AppShortcuts$Companion: void <init>(kotlin.jvm.internal.DefaultConstructorMarker)>
08-28 20:20:56.059 16155 16155 D GAPS    : METHOD=<org.wikipedia.appshortcuts.AppShortcuts$Companion: void <init>()>
08-28 20:20:56.059 16155 16155 D GAPS    : METHOD=<org.wikipedia.appshortcuts.AppShortcuts$Companion: void setShortcuts(android.content.Context)>
08-28 20:20:56.059 16155 16155 D GAPS    : CLASS=kotlinx.coroutines.Dispatchers
08-28 20:20:56.059 16155 16155 D GAPS    : METHOD=<kotlinx.coroutines.Dispatchers: void <clinit>()>
08-28 20:20:56.059 16155 16155 D GAPS    : METHOD=<kotlinx.coroutines.Dispatchers: void <init>()>
08-28 20:20:56.059 16155 16155 D GAPS    : CLASS=kotlinx.coroutines.CoroutineDispatcher
08-28 20:20:56.059 16155 16155 D GAPS    : METHOD=<kotlinx.coroutines.CoroutineDispatcher: void <clinit>()>
08-28 20:20:56.059 16155 16155 D GAPS    : CLASS=kotlinx.coroutines.CoroutineDispatcher$Key
08-28 20:20:56.059 16155 16155 D GAPS    : METHOD=<kotlinx.coroutines.CoroutineDispatcher$Key: void <init>(kotlin.jvm.internal.DefaultConstructorMarker)>
08-28 20:20:56.059 16155 16155 D GAPS    : METHOD=<kotlinx.coroutines.CoroutineDispatcher$Key: void <init>()>
08-28 20:20:56.059 16155 16155 D GAPS    : CLASS=kotlin.coroutines.ContinuationInterceptor
08-28 20:20:56.059 16155 16155 D GAPS    : METHOD=<kotlin.coroutines.ContinuationInterceptor: void <clinit>()>
08-28 20:20:56.059 16155 16155 D GAPS    : CLASS=kotlin.coroutines.ContinuationInterceptor$Key
08-28 20:20:56.059 16155 16155 D GAPS    : METHOD=<kotlin.coroutines.ContinuationInterceptor$Key: void <clinit>()>
08-28 20:20:56.059 16155 16155 D GAPS    : METHOD=<kotlin.coroutines.ContinuationInterceptor$Key: void <init>()>
08-28 20:20:56.059 16155 16155 D GAPS    : CLASS=kotlinx.coroutines.CoroutineDispatcher$Key$1
08-28 20:20:56.059 16155 16155 D GAPS    : METHOD=<kotlinx.coroutines.CoroutineDispatcher$Key$1: void <clinit>()>
08-28 20:20:56.059 16155 16155 D GAPS    : METHOD=<kotlinx.coroutines.CoroutineDispatcher$Key$1: void <init>()>
08-28 20:20:56.059 16155 16155 D GAPS    : CLASS=kotlin.coroutines.AbstractCoroutineContextKey
08-28 20:20:56.059 16155 16155 D GAPS    : METHOD=<kotlin.coroutines.AbstractCoroutineContextKey: void <init>(kotlin.coroutines.CoroutineContext$Key,kotlin.jvm.functions.Function1)>
08-28 20:20:56.059 16155 16155 D GAPS    : CLASS=kotlinx.coroutines.ExecutorCoroutineDispatcher
08-28 20:20:56.059 16155 16155 D GAPS    : METHOD=<kotlinx.coroutines.ExecutorCoroutineDispatcher: void <clinit>()>
08-28 20:20:56.059 16155 16155 D GAPS    : CLASS=kotlinx.coroutines.ExecutorCoroutineDispatcher$Key
08-28 20:20:56.059 16155 16155 D GAPS    : METHOD=<kotlinx.coroutines.ExecutorCoroutineDispatcher$Key: void <init>(kotlin.jvm.internal.DefaultConstructorMarker)>
08-28 20:20:56.059 16155 16155 D GAPS    : METHOD=<kotlinx.coroutines.ExecutorCoroutineDispatcher$Key: void <init>()>
08-28 20:20:56.059 16155 16155 D GAPS    : CLASS=kotlinx.coroutines.ExecutorCoroutineDispatcher$Key$1
08-28 20:20:56.059 16155 16155 D GAPS    : METHOD=<kotlinx.coroutines.ExecutorCoroutineDispatcher$Key$1: void <clinit>()>
08-28 20:20:56.059 16155 16155 D GAPS    : METHOD=<kotlinx.coroutines.ExecutorCoroutineDispatcher$Key$1: void <init>()>
08-28 20:20:56.059 16155 16155 D GAPS    : CLASS=kotlinx.coroutines.scheduling.DefaultScheduler
08-28 20:20:56.060 16155 16155 D GAPS    : METHOD=<kotlinx.coroutines.scheduling.DefaultScheduler: void <clinit>()>
08-28 20:20:56.060 16155 16155 D GAPS    : METHOD=<kotlinx.coroutines.scheduling.DefaultScheduler: void <init>()>
08-28 20:20:56.060 16155 16155 D GAPS    : CLASS=kotlinx.coroutines.scheduling.TasksKt
08-28 20:20:56.060 16155 16155 D GAPS    : METHOD=<kotlinx.coroutines.scheduling.TasksKt: void <clinit>()>
08-28 20:20:56.060 16155 16155 D GAPS    : METHOD=<kotlinx.coroutines.internal.SystemPropsKt: java.lang.String systemProp(java.lang.String,java.lang.String)>
08-28 20:20:56.060 16155 16155 D GAPS    : METHOD=<kotlinx.coroutines.internal.SystemPropsKt__SystemProps_commonKt: java.lang.String systemProp(java.lang.String,java.lang.String)>
08-28 20:20:56.060 16155 16155 D GAPS    : METHOD=<kotlinx.coroutines.internal.SystemPropsKt: java.lang.String systemProp(java.lang.String)>
08-28 20:20:56.060 16155 16155 D GAPS    : CLASS=kotlinx.coroutines.internal.SystemPropsKt__SystemPropsKt
08-28 20:20:56.060 16155 16155 D GAPS    : METHOD=<kotlinx.coroutines.internal.SystemPropsKt__SystemPropsKt: void <clinit>()>
08-28 20:20:56.060 16155 16155 D GAPS    : METHOD=<kotlinx.coroutines.internal.SystemPropsKt__SystemPropsKt: java.lang.String systemProp(java.lang.String)>
08-28 20:20:56.060 16155 16155 D GAPS    : METHOD=<kotlinx.coroutines.internal.SystemPropsKt: long systemProp$default(java.lang.String,long,long,long,int,java.lang.Object)>
08-28 20:20:56.060 16155 16155 D GAPS    : METHOD=<kotlinx.coroutines.internal.SystemPropsKt__SystemProps_commonKt: long systemProp$default(java.lang.String,long,long,long,int,java.lang.Object)>
08-28 20:20:56.060 16155 16155 D GAPS    : METHOD=<kotlinx.coroutines.internal.SystemPropsKt: long systemProp(java.lang.String,long,long,long)>
08-28 20:20:56.060 16155 16155 D GAPS    : METHOD=<kotlinx.coroutines.internal.SystemPropsKt__SystemProps_commonKt: long systemProp(java.lang.String,long,long,long)>
08-28 20:20:56.060 16155 16155 D GAPS    : METHOD=<kotlinx.coroutines.internal.SystemPropsKt: int getAVAILABLE_PROCESSORS()>
08-28 20:20:56.060 16155 16155 D GAPS    : METHOD=<kotlinx.coroutines.internal.SystemPropsKt__SystemPropsKt: int getAVAILABLE_PROCESSORS()>
08-28 20:20:56.060 16155 16155 D GAPS    : METHOD=<kotlinx.coroutines.internal.SystemPropsKt: int systemProp$default(java.lang.String,int,int,int,int,java.lang.Object)>
08-28 20:20:56.060 16155 16155 D GAPS    : METHOD=<kotlinx.coroutines.internal.SystemPropsKt__SystemProps_commonKt: int systemProp$default(java.lang.String,int,int,int,int,java.lang.Object)>
08-28 20:20:56.060 16155 16155 D GAPS    : METHOD=<kotlinx.coroutines.internal.SystemPropsKt: int systemProp(java.lang.String,int,int,int)>
08-28 20:20:56.060 16155 16155 D GAPS    : METHOD=<kotlinx.coroutines.internal.SystemPropsKt__SystemProps_commonKt: int systemProp(java.lang.String,int,int,int)>
08-28 20:20:56.060 16155 16155 D GAPS    : CLASS=kotlinx.coroutines.scheduling.NanoTimeSource
08-28 20:20:56.060 16155 16155 D GAPS    : METHOD=<kotlinx.coroutines.scheduling.NanoTimeSource: void <clinit>()>
08-28 20:20:56.060 16155 16155 D GAPS    : METHOD=<kotlinx.coroutines.scheduling.NanoTimeSource: void <init>()>
08-28 20:20:56.060 16155 16155 D GAPS    : CLASS=kotlinx.coroutines.scheduling.SchedulerTimeSource
08-28 20:20:56.060 16155 16155 D GAPS    : METHOD=<kotlinx.coroutines.scheduling.SchedulerTimeSource: void <init>()>
08-28 20:20:56.060 16155 16155 D GAPS    : CLASS=kotlinx.coroutines.scheduling.TaskContextImpl
08-28 20:20:56.060 16155 16155 D GAPS    : METHOD=<kotlinx.coroutines.scheduling.TaskContextImpl: void <init>(int)>
08-28 20:20:56.060 16155 16155 D GAPS    : CLASS=kotlinx.coroutines.scheduling.SchedulerCoroutineDispatcher
08-28 20:20:56.060 16155 16155 D GAPS    : METHOD=<kotlinx.coroutines.scheduling.SchedulerCoroutineDispatcher: void <init>(int,int,long,java.lang.String)>
08-28 20:20:56.060 16155 16155 D GAPS    : METHOD=<kotlinx.coroutines.ExecutorCoroutineDispatcher: void <init>()>
08-28 20:20:56.060 16155 16155 D GAPS    : METHOD=<kotlinx.coroutines.CoroutineDispatcher: void <init>()>
08-28 20:20:56.060 16155 16155 D GAPS    : CLASS=kotlin.coroutines.AbstractCoroutineContextElement
