08-28 22:02:43.383 17134 17163 D GAPS    : METHOD=<g3.a$a: int d(int)>
08-28 22:02:43.383 17134 17163 D GAPS    : METHOD=<f3.h: java.lang.Object d()>
08-28 22:02:43.383 17134 17163 D GAPS    : METHOD=<f3.i: java.lang.Object f()>
08-28 22:02:43.383 17134 17163 D GAPS    : METHOD=<g3.a$a: boolean h(int)>
08-28 22:02:43.383 17134 17134 D GAPS    : CLASS=g1.b
08-28 22:02:43.383 17134 17134 D GAPS    : METHOD=<g1.b: void <init>(c1.e,int)>
08-28 22:02:43.383 17134 17163 D GAPS    : METHOD=<g3.j: void run()>
08-28 22:02:43.383 17134 17163 D GAPS    : METHOD=<f3.e: void run()>
08-28 22:02:43.383 17134 17163 D GAPS    : METHOD=<c3.z: void run()>
08-28 22:02:43.383 17134 17163 D GAPS    : METHOD=<f3.d: n2.d c()>
08-28 22:02:43.383 17134 17163 D GAPS    : METHOD=<f3.q: java.lang.Object c(n2.f,java.lang.Object)>
08-28 22:02:43.383 17134 17163 D GAPS    : METHOD=<f3.d: java.lang.Object i()>
08-28 22:02:43.383 17134 17134 D GAPS    : METHOD=<d.k$a: void run()>
08-28 22:02:43.383 17134 17163 D GAPS    : METHOD=<c3.z: java.lang.Throwable e(java.lang.Object)>
08-28 22:02:43.383 17134 17134 D GAPS    : METHOD=<d.k: void D(int)>
08-28 22:02:43.383 17134 17163 D GAPS    : METHOD=<c3.a: boolean a()>
08-28 22:02:43.383 17134 17163 D GAPS    : METHOD=<c3.q0: boolean a()>
08-28 22:02:43.383 17134 17163 D GAPS    : METHOD=<c3.c0: boolean a()>
08-28 22:02:43.383 17134 17163 D GAPS    : METHOD=<c3.z: java.lang.Object f(java.lang.Object)>
08-28 22:02:43.383 17134 17163 D GAPS    : METHOD=<p2.a: void h(java.lang.Object)>
08-28 22:02:43.383 17134 17163 D GAPS    : METHOD=<i1.h: java.lang.Object g(java.lang.Object)>
08-28 22:02:43.383 17134 17163 D GAPS    : CLASS=o2.a
08-28 22:02:43.383 17134 17163 D GAPS    : METHOD=<o2.a: void <clinit>()>
08-28 22:02:43.383 17134 17163 D GAPS    : METHOD=<o2.a: void <init>(java.lang.String,int)>
08-28 22:02:43.383 17134 17163 D GAPS    : METHOD=<androidx.activity.i: void Y(java.lang.Object)>
08-28 22:02:43.384 17134 17163 D GAPS    : METHOD=<com.a1573595.musicplayer.songList.SongListActivity: void l()>
08-28 22:02:43.384 17134 17163 D GAPS    : METHOD=<androidx.activity.i: androidx.lifecycle.LifecycleCoroutineScopeImpl z(androidx.lifecycle.l)>
08-28 22:02:43.384 17134 17164 D GAPS    : METHOD=<g3.a$a: g3.g i(boolean)>
08-28 22:02:43.384 17134 17164 D GAPS    : METHOD=<g3.m: g3.g d()>
08-28 22:02:43.384 17134 17164 D GAPS    : METHOD=<g3.m: long f(g3.m,boolean)>
08-28 22:02:43.385 17134 17163 D GAPS    : CLASS=c3.y0
08-28 22:02:43.385 17134 17163 D GAPS    : METHOD=<c3.y0: void <init>(c3.l0)>
08-28 22:02:43.385 17134 17163 D GAPS    : CLASS=f3.k
08-28 22:02:43.385 17134 17163 D GAPS    : METHOD=<f3.k: void <clinit>()>
08-28 22:02:43.385 17134 17163 D GAPS    : METHOD=<androidx.activity.result.a: java.util.Iterator j()>
08-28 22:02:43.385 17134 17163 D GAPS    : CLASS=kotlinx.coroutines.android.AndroidDispatcherFactory
08-28 22:02:43.385 17134 17163 D GAPS    : METHOD=<kotlinx.coroutines.android.AndroidDispatcherFactory: void <init>()>
08-28 22:02:43.385 17134 17164 D GAPS    : METHOD=<g3.a: void c(g3.a$a)>
08-28 22:02:43.385 17134 17164 D GAPS    : METHOD=<g3.a$a: java.lang.Object c()>
08-28 22:02:43.385 17134 17162 D GAPS    : METHOD=<g3.a$a: g3.g i(boolean)>
08-28 22:02:43.385 17134 17163 D GAPS    : CLASS=a3.d
08-28 22:02:43.385 17134 17164 D GAPS    : METHOD=<g3.a$a: int b()>
08-28 22:02:43.385 17134 17163 D GAPS    : METHOD=<a3.d: void <init>(java.util.Iterator)>
08-28 22:02:43.385 17134 17164 D GAPS    : METHOD=<g3.a$a: void g(java.lang.Object)>
08-28 22:02:43.385 17134 17163 D GAPS    : CLASS=a3.a
08-28 22:02:43.385 17134 17163 D GAPS    : METHOD=<a3.a: void <init>(a3.d)>
08-28 22:02:43.385 17134 17163 D GAPS    : METHOD=<a3.c: java.util.List d0(a3.b)>
08-28 22:02:43.385 17134 17163 D GAPS    : METHOD=<a3.a: java.util.Iterator iterator()>
08-28 22:02:43.385 17134 17163 D GAPS    : METHOD=<a3.d: java.util.Iterator iterator()>
08-28 22:02:43.385 17134 17163 D GAPS    : METHOD=<kotlinx.coroutines.android.AndroidDispatcherFactory: c3.s0 createDispatcher(java.util.List)>
08-28 22:02:43.385 17134 17163 D GAPS    : CLASS=d3.c
08-28 22:02:43.385 17134 17163 D GAPS    : METHOD=<d3.c: void <clinit>()>
08-28 22:02:43.385 17134 17163 D GAPS    : METHOD=<d3.c: android.os.Handler a(android.os.Looper)>
08-28 22:02:43.385 17134 17163 D GAPS    : CLASS=d3.a
08-28 22:02:43.385 17134 17163 D GAPS    : METHOD=<d3.a: void <init>(android.os.Handler)>
08-28 22:02:43.385 17134 17163 D GAPS    : METHOD=<d3.a: void <init>(android.os.Handler,java.lang.String,boolean)>
08-28 22:02:43.385 17134 17163 D GAPS    : CLASS=d3.b
08-28 22:02:43.385 17134 17163 D GAPS    : METHOD=<d3.b: void <init>()>
08-28 22:02:43.385 17134 17163 D GAPS    : CLASS=c3.s0
08-28 22:02:43.385 17134 17163 D GAPS    : METHOD=<c3.s0: void <init>()>
08-28 22:02:43.385 17134 17163 D GAPS    : METHOD=<d3.a: c3.s0 f()>
08-28 22:02:43.385 17134 17163 D GAPS    : METHOD=<c3.q0: n2.f plus(n2.f)>
08-28 22:02:43.385 17134 17163 D GAPS    : METHOD=<n2.a: java.lang.Object fold(java.lang.Object,u2.p)>
08-28 22:02:43.385 17134 17163 D GAPS    : METHOD=<n2.a: n2.f$c getKey()>
08-28 22:02:43.385 17134 17163 D GAPS    : CLASS=androidx.lifecycle.LifecycleCoroutineScopeImpl
08-28 22:02:43.385 17134 17163 D GAPS    : METHOD=<androidx.lifecycle.LifecycleCoroutineScopeImpl: void <init>(androidx.lifecycle.f,n2.f)>
08-28 22:02:43.385 17134 17163 D GAPS    : CLASS=androidx.lifecycle.g
08-28 22:02:43.385 17134 17163 D GAPS    : METHOD=<androidx.lifecycle.g: void <init>()>
08-28 22:02:43.385 17134 17163 D GAPS    : METHOD=<androidx.lifecycle.m: androidx.lifecycle.f$c b()>
08-28 22:02:43.385 17134 17163 D GAPS    : CLASS=androidx.lifecycle.h
08-28 22:02:43.385 17134 17163 D GAPS    : METHOD=<androidx.lifecycle.h: void <init>(androidx.lifecycle.LifecycleCoroutineScopeImpl,n2.d)>
08-28 22:02:43.385 17134 17163 D GAPS    : METHOD=<androidx.lifecycle.LifecycleCoroutineScopeImpl: n2.f f()>
08-28 22:02:43.385 17134 17163 D GAPS    : METHOD=<androidx.lifecycle.h: n2.d e(java.lang.Object,n2.d)>
08-28 22:02:43.385 17134 17163 D GAPS    : METHOD=<d3.a: boolean d()>
08-28 22:02:43.385 17134 17163 D GAPS    : METHOD=<d3.a: void b(n2.f,java.lang.Runnable)>
08-28 22:02:43.385 17134 17163 D GAPS    : CLASS=com.a1573595.musicplayer.songList.SongListActivity$b
08-28 22:02:43.385 17134 17134 D GAPS    : METHOD=<androidx.lifecycle.h: java.lang.Object g(java.lang.Object)>
08-28 22:02:43.385 17134 17163 D GAPS    : METHOD=<com.a1573595.musicplayer.songList.SongListActivity$b: void <init>(com.a1573595.musicplayer.songList.SongListActivity,n2.d)>
08-28 22:02:43.386 17134 17163 D GAPS    : METHOD=<c3.p0: c3.t0 f()>
08-28 22:02:43.386 17134 17134 D GAPS    : METHOD=<androidx.lifecycle.LifecycleCoroutineScopeImpl: void a(androidx.lifecycle.l,androidx.lifecycle.f$b)>
08-28 22:02:43.386 17134 17163 D GAPS    : METHOD=<c3.q0: void P(c3.p0)>
08-28 22:02:43.386 17134 17134 D GAPS    : METHOD=<p2.c: void i()>
08-28 22:02:43.386 17134 17134 D GAPS    : METHOD=<c3.p: void c(n2.d)>
08-28 22:02:43.386 17134 17134 D GAPS    : METHOD=<f3.d: void j()>
08-28 22:02:43.386 17134 17163 D GAPS    : CLASS=c3.t0
08-28 22:02:43.386 17134 17163 D GAPS    : METHOD=<c3.t0: void <init>()>
08-28 22:02:43.386 17134 17163 D GAPS    : CLASS=f3.f
08-28 22:02:43.386 17134 17163 D GAPS    : METHOD=<f3.f: void <init>()>
08-28 22:02:43.386 17134 17163 D GAPS    : METHOD=<f3.g: java.lang.Object i()>
08-28 22:02:43.386 17134 17163 D GAPS    : METHOD=<f3.g: void h(f3.g)>
08-28 22:02:43.386 17134 17134 D GAPS    : CLASS=p2.b
08-28 22:02:43.386 17134 17163 D GAPS    : METHOD=<f3.f: boolean k()>
08-28 22:02:43.386 17134 17134 D GAPS    : METHOD=<p2.b: void <clinit>()>
08-28 22:02:43.386 17134 17163 D GAPS    : METHOD=<f3.g: f3.g j()>
08-28 22:02:43.386 17134 17134 D GAPS    : METHOD=<p2.b: void <init>()>
08-28 22:02:43.386 17134 17134 D GAPS    : METHOD=<c3.a: void h(java.lang.Object)>
08-28 22:02:43.386 17134 17134 D GAPS    : METHOD=<c3.q0: java.lang.Object J(java.lang.Object)>
08-28 22:02:43.386 17134 17163 D GAPS    : METHOD=<c3.t0: c3.t0 f()>
08-28 22:02:43.386 17134 17134 D GAPS    : METHOD=<c3.q0: java.lang.Object R(java.lang.Object,java.lang.Object)>
08-28 22:02:43.386 17134 17134 D GAPS    : METHOD=<c3.a: void N(java.lang.Object)>
08-28 22:02:43.386 17134 17134 D GAPS    : METHOD=<c3.q0: void x(c3.i0,java.lang.Object)>
08-28 22:02:43.386 17134 17163 D GAPS    : METHOD=<c3.q0: boolean r(java.lang.Object,c3.t0,c3.p0)>
08-28 22:02:43.386 17134 17134 D GAPS    : METHOD=<c3.p0: void b()>
08-28 22:02:43.386 17134 17134 D GAPS    : METHOD=<c3.p0: c3.q0 n()>
08-28 22:02:43.386 17134 17134 D GAPS    : METHOD=<f3.g: void l()>
08-28 22:02:43.386 17134 17134 D GAPS    : CLASS=f3.m
08-28 22:02:43.386 17134 17134 D GAPS    : METHOD=<f3.m: void <init>(f3.g)>
08-28 22:02:43.386 17134 17134 D GAPS    : METHOD=<f3.g: f3.g g()>
08-28 22:02:43.386 17134 17163 D GAPS    : CLASS=f3.b
08-28 22:02:43.386 17134 17163 D GAPS    : METHOD=<f3.b: void <clinit>()>
08-28 22:02:43.386 17134 17163 D GAPS    : CLASS=c3.q0$c
08-28 22:02:43.386 17134 17163 D GAPS    : METHOD=<c3.q0$c: void <init>(f3.g,c3.q0,java.lang.Object)>
08-28 22:02:43.386 17134 17163 D GAPS    : CLASS=f3.g$a
08-28 22:02:43.386 17134 17163 D GAPS    : METHOD=<f3.g$a: void <init>(f3.g)>
08-28 22:02:43.386 17134 17163 D GAPS    : METHOD=<f3.b: void <init>()>
08-28 22:02:43.386 17134 17163 D GAPS    : CLASS=f3.l
08-28 22:02:43.386 17134 17163 D GAPS    : METHOD=<f3.l: void <init>()>
08-28 22:02:43.386 17134 17163 D GAPS    : METHOD=<f3.b: java.lang.Object a(java.lang.Object)>
08-28 22:02:43.386 17134 17134 D GAPS    : METHOD=<c3.c0: c3.t0 f()>
08-28 22:02:43.386 17134 17134 D GAPS    : METHOD=<c3.a: void T(java.lang.Object)>
08-28 22:02:43.386 17134 17134 D GAPS    : METHOD=<c3.q0: void s(java.lang.Object)>
08-28 22:02:43.386 17134 17134 D GAPS    : METHOD=<f3.q: void a(n2.f,java.lang.Object)>
08-28 22:02:43.386 17134 17134 D GAPS    : METHOD=<g3.i: void a()>
08-28 22:02:43.386 17134 17134 D GAPS    : METHOD=<c3.z: void g(java.lang.Throwable,java.lang.Throwable)>
08-28 22:02:43.386 17134 17163 D GAPS    : METHOD=<c3.q0$c: z0.r c(java.lang.Object)>
08-28 22:02:43.386 17134 17163 D GAPS    : METHOD=<f3.g$a: void b(java.lang.Object,java.lang.Object)>
08-28 22:02:43.386 17134 17163 D GAPS    : METHOD=<f3.g: boolean k()>
08-28 22:02:43.386 17134 17163 D GAPS    : METHOD=<com.a1573595.musicplayer.songList.SongListActivity$b: n2.d e(java.lang.Object,n2.d)>
08-28 22:02:43.386 17134 17163 D GAPS    : CLASS=h1.g
08-28 22:02:43.386 17134 17163 D GAPS    : METHOD=<h1.g: void <init>(com.a1573595.musicplayer.player.PlayerService,n2.d)>
08-28 22:02:43.386 17134 17134 D GAPS    : METHOD=<com.a1573595.musicplayer.songList.SongListActivity$b: java.lang.Object g(java.lang.Object)>
08-28 22:02:43.386 17134 17134 D GAPS    : METHOD=<androidx.appcompat.widget.m: void <init>(androidx.constraintlayout.widget.ConstraintLayout,android.widget.ImageView)>
08-28 22:02:43.386 17134 17134 D GAPS    : CLASS=d1.b
08-28 22:02:43.386 17134 17134 D GAPS    : METHOD=<d1.b: void <init>(int,java.lang.Object)>
08-28 22:02:43.386 17134 17134 D GAPS    : CLASS=v1.b
08-28 22:02:43.387 17134 17134 D GAPS    : METHOD=<v1.b: void <init>(android.content.Context,int)>
08-28 22:02:43.387 17134 17134 D GAPS    : CLASS=androidx.appcompat.app.b$a
08-28 22:02:43.387 17134 17134 D GAPS    : METHOD=<androidx.appcompat.app.b$a: void <init>(android.content.Context,int)>
08-28 22:02:43.387 17134 17134 D GAPS    : METHOD=<androidx.appcompat.app.b: int g(android.content.Context,int)>
08-28 22:02:43.387 17134 17134 D GAPS    : CLASS=androidx.appcompat.app.AlertController$b
08-28 22:02:43.387 17134 17134 D GAPS    : METHOD=<androidx.appcompat.app.AlertController$b: void <init>(android.view.ContextThemeWrapper)>
08-28 22:02:43.387 17134 17134 D GAPS    : METHOD=<c2.b: int b(android.content.Context,int,java.lang.String)>
08-28 22:02:43.387 17134 17134 D GAPS    : METHOD=<f2.f: void <init>(android.content.Context,android.util.AttributeSet,int,int)>
08-28 22:02:43.387 17134 17134 D GAPS    : METHOD=<v1.b: androidx.appcompat.app.b a()>
08-28 22:02:43.387 17134 17134 D GAPS    : METHOD=<androidx.appcompat.app.b$a: androidx.appcompat.app.b a()>
08-28 22:02:43.387 17134 17134 D GAPS    : CLASS=androidx.appcompat.app.b
08-28 22:02:43.387 17134 17134 D GAPS    : METHOD=<androidx.appcompat.app.b: void <init>(android.content.Context,int)>
08-28 22:02:43.387 17134 17134 D GAPS    : CLASS=d.q
08-28 22:02:43.387 17134 17134 D GAPS    : METHOD=<d.q: void <init>(android.content.Context,int)>
08-28 22:02:43.387 17134 17134 D GAPS    : CLASS=androidx.activity.f
08-28 22:02:43.387 17134 17134 D GAPS    : METHOD=<androidx.activity.f: void <init>(android.content.Context,int)>
08-28 22:02:43.387 17134 17134 D GAPS    : CLASS=androidx.activity.e
08-28 22:02:43.387 17134 17134 D GAPS    : METHOD=<androidx.activity.e: void <init>(int,java.lang.Object)>
08-28 22:02:43.387 17134 17134 D GAPS    : CLASS=d.p
08-28 22:02:43.387 17134 17134 D GAPS    : METHOD=<d.p: void <init>(androidx.appcompat.app.b)>
08-28 22:02:43.387 17134 17134 D GAPS    : METHOD=<d.q: d.j e()>
08-28 22:02:43.387 17134 17134 D GAPS    : METHOD=<d.k: int f()>
08-28 22:02:43.387 17134 17134 D GAPS    : METHOD=<androidx.appcompat.widget.b1: int c(android.content.Context,int)>
08-28 22:02:43.387 17134 17134 D GAPS    : METHOD=<androidx.appcompat.widget.k: android.graphics.PorterDuffColorFilter c(int,android.graphics.PorterDuff$Mode)>
08-28 22:02:43.387 17134 17134 D GAPS    : METHOD=<androidx.appcompat.widget.w0: android.graphics.PorterDuffColorFilter h(int,android.graphics.PorterDuff$Mode)>
08-28 22:02:43.387 17134 17134 D GAPS    : METHOD=<n.f: java.lang.Object a(java.lang.Object)>
08-28 22:02:43.387 17134 17134 D GAPS    : METHOD=<n.f: java.lang.Object b(java.lang.Object,java.lang.Object)>
08-28 22:02:43.388 17134 17134 D GAPS    : CLASS=androidx.appcompat.app.AlertController
08-28 22:02:43.388 17134 17134 D GAPS    : METHOD=<androidx.appcompat.app.AlertController: void <init>(android.content.Context,d.q,android.view.Window)>
08-28 22:02:43.388 17134 17134 D GAPS    : CLASS=androidx.appcompat.app.AlertController$a
08-28 22:02:43.388 17134 17134 D GAPS    : METHOD=<androidx.appcompat.app.AlertController$a: void <init>(androidx.appcompat.app.AlertController)>
08-28 22:02:43.388 17134 17134 D GAPS    : CLASS=androidx.appcompat.app.AlertController$c
08-28 22:02:43.388 17134 17134 D GAPS    : METHOD=<androidx.appcompat.app.AlertController$c: void <init>(android.content.DialogInterface)>
08-28 22:02:43.388 17134 17134 D GAPS    : METHOD=<h0.x$i: float i(android.view.View)>
08-28 22:02:43.388 17134 17134 D GAPS    : METHOD=<f2.f: android.graphics.drawable.Drawable$ConstantState getConstantState()>
08-28 22:02:43.388 17134 17134 D GAPS    : CLASS=v1.a
08-28 22:02:43.388 17134 17134 D GAPS    : METHOD=<v1.a: void <init>(android.app.Dialog,android.graphics.Rect)>
08-28 22:02:43.388 17134 17134 D GAPS    : CLASS=i1.d
08-28 22:02:43.388 17134 17134 D GAPS    : METHOD=<i1.d: void <init>(android.animation.ValueAnimator)>
08-28 22:02:43.388 17134 17134 D GAPS    : METHOD=<androidx.appcompat.app.b: void onCreate(android.os.Bundle)>
08-28 22:02:43.388 17134 17134 D GAPS    : METHOD=<d.q: void onCreate(android.os.Bundle)>
08-28 22:02:43.388 17134 17134 D GAPS    : METHOD=<androidx.activity.f: void onCreate(android.os.Bundle)>
08-28 22:02:43.388 17134 17134 D GAPS    : METHOD=<d.q: void setContentView(int)>
08-28 22:02:43.388 17134 17134 D GAPS    : METHOD=<d.k: void r(int)>
08-28 22:02:43.388 17134 17134 D GAPS    : CLASS=androidx.appcompat.widget.FitWindowsFrameLayout
08-28 22:02:43.388 17134 17134 D GAPS    : METHOD=<androidx.appcompat.widget.FitWindowsFrameLayout: void <init>(android.content.Context,android.util.AttributeSet)>
08-28 22:02:43.389 17134 17134 D GAPS    : CLASS=androidx.appcompat.widget.AlertDialogLayout
08-28 22:02:43.389 17134 17134 D GAPS    : METHOD=<androidx.appcompat.widget.AlertDialogLayout: void <init>(android.content.Context,android.util.AttributeSet)>
08-28 22:02:43.389 17134 17134 D GAPS    : CLASS=androidx.appcompat.widget.r0
08-28 22:02:43.389 17134 17134 D GAPS    : METHOD=<androidx.appcompat.widget.r0: void <init>(android.content.Context,android.util.AttributeSet)>
08-28 22:02:43.389 17134 17134 D GAPS    : METHOD=<androidx.appcompat.widget.r0: void <init>(android.content.Context,android.util.AttributeSet,int)>
08-28 22:02:43.389 17134 17134 D GAPS    : METHOD=<androidx.appcompat.widget.r0: void setOrientation(int)>
08-28 22:02:43.389 17134 17134 D GAPS    : METHOD=<androidx.appcompat.widget.r0: void setGravity(int)>
08-28 22:02:43.389 17134 17134 D GAPS    : METHOD=<androidx.appcompat.widget.r0: void setDividerDrawable(android.graphics.drawable.Drawable)>
08-28 22:02:43.389 17134 17134 D GAPS    : METHOD=<androidx.appcompat.widget.r0: android.view.ViewGroup$LayoutParams generateLayoutParams(android.util.AttributeSet)>
08-28 22:02:43.389 17134 17134 D GAPS    : METHOD=<androidx.appcompat.widget.r0: androidx.appcompat.widget.r0$a g(android.util.AttributeSet)>
08-28 22:02:43.389 17134 17134 D GAPS    : CLASS=androidx.appcompat.widget.r0$a
08-28 22:02:43.389 17134 17134 D GAPS    : METHOD=<androidx.appcompat.widget.r0$a: void <init>(android.content.Context,android.util.AttributeSet)>
08-28 22:02:43.389 17134 17134 D GAPS    : CLASS=androidx.appcompat.widget.DialogTitle
08-28 22:02:43.389 17134 17134 D GAPS    : METHOD=<androidx.appcompat.widget.DialogTitle: void <init>(android.content.Context,android.util.AttributeSet)>
08-28 22:02:43.389 17134 17134 D GAPS    : METHOD=<androidx.appcompat.widget.h0: void <init>(android.content.Context,android.util.AttributeSet)>
08-28 22:02:43.389 17134 17134 D GAPS    : METHOD=<androidx.appcompat.widget.r0: boolean checkLayoutParams(android.view.ViewGroup$LayoutParams)>
08-28 22:02:43.390 17134 17134 D GAPS    : CLASS=androidx.core.widget.NestedScrollView
08-28 22:02:43.390 17134 17134 D GAPS    : METHOD=<androidx.core.widget.NestedScrollView: void <clinit>()>
08-28 22:02:43.390 17134 17134 D GAPS    : CLASS=androidx.core.widget.NestedScrollView$a
08-28 22:02:43.390 17134 17134 D GAPS    : METHOD=<androidx.core.widget.NestedScrollView$a: void <init>()>
08-28 22:02:43.390 17134 17134 D GAPS    : METHOD=<androidx.core.widget.NestedScrollView: void <init>(android.content.Context,android.util.AttributeSet)>
08-28 22:02:43.390 17134 17134 D GAPS    : METHOD=<androidx.core.widget.NestedScrollView: void requestLayout()>
08-28 22:02:43.390 17134 17134 D GAPS    : METHOD=<l0.d$b: android.widget.EdgeEffect a(android.content.Context,android.util.AttributeSet)>
08-28 22:02:43.390 17134 17163 D GAPS    : METHOD=<androidx.activity.i: java.lang.Object c0(c3.p,u2.p,n2.d)>
08-28 22:02:43.390 17134 17163 D GAPS    : CLASS=c3.c1
08-28 22:02:43.390 17134 17163 D GAPS    : METHOD=<c3.c1: void <init>(n2.d,n2.f)>
08-28 22:02:43.390 17134 17163 D GAPS    : CLASS=c3.d1
08-28 22:02:43.390 17134 17163 D GAPS    : METHOD=<c3.d1: void <clinit>()>
08-28 22:02:43.390 17134 17163 D GAPS    : METHOD=<c3.d1: void <init>()>
08-28 22:02:43.390 17134 17163 D GAPS    : METHOD=<c3.d1: java.lang.Object fold(java.lang.Object,u2.p)>
08-28 22:02:43.390 17134 17163 D GAPS    : METHOD=<c3.d1: n2.f$c getKey()>
08-28 22:02:43.390 17134 17163 D GAPS    : CLASS=f3.o
08-28 22:02:43.390 17134 17163 D GAPS    : METHOD=<f3.o: void <init>(n2.d,n2.f)>
08-28 22:02:43.390 17134 17163 D GAPS    : METHOD=<c3.d1: n2.f$b get(n2.f$c)>
08-28 22:02:43.390 17134 17163 D GAPS    : METHOD=<androidx.activity.i: java.lang.Object V(f3.o,f3.o,u2.p)>
08-28 22:02:43.390 17134 17163 D GAPS    : METHOD=<v2.p: void a(u2.p)>
08-28 22:02:43.390 17134 17163 D GAPS    : METHOD=<p2.g: int a()>
08-28 22:02:43.390 17134 17163 D GAPS    : METHOD=<h1.g: java.lang.Object c(java.lang.Object,java.lang.Object)>
08-28 22:02:43.390 17134 17163 D GAPS    : METHOD=<h1.g: n2.d e(java.lang.Object,n2.d)>
08-28 22:02:43.390 17134 17163 D GAPS    : METHOD=<h1.g: java.lang.Object g(java.lang.Object)>
08-28 22:02:43.390 17134 17134 D GAPS    : METHOD=<androidx.core.widget.NestedScrollView: void setFillViewport(boolean)>
08-28 22:02:43.390 17134 17134 D GAPS    : METHOD=<androidx.core.widget.NestedScrollView: void setNestedScrollingEnabled(boolean)>
08-28 22:02:43.391 17134 17134 D GAPS    : METHOD=<androidx.core.widget.NestedScrollView: void addView(android.view.View,android.view.ViewGroup$LayoutParams)>
08-28 22:02:43.391 17134 17134 D GAPS    : METHOD=<androidx.core.widget.NestedScrollView: void addView(android.view.View,int,android.view.ViewGroup$LayoutParams)>
08-28 22:02:43.391 17134 17134 D GAPS    : CLASS=androidx.appcompat.widget.ButtonBarLayout
08-28 22:02:43.391 17134 17134 D GAPS    : METHOD=<androidx.appcompat.widget.ButtonBarLayout: void <init>(android.content.Context,android.util.AttributeSet)>
08-28 22:02:43.391 17134 17134 D GAPS    : METHOD=<com.google.android.material.theme.MaterialComponentsViewInflater: androidx.appcompat.widget.f b(android.content.Context,android.util.AttributeSet)>
08-28 22:02:43.391 17134 17134 D GAPS    : CLASS=com.google.android.material.button.MaterialButton
08-28 22:02:43.391 17134 17134 D GAPS    : METHOD=<com.google.android.material.button.MaterialButton: void <clinit>()>
08-28 22:02:43.391 17134 17134 D GAPS    : METHOD=<com.google.android.material.button.MaterialButton: void <init>(android.content.Context,android.util.AttributeSet)>
08-28 22:02:43.392 17134 17134 D GAPS    : CLASS=androidx.appcompat.widget.f
08-28 22:02:43.392 17134 17134 D GAPS    : METHOD=<androidx.appcompat.widget.f: void <init>(android.content.Context,android.util.AttributeSet,int)>
08-28 22:02:43.392 17134 17134 D GAPS    : METHOD=<com.google.android.material.button.MaterialButton: void onTextChanged(java.lang.CharSequence,int,int,int)>
08-28 22:02:43.392 17134 17134 D GAPS    : METHOD=<androidx.appcompat.widget.f: void onTextChanged(java.lang.CharSequence,int,int,int)>
08-28 22:02:43.392 17134 17134 D GAPS    : METHOD=<com.google.android.material.button.MaterialButton: void d(int,int)>
08-28 22:02:43.392 17134 17134 D GAPS    : METHOD=<com.google.android.material.button.MaterialButton: int[] onCreateDrawableState(int)>
08-28 22:02:43.392 17134 17134 D GAPS    : METHOD=<com.google.android.material.button.MaterialButton: boolean isChecked()>
08-28 22:02:43.392 17134 17134 D GAPS    : METHOD=<androidx.appcompat.widget.f: void setFilters(android.text.InputFilter[])>
08-28 22:02:43.392 17134 17134 D GAPS    : METHOD=<androidx.appcompat.widget.f: androidx.appcompat.widget.n getEmojiTextViewHelper()>
08-28 22:02:43.392 17134 17134 D GAPS    : METHOD=<h0.x$i: void q(android.view.View,android.content.res.ColorStateList)>
08-28 22:02:43.392 17134 17134 D GAPS    : METHOD=<com.google.android.material.button.MaterialButton: void setBackgroundTintList(android.content.res.ColorStateList)>
08-28 22:02:43.392 17134 17134 D GAPS    : METHOD=<com.google.android.material.button.MaterialButton: void setSupportBackgroundTintList(android.content.res.ColorStateList)>
08-28 22:02:43.392 17134 17134 D GAPS    : METHOD=<com.google.android.material.button.MaterialButton: boolean a()>
08-28 22:02:43.392 17134 17134 D GAPS    : METHOD=<androidx.appcompat.widget.f: void setSupportBackgroundTintList(android.content.res.ColorStateList)>
08-28 22:02:43.392 17134 17134 D GAPS    : METHOD=<androidx.appcompat.widget.e: void h(android.content.res.ColorStateList)>
08-28 22:02:43.392 17134 17134 D GAPS    : CLASS=androidx.appcompat.widget.e1
08-28 22:02:43.392 17134 17134 D GAPS    : METHOD=<androidx.appcompat.widget.e1: void <init>()>
08-28 22:02:43.392 17134 17134 D GAPS    : METHOD=<c2.c: android.graphics.drawable.Drawable c(android.content.Context,android.content.res.TypedArray,int)>
08-28 22:02:43.392 17134 17134 D GAPS    : CLASS=p1.a
08-28 22:02:43.392 17134 17134 D GAPS    : METHOD=<p1.a: void <clinit>()>
08-28 22:02:43.392 17134 17134 D GAPS    : METHOD=<p1.a: void <init>(com.google.android.material.button.MaterialButton,f2.i)>
08-28 22:02:43.392 17134 17134 D GAPS    : METHOD=<p1.a: void e()>
08-28 22:02:43.392 17134 17134 D GAPS    : METHOD=<b0.a$b: void i(android.graphics.drawable.Drawable,android.graphics.PorterDuff$Mode)>
08-28 22:02:43.392 17134 17134 D GAPS    : METHOD=<f2.f: void setTintMode(android.graphics.PorterDuff$Mode)>
08-28 22:02:43.392 17134 17134 D GAPS    : METHOD=<f2.f: void setTint(int)>
08-28 22:02:43.392 17134 17134 D GAPS    : METHOD=<b0.a$b: void g(android.graphics.drawable.Drawable,int)>
08-28 22:02:43.393 17134 17134 D GAPS    : METHOD=<com.google.android.material.button.MaterialButton: void setInternalBackground(android.graphics.drawable.Drawable)>
08-28 22:02:43.393 17134 17134 D GAPS    : METHOD=<androidx.appcompat.widget.f: void setBackgroundDrawable(android.graphics.drawable.Drawable)>
08-28 22:02:43.393 17134 17134 D GAPS    : METHOD=<androidx.appcompat.widget.e: void e()>
08-28 22:02:43.393 17134 17134 D GAPS    : METHOD=<androidx.appcompat.widget.e: void g(android.content.res.ColorStateList)>
08-28 22:02:43.393 17134 17134 D GAPS    : METHOD=<androidx.appcompat.widget.k: void e(android.graphics.drawable.Drawable,androidx.appcompat.widget.e1,int[])>
08-28 22:02:43.393 17134 17134 D GAPS    : METHOD=<f2.f$b: android.graphics.drawable.Drawable newDrawable()>
08-28 22:02:43.393 17134 17134 D GAPS    : METHOD=<f2.f: void setColorFilter(android.graphics.ColorFilter)>
08-28 22:02:43.393 17134 17134 D GAPS    : METHOD=<p1.a: f2.f b(boolean)>
08-28 22:02:43.393 17134 17134 D GAPS    : METHOD=<com.google.android.material.button.MaterialButton: void c(boolean)>
08-28 22:02:43.393 17134 17134 D GAPS    : METHOD=<l0.j$b: android.graphics.drawable.Drawable[] a(android.widget.TextView)>
08-28 22:02:43.393 17134 17134 D GAPS    : METHOD=<androidx.appcompat.app.AlertController: boolean a(android.view.View)>
08-28 22:02:43.393 17134 17134 D GAPS    : METHOD=<androidx.appcompat.app.AlertController: android.view.ViewGroup c(android.view.View,android.view.View)>
08-28 22:02:43.393 17134 17134 D GAPS    : METHOD=<h0.x$i: void z(android.view.View)>
08-28 22:02:43.393 17134 17134 D GAPS    : METHOD=<androidx.core.widget.NestedScrollView: void stopNestedScroll()>
08-28 22:02:43.393 17134 17134 D GAPS    : METHOD=<androidx.core.widget.NestedScrollView: void w(int)>
08-28 22:02:43.393 17134 17134 D GAPS    : METHOD=<h0.l: void h(int)>
08-28 22:02:43.393 17134 17134 D GAPS    : METHOD=<h0.l: android.view.ViewParent f(int)>
08-28 22:02:43.394 17134 17134 D GAPS    : METHOD=<androidx.activity.f: void onStart()>
08-28 22:02:43.402 17134 17134 D GAPS    : METHOD=<d1.b: void onAnimationUpdate(android.animation.ValueAnimator)>
08-28 22:02:43.403 17134 17163 D GAPS    : METHOD=<androidx.activity.i: void p(java.io.Closeable,java.lang.Throwable)>
08-28 22:02:43.403 17134 17134 D GAPS    : METHOD=<androidx.core.widget.NestedScrollView: void onAttachedToWindow()>
08-28 22:02:43.403 17134 17134 D GAPS    : METHOD=<com.google.android.material.button.MaterialButton: void onAttachedToWindow()>
08-28 22:02:43.403 17134 17134 D GAPS    : METHOD=<com.google.android.material.button.MaterialButton: void refreshDrawableState()>
08-28 22:02:43.403 17134 17134 D GAPS    : METHOD=<androidx.appcompat.widget.f: void drawableStateChanged()>
08-28 22:02:43.404 17134 17163 D GAPS    : METHOD=<m2.c: java.util.List h0(java.lang.Iterable)>
08-28 22:02:43.404 17134 17134 D GAPS    : METHOD=<androidx.appcompat.widget.FitWindowsFrameLayout: boolean fitSystemWindows(android.graphics.Rect)>
08-28 22:02:43.404 17134 17134 D GAPS    : METHOD=<androidx.appcompat.widget.AlertDialogLayout: void onMeasure(int,int)>
08-28 22:02:43.404 17134 17163 D GAPS    : CLASS=m2.e
08-28 22:02:43.404 17134 17163 D GAPS    : METHOD=<m2.e: void <clinit>()>
08-28 22:02:43.404 17134 17163 D GAPS    : METHOD=<m2.e: void <init>()>
08-28 22:02:43.404 17134 17163 D GAPS    : METHOD=<m2.e: java.util.Iterator iterator()>
08-28 22:02:43.404 17134 17163 D GAPS    : CLASS=m2.d
08-28 22:02:43.404 17134 17163 D GAPS    : METHOD=<m2.d: void <clinit>()>
08-28 22:02:43.404 17134 17163 D GAPS    : METHOD=<m2.d: void <init>()>
08-28 22:02:43.404 17134 17163 D GAPS    : METHOD=<m2.d: boolean hasNext()>
08-28 22:02:43.404 17134 17163 D GAPS    : CLASS=i1.h$a
08-28 22:02:43.404 17134 17163 D GAPS    : METHOD=<i1.h$a: void <init>(i1.g,n2.d)>
08-28 22:02:43.404 17134 17163 D GAPS    : METHOD=<d3.a: boolean equals(java.lang.Object)>
08-28 22:02:43.404 17134 17163 D GAPS    : CLASS=c3.y
08-28 22:02:43.404 17134 17163 D GAPS    : METHOD=<c3.y: void <clinit>()>
08-28 22:02:43.404 17134 17163 D GAPS    : METHOD=<c3.y: void <init>(n2.d,n2.f)>
08-28 22:02:43.404 17134 17163 D GAPS    : METHOD=<androidx.activity.i: void U(u2.p,c3.a,c3.a)>
08-28 22:02:43.404 17134 17163 D GAPS    : METHOD=<i1.h$a: n2.d e(java.lang.Object,n2.d)>
08-28 22:02:43.404 17134 17163 D GAPS    : METHOD=<c3.y: java.lang.Object U()>
08-28 22:02:43.404 17134 17163 D GAPS    : METHOD=<f3.h: int c()>
08-28 22:02:43.404 17134 17163 D GAPS    : METHOD=<f3.i: int c()>
08-28 22:02:43.417 17134 17134 D GAPS    : METHOD=<androidx.appcompat.widget.AlertDialogLayout: void onLayout(boolean,int,int,int,int)>
08-28 22:02:43.417 17134 17134 D GAPS    : METHOD=<androidx.appcompat.widget.r0: int getGravity()>
08-28 22:02:43.417 17134 17134 D GAPS    : METHOD=<androidx.appcompat.widget.r0: android.graphics.drawable.Drawable getDividerDrawable()>
08-28 22:02:43.417 17134 17134 D GAPS    : METHOD=<androidx.appcompat.widget.r0: boolean i(int)>
08-28 22:02:43.422 17134 17134 D GAPS    : METHOD=<h.h: void onWindowFocusChanged(boolean)>
08-28 22:02:43.423 17134 17134 D GAPS    : METHOD=<i1.h$a: java.lang.Object g(java.lang.Object)>
08-28 22:02:43.423 17134 17134 D GAPS    : METHOD=<com.a1573595.musicplayer.songList.SongListActivity: void d()>
08-28 22:02:43.423 17134 17134 D GAPS    : CLASS=com.a1573595.musicplayer.songList.SongListActivity$c
08-28 22:02:43.423 17134 17134 D GAPS    : METHOD=<com.a1573595.musicplayer.songList.SongListActivity$c: void <init>(com.a1573595.musicplayer.songList.SongListActivity,n2.d)>
08-28 22:02:43.423 17134 17134 D GAPS    : METHOD=<com.a1573595.musicplayer.songList.SongListActivity$c: n2.d e(java.lang.Object,n2.d)>
08-28 22:02:43.423 17134 17134 D GAPS    : CLASS=c3.a1
08-28 22:02:43.423 17134 17134 D GAPS    : METHOD=<c3.a1: void <clinit>()>
08-28 22:02:43.423 17134 17134 D GAPS    : CLASS=c3.b
08-28 22:02:43.423 17134 17134 D GAPS    : METHOD=<c3.b: void <init>(java.lang.Thread)>
08-28 22:02:43.423 17134 17134 D GAPS    : METHOD=<com.a1573595.musicplayer.songList.SongListActivity$c: java.lang.Object g(java.lang.Object)>
08-28 22:02:43.423 17134 17134 D GAPS    : METHOD=<d.q: void dismiss()>
08-28 22:02:43.423 17134 17134 D GAPS    : METHOD=<androidx.appcompat.widget.ContentFrameLayout: void onDetachedFromWindow()>
08-28 22:02:43.423 17134 17134 D GAPS    : METHOD=<h.h: void onDetachedFromWindow()>
08-28 22:02:43.425 17134 17134 D GAPS    : METHOD=<d.q: void onStop()>
08-28 22:02:43.425 17134 17134 D GAPS    : METHOD=<androidx.activity.f: void onStop()>
08-28 22:02:43.426 17134 17134 D GAPS    : METHOD=<d.k: void o()>
08-28 22:02:43.426 17134 17134 D GAPS    : METHOD=<d.k: void l()>
08-28 22:02:43.426 17134 17134 D GAPS    : METHOD=<n.h: java.lang.Object remove(java.lang.Object)>
08-28 22:02:43.426 17134 17134 D GAPS    : METHOD=<c3.d0: boolean r()>
08-28 22:02:43.426 17134 17134 D GAPS    : METHOD=<c3.d0: void f()>
08-28 22:02:43.426 17134 17134 D GAPS    : METHOD=<androidx.recyclerview.widget.v: void e(java.util.List)>
08-28 22:02:43.426 17134 17134 D GAPS    : METHOD=<m2.e: int size()>
08-28 22:02:43.426 17134 17134 D GAPS    : METHOD=<androidx.recyclerview.widget.b: void c(int,int)>
08-28 22:02:43.426 17134 17134 D GAPS    : METHOD=<androidx.recyclerview.widget.RecyclerView$f: void e(int,int)>
08-28 22:02:43.426 17134 17134 D GAPS    : METHOD=<androidx.recyclerview.widget.RecyclerView$u: void c(int,int)>
08-28 22:02:43.426 17134 17134 D GAPS    : METHOD=<androidx.recyclerview.widget.RecyclerView: void i(java.lang.String)>
08-28 22:02:43.426 17134 17134 D GAPS    : METHOD=<androidx.recyclerview.widget.RecyclerView: boolean K()>
08-28 22:02:43.426 17134 17134 D GAPS    : METHOD=<androidx.recyclerview.widget.e: void a(java.util.List,java.lang.Runnable)>
08-28 22:02:43.426 17134 17134 D GAPS    : METHOD=<androidx.recyclerview.widget.v$a: void a()>
08-28 22:02:43.426 17134 17134 D GAPS    : METHOD=<i1.g: void a()>
08-28 22:02:43.426 17134 17134 D GAPS    : METHOD=<com.a1573595.musicplayer.player.PlayerService: f1.a b()>
08-28 22:02:43.426 17134 17134 D GAPS    : METHOD=<c3.y: void T(java.lang.Object)>
08-28 22:02:43.426 17134 17134 D GAPS    : METHOD=<androidx.activity.i: java.lang.Object M(java.lang.Object)>
08-28 22:02:43.426 17134 17134 D GAPS    : METHOD=<androidx.activity.i: void O(n2.d,java.lang.Object)>
08-28 22:02:43.427 17134 17134 D GAPS    : METHOD=<i1.d: void onDismiss(android.content.DialogInterface)>
08-28 22:02:43.787 17134 17134 D GAPS    : METHOD=<androidx.emoji2.text.EmojiCompatInitializer$c: void run()>
08-28 22:02:43.787 17134 17134 D GAPS    : METHOD=<androidx.emoji2.text.f: void c()>
08-28 22:02:43.787 17134 17134 D GAPS    : CLASS=androidx.emoji2.text.e
08-28 22:02:43.787 17134 17134 D GAPS    : METHOD=<androidx.emoji2.text.e: void <init>(androidx.emoji2.text.f$a)>
08-28 22:02:43.787 17134 17134 D GAPS    : CLASS=androidx.emoji2.text.f$h
08-28 22:02:43.787 17134 17134 D GAPS    : METHOD=<androidx.emoji2.text.f$h: void <init>()>
08-28 22:02:43.787 17134 17134 D GAPS    : METHOD=<androidx.emoji2.text.EmojiCompatInitializer$b: void a(androidx.emoji2.text.f$h)>
08-28 22:02:43.787 17134 17134 D GAPS    : CLASS=androidx.emoji2.text.a
08-28 22:02:43.787 17134 17134 D GAPS    : METHOD=<androidx.emoji2.text.a: void <init>(java.lang.String)>
08-28 22:02:43.787 17134 17134 D GAPS    : CLASS=androidx.emoji2.text.g
08-28 22:02:43.787 17134 17134 D GAPS    : METHOD=<androidx.emoji2.text.g: void <init>(java.lang.Object,java.lang.Object,java.lang.Object,int)>
08-28 22:02:43.787 17134 17134 D GAPS    : METHOD=<androidx.emoji2.text.a: java.lang.Thread newThread(java.lang.Runnable)>
08-28 22:02:43.788 17134 17171 D GAPS    : METHOD=<androidx.emoji2.text.g: void run()>
08-28 22:02:43.788 17134 17171 D GAPS    : METHOD=<androidx.emoji2.text.c: androidx.emoji2.text.l a(android.content.Context)>
08-28 22:02:43.788 17134 17171 D GAPS    : CLASS=androidx.emoji2.text.c$c
08-28 22:02:43.788 17134 17171 D GAPS    : METHOD=<androidx.emoji2.text.c$c: void <init>()>
08-28 22:02:43.788 17134 17171 D GAPS    : CLASS=androidx.emoji2.text.c$b
08-28 22:02:43.788 17134 17171 D GAPS    : METHOD=<androidx.emoji2.text.c$b: void <init>()>
08-28 22:02:43.788 17134 17171 D GAPS    : CLASS=androidx.emoji2.text.c$a
08-28 22:02:43.788 17134 17171 D GAPS    : METHOD=<androidx.emoji2.text.c$a: void <init>()>
08-28 22:02:43.788 17134 17171 D GAPS    : METHOD=<androidx.emoji2.text.c$c: android.content.pm.Signature[] a(android.content.pm.PackageManager,java.lang.String)>
08-28 22:02:43.788 17134 17171 D GAPS    : CLASS=e0.f
08-28 22:02:43.788 17134 17171 D GAPS    : METHOD=<e0.f: void <init>(java.lang.String,java.lang.String,java.lang.String,java.util.List)>
08-28 22:02:43.788 17134 17171 D GAPS    : CLASS=androidx.emoji2.text.l
08-28 22:02:43.788 17134 17171 D GAPS    : METHOD=<androidx.emoji2.text.l: void <clinit>()>
08-28 22:02:43.788 17134 17171 D GAPS    : CLASS=androidx.emoji2.text.l$a
08-28 22:02:43.788 17134 17171 D GAPS    : METHOD=<androidx.emoji2.text.l$a: void <init>()>
08-28 22:02:43.788 17134 17171 D GAPS    : METHOD=<androidx.emoji2.text.l: void <init>(android.content.Context,e0.f)>
08-28 22:02:43.788 17134 17171 D GAPS    : CLASS=androidx.emoji2.text.l$b
08-28 22:02:43.788 17134 17171 D GAPS    : METHOD=<androidx.emoji2.text.l$b: void <init>(android.content.Context,e0.f)>
08-28 22:02:43.789 17134 17171 D GAPS    : CLASS=androidx.emoji2.text.h
08-28 22:02:43.789 17134 17171 D GAPS    : METHOD=<androidx.emoji2.text.h: void <init>(androidx.emoji2.text.f$h,java.util.concurrent.ThreadPoolExecutor)>
08-28 22:02:43.789 17134 17171 D GAPS    : METHOD=<androidx.emoji2.text.l$b: void a(androidx.emoji2.text.f$h)>
08-28 22:02:43.789 17134 17171 D GAPS    : METHOD=<androidx.emoji2.text.l$b: void c()>
08-28 22:02:43.789 17134 17171 D GAPS    : METHOD=<androidx.activity.e: void run()>
08-28 22:02:43.789 17134 17171 D GAPS    : METHOD=<androidx.emoji2.text.l$b: e0.m d()>
08-28 22:02:43.789 17134 17171 D GAPS    : CLASS=e0.e
08-28 22:02:43.789 17134 17171 D GAPS    : METHOD=<e0.e: void <clinit>()>
08-28 22:02:43.789 17134 17171 D GAPS    : CLASS=e0.d
08-28 22:02:43.789 17134 17171 D GAPS    : METHOD=<e0.d: void <init>()>
08-28 22:02:43.789 17134 17171 D GAPS    : METHOD=<e0.e: e0.l a(android.content.Context,e0.f)>
08-28 22:02:43.789 17134 17171 D GAPS    : METHOD=<e0.e$a: android.database.Cursor a(android.content.ContentResolver,android.net.Uri,java.lang.String[],java.lang.String,java.lang.String[],java.lang.String,java.lang.Object)>
08-28 22:02:43.792 17134 17171 D GAPS    : CLASS=e0.m
08-28 22:02:43.792 17134 17171 D GAPS    : METHOD=<e0.m: void <init>(android.net.Uri,int,int,boolean,int)>
08-28 22:02:43.793 17134 17171 D GAPS    : CLASS=e0.l
08-28 22:02:43.793 17134 17171 D GAPS    : METHOD=<e0.l: void <init>(int,e0.m[])>
08-28 22:02:43.793 17134 17171 D GAPS    : CLASS=a0.f
08-28 22:02:43.793 17134 17171 D GAPS    : METHOD=<a0.f: void <clinit>()>
08-28 22:02:43.793 17134 17171 D GAPS    : CLASS=a0.k
08-28 22:02:43.793 17134 17171 D GAPS    : METHOD=<a0.k: void <init>()>
08-28 22:02:43.793 17134 17171 D GAPS    : CLASS=a0.m
08-28 22:02:43.793 17134 17171 D GAPS    : METHOD=<a0.m: void <init>()>
08-28 22:02:43.793 17134 17171 D GAPS    : METHOD=<a0.k: android.graphics.Typeface b(android.content.Context,e0.m[],int)>
08-28 22:02:43.793 17134 17171 D GAPS    : METHOD=<a0.k: android.graphics.fonts.Font g(android.graphics.fonts.FontFamily,int)>
08-28 22:02:43.793 17134 17171 D GAPS    : METHOD=<a0.k: int h(android.graphics.fonts.FontStyle,android.graphics.fonts.FontStyle)>
08-28 22:02:43.794 17134 17171 D GAPS    : METHOD=<a0.n: java.nio.MappedByteBuffer e(android.content.Context,android.net.Uri)>
08-28 22:02:43.794 17134 17171 D GAPS    : METHOD=<a0.n$a: android.os.ParcelFileDescriptor a(android.content.ContentResolver,android.net.Uri,java.lang.String,android.os.CancellationSignal)>
08-28 22:02:43.796 17134 17171 D GAPS    : METHOD=<androidx.emoji2.text.m: p0.b a(java.nio.MappedByteBuffer)>
08-28 22:02:43.796 17134 17171 D GAPS    : CLASS=androidx.emoji2.text.m$a
08-28 22:02:43.796 17134 17171 D GAPS    : METHOD=<androidx.emoji2.text.m$a: void <init>(java.nio.ByteBuffer)>
08-28 22:02:43.796 17134 17171 D GAPS    : METHOD=<androidx.emoji2.text.m$a: void b(int)>
08-28 22:02:43.796 17134 17171 D GAPS    : METHOD=<androidx.emoji2.text.m$a: long a()>
08-28 22:02:43.796 17134 17171 D GAPS    : CLASS=p0.b
08-28 22:02:43.796 17134 17171 D GAPS    : METHOD=<p0.b: void <init>()>
08-28 22:02:43.796 17134 17171 D GAPS    : CLASS=p0.c
08-28 22:02:43.796 17134 17171 D GAPS    : METHOD=<p0.c: void <init>()>
08-28 22:02:43.796 17134 17171 D GAPS    : CLASS=androidx.emoji2.text.n
08-28 22:02:43.796 17134 17171 D GAPS    : METHOD=<androidx.emoji2.text.n: void <init>(android.graphics.Typeface,p0.b)>
08-28 22:02:43.796 17134 17171 D GAPS    : CLASS=androidx.emoji2.text.n$a
08-28 22:02:43.796 17134 17171 D GAPS    : METHOD=<androidx.emoji2.text.n$a: void <init>(int)>
08-28 22:02:43.796 17134 17171 D GAPS    : METHOD=<p0.c: int a(int)>
08-28 22:02:43.796 17134 17171 D GAPS    : CLASS=androidx.emoji2.text.i
08-28 22:02:43.796 17134 17171 D GAPS    : METHOD=<androidx.emoji2.text.i: void <clinit>()>
08-28 22:02:43.796 17134 17171 D GAPS    : METHOD=<androidx.emoji2.text.i: void <init>(androidx.emoji2.text.n,int)>
08-28 22:02:43.796 17134 17171 D GAPS    : METHOD=<androidx.emoji2.text.i: p0.a c()>
08-28 22:02:43.796 17134 17171 D GAPS    : CLASS=p0.a
08-28 22:02:43.796 17134 17171 D GAPS    : METHOD=<p0.a: void <init>()>
08-28 22:02:43.796 17134 17171 D GAPS    : METHOD=<androidx.emoji2.text.i: int b()>
08-28 22:02:43.796 17134 17171 D GAPS    : METHOD=<androidx.activity.i: void j(java.lang.String,boolean)>
08-28 22:02:43.796 17134 17171 D GAPS    : METHOD=<androidx.emoji2.text.n$a: void a(androidx.emoji2.text.i,int,int)>
08-28 22:02:43.796 17134 17171 D GAPS    : METHOD=<androidx.emoji2.text.i: int a(int)>
08-28 22:02:43.796 17134 17171 D GAPS    : METHOD=<androidx.emoji2.text.n$a: void <init>()>
08-28 22:02:43.806 17134 17171 D GAPS    : METHOD=<androidx.emoji2.text.h: void b(androidx.emoji2.text.n)>
08-28 22:02:43.806 17134 17171 D GAPS    : METHOD=<androidx.emoji2.text.e: void b(androidx.emoji2.text.n)>
08-28 22:02:43.806 17134 17171 D GAPS    : CLASS=androidx.emoji2.text.f$i
08-28 22:02:43.806 17134 17171 D GAPS    : METHOD=<androidx.emoji2.text.f$i: void <init>()>
08-28 22:02:43.806 17134 17171 D GAPS    : CLASS=androidx.emoji2.text.j
08-28 22:02:43.806 17134 17171 D GAPS    : METHOD=<androidx.emoji2.text.j: void <init>(androidx.emoji2.text.n,androidx.emoji2.text.f$i,androidx.emoji2.text.d)>
08-28 22:02:43.806 17134 17171 D GAPS    : METHOD=<androidx.emoji2.text.f: void e()>
08-28 22:02:43.806 17134 17171 D GAPS    : METHOD=<n.d: java.lang.Object[] toArray()>
08-28 22:02:43.806 17134 17171 D GAPS    : METHOD=<n.d: void clear()>
08-28 22:02:43.806 17134 17171 D GAPS    : CLASS=androidx.emoji2.text.f$f
08-28 22:02:43.806 17134 17171 D GAPS    : METHOD=<androidx.emoji2.text.f$f: void <init>(java.util.List,int,java.lang.Throwable)>
08-28 22:02:43.806 17134 17171 D GAPS    : METHOD=<androidx.emoji2.text.l$b: void b()>
08-28 22:02:43.806 17134 17134 D GAPS    : METHOD=<androidx.emoji2.text.f$f: void run()>
08-28 22:02:43.806 17134 17134 D GAPS    : METHOD=<q0.g$a: void a()>
08-28 22:02:43.806 17134 17134 D GAPS    : METHOD=<q0.g: void a(android.widget.EditText,int)>
08-28 22:02:43.806 17134 17134 D GAPS    : METHOD=<androidx.emoji2.text.f: java.lang.CharSequence f(int,int,java.lang.CharSequence)>
08-28 22:02:43.806 17134 17134 D GAPS    : METHOD=<q0.d$a: void a()>
