08-28 22:38:31.920 18826 18826 D GAPS    : METHOD=<androidx.activity.ComponentActivity$4: void <init>(androidx.activity.ComponentActivity)>
08-28 22:38:31.920 18826 18826 D GAPS    : CLASS=androidx.activity.ComponentActivity$5
08-28 22:38:31.920 18826 18826 D GAPS    : METHOD=<androidx.activity.ComponentActivity$5: void <init>(androidx.activity.ComponentActivity)>
08-28 22:38:31.920 18826 18826 D GAPS    : METHOD=<androidx.savedstate.SavedStateRegistryController: void performAttach()>
08-28 22:38:31.920 18826 18826 D GAPS    : METHOD=<androidx.lifecycle.LifecycleRegistry: androidx.lifecycle.Lifecycle$State getCurrentState()>
08-28 22:38:31.920 18826 18826 D GAPS    : CLASS=androidx.savedstate.Recreator
08-28 22:38:31.920 18826 18826 D GAPS    : METHOD=<androidx.savedstate.Recreator: void <clinit>()>
08-28 22:38:31.920 18826 18826 D GAPS    : CLASS=androidx.savedstate.Recreator$Companion
08-28 22:38:31.920 18826 18826 D GAPS    : METHOD=<androidx.savedstate.Recreator$Companion: void <init>(kotlin.jvm.internal.DefaultConstructorMarker)>
08-28 22:38:31.920 18826 18826 D GAPS    : METHOD=<androidx.savedstate.Recreator$Companion: void <init>()>
08-28 22:38:31.920 18826 18826 D GAPS    : METHOD=<androidx.savedstate.Recreator: void <init>(androidx.savedstate.SavedStateRegistryOwner)>
08-28 22:38:31.920 18826 18826 D GAPS    : METHOD=<androidx.savedstate.SavedStateRegistry: void performAttach$savedstate_release(androidx.lifecycle.Lifecycle)>
08-28 22:38:31.920 18826 18826 D GAPS    : CLASS=androidx.savedstate.SavedStateRegistry$$ExternalSyntheticLambda0
08-28 22:38:31.920 18826 18826 D GAPS    : METHOD=<androidx.savedstate.SavedStateRegistry$$ExternalSyntheticLambda0: void <init>(androidx.savedstate.SavedStateRegistry)>
08-28 22:38:31.920 18826 18826 D GAPS    : CLASS=androidx.lifecycle.SavedStateHandleSupport
08-28 22:38:31.920 18826 18826 D GAPS    : METHOD=<androidx.lifecycle.SavedStateHandleSupport: void <clinit>()>
08-28 22:38:31.920 18826 18826 D GAPS    : CLASS=androidx.lifecycle.SavedStateHandleSupport$SAVED_STATE_REGISTRY_OWNER_KEY$1
08-28 22:38:31.920 18826 18826 D GAPS    : METHOD=<androidx.lifecycle.SavedStateHandleSupport$SAVED_STATE_REGISTRY_OWNER_KEY$1: void <init>()>
08-28 22:38:31.920 18826 18826 D GAPS    : CLASS=androidx.lifecycle.SavedStateHandleSupport$VIEW_MODEL_STORE_OWNER_KEY$1
08-28 22:38:31.920 18826 18826 D GAPS    : METHOD=<androidx.lifecycle.SavedStateHandleSupport$VIEW_MODEL_STORE_OWNER_KEY$1: void <init>()>
08-28 22:38:31.920 18826 18826 D GAPS    : CLASS=androidx.lifecycle.SavedStateHandleSupport$DEFAULT_ARGS_KEY$1
08-28 22:38:31.920 18826 18826 D GAPS    : METHOD=<androidx.lifecycle.SavedStateHandleSupport$DEFAULT_ARGS_KEY$1: void <init>()>
08-28 22:38:31.920 18826 18826 D GAPS    : METHOD=<androidx.lifecycle.SavedStateHandleSupport: void enableSavedStateHandles(androidx.savedstate.SavedStateRegistryOwner)>
08-28 22:38:31.920 18826 18826 D GAPS    : METHOD=<androidx.activity.ComponentActivity: androidx.savedstate.SavedStateRegistry getSavedStateRegistry()>
08-28 22:38:31.920 18826 18826 D GAPS    : METHOD=<androidx.savedstate.SavedStateRegistryController: androidx.savedstate.SavedStateRegistry getSavedStateRegistry()>
08-28 22:38:31.920 18826 18826 D GAPS    : METHOD=<androidx.savedstate.SavedStateRegistry: androidx.savedstate.SavedStateRegistry$SavedStateProvider getSavedStateProvider(java.lang.String)>
08-28 22:38:31.920 18826 18826 D GAPS    : METHOD=<androidx.arch.core.internal.SafeIterableMap: java.util.Iterator iterator()>
08-28 22:38:31.921 18826 18847 D GAPS    : METHOD=<androidx.sqlite.db.framework.FrameworkSQLiteDatabase: void setTransactionSuccessful()>
08-28 22:38:31.921 18826 18847 D GAPS    : METHOD=<androidx.sqlite.db.framework.FrameworkSQLiteDatabase: void endTransaction()>
08-28 22:38:31.921 18826 18826 D GAPS    : CLASS=androidx.arch.core.internal.SafeIterableMap$AscendingIterator
08-28 22:38:31.921 18826 18826 D GAPS    : METHOD=<androidx.arch.core.internal.SafeIterableMap$AscendingIterator: void <init>(androidx.arch.core.internal.SafeIterableMap$Entry,androidx.arch.core.internal.SafeIterableMap$Entry)>
08-28 22:38:31.921 18826 18826 D GAPS    : CLASS=androidx.arch.core.internal.SafeIterableMap$ListIterator
08-28 22:38:31.921 18826 18826 D GAPS    : METHOD=<androidx.arch.core.internal.SafeIterableMap$ListIterator: void <init>(androidx.arch.core.internal.SafeIterableMap$Entry,androidx.arch.core.internal.SafeIterableMap$Entry)>
08-28 22:38:31.921 18826 18847 D GAPS    : METHOD=<androidx.sqlite.util.ProcessLock: void unlock()>
08-28 22:38:31.921 18826 18826 D GAPS    : METHOD=<androidx.arch.core.internal.SafeIterableMap$ListIterator: boolean hasNext()>
08-28 22:38:31.921 18826 18826 D GAPS    : CLASS=androidx.lifecycle.SavedStateHandlesProvider
08-28 22:38:31.921 18826 18826 D GAPS    : METHOD=<androidx.lifecycle.SavedStateHandlesProvider: void <init>(androidx.savedstate.SavedStateRegistry,androidx.lifecycle.ViewModelStoreOwner)>
08-28 22:38:31.921 18826 18826 D GAPS    : CLASS=androidx.lifecycle.SavedStateHandlesProvider$viewModel$2
08-28 22:38:31.921 18826 18826 D GAPS    : METHOD=<androidx.lifecycle.SavedStateHandlesProvider$viewModel$2: void <init>(androidx.lifecycle.ViewModelStoreOwner)>
08-28 22:38:31.921 18826 18826 D GAPS    : METHOD=<androidx.savedstate.SavedStateRegistry: void registerSavedStateProvider(java.lang.String,androidx.savedstate.SavedStateRegistry$SavedStateProvider)>
08-28 22:38:31.921 18826 18826 D GAPS    : METHOD=<androidx.arch.core.internal.SafeIterableMap: java.lang.Object putIfAbsent(java.lang.Object,java.lang.Object)>
08-28 22:38:31.921 18826 18826 D GAPS    : METHOD=<androidx.arch.core.internal.SafeIterableMap: androidx.arch.core.internal.SafeIterableMap$Entry get(java.lang.Object)>
08-28 22:38:31.921 18826 18826 D GAPS    : CLASS=androidx.lifecycle.SavedStateHandleAttacher
08-28 22:38:31.921 18826 18826 D GAPS    : METHOD=<androidx.lifecycle.SavedStateHandleAttacher: void <init>(androidx.lifecycle.SavedStateHandlesProvider)>
08-28 22:38:31.921 18826 18826 D GAPS    : CLASS=androidx.activity.ComponentActivity$$ExternalSyntheticLambda1
08-28 22:38:31.921 18826 18826 D GAPS    : METHOD=<androidx.activity.ComponentActivity$$ExternalSyntheticLambda1: void <init>(androidx.activity.ComponentActivity)>
08-28 22:38:31.921 18826 18826 D GAPS    : CLASS=androidx.activity.ComponentActivity$$ExternalSyntheticLambda2
08-28 22:38:31.921 18826 18826 D GAPS    : METHOD=<androidx.activity.ComponentActivity$$ExternalSyntheticLambda2: void <init>(androidx.activity.ComponentActivity)>
08-28 22:38:31.921 18826 18826 D GAPS    : METHOD=<androidx.activity.ComponentActivity: void addOnContextAvailableListener(androidx.activity.contextaware.OnContextAvailableListener)>
08-28 22:38:31.921 18826 18826 D GAPS    : METHOD=<androidx.activity.contextaware.ContextAwareHelper: void addOnContextAvailableListener(androidx.activity.contextaware.OnContextAvailableListener)>
08-28 22:38:31.921 18826 18847 D GAPS    : METHOD=<androidx.room.util.DBUtil: android.database.Cursor query(androidx.room.RoomDatabase,androidx.sqlite.db.SupportSQLiteQuery,boolean,android.os.CancellationSignal)>
08-28 22:38:31.921 18826 18847 D GAPS    : METHOD=<androidx.room.RoomDatabase: android.database.Cursor query(androidx.sqlite.db.SupportSQLiteQuery,android.os.CancellationSignal)>
08-28 22:38:31.921 18826 18847 D GAPS    : METHOD=<androidx.room.RoomDatabase: void assertNotMainThread()>
08-28 22:38:31.921 18826 18847 D GAPS    : METHOD=<androidx.room.RoomDatabase: boolean isMainThread$room_runtime_release()>
08-28 22:38:31.921 18826 18826 D GAPS    : CLASS=androidx.fragment.app.FragmentActivity$HostCallbacks
08-28 22:38:31.921 18826 18826 D GAPS    : METHOD=<androidx.fragment.app.FragmentActivity$HostCallbacks: void <init>(androidx.fragment.app.FragmentActivity)>
08-28 22:38:31.921 18826 18826 D GAPS    : CLASS=androidx.fragment.app.FragmentHostCallback
08-28 22:38:31.921 18826 18826 D GAPS    : METHOD=<androidx.fragment.app.FragmentHostCallback: void <init>(androidx.fragment.app.FragmentActivity)>
08-28 22:38:31.921 18826 18826 D GAPS    : METHOD=<androidx.fragment.app.FragmentHostCallback: void <init>(android.app.Activity,android.content.Context,android.os.Handler,int)>
08-28 22:38:31.921 18826 18826 D GAPS    : CLASS=androidx.fragment.app.FragmentContainer
08-28 22:38:31.921 18826 18826 D GAPS    : METHOD=<androidx.fragment.app.FragmentContainer: void <init>()>
08-28 22:38:31.922 18826 18847 D GAPS    : METHOD=<androidx.room.RoomSQLiteQuery: java.lang.String getSql()>
08-28 22:38:31.922 18826 18847 D GAPS    : METHOD=<androidx.room.RoomSQLiteQuery: void bindTo(androidx.sqlite.db.SupportSQLiteProgram)>
08-28 22:38:31.922 18826 18847 D GAPS    : METHOD=<androidx.room.RoomSQLiteQuery: int getArgCount()>
08-28 22:38:31.922 18826 18847 D GAPS    : METHOD=<androidx.room.RoomSQLiteQuery: void release()>
08-28 22:38:31.922 18826 18847 D GAPS    : METHOD=<androidx.room.RoomSQLiteQuery$Companion: void prunePoolLocked$room_runtime_release()>
08-28 22:38:31.922 18826 18847 D GAPS    : METHOD=<androidx.work.impl.WorkDatabase_Impl: androidx.work.impl.model.WorkSpecDao workSpecDao()>
08-28 22:38:31.922 18826 18847 D GAPS    : CLASS=androidx.work.impl.model.WorkSpecDao_Impl
08-28 22:38:31.922 18826 18847 D GAPS    : METHOD=<androidx.work.impl.model.WorkSpecDao_Impl: void <init>(androidx.room.RoomDatabase)>
08-28 22:38:31.922 18826 18847 D GAPS    : CLASS=androidx.work.impl.model.WorkSpecDao_Impl$1
08-28 22:38:31.922 18826 18847 D GAPS    : METHOD=<androidx.work.impl.model.WorkSpecDao_Impl$1: void <init>(androidx.work.impl.model.WorkSpecDao_Impl,androidx.room.RoomDatabase)>
08-28 22:38:31.923 18826 18847 D GAPS    : CLASS=androidx.work.impl.model.WorkSpecDao_Impl$2
08-28 22:38:31.923 18826 18847 D GAPS    : METHOD=<androidx.work.impl.model.WorkSpecDao_Impl$2: void <init>(androidx.work.impl.model.WorkSpecDao_Impl,androidx.room.RoomDatabase)>
08-28 22:38:31.923 18826 18847 D GAPS    : CLASS=androidx.room.EntityDeletionOrUpdateAdapter
08-28 22:38:31.923 18826 18847 D GAPS    : METHOD=<androidx.room.EntityDeletionOrUpdateAdapter: void <init>(androidx.room.RoomDatabase)>
08-28 22:38:31.923 18826 18847 D GAPS    : CLASS=androidx.work.impl.model.WorkSpecDao_Impl$3
08-28 22:38:31.923 18826 18847 D GAPS    : METHOD=<androidx.work.impl.model.WorkSpecDao_Impl$3: void <init>(androidx.work.impl.model.WorkSpecDao_Impl,androidx.room.RoomDatabase)>
08-28 22:38:31.923 18826 18847 D GAPS    : CLASS=androidx.work.impl.model.WorkSpecDao_Impl$4
08-28 22:38:31.923 18826 18847 D GAPS    : METHOD=<androidx.work.impl.model.WorkSpecDao_Impl$4: void <init>(androidx.work.impl.model.WorkSpecDao_Impl,androidx.room.RoomDatabase)>
08-28 22:38:31.923 18826 18847 D GAPS    : CLASS=androidx.work.impl.model.WorkSpecDao_Impl$5
08-28 22:38:31.923 18826 18847 D GAPS    : METHOD=<androidx.work.impl.model.WorkSpecDao_Impl$5: void <init>(androidx.work.impl.model.WorkSpecDao_Impl,androidx.room.RoomDatabase)>
08-28 22:38:31.923 18826 18847 D GAPS    : CLASS=androidx.work.impl.model.WorkSpecDao_Impl$6
08-28 22:38:31.923 18826 18847 D GAPS    : METHOD=<androidx.work.impl.model.WorkSpecDao_Impl$6: void <init>(androidx.work.impl.model.WorkSpecDao_Impl,androidx.room.RoomDatabase)>
08-28 22:38:31.923 18826 18847 D GAPS    : CLASS=androidx.work.impl.model.WorkSpecDao_Impl$7
08-28 22:38:31.923 18826 18847 D GAPS    : METHOD=<androidx.work.impl.model.WorkSpecDao_Impl$7: void <init>(androidx.work.impl.model.WorkSpecDao_Impl,androidx.room.RoomDatabase)>
08-28 22:38:31.923 18826 18847 D GAPS    : CLASS=androidx.work.impl.model.WorkSpecDao_Impl$8
08-28 22:38:31.923 18826 18847 D GAPS    : METHOD=<androidx.work.impl.model.WorkSpecDao_Impl$8: void <init>(androidx.work.impl.model.WorkSpecDao_Impl,androidx.room.RoomDatabase)>
08-28 22:38:31.923 18826 18847 D GAPS    : CLASS=androidx.work.impl.model.WorkSpecDao_Impl$9
08-28 22:38:31.923 18826 18847 D GAPS    : METHOD=<androidx.work.impl.model.WorkSpecDao_Impl$9: void <init>(androidx.work.impl.model.WorkSpecDao_Impl,androidx.room.RoomDatabase)>
08-28 22:38:31.923 18826 18847 D GAPS    : CLASS=androidx.work.impl.model.WorkSpecDao_Impl$10
08-28 22:38:31.923 18826 18847 D GAPS    : METHOD=<androidx.work.impl.model.WorkSpecDao_Impl$10: void <init>(androidx.work.impl.model.WorkSpecDao_Impl,androidx.room.RoomDatabase)>
08-28 22:38:31.923 18826 18847 D GAPS    : CLASS=androidx.work.impl.model.WorkSpecDao_Impl$11
08-28 22:38:31.923 18826 18847 D GAPS    : METHOD=<androidx.work.impl.model.WorkSpecDao_Impl$11: void <init>(androidx.work.impl.model.WorkSpecDao_Impl,androidx.room.RoomDatabase)>
08-28 22:38:31.923 18826 18847 D GAPS    : CLASS=androidx.work.impl.model.WorkSpecDao_Impl$12
08-28 22:38:31.923 18826 18847 D GAPS    : METHOD=<androidx.work.impl.model.WorkSpecDao_Impl$12: void <init>(androidx.work.impl.model.WorkSpecDao_Impl,androidx.room.RoomDatabase)>
08-28 22:38:31.923 18826 18847 D GAPS    : CLASS=androidx.work.impl.model.WorkSpecDao_Impl$13
08-28 22:38:31.923 18826 18847 D GAPS    : METHOD=<androidx.work.impl.model.WorkSpecDao_Impl$13: void <init>(androidx.work.impl.model.WorkSpecDao_Impl,androidx.room.RoomDatabase)>
08-28 22:38:31.923 18826 18847 D GAPS    : METHOD=<androidx.work.impl.WorkDatabase_Impl: androidx.work.impl.model.WorkProgressDao workProgressDao()>
08-28 22:38:31.923 18826 18847 D GAPS    : CLASS=androidx.work.impl.model.WorkProgressDao_Impl
08-28 22:38:31.923 18826 18847 D GAPS    : METHOD=<androidx.work.impl.model.WorkProgressDao_Impl: void <init>(androidx.room.RoomDatabase)>
08-28 22:38:31.923 18826 18847 D GAPS    : CLASS=androidx.work.impl.model.WorkProgressDao_Impl$1
08-28 22:38:31.923 18826 18847 D GAPS    : METHOD=<androidx.work.impl.model.WorkProgressDao_Impl$1: void <init>(androidx.work.impl.model.WorkProgressDao_Impl,androidx.room.RoomDatabase)>
08-28 22:38:31.923 18826 18847 D GAPS    : CLASS=androidx.work.impl.model.WorkProgressDao_Impl$2
08-28 22:38:31.923 18826 18847 D GAPS    : METHOD=<androidx.work.impl.model.WorkProgressDao_Impl$2: void <init>(androidx.work.impl.model.WorkProgressDao_Impl,androidx.room.RoomDatabase)>
08-28 22:38:31.923 18826 18847 D GAPS    : CLASS=androidx.work.impl.model.WorkProgressDao_Impl$3
08-28 22:38:31.923 18826 18847 D GAPS    : METHOD=<androidx.work.impl.model.WorkProgressDao_Impl$3: void <init>(androidx.work.impl.model.WorkProgressDao_Impl,androidx.room.RoomDatabase)>
08-28 22:38:31.923 18826 18847 D GAPS    : METHOD=<androidx.room.RoomDatabase: void beginTransaction()>
08-28 22:38:31.923 18826 18847 D GAPS    : METHOD=<androidx.room.RoomDatabase: void internalBeginTransaction()>
08-28 22:38:31.924 18826 18847 D GAPS    : METHOD=<androidx.sqlite.db.framework.FrameworkSQLiteDatabase: boolean isWriteAheadLoggingEnabled()>
08-28 22:38:31.924 18826 18847 D GAPS    : METHOD=<androidx.sqlite.db.SupportSQLiteCompat$Api16Impl: boolean isWriteAheadLoggingEnabled(android.database.sqlite.SQLiteDatabase)>
08-28 22:38:31.924 18826 18847 D GAPS    : METHOD=<androidx.sqlite.db.framework.FrameworkSQLiteDatabase: void beginTransactionNonExclusive()>
08-28 22:38:31.924 18826 18847 D GAPS    : METHOD=<androidx.work.impl.model.WorkSpecDao_Impl: java.util.List getRunningWork()>
08-28 22:38:31.924 18826 18826 D GAPS    : CLASS=androidx.fragment.app.FragmentManager
08-28 22:38:31.924 18826 18826 D GAPS    : METHOD=<androidx.fragment.app.FragmentManager: void <clinit>()>
08-28 22:38:31.924 18826 18826 D GAPS    : CLASS=androidx.fragment.app.FragmentManagerImpl
08-28 22:38:31.924 18826 18826 D GAPS    : METHOD=<androidx.fragment.app.FragmentManagerImpl: void <init>()>
08-28 22:38:31.924 18826 18826 D GAPS    : METHOD=<androidx.fragment.app.FragmentManager: void <init>()>
08-28 22:38:31.924 18826 18826 D GAPS    : CLASS=androidx.fragment.app.FragmentStore
08-28 22:38:31.924 18826 18826 D GAPS    : METHOD=<androidx.fragment.app.FragmentStore: void <init>()>
08-28 22:38:31.924 18826 18847 D GAPS    : METHOD=<androidx.room.util.CursorUtil: int getColumnIndexOrThrow(android.database.Cursor,java.lang.String)>
08-28 22:38:31.924 18826 18847 D GAPS    : METHOD=<androidx.room.util.CursorUtil: int getColumnIndex(android.database.Cursor,java.lang.String)>
08-28 22:38:31.924 18826 18826 D GAPS    : CLASS=androidx.fragment.app.FragmentLayoutInflaterFactory
08-28 22:38:31.924 18826 18826 D GAPS    : METHOD=<androidx.fragment.app.FragmentLayoutInflaterFactory: void <init>(androidx.fragment.app.FragmentManager)>
08-28 22:38:31.924 18826 18826 D GAPS    : CLASS=androidx.fragment.app.FragmentManager$1
08-28 22:38:31.924 18826 18826 D GAPS    : METHOD=<androidx.fragment.app.FragmentManager$1: void <init>(androidx.fragment.app.FragmentManager,boolean)>
08-28 22:38:31.924 18826 18826 D GAPS    : CLASS=androidx.activity.OnBackPressedCallback
08-28 22:38:31.924 18826 18826 D GAPS    : METHOD=<androidx.activity.OnBackPressedCallback: void <init>(boolean)>
08-28 22:38:31.924 18826 18826 D GAPS    : CLASS=androidx.fragment.app.FragmentManager$2
08-28 22:38:31.924 18826 18826 D GAPS    : METHOD=<androidx.fragment.app.FragmentManager$2: void <init>(androidx.fragment.app.FragmentManager)>
08-28 22:38:31.925 18826 18847 D GAPS    : METHOD=<androidx.work.impl.model.WorkProgressDao_Impl: void deleteAll()>
08-28 22:38:31.925 18826 18826 D GAPS    : CLASS=androidx.fragment.app.FragmentLifecycleCallbacksDispatcher
08-28 22:38:31.925 18826 18847 D GAPS    : METHOD=<androidx.room.SharedSQLiteStatement: androidx.sqlite.db.SupportSQLiteStatement acquire()>
08-28 22:38:31.925 18826 18826 D GAPS    : METHOD=<androidx.fragment.app.FragmentLifecycleCallbacksDispatcher: void <init>(androidx.fragment.app.FragmentManager)>
08-28 22:38:31.925 18826 18847 D GAPS    : METHOD=<androidx.room.SharedSQLiteStatement: void assertNotMainThread()>
08-28 22:38:31.925 18826 18847 D GAPS    : METHOD=<androidx.room.SharedSQLiteStatement: androidx.sqlite.db.SupportSQLiteStatement getStmt(boolean)>
08-28 22:38:31.925 18826 18847 D GAPS    : METHOD=<androidx.room.SharedSQLiteStatement: androidx.sqlite.db.SupportSQLiteStatement getStmt()>
08-28 22:38:31.925 18826 18847 D GAPS    : METHOD=<androidx.room.SharedSQLiteStatement$stmt$2: java.lang.Object invoke()>
08-28 22:38:31.925 18826 18847 D GAPS    : METHOD=<androidx.room.SharedSQLiteStatement$stmt$2: androidx.sqlite.db.SupportSQLiteStatement invoke()>
08-28 22:38:31.925 18826 18847 D GAPS    : METHOD=<androidx.room.SharedSQLiteStatement: androidx.sqlite.db.SupportSQLiteStatement access$createNewStatement(androidx.room.SharedSQLiteStatement)>
08-28 22:38:31.925 18826 18847 D GAPS    : METHOD=<androidx.room.SharedSQLiteStatement: androidx.sqlite.db.SupportSQLiteStatement createNewStatement()>
08-28 22:38:31.925 18826 18847 D GAPS    : METHOD=<androidx.work.impl.model.WorkProgressDao_Impl$3: java.lang.String createQuery()>
08-28 22:38:31.925 18826 18826 D GAPS    : CLASS=androidx.fragment.app.FragmentFactory
08-28 22:38:31.925 18826 18826 D GAPS    : METHOD=<androidx.fragment.app.FragmentFactory: void <clinit>()>
08-28 22:38:31.925 18826 18847 D GAPS    : METHOD=<androidx.room.RoomDatabase: androidx.sqlite.db.SupportSQLiteStatement compileStatement(java.lang.String)>
08-28 22:38:31.925 18826 18847 D GAPS    : METHOD=<androidx.sqlite.db.framework.FrameworkSQLiteStatement: int executeUpdateDelete()>
08-28 22:38:31.925 18826 18847 D GAPS    : METHOD=<androidx.room.RoomDatabase: void setTransactionSuccessful()>
08-28 22:38:31.925 18826 18847 D GAPS    : METHOD=<androidx.room.RoomDatabase: void endTransaction()>
08-28 22:38:31.925 18826 18847 D GAPS    : METHOD=<androidx.room.RoomDatabase: void internalEndTransaction()>
08-28 22:38:31.925 18826 18847 D GAPS    : METHOD=<androidx.room.SharedSQLiteStatement: void release(androidx.sqlite.db.SupportSQLiteStatement)>
08-28 22:38:31.925 18826 18847 D GAPS    : METHOD=<androidx.room.InvalidationTracker: void refreshVersionsAsync()>
08-28 22:38:31.925 18826 18847 D GAPS    : METHOD=<androidx.room.RoomDatabase: java.util.concurrent.Executor getQueryExecutor()>
08-28 22:38:31.925 18826 18847 D GAPS    : METHOD=<androidx.work.impl.utils.ForceStopRunnable: boolean shouldRescheduleWorkers()>
08-28 22:38:31.925 18826 18847 D GAPS    : METHOD=<androidx.work.impl.utils.PreferenceUtils: boolean getNeedsReschedule()>
08-28 22:38:31.925 18826 18847 D GAPS    : METHOD=<androidx.work.impl.WorkDatabase_Impl: androidx.work.impl.model.PreferenceDao preferenceDao()>
08-28 22:38:31.925 18826 18826 D GAPS    : CLASS=androidx.fragment.app.FragmentManager$3
08-28 22:38:31.925 18826 18826 D GAPS    : METHOD=<androidx.fragment.app.FragmentManager$3: void <init>(androidx.fragment.app.FragmentManager)>
08-28 22:38:31.925 18826 18826 D GAPS    : METHOD=<androidx.fragment.app.FragmentFactory: void <init>()>
08-28 22:38:31.925 18826 18847 D GAPS    : CLASS=androidx.work.impl.model.PreferenceDao_Impl
08-28 22:38:31.925 18826 18847 D GAPS    : METHOD=<androidx.work.impl.model.PreferenceDao_Impl: void <init>(androidx.room.RoomDatabase)>
08-28 22:38:31.925 18826 18826 D GAPS    : CLASS=androidx.fragment.app.FragmentManager$4
08-28 22:38:31.925 18826 18826 D GAPS    : METHOD=<androidx.fragment.app.FragmentManager$4: void <init>(androidx.fragment.app.FragmentManager)>
08-28 22:38:31.925 18826 18826 D GAPS    : CLASS=androidx.fragment.app.FragmentManager$5
08-28 22:38:31.925 18826 18826 D GAPS    : METHOD=<androidx.fragment.app.FragmentManager$5: void <init>(androidx.fragment.app.FragmentManager)>
08-28 22:38:31.925 18826 18847 D GAPS    : CLASS=androidx.work.impl.model.PreferenceDao_Impl$1
08-28 22:38:31.925 18826 18847 D GAPS    : METHOD=<androidx.work.impl.model.PreferenceDao_Impl$1: void <init>(androidx.work.impl.model.PreferenceDao_Impl,androidx.room.RoomDatabase)>
08-28 22:38:31.926 18826 18847 D GAPS    : METHOD=<androidx.work.impl.model.PreferenceDao_Impl: java.lang.Long getLongValue(java.lang.String)>
08-28 22:38:31.926 18826 18847 D GAPS    : METHOD=<androidx.room.RoomSQLiteQuery: void bindString(int,java.lang.String)>
08-28 22:38:31.926 18826 18826 D GAPS    : METHOD=<androidx.fragment.app.FragmentController: androidx.fragment.app.FragmentController createController(androidx.fragment.app.FragmentHostCallback)>
08-28 22:38:31.926 18826 18826 D GAPS    : CLASS=androidx.fragment.app.FragmentController
08-28 22:38:31.926 18826 18826 D GAPS    : METHOD=<androidx.fragment.app.FragmentController: void <init>(androidx.fragment.app.FragmentHostCallback)>
08-28 22:38:31.926 18826 18826 D GAPS    : METHOD=<androidx.fragment.app.FragmentActivity: void init()>
08-28 22:38:31.926 18826 18826 D GAPS    : CLASS=androidx.fragment.app.FragmentActivity$1
08-28 22:38:31.926 18826 18826 D GAPS    : METHOD=<androidx.fragment.app.FragmentActivity$1: void <init>(androidx.fragment.app.FragmentActivity)>
08-28 22:38:31.926 18826 18826 D GAPS    : CLASS=androidx.fragment.app.FragmentActivity$2
08-28 22:38:31.926 18826 18826 D GAPS    : METHOD=<androidx.fragment.app.FragmentActivity$2: void <init>(androidx.fragment.app.FragmentActivity)>
08-28 22:38:31.926 18826 18826 D GAPS    : METHOD=<androidx.appcompat.app.AppCompatActivity: void initDelegate()>
08-28 22:38:31.926 18826 18826 D GAPS    : CLASS=androidx.appcompat.app.AppCompatActivity$1
08-28 22:38:31.926 18826 18826 D GAPS    : METHOD=<androidx.appcompat.app.AppCompatActivity$1: void <init>(androidx.appcompat.app.AppCompatActivity)>
08-28 22:38:31.926 18826 18826 D GAPS    : CLASS=androidx.appcompat.app.AppCompatActivity$2
08-28 22:38:31.926 18826 18826 D GAPS    : METHOD=<androidx.appcompat.app.AppCompatActivity$2: void <init>(androidx.appcompat.app.AppCompatActivity)>
08-28 22:38:31.926 18826 18847 D GAPS    : METHOD=<androidx.sqlite.db.framework.FrameworkSQLiteProgram: void bindString(int,java.lang.String)>
08-28 22:38:31.926 18826 18847 D GAPS    : METHOD=<androidx.work.impl.utils.ForceStopRunnable: boolean isForceStopped()>
08-28 22:38:31.926 18826 18847 D GAPS    : METHOD=<androidx.work.impl.utils.ForceStopRunnable: android.app.PendingIntent getPendingIntent(android.content.Context,int)>
08-28 22:38:31.926 18826 18847 D GAPS    : METHOD=<androidx.work.impl.utils.ForceStopRunnable: android.content.Intent getIntent(android.content.Context)>
08-28 22:38:31.926 18826 18826 D GAPS    : METHOD=<androidx.appcompat.app.AppCompatActivity: void attachBaseContext(android.content.Context)>
08-28 22:38:31.926 18826 18826 D GAPS    : METHOD=<androidx.appcompat.app.AppCompatActivity: androidx.appcompat.app.AppCompatDelegate getDelegate()>
08-28 22:38:31.927 18826 18826 D GAPS    : CLASS=androidx.appcompat.app.AppCompatDelegate
08-28 22:38:31.927 18826 18826 D GAPS    : METHOD=<androidx.appcompat.app.AppCompatDelegate: void <clinit>()>
08-28 22:38:31.927 18826 18826 D GAPS    : CLASS=androidx.appcompat.app.AppLocalesStorageHelper$ThreadPerTaskExecutor
08-28 22:38:31.927 18826 18826 D GAPS    : METHOD=<androidx.appcompat.app.AppLocalesStorageHelper$ThreadPerTaskExecutor: void <init>()>
08-28 22:38:31.927 18826 18826 D GAPS    : CLASS=androidx.appcompat.app.AppLocalesStorageHelper$SerialExecutor
08-28 22:38:31.927 18826 18826 D GAPS    : METHOD=<androidx.appcompat.app.AppLocalesStorageHelper$SerialExecutor: void <init>(java.util.concurrent.Executor)>
08-28 22:38:31.927 18826 18826 D GAPS    : METHOD=<androidx.appcompat.app.AppCompatDelegate: androidx.appcompat.app.AppCompatDelegate create(android.app.Activity,androidx.appcompat.app.AppCompatCallback)>
08-28 22:38:31.927 18826 18847 D GAPS    : METHOD=<androidx.work.impl.WorkManagerImpl: void onForceStopRunnableCompleted()>
08-28 22:38:31.927 18826 18851 D GAPS    : METHOD=<androidx.room.InvalidationTracker$refreshRunnable$1: void run()>
08-28 22:38:31.927 18826 18851 D GAPS    : METHOD=<androidx.room.InvalidationTracker: androidx.room.RoomDatabase getDatabase$room_runtime_release()>
08-28 22:38:31.927 18826 18851 D GAPS    : METHOD=<androidx.room.InvalidationTracker: boolean ensureInitialization$room_runtime_release()>
08-28 22:38:31.927 18826 18851 D GAPS    : METHOD=<androidx.room.RoomDatabase: boolean isOpen()>
08-28 22:38:31.928 18826 18851 D GAPS    : METHOD=<androidx.sqlite.db.framework.FrameworkSQLiteDatabase: boolean isOpen()>
08-28 22:38:31.928 18826 18851 D GAPS    : METHOD=<androidx.room.InvalidationTracker: java.util.concurrent.atomic.AtomicBoolean getPendingRefresh()>
08-28 22:38:31.928 18826 18851 D GAPS    : METHOD=<androidx.room.InvalidationTracker$refreshRunnable$1: java.util.Set checkUpdatedTable()>
08-28 22:38:31.928 18826 18851 D GAPS    : METHOD=<kotlin.collections.SetsKt__SetsJVMKt: java.util.Set createSetBuilder()>
08-28 22:38:31.928 18826 18851 D GAPS    : CLASS=kotlin.collections.builders.SetBuilder
08-28 22:38:31.928 18826 18851 D GAPS    : METHOD=<kotlin.collections.builders.SetBuilder: void <init>()>
08-28 22:38:31.929 18826 18851 D GAPS    : CLASS=kotlin.collections.builders.MapBuilder
08-28 22:38:31.929 18826 18851 D GAPS    : METHOD=<kotlin.collections.builders.MapBuilder: void <clinit>()>
08-28 22:38:31.929 18826 18851 D GAPS    : CLASS=kotlin.collections.builders.MapBuilder$Companion
08-28 22:38:31.929 18826 18851 D GAPS    : METHOD=<kotlin.collections.builders.MapBuilder$Companion: void <init>(kotlin.jvm.internal.DefaultConstructorMarker)>
08-28 22:38:31.929 18826 18851 D GAPS    : METHOD=<kotlin.collections.builders.MapBuilder$Companion: void <init>()>
08-28 22:38:31.929 18826 18851 D GAPS    : METHOD=<kotlin.collections.builders.MapBuilder: void <init>()>
08-28 22:38:31.929 18826 18851 D GAPS    : METHOD=<kotlin.collections.builders.MapBuilder: void <init>(int)>
08-28 22:38:31.929 18826 18851 D GAPS    : METHOD=<kotlin.collections.builders.ListBuilderKt: java.lang.Object[] arrayOfUninitializedElements(int)>
08-28 22:38:31.929 18826 18851 D GAPS    : METHOD=<kotlin.collections.builders.MapBuilder$Companion: int access$computeHashSize(kotlin.collections.builders.MapBuilder$Companion,int)>
08-28 22:38:31.929 18826 18851 D GAPS    : METHOD=<kotlin.collections.builders.MapBuilder$Companion: int computeHashSize(int)>
08-28 22:38:31.930 18826 18851 D GAPS    : METHOD=<kotlin.ranges.RangesKt___RangesKt: int coerceAtLeast(int,int)>
08-28 22:38:31.930 18826 18851 D GAPS    : METHOD=<kotlin.collections.builders.MapBuilder: void <init>(java.lang.Object[],java.lang.Object[],int[],int[],int,int)>
08-28 22:38:31.930 18826 18851 D GAPS    : METHOD=<kotlin.collections.builders.MapBuilder: int getHashSize()>
08-28 22:38:31.930 18826 18851 D GAPS    : METHOD=<kotlin.collections.builders.MapBuilder$Companion: int access$computeShift(kotlin.collections.builders.MapBuilder$Companion,int)>
08-28 22:38:31.930 18826 18851 D GAPS    : METHOD=<kotlin.collections.builders.MapBuilder$Companion: int computeShift(int)>
08-28 22:38:31.930 18826 18851 D GAPS    : METHOD=<kotlin.collections.builders.SetBuilder: void <init>(kotlin.collections.builders.MapBuilder)>
08-28 22:38:31.930 18826 18851 D GAPS    : CLASS=kotlin.collections.AbstractMutableSet
08-28 22:38:31.930 18826 18851 D GAPS    : METHOD=<kotlin.collections.AbstractMutableSet: void <init>()>
08-28 22:38:31.930 18826 18851 D GAPS    : METHOD=<androidx.room.RoomDatabase: android.database.Cursor query$default(androidx.room.RoomDatabase,androidx.sqlite.db.SupportSQLiteQuery,android.os.CancellationSignal,int,java.lang.Object)>
08-28 22:38:31.930 18826 18851 D GAPS    : METHOD=<kotlin.collections.SetsKt__SetsJVMKt: java.util.Set build(java.util.Set)>
08-28 22:38:31.930 18826 18851 D GAPS    : METHOD=<kotlin.collections.builders.SetBuilder: java.util.Set build()>
08-28 22:38:31.930 18826 18851 D GAPS    : METHOD=<kotlin.collections.builders.MapBuilder: java.util.Map build()>
08-28 22:38:31.930 18826 18851 D GAPS    : METHOD=<kotlin.collections.builders.MapBuilder: void checkIsMutable$kotlin_stdlib()>
08-28 22:38:31.930 18826 18851 D GAPS    : METHOD=<kotlin.collections.builders.SetBuilder: boolean isEmpty()>
08-28 22:38:31.930 18826 18851 D GAPS    : METHOD=<kotlin.collections.builders.MapBuilder: boolean isEmpty()>
08-28 22:38:31.930 18826 18851 D GAPS    : METHOD=<kotlin.collections.builders.MapBuilder: int size()>
08-28 22:38:31.930 18826 18851 D GAPS    : METHOD=<kotlin.collections.builders.MapBuilder: int getSize()>
08-28 22:38:31.931 18826 18851 D GAPS    : METHOD=<androidx.room.InvalidationTracker: androidx.room.AutoCloser access$getAutoCloser$p(androidx.room.InvalidationTracker)>
08-28 22:38:31.934 18826 18826 D GAPS    : CLASS=androidx.appcompat.app.AppCompatDelegateImpl
08-28 22:38:31.934 18826 18826 D GAPS    : METHOD=<androidx.appcompat.app.AppCompatDelegateImpl: void <clinit>()>
08-28 22:38:31.934 18826 18826 D GAPS    : METHOD=<androidx.appcompat.app.AppCompatDelegateImpl: void <init>(android.app.Activity,androidx.appcompat.app.AppCompatCallback)>
08-28 22:38:31.934 18826 18826 D GAPS    : METHOD=<androidx.appcompat.app.AppCompatDelegateImpl: void <init>(android.content.Context,android.view.Window,androidx.appcompat.app.AppCompatCallback,java.lang.Object)>
08-28 22:38:31.934 18826 18826 D GAPS    : METHOD=<androidx.appcompat.app.AppCompatDelegate: void <init>()>
08-28 22:38:31.934 18826 18826 D GAPS    : CLASS=androidx.appcompat.app.AppCompatDelegateImpl$2
08-28 22:38:31.934 18826 18826 D GAPS    : METHOD=<androidx.appcompat.app.AppCompatDelegateImpl$2: void <init>(androidx.appcompat.app.AppCompatDelegateImpl)>
08-28 22:38:31.934 18826 18826 D GAPS    : METHOD=<androidx.collection.SimpleArrayMap: java.lang.Object get(java.lang.Object)>
08-28 22:38:31.934 18826 18826 D GAPS    : METHOD=<androidx.collection.SimpleArrayMap: java.lang.Object getOrDefault(java.lang.Object,java.lang.Object)>
08-28 22:38:31.934 18826 18826 D GAPS    : METHOD=<androidx.collection.SimpleArrayMap: int indexOfKey(java.lang.Object)>
08-28 22:38:31.934 18826 18826 D GAPS    : METHOD=<androidx.collection.SimpleArrayMap: int indexOf(java.lang.Object,int)>
08-28 22:38:31.935 18826 18826 D GAPS    : CLASS=androidx.appcompat.widget.AppCompatDrawableManager
08-28 22:38:31.935 18826 18826 D GAPS    : METHOD=<androidx.appcompat.widget.AppCompatDrawableManager: void <clinit>()>
08-28 22:38:31.935 18826 18826 D GAPS    : METHOD=<androidx.appcompat.widget.AppCompatDrawableManager: void preload()>
08-28 22:38:31.935 18826 18826 D GAPS    : METHOD=<androidx.appcompat.widget.AppCompatDrawableManager: void <init>()>
08-28 22:38:31.935 18826 18826 D GAPS    : CLASS=androidx.appcompat.widget.ResourceManagerInternal
08-28 22:38:31.935 18826 18826 D GAPS    : METHOD=<androidx.appcompat.widget.ResourceManagerInternal: void <clinit>()>
08-28 22:38:31.935 18826 18826 D GAPS    : CLASS=androidx.appcompat.widget.ResourceManagerInternal$ColorFilterLruCache
08-28 22:38:31.935 18826 18826 D GAPS    : METHOD=<androidx.appcompat.widget.ResourceManagerInternal$ColorFilterLruCache: void <init>(int)>
08-28 22:38:31.935 18826 18826 D GAPS    : CLASS=androidx.collection.LruCache
08-28 22:38:31.935 18826 18826 D GAPS    : METHOD=<androidx.collection.LruCache: void <init>(int)>
08-28 22:38:31.935 18826 18826 D GAPS    : METHOD=<androidx.appcompat.widget.ResourceManagerInternal: androidx.appcompat.widget.ResourceManagerInternal get()>
08-28 22:38:31.935 18826 18826 D GAPS    : METHOD=<androidx.appcompat.widget.ResourceManagerInternal: void <init>()>
08-28 22:38:31.935 18826 18826 D GAPS    : METHOD=<androidx.appcompat.widget.ResourceManagerInternal: void installDefaultInflateDelegates(androidx.appcompat.widget.ResourceManagerInternal)>
08-28 22:38:31.936 18826 18826 D GAPS    : CLASS=androidx.appcompat.widget.AppCompatDrawableManager$1
08-28 22:38:31.936 18826 18826 D GAPS    : METHOD=<androidx.appcompat.widget.AppCompatDrawableManager$1: void <init>()>
08-28 22:38:31.936 18826 18826 D GAPS    : METHOD=<androidx.appcompat.widget.ResourceManagerInternal: void setHooks(androidx.appcompat.widget.ResourceManagerInternal$ResourceManagerHooks)>
08-28 22:38:31.936 18826 18826 D GAPS    : METHOD=<androidx.appcompat.app.AppCompatDelegateImpl: android.content.Context attachBaseContext2(android.content.Context)>
08-28 22:38:31.936 18826 18826 D GAPS    : METHOD=<androidx.appcompat.app.AppCompatDelegateImpl: int calculateNightMode()>
08-28 22:38:31.936 18826 18826 D GAPS    : METHOD=<androidx.appcompat.app.AppCompatDelegate: int getDefaultNightMode()>
08-28 22:38:31.936 18826 18826 D GAPS    : METHOD=<androidx.appcompat.app.AppCompatDelegateImpl: int mapNightMode(android.content.Context,int)>
08-28 22:38:31.936 18826 18826 D GAPS    : METHOD=<androidx.appcompat.app.AppCompatDelegate: boolean isAutoStorageOptedIn(android.content.Context)>
08-28 22:38:31.936 18826 18826 D GAPS    : METHOD=<androidx.appcompat.app.AppLocalesMetadataHolderService: android.content.pm.ServiceInfo getServiceInfo(android.content.Context)>
08-28 22:38:31.936 18826 18826 D GAPS    : METHOD=<androidx.appcompat.app.AppLocalesMetadataHolderService$Api24Impl: int getDisabledComponentFlag()>
08-28 22:38:31.936 18826 18826 D GAPS    : METHOD=<androidx.appcompat.app.AppCompatDelegateImpl: androidx.core.os.LocaleListCompat calculateApplicationLocales(android.content.Context)>
08-28 22:38:31.936 18826 18826 D GAPS    : METHOD=<androidx.appcompat.app.AppCompatDelegateImpl$Api17Impl: android.content.Context createConfigurationContext(android.content.Context,android.content.res.Configuration)>
08-28 22:38:31.937 18826 18826 D GAPS    : METHOD=<androidx.appcompat.app.AppCompatDelegateImpl: android.content.res.Configuration createOverrideAppConfiguration(android.content.Context,int,androidx.core.os.LocaleListCompat,android.content.res.Configuration,boolean)>
08-28 22:38:31.937 18826 18826 D GAPS    : CLASS=androidx.appcompat.view.ContextThemeWrapper
08-28 22:38:31.937 18826 18826 D GAPS    : METHOD=<androidx.appcompat.view.ContextThemeWrapper: void <init>(android.content.Context,int)>
08-28 22:38:31.937 18826 18826 D GAPS    : METHOD=<androidx.appcompat.view.ContextThemeWrapper: void applyOverrideConfiguration(android.content.res.Configuration)>
08-28 22:38:31.937 18826 18826 D GAPS    : METHOD=<androidx.appcompat.app.AppCompatDelegate: android.content.Context attachBaseContext2(android.content.Context)>
08-28 22:38:31.937 18826 18826 D GAPS    : METHOD=<androidx.appcompat.app.AppCompatDelegate: void attachBaseContext(android.content.Context)>
08-28 22:38:31.937 18826 18826 D GAPS    : METHOD=<androidx.appcompat.app.AppCompatActivity: android.content.res.Resources getResources()>
08-28 22:38:31.937 18826 18826 D GAPS    : CLASS=androidx.appcompat.widget.VectorEnabledTintResources
08-28 22:38:31.937 18826 18826 D GAPS    : METHOD=<androidx.appcompat.widget.VectorEnabledTintResources: void <clinit>()>
08-28 22:38:31.937 18826 18826 D GAPS    : METHOD=<androidx.appcompat.widget.VectorEnabledTintResources: boolean shouldBeUsed()>
08-28 22:38:31.937 18826 18826 D GAPS    : METHOD=<androidx.appcompat.widget.VectorEnabledTintResources: boolean isCompatVectorFromResourcesEnabled()>
08-28 22:38:31.937 18826 18826 D GAPS    : METHOD=<androidx.appcompat.view.ContextThemeWrapper: android.content.res.Resources getResources()>
08-28 22:38:31.937 18826 18826 D GAPS    : METHOD=<androidx.appcompat.view.ContextThemeWrapper: android.content.res.Resources getResourcesInternal()>
08-28 22:38:31.937 18826 18826 D GAPS    : METHOD=<androidx.appcompat.view.ContextThemeWrapper: boolean isEmptyConfiguration(android.content.res.Configuration)>
08-28 22:38:31.937 18826 18826 D GAPS    : METHOD=<androidx.appcompat.view.ContextThemeWrapper: java.lang.Object getSystemService(java.lang.String)>
08-28 22:38:31.938 18826 18826 D GAPS    : METHOD=<androidx.appcompat.app.AppCompatActivity: void setTheme(int)>
08-28 22:38:31.938 18826 18826 D GAPS    : METHOD=<androidx.appcompat.view.ContextThemeWrapper: android.content.res.Resources$Theme getTheme()>
08-28 22:38:31.938 18826 18826 D GAPS    : METHOD=<androidx.appcompat.view.ContextThemeWrapper: void initializeTheme()>
08-28 22:38:31.938 18826 18826 D GAPS    : METHOD=<androidx.appcompat.view.ContextThemeWrapper: void onApplyThemeResource(android.content.res.Resources$Theme,int,boolean)>
08-28 22:38:31.938 18826 18826 D GAPS    : METHOD=<androidx.appcompat.app.AppCompatDelegateImpl: void setTheme(int)>
08-28 22:38:31.939 18826 18826 D GAPS    : METHOD=<androidx.lifecycle.ProcessLifecycleOwner$3: void onActivityPreCreated(android.app.Activity,android.os.Bundle)>
08-28 22:38:31.939 18826 18826 D GAPS    : CLASS=androidx.lifecycle.ProcessLifecycleOwner$3$1
08-28 22:38:31.939 18826 18826 D GAPS    : METHOD=<androidx.lifecycle.ProcessLifecycleOwner$3$1: void <init>(androidx.lifecycle.ProcessLifecycleOwner$3)>
08-28 22:38:31.939 18826 18826 D GAPS    : ACTIVITY=be.ppareit.swiftp.gui.MainActivity
08-28 22:38:31.939 18826 18826 D GAPS    : METHOD=<be.ppareit.swiftp.gui.MainActivity: void onCreate(android.os.Bundle)>
08-28 22:38:31.939 18826 18826 D GAPS    : METHOD=<net.vrallev.android.cat.Cat: void d(java.lang.String)>
08-28 22:38:31.939 18826 18826 D GAPS    : CLASS=net.vrallev.android.cat.CatGlobal
08-28 22:38:31.939 18826 18826 D GAPS    : METHOD=<net.vrallev.android.cat.CatGlobal: void <clinit>()>
08-28 22:38:31.939 18826 18826 D GAPS    : CLASS=net.vrallev.android.cat.instance.CatLazy
08-28 22:38:31.939 18826 18826 D GAPS    : METHOD=<net.vrallev.android.cat.instance.CatLazy: void <init>()>
08-28 22:38:31.939 18826 18826 D GAPS    : CLASS=net.vrallev.android.cat.CatLog
08-28 22:38:31.939 18826 18826 D GAPS    : METHOD=<net.vrallev.android.cat.CatLog: void <init>()>
08-28 22:38:31.939 18826 18826 D GAPS    : CLASS=net.vrallev.android.cat.print.AndroidLog
08-28 22:38:31.939 18826 18826 D GAPS    : METHOD=<net.vrallev.android.cat.print.AndroidLog: void <init>()>
08-28 22:38:31.939 18826 18826 D GAPS    : METHOD=<net.vrallev.android.cat.CatGlobal: net.vrallev.android.cat.CatLog getDefaultCatLog()>
08-28 22:38:31.939 18826 18826 D GAPS    : METHOD=<net.vrallev.android.cat.CatLog: void d(java.lang.String)>
08-28 22:38:31.939 18826 18826 D GAPS    : METHOD=<net.vrallev.android.cat.CatLog: void println(int,java.lang.String,java.lang.Throwable)>
08-28 22:38:31.939 18826 18826 D GAPS    : METHOD=<net.vrallev.android.cat.instance.CatLazy: java.lang.String getTag()>
08-28 22:38:31.939 18826 18826 D GAPS    : CLASS=net.vrallev.android.cat.CatUtil
08-28 22:38:31.939 18826 18826 D GAPS    : METHOD=<net.vrallev.android.cat.CatUtil: void <clinit>()>
08-28 22:38:31.939 18826 18826 D GAPS    : CLASS=net.vrallev.android.cat.CatUtil$1
08-28 22:38:31.939 18826 18826 D GAPS    : METHOD=<net.vrallev.android.cat.CatUtil$1: void <init>(int)>
08-28 22:38:31.939 18826 18826 D GAPS    : METHOD=<net.vrallev.android.cat.CatUtil: java.lang.String getCallingClassNameSimple()>
08-28 22:38:31.939 18826 18826 D GAPS    : METHOD=<net.vrallev.android.cat.CatUtil: java.lang.String getCallingClassName()>
08-28 22:38:31.939 18826 18826 D GAPS    : METHOD=<net.vrallev.android.cat.CatUtil: boolean isValidClass(java.lang.String)>
08-28 22:38:31.939 18826 18826 D GAPS    : METHOD=<net.vrallev.android.cat.CatUtil: boolean isClassNameIgnored(java.lang.String)>
08-28 22:38:31.939 18826 18826 D GAPS    : METHOD=<net.vrallev.android.cat.CatUtil$1: java.lang.Object create(java.lang.Object)>
08-28 22:38:31.939 18826 18826 D GAPS    : METHOD=<net.vrallev.android.cat.CatUtil$1: java.lang.Boolean create(java.lang.String)>
08-28 22:38:31.939 18826 18826 D GAPS    : METHOD=<net.vrallev.android.cat.CatUtil$1: boolean hasInvalidInterfaces(java.lang.Class)>
08-28 22:38:31.939 18826 18826 D GAPS    : METHOD=<net.vrallev.android.cat.CatUtil: java.lang.String simpleClassName(java.lang.String)>
08-28 22:38:31.939 18826 18826 D GAPS    : METHOD=<net.vrallev.android.cat.CatLog: java.util.List getPrinters()>
08-28 22:38:31.939 18826 18826 D GAPS    : METHOD=<net.vrallev.android.cat.CatGlobal: void print(int,java.lang.String,java.lang.String,java.lang.Throwable,java.util.List)>
08-28 22:38:31.939 18826 18826 D GAPS    : METHOD=<net.vrallev.android.cat.print.AndroidLog: void println(int,java.lang.String,java.lang.String,java.lang.Throwable)>
08-28 22:38:31.940 18826 18826 D GAPS    : CLASS=be.ppareit.swiftp.FsSettings
08-28 22:38:31.940 18826 18826 D GAPS    : METHOD=<be.ppareit.swiftp.FsSettings: void <clinit>()>
08-28 22:38:31.940 18826 18826 D GAPS    : METHOD=<be.ppareit.swiftp.FsSettings: int getTheme()>
08-28 22:38:31.940 18826 18826 D GAPS    : METHOD=<be.ppareit.swiftp.FsSettings: android.content.SharedPreferences getSharedPreferences()>
08-28 22:38:31.940 18826 18826 D GAPS    : METHOD=<be.ppareit.swiftp.App: android.content.Context getAppContext()>
08-28 22:38:31.941 18826 18826 D GAPS    : ACTIVITY=androidx.fragment.app.FragmentActivity
08-28 22:38:31.941 18826 18826 D GAPS    : METHOD=<androidx.fragment.app.FragmentActivity: void onCreate(android.os.Bundle)>
08-28 22:38:31.941 18826 18826 D GAPS    : ACTIVITY=androidx.activity.ComponentActivity
08-28 22:38:31.941 18826 18826 D GAPS    : METHOD=<androidx.activity.ComponentActivity: void onCreate(android.os.Bundle)>
08-28 22:38:31.941 18826 18826 D GAPS    : METHOD=<androidx.savedstate.SavedStateRegistryController: void performRestore(android.os.Bundle)>
08-28 22:38:31.941 18826 18826 D GAPS    : METHOD=<androidx.lifecycle.Lifecycle$State: boolean isAtLeast(androidx.lifecycle.Lifecycle$State)>
08-28 22:38:31.941 18826 18826 D GAPS    : METHOD=<androidx.savedstate.SavedStateRegistry: void performRestore$savedstate_release(android.os.Bundle)>
08-28 22:38:31.941 18826 18826 D GAPS    : METHOD=<androidx.activity.contextaware.ContextAwareHelper: void dispatchOnContextAvailable(android.content.Context)>
08-28 22:38:31.941 18826 18826 D GAPS    : METHOD=<androidx.activity.ComponentActivity$$ExternalSyntheticLambda2: void onContextAvailable(android.content.Context)>
08-28 22:38:31.941 18826 18826 D GAPS    : METHOD=<androidx.activity.ComponentActivity: void lambda$new$1$androidx-activity-ComponentActivity(android.content.Context)>
08-28 22:38:31.941 18826 18826 D GAPS    : METHOD=<androidx.savedstate.SavedStateRegistry: android.os.Bundle consumeRestoredStateForKey(java.lang.String)>
08-28 22:38:31.941 18826 18826 D GAPS    : METHOD=<androidx.fragment.app.FragmentActivity$2: void onContextAvailable(android.content.Context)>
08-28 22:38:31.941 18826 18826 D GAPS    : METHOD=<androidx.fragment.app.FragmentController: void attachHost(androidx.fragment.app.Fragment)>
08-28 22:38:31.941 18826 18826 D GAPS    : METHOD=<androidx.fragment.app.FragmentManager: void attachController(androidx.fragment.app.FragmentHostCallback,androidx.fragment.app.FragmentContainer,androidx.fragment.app.Fragment)>
08-28 22:38:31.941 18826 18826 D GAPS    : METHOD=<androidx.fragment.app.FragmentManager: void addFragmentOnAttachListener(androidx.fragment.app.FragmentOnAttachListener)>
08-28 22:38:31.941 18826 18826 D GAPS    : METHOD=<androidx.fragment.app.FragmentActivity$HostCallbacks: androidx.activity.OnBackPressedDispatcher getOnBackPressedDispatcher()>
08-28 22:38:31.941 18826 18826 D GAPS    : METHOD=<androidx.activity.ComponentActivity: androidx.activity.OnBackPressedDispatcher getOnBackPressedDispatcher()>
08-28 22:38:31.941 18826 18826 D GAPS    : METHOD=<androidx.activity.OnBackPressedDispatcher: void addCallback(androidx.lifecycle.LifecycleOwner,androidx.activity.OnBackPressedCallback)>
08-28 22:38:31.941 18826 18826 D GAPS    : METHOD=<androidx.fragment.app.FragmentActivity$HostCallbacks: androidx.lifecycle.Lifecycle getLifecycle()>
08-28 22:38:31.941 18826 18826 D GAPS    : CLASS=androidx.activity.OnBackPressedDispatcher$LifecycleOnBackPressedCancellable
08-28 22:38:31.941 18826 18826 D GAPS    : METHOD=<androidx.activity.OnBackPressedDispatcher$LifecycleOnBackPressedCancellable: void <init>(androidx.activity.OnBackPressedDispatcher,androidx.lifecycle.Lifecycle,androidx.activity.OnBackPressedCallback)>
08-28 22:38:31.941 18826 18826 D GAPS    : METHOD=<androidx.activity.OnBackPressedCallback: void addCancellable(androidx.activity.Cancellable)>
08-28 22:38:31.941 18826 18826 D GAPS    : METHOD=<androidx.activity.OnBackPressedDispatcher: void updateBackInvokedCallbackState()>
08-28 22:38:31.941 18826 18826 D GAPS    : METHOD=<androidx.activity.OnBackPressedDispatcher: boolean hasEnabledCallbacks()>
08-28 22:38:31.941 18826 18826 D GAPS    : METHOD=<androidx.activity.OnBackPressedCallback: void setIsEnabledConsumer(androidx.core.util.Consumer)>
08-28 22:38:31.941 18826 18826 D GAPS    : METHOD=<androidx.fragment.app.FragmentActivity$HostCallbacks: androidx.lifecycle.ViewModelStore getViewModelStore()>
08-28 22:38:31.941 18826 18826 D GAPS    : METHOD=<androidx.activity.ComponentActivity: androidx.lifecycle.ViewModelStore getViewModelStore()>
08-28 22:38:31.941 18826 18826 D GAPS    : METHOD=<androidx.activity.ComponentActivity: void ensureViewModelStore()>
08-28 22:38:31.941 18826 18826 D GAPS    : CLASS=androidx.lifecycle.ViewModelStore
08-28 22:38:31.941 18826 18826 D GAPS    : METHOD=<androidx.lifecycle.ViewModelStore: void <init>()>
08-28 22:38:31.942 18826 18826 D GAPS    : CLASS=androidx.fragment.app.FragmentManagerViewModel
08-28 22:38:31.942 18826 18826 D GAPS    : METHOD=<androidx.fragment.app.FragmentManagerViewModel: void <clinit>()>
08-28 22:38:31.942 18826 18826 D GAPS    : CLASS=androidx.fragment.app.FragmentManagerViewModel$1
08-28 22:38:31.942 18826 18826 D GAPS    : METHOD=<androidx.fragment.app.FragmentManagerViewModel$1: void <init>()>
08-28 22:38:31.942 18826 18826 D GAPS    : METHOD=<androidx.fragment.app.FragmentManagerViewModel: androidx.fragment.app.FragmentManagerViewModel getInstance(androidx.lifecycle.ViewModelStore)>
08-28 22:38:31.942 18826 18826 D GAPS    : CLASS=androidx.lifecycle.ViewModelProvider
08-28 22:38:31.942 18826 18826 D GAPS    : METHOD=<androidx.lifecycle.ViewModelProvider: void <init>(androidx.lifecycle.ViewModelStore,androidx.lifecycle.ViewModelProvider$Factory)>
08-28 22:38:31.942 18826 18826 D GAPS    : METHOD=<androidx.lifecycle.ViewModelProvider: void <init>(androidx.lifecycle.ViewModelStore,androidx.lifecycle.ViewModelProvider$Factory,androidx.lifecycle.viewmodel.CreationExtras,int,kotlin.jvm.internal.DefaultConstructorMarker)>
08-28 22:38:31.942 18826 18826 D GAPS    : CLASS=androidx.lifecycle.viewmodel.CreationExtras$Empty
08-28 22:38:31.942 18826 18826 D GAPS    : METHOD=<androidx.lifecycle.viewmodel.CreationExtras$Empty: void <clinit>()>
08-28 22:38:31.942 18826 18826 D GAPS    : METHOD=<androidx.lifecycle.viewmodel.CreationExtras$Empty: void <init>()>
08-28 22:38:31.942 18826 18826 D GAPS    : CLASS=androidx.lifecycle.viewmodel.CreationExtras
08-28 22:38:31.942 18826 18826 D GAPS    : METHOD=<androidx.lifecycle.viewmodel.CreationExtras: void <init>()>
08-28 22:38:31.942 18826 18826 D GAPS    : METHOD=<androidx.lifecycle.ViewModelProvider: void <init>(androidx.lifecycle.ViewModelStore,androidx.lifecycle.ViewModelProvider$Factory,androidx.lifecycle.viewmodel.CreationExtras)>
08-28 22:38:31.942 18826 18826 D GAPS    : METHOD=<androidx.lifecycle.ViewModelProvider: androidx.lifecycle.ViewModel get(java.lang.Class)>
08-28 22:38:31.942 18826 18826 D GAPS    : METHOD=<androidx.lifecycle.ViewModelProvider: androidx.lifecycle.ViewModel get(java.lang.String,java.lang.Class)>
08-28 22:38:31.942 18826 18826 D GAPS    : METHOD=<androidx.lifecycle.ViewModelStore: androidx.lifecycle.ViewModel get(java.lang.String)>
08-28 22:38:31.942 18826 18826 D GAPS    : CLASS=androidx.lifecycle.viewmodel.MutableCreationExtras
08-28 22:38:31.942 18826 18826 D GAPS    : METHOD=<androidx.lifecycle.viewmodel.MutableCreationExtras: void <init>(androidx.lifecycle.viewmodel.CreationExtras)>
08-28 22:38:31.942 18826 18826 D GAPS    : METHOD=<androidx.lifecycle.viewmodel.CreationExtras: java.util.Map getMap$lifecycle_viewmodel_release()>
08-28 22:38:31.942 18826 18826 D GAPS    : CLASS=androidx.lifecycle.ViewModelProvider$NewInstanceFactory
08-28 22:38:31.942 18826 18826 D GAPS    : METHOD=<androidx.lifecycle.ViewModelProvider$NewInstanceFactory: void <clinit>()>
08-28 22:38:31.942 18826 18826 D GAPS    : CLASS=androidx.lifecycle.ViewModelProvider$NewInstanceFactory$Companion
