08-28 22:38:31.901 18826 18826 D GAPS    : METHOD=<androidx.work.impl.Processor: void <init>(android.content.Context,androidx.work.Configuration,androidx.work.impl.utils.taskexecutor.TaskExecutor,androidx.work.impl.WorkDatabase,java.util.List)>
08-28 22:38:31.901 18826 18826 D GAPS    : METHOD=<androidx.work.impl.WorkManagerImpl: void internalInit(android.content.Context,androidx.work.Configuration,androidx.work.impl.utils.taskexecutor.TaskExecutor,androidx.work.impl.WorkDatabase,java.util.List,androidx.work.impl.Processor)>
08-28 22:38:31.901 18826 18826 D GAPS    : CLASS=androidx.work.impl.utils.PreferenceUtils
08-28 22:38:31.901 18826 18826 D GAPS    : METHOD=<androidx.work.impl.utils.PreferenceUtils: void <init>(androidx.work.impl.WorkDatabase)>
08-28 22:38:31.901 18826 18826 D GAPS    : METHOD=<androidx.work.impl.WorkManagerImpl$Api24Impl: boolean isDeviceProtectedStorage(android.content.Context)>
08-28 22:38:31.902 18826 18826 D GAPS    : CLASS=androidx.work.impl.utils.ForceStopRunnable
08-28 22:38:31.902 18826 18826 D GAPS    : METHOD=<androidx.work.impl.utils.ForceStopRunnable: void <clinit>()>
08-28 22:38:31.902 18826 18826 D GAPS    : METHOD=<androidx.work.impl.utils.ForceStopRunnable: void <init>(android.content.Context,androidx.work.impl.WorkManagerImpl)>
08-28 22:38:31.902 18826 18826 D GAPS    : METHOD=<androidx.work.impl.WorkManagerImpl: androidx.work.impl.utils.PreferenceUtils getPreferenceUtils()>
08-28 22:38:31.902 18826 18826 D GAPS    : METHOD=<androidx.work.impl.utils.taskexecutor.WorkManagerTaskExecutor: void executeOnTaskThread(java.lang.Runnable)>
08-28 22:38:31.902 18826 18826 D GAPS    : METHOD=<androidx.work.impl.utils.taskexecutor.TaskExecutor$-CC: void $default$executeOnTaskThread(androidx.work.impl.utils.taskexecutor.TaskExecutor,java.lang.Runnable)>
08-28 22:38:31.902 18826 18826 D GAPS    : METHOD=<androidx.work.impl.utils.SerialExecutorImpl: void execute(java.lang.Runnable)>
08-28 22:38:31.902 18826 18826 D GAPS    : CLASS=androidx.work.impl.utils.SerialExecutorImpl$Task
08-28 22:38:31.902 18826 18826 D GAPS    : METHOD=<androidx.work.impl.utils.SerialExecutorImpl$Task: void <init>(androidx.work.impl.utils.SerialExecutorImpl,java.lang.Runnable)>
08-28 22:38:31.902 18826 18826 D GAPS    : METHOD=<androidx.work.impl.utils.SerialExecutorImpl: void scheduleNext()>
08-28 22:38:31.902 18826 18826 D GAPS    : METHOD=<androidx.work.Configuration$1: java.lang.Thread newThread(java.lang.Runnable)>
08-28 22:38:31.902 18826 18826 D GAPS    : METHOD=<androidx.work.WorkManager: androidx.work.WorkManager getInstance(android.content.Context)>
08-28 22:38:31.902 18826 18826 D GAPS    : METHOD=<androidx.work.impl.WorkManagerImpl: androidx.work.impl.WorkManagerImpl getInstance(android.content.Context)>
08-28 22:38:31.902 18826 18826 D GAPS    : METHOD=<androidx.work.impl.WorkManagerImpl: androidx.work.impl.WorkManagerImpl getInstance()>
08-28 22:38:31.902 18826 18826 D GAPS    : METHOD=<androidx.tracing.Trace: void endSection()>
08-28 22:38:31.902 18826 18826 D GAPS    : METHOD=<androidx.tracing.TraceApi18Impl: void endSection()>
08-28 22:38:31.902 18826 18826 D GAPS    : CLASS=androidx.emoji2.text.EmojiCompatInitializer
08-28 22:38:31.902 18826 18826 D GAPS    : METHOD=<androidx.emoji2.text.EmojiCompatInitializer: void <init>()>
08-28 22:38:31.902 18826 18826 D GAPS    : METHOD=<androidx.emoji2.text.EmojiCompatInitializer: java.util.List dependencies()>
08-28 22:38:31.902 18826 18847 D GAPS    : METHOD=<androidx.work.impl.utils.SerialExecutorImpl$Task: void run()>
08-28 22:38:31.902 18826 18847 D GAPS    : METHOD=<androidx.work.impl.utils.ForceStopRunnable: void run()>
08-28 22:38:31.902 18826 18826 D GAPS    : CLASS=androidx.lifecycle.ProcessLifecycleInitializer
08-28 22:38:31.902 18826 18847 D GAPS    : METHOD=<androidx.work.impl.utils.ForceStopRunnable: boolean multiProcessChecks()>
08-28 22:38:31.902 18826 18847 D GAPS    : METHOD=<androidx.work.impl.WorkManagerImpl: androidx.work.Configuration getConfiguration()>
08-28 22:38:31.902 18826 18826 D GAPS    : METHOD=<androidx.lifecycle.ProcessLifecycleInitializer: void <init>()>
08-28 22:38:31.902 18826 18847 D GAPS    : METHOD=<androidx.work.Configuration: java.lang.String getDefaultProcessName()>
08-28 22:38:31.902 18826 18826 D GAPS    : METHOD=<androidx.lifecycle.ProcessLifecycleInitializer: java.util.List dependencies()>
08-28 22:38:31.902 18826 18826 D GAPS    : METHOD=<androidx.lifecycle.ProcessLifecycleInitializer: java.lang.Object create(android.content.Context)>
08-28 22:38:31.902 18826 18826 D GAPS    : METHOD=<androidx.lifecycle.ProcessLifecycleInitializer: androidx.lifecycle.LifecycleOwner create(android.content.Context)>
08-28 22:38:31.902 18826 18826 D GAPS    : METHOD=<androidx.startup.AppInitializer: boolean isEagerlyInitialized(java.lang.Class)>
08-28 22:38:31.902 18826 18847 D GAPS    : CLASS=androidx.work.impl.WorkDatabasePathHelper
08-28 22:38:31.902 18826 18847 D GAPS    : METHOD=<androidx.work.impl.WorkDatabasePathHelper: void <clinit>()>
08-28 22:38:31.902 18826 18847 D GAPS    : METHOD=<androidx.work.impl.WorkDatabasePathHelper: void <init>()>
08-28 22:38:31.902 18826 18847 D GAPS    : METHOD=<androidx.work.impl.WorkDatabasePathHelper: void migrateDatabase(android.content.Context)>
08-28 22:38:31.902 18826 18847 D GAPS    : METHOD=<androidx.work.impl.WorkDatabasePathHelper: java.io.File getDefaultDatabasePath(android.content.Context)>
08-28 22:38:31.902 18826 18826 D GAPS    : CLASS=androidx.lifecycle.LifecycleDispatcher
08-28 22:38:31.902 18826 18826 D GAPS    : METHOD=<androidx.lifecycle.LifecycleDispatcher: void <clinit>()>
08-28 22:38:31.902 18826 18826 D GAPS    : METHOD=<androidx.lifecycle.LifecycleDispatcher: void init(android.content.Context)>
08-28 22:38:31.902 18826 18826 D GAPS    : CLASS=androidx.lifecycle.LifecycleDispatcher$DispatcherActivityCallback
08-28 22:38:31.902 18826 18826 D GAPS    : METHOD=<androidx.lifecycle.LifecycleDispatcher$DispatcherActivityCallback: void <init>()>
08-28 22:38:31.902 18826 18826 D GAPS    : CLASS=androidx.lifecycle.EmptyActivityLifecycleCallbacks
08-28 22:38:31.902 18826 18826 D GAPS    : METHOD=<androidx.lifecycle.EmptyActivityLifecycleCallbacks: void <init>()>
08-28 22:38:31.903 18826 18826 D GAPS    : CLASS=androidx.lifecycle.ProcessLifecycleOwner
08-28 22:38:31.903 18826 18826 D GAPS    : METHOD=<androidx.lifecycle.ProcessLifecycleOwner: void <clinit>()>
08-28 22:38:31.903 18826 18826 D GAPS    : METHOD=<androidx.lifecycle.ProcessLifecycleOwner: void <init>()>
08-28 22:38:31.903 18826 18847 D GAPS    : METHOD=<androidx.work.impl.utils.ForceStopRunnable: void forceStopRunnable()>
08-28 22:38:31.903 18826 18847 D GAPS    : METHOD=<androidx.work.impl.utils.ForceStopRunnable: boolean cleanUp()>
08-28 22:38:31.903 18826 18847 D GAPS    : METHOD=<androidx.work.impl.background.systemjob.SystemJobScheduler: boolean reconcileJobs(android.content.Context,androidx.work.impl.WorkManagerImpl)>
08-28 22:38:31.903 18826 18847 D GAPS    : METHOD=<androidx.work.impl.background.systemjob.SystemJobScheduler: java.util.List getPendingJobs(android.content.Context,android.app.job.JobScheduler)>
08-28 22:38:31.903 18826 18826 D GAPS    : CLASS=androidx.lifecycle.LifecycleRegistry
08-28 22:38:31.903 18826 18826 D GAPS    : METHOD=<androidx.lifecycle.LifecycleRegistry: void <init>(androidx.lifecycle.LifecycleOwner)>
08-28 22:38:31.903 18826 18826 D GAPS    : METHOD=<androidx.lifecycle.LifecycleRegistry: void <init>(androidx.lifecycle.LifecycleOwner,boolean)>
08-28 22:38:31.903 18826 18826 D GAPS    : CLASS=androidx.lifecycle.Lifecycle
08-28 22:38:31.903 18826 18826 D GAPS    : METHOD=<androidx.lifecycle.Lifecycle: void <init>()>
08-28 22:38:31.903 18826 18826 D GAPS    : CLASS=androidx.arch.core.internal.FastSafeIterableMap
08-28 22:38:31.903 18826 18826 D GAPS    : METHOD=<androidx.arch.core.internal.FastSafeIterableMap: void <init>()>
08-28 22:38:31.903 18826 18847 D GAPS    : METHOD=<androidx.work.impl.WorkManagerImpl: androidx.work.impl.WorkDatabase getWorkDatabase()>
08-28 22:38:31.903 18826 18826 D GAPS    : CLASS=androidx.lifecycle.Lifecycle$State
08-28 22:38:31.903 18826 18826 D GAPS    : METHOD=<androidx.lifecycle.Lifecycle$State: void <clinit>()>
08-28 22:38:31.903 18826 18847 D GAPS    : METHOD=<androidx.work.impl.WorkDatabase_Impl: androidx.work.impl.model.SystemIdInfoDao systemIdInfoDao()>
08-28 22:38:31.903 18826 18847 D GAPS    : CLASS=androidx.work.impl.model.SystemIdInfoDao_Impl
08-28 22:38:31.903 18826 18826 D GAPS    : METHOD=<androidx.lifecycle.Lifecycle$State: void <init>(java.lang.String,int)>
08-28 22:38:31.903 18826 18847 D GAPS    : METHOD=<androidx.work.impl.model.SystemIdInfoDao_Impl: void <init>(androidx.room.RoomDatabase)>
08-28 22:38:31.903 18826 18826 D GAPS    : CLASS=androidx.lifecycle.ProcessLifecycleOwner$1
08-28 22:38:31.903 18826 18826 D GAPS    : METHOD=<androidx.lifecycle.ProcessLifecycleOwner$1: void <init>(androidx.lifecycle.ProcessLifecycleOwner)>
08-28 22:38:31.903 18826 18826 D GAPS    : CLASS=androidx.lifecycle.ProcessLifecycleOwner$2
08-28 22:38:31.903 18826 18826 D GAPS    : METHOD=<androidx.lifecycle.ProcessLifecycleOwner$2: void <init>(androidx.lifecycle.ProcessLifecycleOwner)>
08-28 22:38:31.903 18826 18826 D GAPS    : METHOD=<androidx.lifecycle.ProcessLifecycleOwner: void init(android.content.Context)>
08-28 22:38:31.903 18826 18826 D GAPS    : METHOD=<androidx.lifecycle.ProcessLifecycleOwner: void attach(android.content.Context)>
08-28 22:38:31.903 18826 18826 D GAPS    : CLASS=androidx.lifecycle.Lifecycle$Event
08-28 22:38:31.903 18826 18826 D GAPS    : METHOD=<androidx.lifecycle.Lifecycle$Event: void <clinit>()>
08-28 22:38:31.903 18826 18826 D GAPS    : METHOD=<androidx.lifecycle.Lifecycle$Event: void <init>(java.lang.String,int)>
08-28 22:38:31.903 18826 18826 D GAPS    : METHOD=<androidx.lifecycle.LifecycleRegistry: void handleLifecycleEvent(androidx.lifecycle.Lifecycle$Event)>
08-28 22:38:31.903 18826 18826 D GAPS    : METHOD=<androidx.lifecycle.LifecycleRegistry: void enforceMainThreadIfNeeded(java.lang.String)>
08-28 22:38:31.903 18826 18826 D GAPS    : CLASS=androidx.arch.core.executor.ArchTaskExecutor
08-28 22:38:31.903 18826 18826 D GAPS    : METHOD=<androidx.arch.core.executor.ArchTaskExecutor: void <clinit>()>
08-28 22:38:31.903 18826 18847 D GAPS    : CLASS=androidx.work.impl.model.SystemIdInfoDao_Impl$1
08-28 22:38:31.903 18826 18826 D GAPS    : CLASS=androidx.arch.core.executor.ArchTaskExecutor$1
08-28 22:38:31.903 18826 18847 D GAPS    : METHOD=<androidx.work.impl.model.SystemIdInfoDao_Impl$1: void <init>(androidx.work.impl.model.SystemIdInfoDao_Impl,androidx.room.RoomDatabase)>
08-28 22:38:31.903 18826 18826 D GAPS    : METHOD=<androidx.arch.core.executor.ArchTaskExecutor$1: void <init>()>
08-28 22:38:31.903 18826 18847 D GAPS    : CLASS=androidx.room.EntityInsertionAdapter
08-28 22:38:31.903 18826 18847 D GAPS    : METHOD=<androidx.room.EntityInsertionAdapter: void <init>(androidx.room.RoomDatabase)>
08-28 22:38:31.903 18826 18847 D GAPS    : CLASS=androidx.room.SharedSQLiteStatement
08-28 22:38:31.903 18826 18847 D GAPS    : METHOD=<androidx.room.SharedSQLiteStatement: void <init>(androidx.room.RoomDatabase)>
08-28 22:38:31.903 18826 18826 D GAPS    : CLASS=androidx.arch.core.executor.ArchTaskExecutor$2
08-28 22:38:31.903 18826 18847 D GAPS    : CLASS=androidx.room.SharedSQLiteStatement$stmt$2
08-28 22:38:31.903 18826 18826 D GAPS    : METHOD=<androidx.arch.core.executor.ArchTaskExecutor$2: void <init>()>
08-28 22:38:31.903 18826 18847 D GAPS    : METHOD=<androidx.room.SharedSQLiteStatement$stmt$2: void <init>(androidx.room.SharedSQLiteStatement)>
08-28 22:38:31.903 18826 18826 D GAPS    : METHOD=<androidx.arch.core.executor.ArchTaskExecutor: androidx.arch.core.executor.ArchTaskExecutor getInstance()>
08-28 22:38:31.903 18826 18826 D GAPS    : METHOD=<androidx.arch.core.executor.ArchTaskExecutor: void <init>()>
08-28 22:38:31.903 18826 18826 D GAPS    : CLASS=androidx.arch.core.executor.TaskExecutor
08-28 22:38:31.903 18826 18826 D GAPS    : METHOD=<androidx.arch.core.executor.TaskExecutor: void <init>()>
08-28 22:38:31.903 18826 18847 D GAPS    : CLASS=androidx.work.impl.model.SystemIdInfoDao_Impl$2
08-28 22:38:31.903 18826 18847 D GAPS    : METHOD=<androidx.work.impl.model.SystemIdInfoDao_Impl$2: void <init>(androidx.work.impl.model.SystemIdInfoDao_Impl,androidx.room.RoomDatabase)>
08-28 22:38:31.903 18826 18847 D GAPS    : CLASS=androidx.work.impl.model.SystemIdInfoDao_Impl$3
08-28 22:38:31.903 18826 18847 D GAPS    : METHOD=<androidx.work.impl.model.SystemIdInfoDao_Impl$3: void <init>(androidx.work.impl.model.SystemIdInfoDao_Impl,androidx.room.RoomDatabase)>
08-28 22:38:31.903 18826 18847 D GAPS    : METHOD=<androidx.work.impl.model.SystemIdInfoDao_Impl: java.util.List getWorkSpecIds()>
08-28 22:38:31.904 18826 18847 D GAPS    : CLASS=androidx.room.RoomSQLiteQuery
08-28 22:38:31.904 18826 18847 D GAPS    : METHOD=<androidx.room.RoomSQLiteQuery: void <clinit>()>
08-28 22:38:31.904 18826 18847 D GAPS    : CLASS=androidx.room.RoomSQLiteQuery$Companion
08-28 22:38:31.904 18826 18847 D GAPS    : METHOD=<androidx.room.RoomSQLiteQuery$Companion: void <init>(kotlin.jvm.internal.DefaultConstructorMarker)>
08-28 22:38:31.904 18826 18847 D GAPS    : METHOD=<androidx.room.RoomSQLiteQuery$Companion: void <init>()>
08-28 22:38:31.904 18826 18847 D GAPS    : METHOD=<androidx.room.RoomSQLiteQuery: androidx.room.RoomSQLiteQuery acquire(java.lang.String,int)>
08-28 22:38:31.904 18826 18847 D GAPS    : METHOD=<androidx.room.RoomSQLiteQuery$Companion: androidx.room.RoomSQLiteQuery acquire(java.lang.String,int)>
08-28 22:38:31.904 18826 18826 D GAPS    : CLASS=androidx.arch.core.executor.DefaultTaskExecutor
08-28 22:38:31.904 18826 18826 D GAPS    : METHOD=<androidx.arch.core.executor.DefaultTaskExecutor: void <init>()>
08-28 22:38:31.904 18826 18847 D GAPS    : CLASS=kotlin.Unit
08-28 22:38:31.904 18826 18847 D GAPS    : METHOD=<kotlin.Unit: void <clinit>()>
08-28 22:38:31.904 18826 18847 D GAPS    : METHOD=<kotlin.Unit: void <init>()>
08-28 22:38:31.904 18826 18847 D GAPS    : METHOD=<androidx.room.RoomSQLiteQuery: void <init>(int,kotlin.jvm.internal.DefaultConstructorMarker)>
08-28 22:38:31.904 18826 18847 D GAPS    : METHOD=<androidx.room.RoomSQLiteQuery: void <init>(int)>
08-28 22:38:31.904 18826 18847 D GAPS    : METHOD=<androidx.room.RoomSQLiteQuery: void init(java.lang.String,int)>
08-28 22:38:31.904 18826 18847 D GAPS    : METHOD=<androidx.room.RoomDatabase: void assertNotSuspendingTransaction()>
08-28 22:38:31.904 18826 18847 D GAPS    : METHOD=<androidx.room.RoomDatabase: boolean inTransaction()>
08-28 22:38:31.904 18826 18826 D GAPS    : CLASS=androidx.arch.core.executor.DefaultTaskExecutor$1
08-28 22:38:31.904 18826 18847 D GAPS    : METHOD=<androidx.sqlite.db.framework.FrameworkSQLiteOpenHelper: androidx.sqlite.db.SupportSQLiteDatabase getWritableDatabase()>
08-28 22:38:31.904 18826 18826 D GAPS    : METHOD=<androidx.arch.core.executor.DefaultTaskExecutor$1: void <init>(androidx.arch.core.executor.DefaultTaskExecutor)>
08-28 22:38:31.904 18826 18847 D GAPS    : METHOD=<androidx.sqlite.db.framework.FrameworkSQLiteOpenHelper: androidx.sqlite.db.framework.FrameworkSQLiteOpenHelper$OpenHelper getDelegate()>
08-28 22:38:31.904 18826 18847 D GAPS    : METHOD=<kotlin.SynchronizedLazyImpl: java.lang.Object getValue()>
08-28 22:38:31.904 18826 18847 D GAPS    : METHOD=<androidx.sqlite.db.framework.FrameworkSQLiteOpenHelper$lazyDelegate$1: java.lang.Object invoke()>
08-28 22:38:31.904 18826 18847 D GAPS    : METHOD=<androidx.sqlite.db.framework.FrameworkSQLiteOpenHelper$lazyDelegate$1: androidx.sqlite.db.framework.FrameworkSQLiteOpenHelper$OpenHelper invoke()>
08-28 22:38:31.904 18826 18847 D GAPS    : METHOD=<androidx.sqlite.db.framework.FrameworkSQLiteOpenHelper: java.lang.String access$getName$p(androidx.sqlite.db.framework.FrameworkSQLiteOpenHelper)>
08-28 22:38:31.904 18826 18847 D GAPS    : METHOD=<androidx.sqlite.db.framework.FrameworkSQLiteOpenHelper: boolean access$getUseNoBackupDirectory$p(androidx.sqlite.db.framework.FrameworkSQLiteOpenHelper)>
08-28 22:38:31.904 18826 18847 D GAPS    : METHOD=<androidx.sqlite.db.framework.FrameworkSQLiteOpenHelper: android.content.Context access$getContext$p(androidx.sqlite.db.framework.FrameworkSQLiteOpenHelper)>
08-28 22:38:31.904 18826 18826 D GAPS    : METHOD=<androidx.arch.core.executor.ArchTaskExecutor: boolean isMainThread()>
08-28 22:38:31.904 18826 18847 D GAPS    : CLASS=androidx.sqlite.db.SupportSQLiteCompat$Api21Impl
08-28 22:38:31.904 18826 18847 D GAPS    : METHOD=<androidx.sqlite.db.SupportSQLiteCompat$Api21Impl: void <clinit>()>
08-28 22:38:31.904 18826 18826 D GAPS    : METHOD=<androidx.arch.core.executor.DefaultTaskExecutor: boolean isMainThread()>
08-28 22:38:31.904 18826 18826 D GAPS    : METHOD=<androidx.lifecycle.Lifecycle$Event: androidx.lifecycle.Lifecycle$State getTargetState()>
08-28 22:38:31.904 18826 18847 D GAPS    : METHOD=<androidx.sqlite.db.SupportSQLiteCompat$Api21Impl: void <init>()>
08-28 22:38:31.904 18826 18847 D GAPS    : METHOD=<androidx.sqlite.db.SupportSQLiteCompat$Api21Impl: java.io.File getNoBackupFilesDir(android.content.Context)>
08-28 22:38:31.904 18826 18826 D GAPS    : CLASS=androidx.lifecycle.Lifecycle$1
08-28 22:38:31.904 18826 18826 D GAPS    : METHOD=<androidx.lifecycle.Lifecycle$1: void <clinit>()>
08-28 22:38:31.904 18826 18826 D GAPS    : METHOD=<androidx.lifecycle.Lifecycle$Event: androidx.lifecycle.Lifecycle$Event[] values()>
08-28 22:38:31.904 18826 18826 D GAPS    : METHOD=<androidx.lifecycle.Lifecycle$State: androidx.lifecycle.Lifecycle$State[] values()>
08-28 22:38:31.904 18826 18826 D GAPS    : METHOD=<androidx.lifecycle.LifecycleRegistry: void moveToState(androidx.lifecycle.Lifecycle$State)>
08-28 22:38:31.904 18826 18826 D GAPS    : METHOD=<androidx.lifecycle.LifecycleRegistry: void sync()>
08-28 22:38:31.904 18826 18826 D GAPS    : METHOD=<androidx.lifecycle.LifecycleRegistry: boolean isSynced()>
08-28 22:38:31.904 18826 18826 D GAPS    : METHOD=<androidx.arch.core.internal.SafeIterableMap: int size()>
08-28 22:38:31.904 18826 18826 D GAPS    : CLASS=androidx.lifecycle.ProcessLifecycleOwner$3
08-28 22:38:31.904 18826 18826 D GAPS    : METHOD=<androidx.lifecycle.ProcessLifecycleOwner$3: void <init>(androidx.lifecycle.ProcessLifecycleOwner)>
08-28 22:38:31.904 18826 18826 D GAPS    : METHOD=<androidx.lifecycle.ProcessLifecycleOwner: androidx.lifecycle.LifecycleOwner get()>
08-28 22:38:31.904 18826 18826 D GAPS    : METHOD=<androidx.emoji2.text.EmojiCompatInitializer: java.lang.Object create(android.content.Context)>
08-28 22:38:31.904 18826 18826 D GAPS    : METHOD=<androidx.emoji2.text.EmojiCompatInitializer: java.lang.Boolean create(android.content.Context)>
08-28 22:38:31.904 18826 18847 D GAPS    : CLASS=androidx.sqlite.db.framework.FrameworkSQLiteOpenHelper$OpenHelper
08-28 22:38:31.904 18826 18847 D GAPS    : METHOD=<androidx.sqlite.db.framework.FrameworkSQLiteOpenHelper$OpenHelper: void <clinit>()>
08-28 22:38:31.904 18826 18826 D GAPS    : CLASS=androidx.emoji2.text.EmojiCompatInitializer$BackgroundDefaultConfig
08-28 22:38:31.904 18826 18826 D GAPS    : METHOD=<androidx.emoji2.text.EmojiCompatInitializer$BackgroundDefaultConfig: void <init>(android.content.Context)>
08-28 22:38:31.904 18826 18847 D GAPS    : CLASS=androidx.sqlite.db.framework.FrameworkSQLiteOpenHelper$OpenHelper$Companion
08-28 22:38:31.904 18826 18847 D GAPS    : METHOD=<androidx.sqlite.db.framework.FrameworkSQLiteOpenHelper$OpenHelper$Companion: void <init>(kotlin.jvm.internal.DefaultConstructorMarker)>
08-28 22:38:31.904 18826 18847 D GAPS    : METHOD=<androidx.sqlite.db.framework.FrameworkSQLiteOpenHelper$OpenHelper$Companion: void <init>()>
08-28 22:38:31.904 18826 18847 D GAPS    : CLASS=androidx.sqlite.db.framework.FrameworkSQLiteOpenHelper$DBRefHolder
08-28 22:38:31.904 18826 18826 D GAPS    : CLASS=androidx.emoji2.text.EmojiCompatInitializer$BackgroundDefaultLoader
08-28 22:38:31.904 18826 18847 D GAPS    : METHOD=<androidx.sqlite.db.framework.FrameworkSQLiteOpenHelper$DBRefHolder: void <init>(androidx.sqlite.db.framework.FrameworkSQLiteDatabase)>
08-28 22:38:31.904 18826 18826 D GAPS    : METHOD=<androidx.emoji2.text.EmojiCompatInitializer$BackgroundDefaultLoader: void <init>(android.content.Context)>
08-28 22:38:31.904 18826 18847 D GAPS    : METHOD=<androidx.sqlite.db.framework.FrameworkSQLiteOpenHelper: androidx.sqlite.db.SupportSQLiteOpenHelper$Callback access$getCallback$p(androidx.sqlite.db.framework.FrameworkSQLiteOpenHelper)>
08-28 22:38:31.904 18826 18847 D GAPS    : METHOD=<androidx.sqlite.db.framework.FrameworkSQLiteOpenHelper: boolean access$getAllowDataLossOnRecovery$p(androidx.sqlite.db.framework.FrameworkSQLiteOpenHelper)>
08-28 22:38:31.904 18826 18847 D GAPS    : METHOD=<androidx.sqlite.db.framework.FrameworkSQLiteOpenHelper$OpenHelper: void <init>(android.content.Context,java.lang.String,androidx.sqlite.db.framework.FrameworkSQLiteOpenHelper$DBRefHolder,androidx.sqlite.db.SupportSQLiteOpenHelper$Callback,boolean)>
08-28 22:38:31.904 18826 18847 D GAPS    : CLASS=androidx.sqlite.db.framework.FrameworkSQLiteOpenHelper$OpenHelper$$ExternalSyntheticLambda0
08-28 22:38:31.904 18826 18847 D GAPS    : METHOD=<androidx.sqlite.db.framework.FrameworkSQLiteOpenHelper$OpenHelper$$ExternalSyntheticLambda0: void <init>(androidx.sqlite.db.SupportSQLiteOpenHelper$Callback,androidx.sqlite.db.framework.FrameworkSQLiteOpenHelper$DBRefHolder)>
08-28 22:38:31.904 18826 18847 D GAPS    : CLASS=androidx.sqlite.util.ProcessLock
08-28 22:38:31.904 18826 18847 D GAPS    : METHOD=<androidx.sqlite.util.ProcessLock: void <clinit>()>
08-28 22:38:31.904 18826 18847 D GAPS    : CLASS=androidx.sqlite.util.ProcessLock$Companion
08-28 22:38:31.905 18826 18847 D GAPS    : METHOD=<androidx.sqlite.util.ProcessLock$Companion: void <init>(kotlin.jvm.internal.DefaultConstructorMarker)>
08-28 22:38:31.905 18826 18847 D GAPS    : METHOD=<androidx.sqlite.util.ProcessLock$Companion: void <init>()>
08-28 22:38:31.905 18826 18847 D GAPS    : METHOD=<androidx.sqlite.util.ProcessLock: void <init>(java.lang.String,java.io.File,boolean)>
08-28 22:38:31.905 18826 18847 D GAPS    : METHOD=<androidx.sqlite.util.ProcessLock$Companion: java.util.concurrent.locks.Lock access$getThreadLock(androidx.sqlite.util.ProcessLock$Companion,java.lang.String)>
08-28 22:38:31.905 18826 18847 D GAPS    : METHOD=<androidx.sqlite.util.ProcessLock$Companion: java.util.concurrent.locks.Lock getThreadLock(java.lang.String)>
08-28 22:38:31.905 18826 18847 D GAPS    : METHOD=<androidx.sqlite.util.ProcessLock: java.util.Map access$getThreadLocksMap$cp()>
08-28 22:38:31.905 18826 18847 D GAPS    : METHOD=<androidx.sqlite.db.framework.FrameworkSQLiteOpenHelper: boolean access$getWriteAheadLoggingEnabled$p(androidx.sqlite.db.framework.FrameworkSQLiteOpenHelper)>
08-28 22:38:31.905 18826 18847 D GAPS    : CLASS=androidx.sqlite.db.SupportSQLiteCompat$Api16Impl
08-28 22:38:31.905 18826 18847 D GAPS    : METHOD=<androidx.sqlite.db.SupportSQLiteCompat$Api16Impl: void <clinit>()>
08-28 22:38:31.905 18826 18847 D GAPS    : METHOD=<androidx.sqlite.db.SupportSQLiteCompat$Api16Impl: void <init>()>
08-28 22:38:31.905 18826 18847 D GAPS    : METHOD=<androidx.sqlite.db.SupportSQLiteCompat$Api16Impl: void setWriteAheadLoggingEnabled(android.database.sqlite.SQLiteOpenHelper,boolean)>
08-28 22:38:31.905 18826 18847 D GAPS    : METHOD=<androidx.sqlite.db.framework.FrameworkSQLiteOpenHelper$OpenHelper: androidx.sqlite.db.SupportSQLiteDatabase getSupportDatabase(boolean)>
08-28 22:38:31.905 18826 18847 D GAPS    : METHOD=<androidx.sqlite.util.ProcessLock: void lock(boolean)>
08-28 22:38:31.905 18826 18826 D GAPS    : CLASS=androidx.emoji2.text.EmojiCompat$Config
08-28 22:38:31.905 18826 18826 D GAPS    : METHOD=<androidx.emoji2.text.EmojiCompat$Config: void <init>(androidx.emoji2.text.EmojiCompat$MetadataRepoLoader)>
08-28 22:38:31.905 18826 18826 D GAPS    : CLASS=androidx.emoji2.text.DefaultGlyphChecker
08-28 22:38:31.905 18826 18826 D GAPS    : METHOD=<androidx.emoji2.text.DefaultGlyphChecker: void <clinit>()>
08-28 22:38:31.905 18826 18826 D GAPS    : METHOD=<androidx.emoji2.text.DefaultGlyphChecker: void <init>()>
08-28 22:38:31.905 18826 18826 D GAPS    : METHOD=<androidx.core.util.Preconditions: java.lang.Object checkNotNull(java.lang.Object,java.lang.Object)>
08-28 22:38:31.905 18826 18826 D GAPS    : METHOD=<androidx.emoji2.text.EmojiCompat$Config: androidx.emoji2.text.EmojiCompat$Config setMetadataLoadStrategy(int)>
08-28 22:38:31.905 18826 18826 D GAPS    : CLASS=androidx.emoji2.text.EmojiCompat
08-28 22:38:31.905 18826 18826 D GAPS    : METHOD=<androidx.emoji2.text.EmojiCompat: void <clinit>()>
08-28 22:38:31.905 18826 18826 D GAPS    : METHOD=<androidx.emoji2.text.EmojiCompat: androidx.emoji2.text.EmojiCompat init(androidx.emoji2.text.EmojiCompat$Config)>
08-28 22:38:31.905 18826 18826 D GAPS    : METHOD=<androidx.emoji2.text.EmojiCompat: void <init>(androidx.emoji2.text.EmojiCompat$Config)>
08-28 22:38:31.906 18826 18826 D GAPS    : CLASS=androidx.collection.ArraySet
08-28 22:38:31.906 18826 18826 D GAPS    : METHOD=<androidx.collection.ArraySet: void <clinit>()>
08-28 22:38:31.906 18826 18826 D GAPS    : METHOD=<androidx.collection.ArraySet: void <init>()>
08-28 22:38:31.906 18826 18826 D GAPS    : METHOD=<androidx.collection.ArraySet: void <init>(int)>
08-28 22:38:31.906 18826 18826 D GAPS    : CLASS=androidx.emoji2.text.EmojiCompat$CompatInternal19
08-28 22:38:31.906 18826 18826 D GAPS    : METHOD=<androidx.emoji2.text.EmojiCompat$CompatInternal19: void <init>(androidx.emoji2.text.EmojiCompat)>
08-28 22:38:31.906 18826 18826 D GAPS    : CLASS=androidx.emoji2.text.EmojiCompat$CompatInternal
08-28 22:38:31.906 18826 18826 D GAPS    : METHOD=<androidx.emoji2.text.EmojiCompat$CompatInternal: void <init>(androidx.emoji2.text.EmojiCompat)>
08-28 22:38:31.906 18826 18826 D GAPS    : METHOD=<androidx.emoji2.text.EmojiCompat: void loadMetadata()>
08-28 22:38:31.906 18826 18826 D GAPS    : METHOD=<androidx.emoji2.text.EmojiCompat: int getLoadState()>
08-28 22:38:31.906 18826 18826 D GAPS    : METHOD=<androidx.emoji2.text.EmojiCompatInitializer: void delayUntilFirstResume(android.content.Context)>
08-28 22:38:31.906 18826 18826 D GAPS    : METHOD=<androidx.startup.AppInitializer: java.lang.Object initializeComponent(java.lang.Class)>
08-28 22:38:31.906 18826 18826 D GAPS    : METHOD=<androidx.startup.AppInitializer: java.lang.Object doInitialize(java.lang.Class)>
08-28 22:38:31.906 18826 18826 D GAPS    : METHOD=<androidx.lifecycle.ProcessLifecycleOwner: androidx.lifecycle.Lifecycle getLifecycle()>
08-28 22:38:31.906 18826 18826 D GAPS    : CLASS=androidx.emoji2.text.EmojiCompatInitializer$1
08-28 22:38:31.906 18826 18826 D GAPS    : METHOD=<androidx.emoji2.text.EmojiCompatInitializer$1: void <init>(androidx.emoji2.text.EmojiCompatInitializer,androidx.lifecycle.Lifecycle)>
08-28 22:38:31.906 18826 18826 D GAPS    : METHOD=<androidx.lifecycle.LifecycleRegistry: void addObserver(androidx.lifecycle.LifecycleObserver)>
08-28 22:38:31.906 18826 18826 D GAPS    : CLASS=androidx.lifecycle.LifecycleRegistry$ObserverWithState
08-28 22:38:31.906 18826 18826 D GAPS    : METHOD=<androidx.lifecycle.LifecycleRegistry$ObserverWithState: void <init>(androidx.lifecycle.LifecycleObserver,androidx.lifecycle.Lifecycle$State)>
08-28 22:38:31.907 18826 18826 D GAPS    : CLASS=androidx.lifecycle.Lifecycling
08-28 22:38:31.907 18826 18826 D GAPS    : METHOD=<androidx.lifecycle.Lifecycling: void <clinit>()>
08-28 22:38:31.907 18826 18826 D GAPS    : METHOD=<androidx.lifecycle.Lifecycling: androidx.lifecycle.LifecycleEventObserver lifecycleEventObserver(java.lang.Object)>
08-28 22:38:31.907 18826 18826 D GAPS    : CLASS=androidx.lifecycle.FullLifecycleObserverAdapter
08-28 22:38:31.907 18826 18826 D GAPS    : METHOD=<androidx.lifecycle.FullLifecycleObserverAdapter: void <init>(androidx.lifecycle.FullLifecycleObserver,androidx.lifecycle.LifecycleEventObserver)>
08-28 22:38:31.907 18826 18826 D GAPS    : METHOD=<androidx.arch.core.internal.FastSafeIterableMap: java.lang.Object putIfAbsent(java.lang.Object,java.lang.Object)>
08-28 22:38:31.907 18826 18826 D GAPS    : METHOD=<androidx.arch.core.internal.FastSafeIterableMap: androidx.arch.core.internal.SafeIterableMap$Entry get(java.lang.Object)>
08-28 22:38:31.907 18826 18826 D GAPS    : METHOD=<androidx.arch.core.internal.SafeIterableMap: androidx.arch.core.internal.SafeIterableMap$Entry put(java.lang.Object,java.lang.Object)>
08-28 22:38:31.907 18826 18826 D GAPS    : CLASS=androidx.arch.core.internal.SafeIterableMap$Entry
08-28 22:38:31.907 18826 18826 D GAPS    : METHOD=<androidx.arch.core.internal.SafeIterableMap$Entry: void <init>(java.lang.Object,java.lang.Object)>
08-28 22:38:31.907 18826 18826 D GAPS    : METHOD=<androidx.lifecycle.LifecycleRegistry: androidx.lifecycle.Lifecycle$State calculateTargetState(androidx.lifecycle.LifecycleObserver)>
08-28 22:38:31.907 18826 18826 D GAPS    : METHOD=<androidx.arch.core.internal.FastSafeIterableMap: java.util.Map$Entry ceil(java.lang.Object)>
08-28 22:38:31.907 18826 18826 D GAPS    : METHOD=<androidx.arch.core.internal.FastSafeIterableMap: boolean contains(java.lang.Object)>
08-28 22:38:31.907 18826 18826 D GAPS    : METHOD=<androidx.lifecycle.LifecycleRegistry: androidx.lifecycle.Lifecycle$State min(androidx.lifecycle.Lifecycle$State,androidx.lifecycle.Lifecycle$State)>
08-28 22:38:31.907 18826 18826 D GAPS    : METHOD=<androidx.lifecycle.LifecycleRegistry: void pushParentState(androidx.lifecycle.Lifecycle$State)>
08-28 22:38:31.907 18826 18826 D GAPS    : METHOD=<androidx.lifecycle.Lifecycle$Event: androidx.lifecycle.Lifecycle$Event upFrom(androidx.lifecycle.Lifecycle$State)>
08-28 22:38:31.907 18826 18826 D GAPS    : METHOD=<androidx.lifecycle.LifecycleRegistry$ObserverWithState: void dispatchEvent(androidx.lifecycle.LifecycleOwner,androidx.lifecycle.Lifecycle$Event)>
08-28 22:38:31.907 18826 18826 D GAPS    : METHOD=<androidx.lifecycle.FullLifecycleObserverAdapter: void onStateChanged(androidx.lifecycle.LifecycleOwner,androidx.lifecycle.Lifecycle$Event)>
08-28 22:38:31.907 18826 18826 D GAPS    : CLASS=androidx.lifecycle.FullLifecycleObserverAdapter$1
08-28 22:38:31.907 18826 18826 D GAPS    : METHOD=<androidx.lifecycle.FullLifecycleObserverAdapter$1: void <clinit>()>
08-28 22:38:31.907 18826 18826 D GAPS    : METHOD=<androidx.emoji2.text.EmojiCompatInitializer$1: void onCreate(androidx.lifecycle.LifecycleOwner)>
08-28 22:38:31.907 18826 18826 D GAPS    : METHOD=<androidx.lifecycle.DefaultLifecycleObserver$-CC: void $default$onCreate(androidx.lifecycle.DefaultLifecycleObserver,androidx.lifecycle.LifecycleOwner)>
08-28 22:38:31.907 18826 18826 D GAPS    : METHOD=<androidx.lifecycle.LifecycleRegistry: void popParentState()>
08-28 22:38:31.907 18826 18826 D GAPS    : METHOD=<androidx.arch.core.internal.SafeIterableMap: java.util.Map$Entry eldest()>
08-28 22:38:31.907 18826 18826 D GAPS    : METHOD=<androidx.arch.core.internal.SafeIterableMap$Entry: java.lang.Object getValue()>
08-28 22:38:31.907 18826 18826 D GAPS    : METHOD=<androidx.arch.core.internal.SafeIterableMap: java.util.Map$Entry newest()>
08-28 22:38:31.907 18826 18847 D GAPS    : METHOD=<androidx.sqlite.db.framework.FrameworkSQLiteOpenHelper$OpenHelper: android.database.sqlite.SQLiteDatabase innerGetDatabase(boolean)>
08-28 22:38:31.907 18826 18847 D GAPS    : METHOD=<androidx.sqlite.db.framework.FrameworkSQLiteOpenHelper$OpenHelper: android.database.sqlite.SQLiteDatabase getWritableOrReadableDatabase(boolean)>
08-28 22:38:31.908 18826 18826 D GAPS    : METHOD=<be.ppareit.swiftp.App: void onCreate()>
08-28 22:38:31.908 18826 18826 D GAPS    : CLASS=be.ppareit.swiftp.NsdService$ServerActionsReceiver
08-28 22:38:31.908 18826 18826 D GAPS    : METHOD=<be.ppareit.swiftp.NsdService$ServerActionsReceiver: void <init>()>
08-28 22:38:31.909 18826 18826 D GAPS    : CLASS=be.ppareit.swiftp.gui.FsWidgetProvider
08-28 22:38:31.909 18826 18826 D GAPS    : METHOD=<be.ppareit.swiftp.gui.FsWidgetProvider: void <init>()>
08-28 22:38:31.914 18826 18826 D GAPS    : METHOD=<androidx.core.app.CoreComponentFactory: android.app.Activity instantiateActivity(java.lang.ClassLoader,java.lang.String,android.content.Intent)>
08-28 22:38:31.915 18826 18847 D GAPS    : METHOD=<androidx.sqlite.db.framework.FrameworkSQLiteOpenHelper$OpenHelper: void onConfigure(android.database.sqlite.SQLiteDatabase)>
08-28 22:38:31.915 18826 18847 D GAPS    : METHOD=<androidx.sqlite.db.framework.FrameworkSQLiteOpenHelper$OpenHelper: androidx.sqlite.db.framework.FrameworkSQLiteDatabase getWrappedDb(android.database.sqlite.SQLiteDatabase)>
08-28 22:38:31.915 18826 18847 D GAPS    : METHOD=<androidx.sqlite.db.framework.FrameworkSQLiteOpenHelper$OpenHelper$Companion: androidx.sqlite.db.framework.FrameworkSQLiteDatabase getWrappedDb(androidx.sqlite.db.framework.FrameworkSQLiteOpenHelper$DBRefHolder,android.database.sqlite.SQLiteDatabase)>
08-28 22:38:31.915 18826 18847 D GAPS    : METHOD=<androidx.sqlite.db.framework.FrameworkSQLiteOpenHelper$DBRefHolder: androidx.sqlite.db.framework.FrameworkSQLiteDatabase getDb()>
08-28 22:38:31.916 18826 18847 D GAPS    : CLASS=androidx.sqlite.db.framework.FrameworkSQLiteDatabase
08-28 22:38:31.916 18826 18847 D GAPS    : METHOD=<androidx.sqlite.db.framework.FrameworkSQLiteDatabase: void <clinit>()>
08-28 22:38:31.916 18826 18847 D GAPS    : CLASS=androidx.sqlite.db.framework.FrameworkSQLiteDatabase$Companion
08-28 22:38:31.916 18826 18847 D GAPS    : METHOD=<androidx.sqlite.db.framework.FrameworkSQLiteDatabase$Companion: void <init>(kotlin.jvm.internal.DefaultConstructorMarker)>
08-28 22:38:31.916 18826 18847 D GAPS    : METHOD=<androidx.sqlite.db.framework.FrameworkSQLiteDatabase$Companion: void <init>()>
08-28 22:38:31.916 18826 18847 D GAPS    : METHOD=<androidx.sqlite.db.framework.FrameworkSQLiteDatabase: void <init>(android.database.sqlite.SQLiteDatabase)>
08-28 22:38:31.916 18826 18847 D GAPS    : METHOD=<androidx.sqlite.db.framework.FrameworkSQLiteOpenHelper$DBRefHolder: void setDb(androidx.sqlite.db.framework.FrameworkSQLiteDatabase)>
08-28 22:38:31.916 18826 18847 D GAPS    : METHOD=<androidx.room.RoomOpenHelper: void onConfigure(androidx.sqlite.db.SupportSQLiteDatabase)>
08-28 22:38:31.916 18826 18847 D GAPS    : METHOD=<androidx.sqlite.db.SupportSQLiteOpenHelper$Callback: void onConfigure(androidx.sqlite.db.SupportSQLiteDatabase)>
08-28 22:38:31.917 18826 18847 D GAPS    : METHOD=<androidx.sqlite.db.framework.FrameworkSQLiteOpenHelper$OpenHelper: void onOpen(android.database.sqlite.SQLiteDatabase)>
08-28 22:38:31.917 18826 18847 D GAPS    : METHOD=<androidx.sqlite.db.framework.FrameworkSQLiteDatabase: boolean isDelegate(android.database.sqlite.SQLiteDatabase)>
08-28 22:38:31.917 18826 18847 D GAPS    : METHOD=<kotlin.jvm.internal.Intrinsics: boolean areEqual(java.lang.Object,java.lang.Object)>
08-28 22:38:31.917 18826 18847 D GAPS    : METHOD=<androidx.room.RoomOpenHelper: void onOpen(androidx.sqlite.db.SupportSQLiteDatabase)>
08-28 22:38:31.917 18826 18847 D GAPS    : METHOD=<androidx.sqlite.db.SupportSQLiteOpenHelper$Callback: void onOpen(androidx.sqlite.db.SupportSQLiteDatabase)>
08-28 22:38:31.917 18826 18847 D GAPS    : METHOD=<androidx.room.RoomOpenHelper: void checkIdentity(androidx.sqlite.db.SupportSQLiteDatabase)>
08-28 22:38:31.917 18826 18847 D GAPS    : METHOD=<androidx.room.RoomOpenHelper$Companion: boolean hasRoomMasterTable$room_runtime_release(androidx.sqlite.db.SupportSQLiteDatabase)>
08-28 22:38:31.917 18826 18847 D GAPS    : METHOD=<androidx.sqlite.db.framework.FrameworkSQLiteDatabase: android.database.Cursor query(java.lang.String)>
08-28 22:38:31.917 18826 18847 D GAPS    : CLASS=androidx.sqlite.db.SimpleSQLiteQuery
08-28 22:38:31.917 18826 18847 D GAPS    : METHOD=<androidx.sqlite.db.SimpleSQLiteQuery: void <clinit>()>
08-28 22:38:31.917 18826 18847 D GAPS    : CLASS=androidx.sqlite.db.SimpleSQLiteQuery$Companion
08-28 22:38:31.917 18826 18847 D GAPS    : METHOD=<androidx.sqlite.db.SimpleSQLiteQuery$Companion: void <init>(kotlin.jvm.internal.DefaultConstructorMarker)>
08-28 22:38:31.917 18826 18847 D GAPS    : METHOD=<androidx.sqlite.db.SimpleSQLiteQuery$Companion: void <init>()>
08-28 22:38:31.917 18826 18847 D GAPS    : METHOD=<androidx.sqlite.db.SimpleSQLiteQuery: void <init>(java.lang.String)>
08-28 22:38:31.917 18826 18847 D GAPS    : METHOD=<androidx.sqlite.db.SimpleSQLiteQuery: void <init>(java.lang.String,java.lang.Object[])>
08-28 22:38:31.917 18826 18847 D GAPS    : METHOD=<androidx.sqlite.db.framework.FrameworkSQLiteDatabase: android.database.Cursor query(androidx.sqlite.db.SupportSQLiteQuery)>
08-28 22:38:31.917 18826 18826 D GAPS    : CLASS=be.ppareit.swiftp.gui.MainActivity
08-28 22:38:31.917 18826 18826 D GAPS    : METHOD=<be.ppareit.swiftp.gui.MainActivity: void <init>()>
08-28 22:38:31.917 18826 18826 D GAPS    : CLASS=androidx.appcompat.app.AppCompatActivity
08-28 22:38:31.917 18826 18826 D GAPS    : METHOD=<androidx.appcompat.app.AppCompatActivity: void <init>()>
08-28 22:38:31.917 18826 18826 D GAPS    : CLASS=androidx.fragment.app.FragmentActivity
08-28 22:38:31.917 18826 18826 D GAPS    : METHOD=<androidx.fragment.app.FragmentActivity: void <init>()>
08-28 22:38:31.917 18826 18847 D GAPS    : CLASS=androidx.sqlite.db.framework.FrameworkSQLiteDatabase$query$cursorFactory$1
08-28 22:38:31.917 18826 18826 D GAPS    : CLASS=androidx.activity.ComponentActivity
08-28 22:38:31.917 18826 18847 D GAPS    : METHOD=<androidx.sqlite.db.framework.FrameworkSQLiteDatabase$query$cursorFactory$1: void <init>(androidx.sqlite.db.SupportSQLiteQuery)>
08-28 22:38:31.917 18826 18847 D GAPS    : CLASS=androidx.sqlite.db.framework.FrameworkSQLiteDatabase$$ExternalSyntheticLambda1
08-28 22:38:31.917 18826 18847 D GAPS    : METHOD=<androidx.sqlite.db.framework.FrameworkSQLiteDatabase$$ExternalSyntheticLambda1: void <init>(kotlin.jvm.functions.Function4)>
08-28 22:38:31.917 18826 18847 D GAPS    : METHOD=<androidx.sqlite.db.SimpleSQLiteQuery: java.lang.String getSql()>
08-28 22:38:31.917 18826 18826 D GAPS    : METHOD=<androidx.activity.ComponentActivity: void <init>()>
08-28 22:38:31.917 18826 18826 D GAPS    : CLASS=androidx.core.app.ComponentActivity
08-28 22:38:31.917 18826 18826 D GAPS    : METHOD=<androidx.core.app.ComponentActivity: void <init>()>
08-28 22:38:31.917 18826 18847 D GAPS    : METHOD=<androidx.sqlite.db.framework.FrameworkSQLiteDatabase$$ExternalSyntheticLambda1: android.database.Cursor newCursor(android.database.sqlite.SQLiteDatabase,android.database.sqlite.SQLiteCursorDriver,java.lang.String,android.database.sqlite.SQLiteQuery)>
08-28 22:38:31.918 18826 18847 D GAPS    : METHOD=<androidx.sqlite.db.framework.FrameworkSQLiteDatabase: android.database.Cursor $r8$lambda$xWs7VTYEzeAWyi_2-SJixQ1HyKQ(kotlin.jvm.functions.Function4,android.database.sqlite.SQLiteDatabase,android.database.sqlite.SQLiteCursorDriver,java.lang.String,android.database.sqlite.SQLiteQuery)>
08-28 22:38:31.918 18826 18847 D GAPS    : METHOD=<androidx.sqlite.db.framework.FrameworkSQLiteDatabase: android.database.Cursor query$lambda$0(kotlin.jvm.functions.Function4,android.database.sqlite.SQLiteDatabase,android.database.sqlite.SQLiteCursorDriver,java.lang.String,android.database.sqlite.SQLiteQuery)>
08-28 22:38:31.918 18826 18847 D GAPS    : METHOD=<androidx.sqlite.db.framework.FrameworkSQLiteDatabase$query$cursorFactory$1: java.lang.Object invoke(java.lang.Object,java.lang.Object,java.lang.Object,java.lang.Object)>
08-28 22:38:31.918 18826 18847 D GAPS    : METHOD=<androidx.sqlite.db.framework.FrameworkSQLiteDatabase$query$cursorFactory$1: android.database.sqlite.SQLiteCursor invoke(android.database.sqlite.SQLiteDatabase,android.database.sqlite.SQLiteCursorDriver,java.lang.String,android.database.sqlite.SQLiteQuery)>
08-28 22:38:31.918 18826 18847 D GAPS    : CLASS=androidx.sqlite.db.framework.FrameworkSQLiteProgram
08-28 22:38:31.918 18826 18847 D GAPS    : METHOD=<androidx.sqlite.db.framework.FrameworkSQLiteProgram: void <init>(android.database.sqlite.SQLiteProgram)>
08-28 22:38:31.918 18826 18847 D GAPS    : METHOD=<androidx.sqlite.db.SimpleSQLiteQuery: void bindTo(androidx.sqlite.db.SupportSQLiteProgram)>
08-28 22:38:31.918 18826 18847 D GAPS    : METHOD=<androidx.sqlite.db.SimpleSQLiteQuery$Companion: void bind(androidx.sqlite.db.SupportSQLiteProgram,java.lang.Object[])>
08-28 22:38:31.918 18826 18826 D GAPS    : CLASS=androidx.collection.SimpleArrayMap
08-28 22:38:31.918 18826 18826 D GAPS    : METHOD=<androidx.collection.SimpleArrayMap: void <init>()>
08-28 22:38:31.918 18826 18826 D GAPS    : CLASS=androidx.collection.ContainerHelpers
08-28 22:38:31.918 18826 18826 D GAPS    : METHOD=<androidx.collection.ContainerHelpers: void <clinit>()>
08-28 22:38:31.918 18826 18847 D GAPS    : METHOD=<kotlin.io.CloseableKt: void closeFinally(java.io.Closeable,java.lang.Throwable)>
08-28 22:38:31.918 18826 18826 D GAPS    : CLASS=androidx.activity.contextaware.ContextAwareHelper
08-28 22:38:31.918 18826 18826 D GAPS    : METHOD=<androidx.activity.contextaware.ContextAwareHelper: void <init>()>
08-28 22:38:31.918 18826 18847 D GAPS    : METHOD=<androidx.work.impl.WorkDatabase_Impl$1: void onOpen(androidx.sqlite.db.SupportSQLiteDatabase)>
08-28 22:38:31.918 18826 18847 D GAPS    : METHOD=<androidx.work.impl.WorkDatabase_Impl: androidx.sqlite.db.SupportSQLiteDatabase access$602(androidx.work.impl.WorkDatabase_Impl,androidx.sqlite.db.SupportSQLiteDatabase)>
08-28 22:38:31.918 18826 18847 D GAPS    : METHOD=<androidx.sqlite.db.framework.FrameworkSQLiteDatabase: void execSQL(java.lang.String)>
08-28 22:38:31.918 18826 18826 D GAPS    : CLASS=androidx.activity.ComponentActivity$$ExternalSyntheticLambda0
08-28 22:38:31.918 18826 18826 D GAPS    : METHOD=<androidx.activity.ComponentActivity$$ExternalSyntheticLambda0: void <init>(androidx.activity.ComponentActivity)>
08-28 22:38:31.918 18826 18826 D GAPS    : CLASS=androidx.core.view.MenuHostHelper
08-28 22:38:31.918 18826 18847 D GAPS    : METHOD=<androidx.work.impl.WorkDatabase_Impl: void access$700(androidx.work.impl.WorkDatabase_Impl,androidx.sqlite.db.SupportSQLiteDatabase)>
08-28 22:38:31.918 18826 18826 D GAPS    : METHOD=<androidx.core.view.MenuHostHelper: void <init>(java.lang.Runnable)>
08-28 22:38:31.918 18826 18847 D GAPS    : METHOD=<androidx.room.RoomDatabase: void internalInitInvalidationTracker(androidx.sqlite.db.SupportSQLiteDatabase)>
08-28 22:38:31.918 18826 18847 D GAPS    : METHOD=<androidx.room.RoomDatabase: androidx.room.InvalidationTracker getInvalidationTracker()>
08-28 22:38:31.918 18826 18847 D GAPS    : METHOD=<androidx.room.InvalidationTracker: void internalInit$room_runtime_release(androidx.sqlite.db.SupportSQLiteDatabase)>
08-28 22:38:31.918 18826 18826 D GAPS    : CLASS=androidx.savedstate.SavedStateRegistryController
08-28 22:38:31.918 18826 18826 D GAPS    : METHOD=<androidx.savedstate.SavedStateRegistryController: void <clinit>()>
08-28 22:38:31.918 18826 18826 D GAPS    : CLASS=androidx.savedstate.SavedStateRegistryController$Companion
08-28 22:38:31.919 18826 18826 D GAPS    : METHOD=<androidx.savedstate.SavedStateRegistryController$Companion: void <init>(kotlin.jvm.internal.DefaultConstructorMarker)>
08-28 22:38:31.919 18826 18826 D GAPS    : METHOD=<androidx.savedstate.SavedStateRegistryController$Companion: void <init>()>
08-28 22:38:31.919 18826 18826 D GAPS    : METHOD=<androidx.savedstate.SavedStateRegistryController: androidx.savedstate.SavedStateRegistryController create(androidx.savedstate.SavedStateRegistryOwner)>
08-28 22:38:31.919 18826 18826 D GAPS    : METHOD=<androidx.savedstate.SavedStateRegistryController$Companion: androidx.savedstate.SavedStateRegistryController create(androidx.savedstate.SavedStateRegistryOwner)>
08-28 22:38:31.919 18826 18826 D GAPS    : METHOD=<androidx.savedstate.SavedStateRegistryController: void <init>(androidx.savedstate.SavedStateRegistryOwner,kotlin.jvm.internal.DefaultConstructorMarker)>
08-28 22:38:31.919 18826 18826 D GAPS    : METHOD=<androidx.savedstate.SavedStateRegistryController: void <init>(androidx.savedstate.SavedStateRegistryOwner)>
08-28 22:38:31.919 18826 18826 D GAPS    : CLASS=androidx.savedstate.SavedStateRegistry
08-28 22:38:31.919 18826 18826 D GAPS    : METHOD=<androidx.savedstate.SavedStateRegistry: void <clinit>()>
08-28 22:38:31.919 18826 18826 D GAPS    : CLASS=androidx.savedstate.SavedStateRegistry$Companion
08-28 22:38:31.919 18826 18826 D GAPS    : METHOD=<androidx.savedstate.SavedStateRegistry$Companion: void <init>(kotlin.jvm.internal.DefaultConstructorMarker)>
08-28 22:38:31.919 18826 18826 D GAPS    : METHOD=<androidx.savedstate.SavedStateRegistry$Companion: void <init>()>
08-28 22:38:31.919 18826 18826 D GAPS    : METHOD=<androidx.savedstate.SavedStateRegistry: void <init>()>
08-28 22:38:31.919 18826 18826 D GAPS    : CLASS=androidx.activity.ComponentActivity$1
08-28 22:38:31.919 18826 18826 D GAPS    : METHOD=<androidx.activity.ComponentActivity$1: void <init>(androidx.activity.ComponentActivity)>
08-28 22:38:31.919 18826 18826 D GAPS    : CLASS=androidx.activity.OnBackPressedDispatcher
08-28 22:38:31.919 18826 18826 D GAPS    : METHOD=<androidx.activity.OnBackPressedDispatcher: void <init>(java.lang.Runnable)>
08-28 22:38:31.919 18826 18826 D GAPS    : METHOD=<androidx.core.os.BuildCompat: boolean isAtLeastT()>
08-28 22:38:31.919 18826 18826 D GAPS    : CLASS=androidx.activity.OnBackPressedDispatcher$$ExternalSyntheticLambda0
08-28 22:38:31.919 18826 18826 D GAPS    : METHOD=<androidx.activity.OnBackPressedDispatcher$$ExternalSyntheticLambda0: void <init>(androidx.activity.OnBackPressedDispatcher)>
08-28 22:38:31.919 18826 18826 D GAPS    : CLASS=androidx.activity.OnBackPressedDispatcher$$ExternalSyntheticLambda1
08-28 22:38:31.919 18826 18826 D GAPS    : METHOD=<androidx.activity.OnBackPressedDispatcher$$ExternalSyntheticLambda1: void <init>(androidx.activity.OnBackPressedDispatcher)>
08-28 22:38:31.919 18826 18826 D GAPS    : METHOD=<androidx.activity.OnBackPressedDispatcher$Api33Impl: android.window.OnBackInvokedCallback createOnBackInvokedCallback(java.lang.Runnable)>
08-28 22:38:31.919 18826 18826 D GAPS    : CLASS=androidx.activity.OnBackPressedDispatcher$Api33Impl$$ExternalSyntheticLambda0
08-28 22:38:31.919 18826 18847 D GAPS    : METHOD=<androidx.room.InvalidationTracker: void syncTriggers$room_runtime_release(androidx.sqlite.db.SupportSQLiteDatabase)>
08-28 22:38:31.919 18826 18847 D GAPS    : METHOD=<androidx.sqlite.db.framework.FrameworkSQLiteDatabase: boolean inTransaction()>
08-28 22:38:31.919 18826 18826 D GAPS    : METHOD=<androidx.activity.OnBackPressedDispatcher$Api33Impl$$ExternalSyntheticLambda0: void <init>(java.lang.Runnable)>
08-28 22:38:31.919 18826 18847 D GAPS    : METHOD=<androidx.room.RoomDatabase: java.util.concurrent.locks.Lock getCloseLock$room_runtime_release()>
08-28 22:38:31.919 18826 18847 D GAPS    : METHOD=<androidx.room.InvalidationTracker$ObservedTableTracker: int[] getTablesToSync()>
08-28 22:38:31.919 18826 18847 D GAPS    : METHOD=<androidx.sqlite.db.framework.FrameworkSQLiteDatabase: androidx.sqlite.db.SupportSQLiteStatement compileStatement(java.lang.String)>
08-28 22:38:31.919 18826 18847 D GAPS    : CLASS=androidx.sqlite.db.framework.FrameworkSQLiteStatement
08-28 22:38:31.919 18826 18847 D GAPS    : METHOD=<androidx.sqlite.db.framework.FrameworkSQLiteStatement: void <init>(android.database.sqlite.SQLiteStatement)>
08-28 22:38:31.919 18826 18847 D GAPS    : METHOD=<androidx.work.impl.WorkDatabase_Impl: java.util.List access$800(androidx.work.impl.WorkDatabase_Impl)>
08-28 22:38:31.919 18826 18847 D GAPS    : METHOD=<androidx.work.impl.WorkDatabase_Impl: java.util.List access$900(androidx.work.impl.WorkDatabase_Impl)>
08-28 22:38:31.919 18826 18847 D GAPS    : METHOD=<androidx.work.impl.WorkDatabase_Impl: java.util.List access$1000(androidx.work.impl.WorkDatabase_Impl)>
08-28 22:38:31.919 18826 18847 D GAPS    : METHOD=<androidx.work.impl.CleanupCallback: void onOpen(androidx.sqlite.db.SupportSQLiteDatabase)>
08-28 22:38:31.919 18826 18847 D GAPS    : METHOD=<androidx.room.RoomDatabase$Callback: void onOpen(androidx.sqlite.db.SupportSQLiteDatabase)>
08-28 22:38:31.919 18826 18847 D GAPS    : METHOD=<androidx.sqlite.db.framework.FrameworkSQLiteDatabase: void beginTransaction()>
08-28 22:38:31.919 18826 18826 D GAPS    : CLASS=androidx.activity.ComponentActivity$2
08-28 22:38:31.919 18826 18826 D GAPS    : METHOD=<androidx.activity.ComponentActivity$2: void <init>(androidx.activity.ComponentActivity)>
08-28 22:38:31.919 18826 18826 D GAPS    : CLASS=androidx.activity.result.ActivityResultRegistry
08-28 22:38:31.919 18826 18826 D GAPS    : METHOD=<androidx.activity.result.ActivityResultRegistry: void <init>()>
08-28 22:38:31.920 18826 18847 D GAPS    : METHOD=<androidx.work.impl.CleanupCallback: java.lang.String getPruneSQL()>
08-28 22:38:31.920 18826 18847 D GAPS    : METHOD=<androidx.work.impl.CleanupCallback: long getPruneDate()>
08-28 22:38:31.920 18826 18847 D GAPS    : CLASS=androidx.work.impl.WorkDatabaseKt
08-28 22:38:31.920 18826 18847 D GAPS    : METHOD=<androidx.work.impl.WorkDatabaseKt: void <clinit>()>
08-28 22:38:31.920 18826 18847 D GAPS    : METHOD=<androidx.work.impl.WorkDatabaseKt: long access$getPRUNE_THRESHOLD_MILLIS$p()>
08-28 22:38:31.920 18826 18826 D GAPS    : METHOD=<androidx.activity.ComponentActivity: androidx.lifecycle.Lifecycle getLifecycle()>
08-28 22:38:31.920 18826 18826 D GAPS    : CLASS=androidx.activity.ComponentActivity$3
08-28 22:38:31.920 18826 18826 D GAPS    : METHOD=<androidx.activity.ComponentActivity$3: void <init>(androidx.activity.ComponentActivity)>
08-28 22:38:31.920 18826 18826 D GAPS    : CLASS=androidx.activity.ComponentActivity$4
