--------- beginning of system
--------- beginning of main
05-05 22:16:19.383 20185 20251 D GAPS    : METHOD=<com.bumptech.glide.load.resource.bitmap.TransformationUtils: void applyMatrix(android.graphics.Bitmap,android.graphics.Bitmap,android.graphics.Matrix)>
05-05 22:16:19.383 20185 20251 D GAPS    : METHOD=<com.bumptech.glide.load.resource.bitmap.TransformationUtils: void clear(android.graphics.Canvas)>
05-05 22:16:19.383 20185 20251 D GAPS    : METHOD=<com.bumptech.glide.load.resource.bitmap.DrawableTransformation: com.bumptech.glide.load.engine.Resource newDrawableResource(android.content.Context,com.bumptech.glide.load.engine.Resource)>
05-05 22:16:19.384 20185 20252 D GAPS    : METHOD=<com.bumptech.glide.load.resource.bitmap.TransformationUtils: void clear(android.graphics.Canvas)>
05-05 22:16:19.384 20185 20251 D GAPS    : METHOD=<com.bumptech.glide.load.resource.bitmap.LazyBitmapDrawableResource: com.bumptech.glide.load.engine.Resource obtain(android.content.res.Resources,com.bumptech.glide.load.engine.Resource)>
05-05 22:16:19.384 20185 20251 D GAPS    : CLASS=com.bumptech.glide.load.resource.bitmap.LazyBitmapDrawableResource
05-05 22:16:19.384 20185 20252 D GAPS    : CLASS=com.bumptech.glide.load.resource.bitmap.LazyBitmapDrawableResource
05-05 22:16:19.384 20185 20251 D GAPS    : METHOD=<com.bumptech.glide.load.resource.bitmap.LazyBitmapDrawableResource: void <init>(android.content.res.Resources,com.bumptech.glide.load.engine.Resource)>
05-05 22:16:19.384 20185 20252 D GAPS    : METHOD=<com.bumptech.glide.load.resource.bitmap.LazyBitmapDrawableResource: void <init>(android.content.res.Resources,com.bumptech.glide.load.engine.Resource)>
05-05 22:16:19.384 20185 20252 D GAPS    : METHOD=<com.bumptech.glide.load.resource.drawable.NonOwnedDrawableResource: void recycle()>
05-05 22:16:19.384 20185 20251 D GAPS    : METHOD=<com.bumptech.glide.load.resource.drawable.NonOwnedDrawableResource: void recycle()>
05-05 22:16:19.384 20185 20252 D GAPS    : METHOD=<com.bumptech.glide.load.engine.DecodeHelper: boolean isResourceEncoderAvailable(com.bumptech.glide.load.engine.Resource)>
05-05 22:16:19.384 20185 20251 D GAPS    : METHOD=<com.bumptech.glide.load.engine.DecodeHelper: boolean isResourceEncoderAvailable(com.bumptech.glide.load.engine.Resource)>
05-05 22:16:19.384 20185 20252 D GAPS    : METHOD=<com.bumptech.glide.Registry: boolean isResourceEncoderAvailable(com.bumptech.glide.load.engine.Resource)>
05-05 22:16:19.384 20185 20251 D GAPS    : METHOD=<com.bumptech.glide.Registry: boolean isResourceEncoderAvailable(com.bumptech.glide.load.engine.Resource)>
05-05 22:16:19.384 20185 20252 D GAPS    : METHOD=<com.bumptech.glide.load.resource.bitmap.LazyBitmapDrawableResource: java.lang.Class getResourceClass()>
05-05 22:16:19.384 20185 20251 D GAPS    : METHOD=<com.bumptech.glide.load.resource.bitmap.LazyBitmapDrawableResource: java.lang.Class getResourceClass()>
05-05 22:16:19.384 20185 20252 D GAPS    : METHOD=<com.bumptech.glide.provider.ResourceEncoderRegistry: com.bumptech.glide.load.ResourceEncoder get(java.lang.Class)>
05-05 22:16:19.384 20185 20251 D GAPS    : METHOD=<com.bumptech.glide.provider.ResourceEncoderRegistry: com.bumptech.glide.load.ResourceEncoder get(java.lang.Class)>
05-05 22:16:19.384 20185 20252 D GAPS    : METHOD=<com.bumptech.glide.provider.ResourceEncoderRegistry$Entry: boolean handles(java.lang.Class)>
05-05 22:16:19.384 20185 20252 D GAPS    : METHOD=<com.bumptech.glide.load.engine.DecodeHelper: com.bumptech.glide.load.ResourceEncoder getResultEncoder(com.bumptech.glide.load.engine.Resource)>
05-05 22:16:19.384 20185 20251 D GAPS    : METHOD=<com.bumptech.glide.load.engine.DecodeHelper: com.bumptech.glide.load.ResourceEncoder getResultEncoder(com.bumptech.glide.load.engine.Resource)>
05-05 22:16:19.384 20185 20252 D GAPS    : METHOD=<com.bumptech.glide.Registry: com.bumptech.glide.load.ResourceEncoder getResultEncoder(com.bumptech.glide.load.engine.Resource)>
05-05 22:16:19.384 20185 20251 D GAPS    : METHOD=<com.bumptech.glide.Registry: com.bumptech.glide.load.ResourceEncoder getResultEncoder(com.bumptech.glide.load.engine.Resource)>
05-05 22:16:19.384 20185 20252 D GAPS    : METHOD=<com.bumptech.glide.load.resource.bitmap.BitmapDrawableEncoder: com.bumptech.glide.load.EncodeStrategy getEncodeStrategy(com.bumptech.glide.load.Options)>
05-05 22:16:19.384 20185 20251 D GAPS    : METHOD=<com.bumptech.glide.load.resource.bitmap.BitmapDrawableEncoder: com.bumptech.glide.load.EncodeStrategy getEncodeStrategy(com.bumptech.glide.load.Options)>
05-05 22:16:19.384 20185 20252 D GAPS    : METHOD=<com.bumptech.glide.load.resource.bitmap.BitmapEncoder: com.bumptech.glide.load.EncodeStrategy getEncodeStrategy(com.bumptech.glide.load.Options)>
05-05 22:16:19.384 20185 20251 D GAPS    : METHOD=<com.bumptech.glide.load.resource.bitmap.BitmapEncoder: com.bumptech.glide.load.EncodeStrategy getEncodeStrategy(com.bumptech.glide.load.Options)>
05-05 22:16:19.384 20185 20252 D GAPS    : METHOD=<com.bumptech.glide.load.engine.DecodeHelper: boolean isSourceKey(com.bumptech.glide.load.Key)>
05-05 22:16:19.384 20185 20251 D GAPS    : METHOD=<com.bumptech.glide.load.engine.DecodeHelper: boolean isSourceKey(com.bumptech.glide.load.Key)>
05-05 22:16:19.384 20185 20251 D GAPS    : METHOD=<com.bumptech.glide.signature.ObjectKey: boolean equals(java.lang.Object)>
05-05 22:16:19.384 20185 20252 D GAPS    : METHOD=<com.bumptech.glide.signature.ObjectKey: boolean equals(java.lang.Object)>
05-05 22:16:19.384 20185 20251 D GAPS    : METHOD=<com.bumptech.glide.load.engine.DiskCacheStrategy$2: boolean isResourceCacheable(boolean,com.bumptech.glide.load.DataSource,com.bumptech.glide.load.EncodeStrategy)>
05-05 22:16:19.384 20185 20252 D GAPS    : METHOD=<com.bumptech.glide.load.engine.DiskCacheStrategy$2: boolean isResourceCacheable(boolean,com.bumptech.glide.load.DataSource,com.bumptech.glide.load.EncodeStrategy)>
05-05 22:16:19.384 20185 20252 D GAPS    : METHOD=<com.bumptech.glide.load.resource.transcode.UnitTranscoder: com.bumptech.glide.load.engine.Resource transcode(com.bumptech.glide.load.engine.Resource,com.bumptech.glide.load.Options)>
05-05 22:16:19.384 20185 20251 D GAPS    : METHOD=<com.bumptech.glide.load.resource.transcode.UnitTranscoder: com.bumptech.glide.load.engine.Resource transcode(com.bumptech.glide.load.engine.Resource,com.bumptech.glide.load.Options)>
05-05 22:16:19.384 20185 20251 D GAPS    : METHOD=<com.bumptech.glide.load.data.DataRewinderRegistry$DefaultRewinder: void cleanup()>
05-05 22:16:19.384 20185 20252 D GAPS    : METHOD=<com.bumptech.glide.load.data.DataRewinderRegistry$DefaultRewinder: void cleanup()>
05-05 22:16:19.384 20185 20251 D GAPS    : METHOD=<com.bumptech.glide.load.model.UnitModelLoader$UnitFetcher: void cleanup()>
05-05 22:16:19.384 20185 20252 D GAPS    : METHOD=<com.bumptech.glide.load.model.UnitModelLoader$UnitFetcher: void cleanup()>
05-05 22:16:19.384 20185 20251 D GAPS    : METHOD=<com.bumptech.glide.load.engine.DecodeJob: void notifyEncodeAndRelease(com.bumptech.glide.load.engine.Resource,com.bumptech.glide.load.DataSource,boolean)>
05-05 22:16:19.384 20185 20252 D GAPS    : METHOD=<com.bumptech.glide.load.engine.DecodeJob: void notifyEncodeAndRelease(com.bumptech.glide.load.engine.Resource,com.bumptech.glide.load.DataSource,boolean)>
05-05 22:16:19.384 20185 20251 D GAPS    : METHOD=<com.bumptech.glide.load.resource.bitmap.LazyBitmapDrawableResource: void initialize()>
05-05 22:16:19.384 20185 20252 D GAPS    : METHOD=<com.bumptech.glide.load.resource.bitmap.LazyBitmapDrawableResource: void initialize()>
05-05 22:16:19.384 20185 20251 D GAPS    : METHOD=<com.bumptech.glide.load.resource.bitmap.BitmapResource: void initialize()>
05-05 22:16:19.384 20185 20252 D GAPS    : METHOD=<com.bumptech.glide.load.resource.bitmap.BitmapResource: void initialize()>
05-05 22:16:19.384 20185 20252 D GAPS    : METHOD=<com.bumptech.glide.load.engine.DecodeJob$DeferredEncodeManager: boolean hasResourceToEncode()>
05-05 22:16:19.384 20185 20252 D GAPS    : METHOD=<com.bumptech.glide.load.engine.DecodeJob: void notifyComplete(com.bumptech.glide.load.engine.Resource,com.bumptech.glide.load.DataSource,boolean)>
05-05 22:16:19.384 20185 20251 D GAPS    : METHOD=<com.bumptech.glide.load.engine.DecodeJob$DeferredEncodeManager: boolean hasResourceToEncode()>
05-05 22:16:19.384 20185 20252 D GAPS    : METHOD=<com.bumptech.glide.load.engine.DecodeJob: void setNotifiedOrThrow()>
05-05 22:16:19.384 20185 20251 D GAPS    : METHOD=<com.bumptech.glide.load.engine.DecodeJob: void setNotifiedOrThrow()>
05-05 22:16:19.384 20185 20252 D GAPS    : METHOD=<com.bumptech.glide.load.engine.EngineJob: void onResourceReady(com.bumptech.glide.load.engine.Resource,com.bumptech.glide.load.DataSource,boolean)>
05-05 22:16:19.384 20185 20251 D GAPS    : METHOD=<com.bumptech.glide.load.engine.EngineJob: void onResourceReady(com.bumptech.glide.load.engine.Resource,com.bumptech.glide.load.DataSource,boolean)>
05-05 22:16:19.385 20185 20252 D GAPS    : METHOD=<com.bumptech.glide.load.engine.EngineJob: void notifyCallbacksOfResult()>
05-05 22:16:19.385 20185 20251 D GAPS    : METHOD=<com.bumptech.glide.load.engine.EngineJob: void notifyCallbacksOfResult()>
05-05 22:16:19.385 20185 20252 D GAPS    : METHOD=<com.bumptech.glide.load.engine.EngineJob$ResourceCallbacksAndExecutors: boolean isEmpty()>
05-05 22:16:19.385 20185 20251 D GAPS    : METHOD=<com.bumptech.glide.load.engine.EngineJob$ResourceCallbacksAndExecutors: boolean isEmpty()>
05-05 22:16:19.385 20185 20252 D GAPS    : METHOD=<com.bumptech.glide.load.engine.EngineJob$EngineResourceFactory: com.bumptech.glide.load.engine.EngineResource build(com.bumptech.glide.load.engine.Resource,boolean,com.bumptech.glide.load.Key,com.bumptech.glide.load.engine.EngineResource$ResourceListener)>
05-05 22:16:19.385 20185 20251 D GAPS    : METHOD=<com.bumptech.glide.load.engine.EngineJob$EngineResourceFactory: com.bumptech.glide.load.engine.EngineResource build(com.bumptech.glide.load.engine.Resource,boolean,com.bumptech.glide.load.Key,com.bumptech.glide.load.engine.EngineResource$ResourceListener)>
05-05 22:16:19.385 20185 20252 D GAPS    : CLASS=com.bumptech.glide.load.engine.EngineResource
05-05 22:16:19.385 20185 20252 D GAPS    : METHOD=<com.bumptech.glide.load.engine.EngineResource: void <init>(com.bumptech.glide.load.engine.Resource,boolean,boolean,com.bumptech.glide.load.Key,com.bumptech.glide.load.engine.EngineResource$ResourceListener)>
05-05 22:16:19.385 20185 20252 D GAPS    : METHOD=<com.bumptech.glide.load.engine.EngineJob$ResourceCallbacksAndExecutors: com.bumptech.glide.load.engine.EngineJob$ResourceCallbacksAndExecutors copy()>
05-05 22:16:19.385 20185 20252 D GAPS    : METHOD=<com.bumptech.glide.load.engine.EngineJob$ResourceCallbacksAndExecutors: int size()>
05-05 22:16:19.385 20185 20252 D GAPS    : METHOD=<com.bumptech.glide.load.engine.EngineJob: void incrementPendingCallbacks(int)>
05-05 22:16:19.385 20185 20252 D GAPS    : METHOD=<com.bumptech.glide.load.engine.EngineJob: boolean isDone()>
05-05 22:16:19.385 20185 20252 D GAPS    : METHOD=<com.bumptech.glide.load.engine.EngineResource: void acquire()>
05-05 22:16:19.385 20185 20251 D GAPS    : METHOD=<com.bumptech.glide.load.engine.EngineResource: void acquire()>
05-05 22:16:19.385 20185 20252 D GAPS    : METHOD=<com.bumptech.glide.load.engine.Engine: void onEngineJobComplete(com.bumptech.glide.load.engine.EngineJob,com.bumptech.glide.load.Key,com.bumptech.glide.load.engine.EngineResource)>
05-05 22:16:19.385 20185 20251 D GAPS    : METHOD=<com.bumptech.glide.load.engine.Engine: void onEngineJobComplete(com.bumptech.glide.load.engine.EngineJob,com.bumptech.glide.load.Key,com.bumptech.glide.load.engine.EngineResource)>
05-05 22:16:19.385 20185 20252 D GAPS    : METHOD=<com.bumptech.glide.load.engine.EngineResource: boolean isMemoryCacheable()>
05-05 22:16:19.385 20185 20252 D GAPS    : METHOD=<com.bumptech.glide.load.engine.ActiveResources: void activate(com.bumptech.glide.load.Key,com.bumptech.glide.load.engine.EngineResource)>
05-05 22:16:19.385 20185 20252 D GAPS    : CLASS=com.bumptech.glide.load.engine.ActiveResources$ResourceWeakReference
05-05 22:16:19.385 20185 20252 D GAPS    : METHOD=<com.bumptech.glide.load.engine.ActiveResources$ResourceWeakReference: void <init>(com.bumptech.glide.load.Key,com.bumptech.glide.load.engine.EngineResource,java.lang.ref.ReferenceQueue,boolean)>
05-05 22:16:19.385 20185 20252 D GAPS    : METHOD=<com.bumptech.glide.load.engine.Jobs: void removeIfCurrent(com.bumptech.glide.load.Key,com.bumptech.glide.load.engine.EngineJob)>
05-05 22:16:19.385 20185 20252 D GAPS    : METHOD=<com.bumptech.glide.load.engine.EngineJob$ResourceCallbacksAndExecutors: java.util.Iterator iterator()>
05-05 22:16:19.386 20185 20252 D GAPS    : CLASS=com.bumptech.glide.load.engine.EngineJob$CallResourceReady
05-05 22:16:19.386 20185 20251 D GAPS    : CLASS=com.bumptech.glide.load.engine.EngineJob$CallResourceReady
05-05 22:16:19.386 20185 20252 D GAPS    : METHOD=<com.bumptech.glide.load.engine.EngineJob$CallResourceReady: void <init>(com.bumptech.glide.load.engine.EngineJob,com.bumptech.glide.request.ResourceCallback)>
05-05 22:16:19.386 20185 20251 D GAPS    : METHOD=<com.bumptech.glide.load.engine.EngineJob$CallResourceReady: void <init>(com.bumptech.glide.load.engine.EngineJob,com.bumptech.glide.request.ResourceCallback)>
05-05 22:16:19.386 20185 20252 D GAPS    : METHOD=<com.bumptech.glide.util.Executors$1: void execute(java.lang.Runnable)>
05-05 22:16:19.386 20185 20251 D GAPS    : METHOD=<com.bumptech.glide.util.Executors$1: void execute(java.lang.Runnable)>
05-05 22:16:19.386 20185 20252 D GAPS    : METHOD=<com.bumptech.glide.util.Util: void postOnUiThread(java.lang.Runnable)>
05-05 22:16:19.386 20185 20251 D GAPS    : METHOD=<com.bumptech.glide.util.Util: void postOnUiThread(java.lang.Runnable)>
05-05 22:16:19.386 20185 20252 D GAPS    : METHOD=<com.bumptech.glide.util.Util: android.os.Handler getUiThreadHandler()>
05-05 22:16:19.386 20185 20251 D GAPS    : METHOD=<com.bumptech.glide.util.Util: android.os.Handler getUiThreadHandler()>
05-05 22:16:19.386 20185 20252 D GAPS    : METHOD=<com.bumptech.glide.load.engine.EngineJob: void decrementPendingCallbacks()>
05-05 22:16:19.386 20185 20251 D GAPS    : METHOD=<com.bumptech.glide.load.engine.EngineJob: void decrementPendingCallbacks()>
05-05 22:16:19.386 20185 20252 D GAPS    : METHOD=<com.bumptech.glide.load.engine.DecodeJob: void onEncodeComplete()>
05-05 22:16:19.386 20185 20251 D GAPS    : METHOD=<com.bumptech.glide.load.engine.DecodeJob: void onEncodeComplete()>
05-05 22:16:19.386 20185 20252 D GAPS    : METHOD=<com.bumptech.glide.load.engine.DecodeJob$ReleaseManager: boolean onEncodeComplete()>
05-05 22:16:19.386 20185 20251 D GAPS    : METHOD=<com.bumptech.glide.load.engine.DecodeJob$ReleaseManager: boolean onEncodeComplete()>
05-05 22:16:19.386 20185 20252 D GAPS    : METHOD=<com.bumptech.glide.load.engine.DecodeJob$ReleaseManager: boolean isComplete(boolean)>
05-05 22:16:19.386 20185 20251 D GAPS    : METHOD=<com.bumptech.glide.load.engine.DecodeJob$ReleaseManager: boolean isComplete(boolean)>
05-05 22:16:19.386 20185 20252 D GAPS    : METHOD=<com.bumptech.glide.util.pool.GlideTrace: void endSection()>
05-05 22:16:19.386 20185 20251 D GAPS    : METHOD=<com.bumptech.glide.util.pool.GlideTrace: void endSection()>
05-05 22:16:19.431 20185 20254 D GAPS    : METHOD=<com.bumptech.glide.load.resource.bitmap.BitmapResource: void recycle()>
05-05 22:16:19.431 20185 20254 D GAPS    : METHOD=<com.bumptech.glide.load.resource.bitmap.DrawableToBitmapConverter$1: void put(android.graphics.Bitmap)>
05-05 22:16:19.431 20185 20254 D GAPS    : METHOD=<com.bumptech.glide.load.resource.drawable.NonOwnedDrawableResource: java.lang.Class getResourceClass()>
05-05 22:16:19.431 20185 20254 D GAPS    : METHOD=<com.bumptech.glide.load.resource.drawable.DrawableResource: void initialize()>
05-05 22:16:19.537 20185 20185 D GAPS    : METHOD=<androidx.appcompat.widget.AppCompatImageView: boolean hasOverlappingRendering()>
05-05 22:16:19.537 20185 20185 D GAPS    : METHOD=<com.google.android.material.checkbox.MaterialCheckBox: void onDraw(android.graphics.Canvas)>
05-05 22:16:19.540 20185 20185 D GAPS    : METHOD=<com.google.android.material.floatingactionbutton.BorderDrawable: void onBoundsChange(android.graphics.Rect)>
05-05 22:16:19.540 20185 20185 D GAPS    : METHOD=<com.google.android.material.floatingactionbutton.BorderDrawable: void draw(android.graphics.Canvas)>
05-05 22:16:19.540 20185 20185 D GAPS    : METHOD=<com.google.android.material.floatingactionbutton.BorderDrawable: android.graphics.Shader createGradientShader()>
05-05 22:16:19.546 20185 20185 D GAPS    : METHOD=<com.bumptech.glide.manager.SupportRequestManagerFragment: void onAttach(android.content.Context)>
05-05 22:16:19.546 20185 20185 D GAPS    : METHOD=<com.bumptech.glide.manager.SupportRequestManagerFragment: androidx.fragment.app.FragmentManager getRootFragmentManager(androidx.fragment.app.Fragment)>
05-05 22:16:19.546 20185 20185 D GAPS    : METHOD=<androidx.fragment.app.Fragment: androidx.fragment.app.FragmentManager getFragmentManager()>
05-05 22:16:19.546 20185 20185 D GAPS    : METHOD=<com.bumptech.glide.manager.SupportRequestManagerFragment: void registerFragmentWithRoot(android.content.Context,androidx.fragment.app.FragmentManager)>
05-05 22:16:19.546 20185 20185 D GAPS    : METHOD=<com.bumptech.glide.manager.SupportRequestManagerFragment: void unregisterFragmentWithRoot()>
05-05 22:16:19.546 20185 20185 D GAPS    : METHOD=<com.bumptech.glide.manager.RequestManagerRetriever: com.bumptech.glide.manager.SupportRequestManagerFragment getSupportRequestManagerFragment(androidx.fragment.app.FragmentManager)>
05-05 22:16:19.548 20185 20185 D GAPS    : METHOD=<com.bumptech.glide.manager.SupportRequestManagerFragment: void onStart()>
05-05 22:16:19.548 20185 20185 D GAPS    : METHOD=<com.bumptech.glide.manager.ActivityFragmentLifecycle: void onStart()>
05-05 22:16:19.548 20185 20185 D GAPS    : METHOD=<com.bumptech.glide.manager.NullConnectivityMonitor: void onStart()>
05-05 22:16:19.548 20185 20185 D GAPS    : METHOD=<com.bumptech.glide.request.SingleRequest: boolean isComplete()>
05-05 22:16:19.548 20185 20185 D GAPS    : METHOD=<com.bumptech.glide.request.SingleRequest: boolean isRunning()>
05-05 22:16:19.549 20185 20185 D GAPS    : METHOD=<com.bumptech.glide.request.target.ImageViewTarget: void onStart()>
05-05 22:16:19.549 20185 20185 D GAPS    : METHOD=<com.bumptech.glide.manager.RequestManagerRetriever: boolean handleMessage(android.os.Message)>
05-05 22:16:19.549 20185 20185 D GAPS    : METHOD=<com.bumptech.glide.manager.RequestManagerRetriever: boolean verifyOurSupportFragmentWasAddedOrCantBeAdded(androidx.fragment.app.FragmentManager,boolean)>
05-05 22:16:19.554 20185 20185 D GAPS    : METHOD=<com.bumptech.glide.load.engine.EngineJob$CallResourceReady: void run()>
05-05 22:16:19.554 20185 20185 D GAPS    : METHOD=<com.bumptech.glide.request.SingleRequest: java.lang.Object getLock()>
05-05 22:16:19.554 20185 20185 D GAPS    : METHOD=<com.bumptech.glide.load.engine.EngineJob$ResourceCallbacksAndExecutors: boolean contains(com.bumptech.glide.request.ResourceCallback)>
05-05 22:16:19.554 20185 20185 D GAPS    : METHOD=<com.bumptech.glide.load.engine.EngineJob$ResourceCallbacksAndExecutors: com.bumptech.glide.load.engine.EngineJob$ResourceCallbackAndExecutor defaultCallbackAndExecutor(com.bumptech.glide.request.ResourceCallback)>
05-05 22:16:19.554 20185 20185 D GAPS    : METHOD=<com.bumptech.glide.util.Executors: java.util.concurrent.Executor directExecutor()>
05-05 22:16:19.554 20185 20185 D GAPS    : METHOD=<com.bumptech.glide.load.engine.EngineJob$ResourceCallbackAndExecutor: boolean equals(java.lang.Object)>
05-05 22:16:19.554 20185 20185 D GAPS    : METHOD=<com.bumptech.glide.load.engine.EngineJob: void callCallbackOnResourceReady(com.bumptech.glide.request.ResourceCallback)>
05-05 22:16:19.554 20185 20185 D GAPS    : METHOD=<com.bumptech.glide.request.SingleRequest: void onResourceReady(com.bumptech.glide.load.engine.Resource,com.bumptech.glide.load.DataSource,boolean)>
05-05 22:16:19.554 20185 20185 D GAPS    : METHOD=<com.bumptech.glide.load.engine.EngineResource: java.lang.Object get()>
05-05 22:16:19.554 20185 20185 D GAPS    : METHOD=<com.bumptech.glide.load.resource.bitmap.LazyBitmapDrawableResource: java.lang.Object get()>
05-05 22:16:19.554 20185 20185 D GAPS    : METHOD=<com.bumptech.glide.load.resource.bitmap.LazyBitmapDrawableResource: android.graphics.drawable.BitmapDrawable get()>
05-05 22:16:19.554 20185 20185 D GAPS    : METHOD=<com.bumptech.glide.request.SingleRequest: boolean canSetResource()>
05-05 22:16:19.554 20185 20185 D GAPS    : METHOD=<com.bumptech.glide.request.SingleRequest: void onResourceReady(com.bumptech.glide.load.engine.Resource,java.lang.Object,com.bumptech.glide.load.DataSource,boolean)>
05-05 22:16:19.554 20185 20185 D GAPS    : METHOD=<com.bumptech.glide.request.SingleRequest: boolean isFirstReadyResource()>
05-05 22:16:19.554 20185 20185 D GAPS    : METHOD=<com.bumptech.glide.GlideContext: int getLogLevel()>
05-05 22:16:19.554 20185 20185 D GAPS    : METHOD=<com.bumptech.glide.request.SingleRequest: void notifyRequestCoordinatorLoadSucceeded()>
05-05 22:16:19.554 20185 20185 D GAPS    : METHOD=<com.bumptech.glide.request.transition.NoTransition$NoAnimationFactory: com.bumptech.glide.request.transition.Transition build(com.bumptech.glide.load.DataSource,boolean)>
05-05 22:16:19.554 20185 20185 D GAPS    : METHOD=<com.bumptech.glide.request.target.ImageViewTarget: void onResourceReady(java.lang.Object,com.bumptech.glide.request.transition.Transition)>
05-05 22:16:19.554 20185 20185 D GAPS    : METHOD=<com.bumptech.glide.request.transition.NoTransition: boolean transition(java.lang.Object,com.bumptech.glide.request.transition.Transition$ViewAdapter)>
05-05 22:16:19.555 20185 20185 D GAPS    : METHOD=<com.bumptech.glide.util.pool.GlideTrace: void endSectionAsync(java.lang.String,int)>
05-05 22:16:19.555 20185 20185 D GAPS    : METHOD=<com.bumptech.glide.load.engine.EngineJob: void removeCallback(com.bumptech.glide.request.ResourceCallback)>
05-05 22:16:19.555 20185 20185 D GAPS    : METHOD=<com.bumptech.glide.load.engine.EngineJob$ResourceCallbacksAndExecutors: void remove(com.bumptech.glide.request.ResourceCallback)>
05-05 22:16:19.555 20185 20185 D GAPS    : METHOD=<com.bumptech.glide.load.engine.EngineJob: void cancel()>
05-05 22:16:19.555 20185 20185 D GAPS    : METHOD=<com.bumptech.glide.load.engine.EngineJob: void release()>
05-05 22:16:19.555 20185 20185 D GAPS    : METHOD=<com.bumptech.glide.load.engine.EngineJob$ResourceCallbacksAndExecutors: void clear()>
05-05 22:16:19.555 20185 20185 D GAPS    : METHOD=<com.bumptech.glide.load.engine.DecodeJob: void release(boolean)>
05-05 22:16:19.555 20185 20185 D GAPS    : METHOD=<com.bumptech.glide.load.engine.DecodeJob$ReleaseManager: boolean release(boolean)>
05-05 22:16:19.555 20185 20185 D GAPS    : METHOD=<com.bumptech.glide.load.engine.DecodeJob: void releaseInternal()>
05-05 22:16:19.555 20185 20185 D GAPS    : METHOD=<com.bumptech.glide.load.engine.DecodeJob$ReleaseManager: void reset()>
05-05 22:16:19.555 20185 20185 D GAPS    : METHOD=<com.bumptech.glide.load.engine.DecodeJob$DeferredEncodeManager: void clear()>
05-05 22:16:19.555 20185 20185 D GAPS    : METHOD=<com.bumptech.glide.load.engine.DecodeHelper: void clear()>
05-05 22:16:19.555 20185 20185 D GAPS    : METHOD=<com.bumptech.glide.util.pool.FactoryPools$1: void reset(java.lang.Object)>
05-05 22:16:19.555 20185 20185 D GAPS    : METHOD=<com.bumptech.glide.load.engine.EngineResource: void release()>
05-05 22:16:20.658 20185 20185 D GAPS    : METHOD=<androidx.recyclerview.widget.RecyclerViewAccessibilityDelegate$ItemDelegate: androidx.core.view.accessibility.AccessibilityNodeProviderCompat getAccessibilityNodeProvider(android.view.View)>
05-05 22:16:20.667 20185 20185 D GAPS    : METHOD=<com.google.android.material.checkbox.MaterialCheckBox: void onInitializeAccessibilityNodeInfo(android.view.accessibility.AccessibilityNodeInfo)>
05-05 22:16:21.560 20185 20185 D GAPS    : METHOD=<com.google.android.material.checkbox.MaterialCheckBox: void toggle()>
05-05 22:16:21.562 20185 20185 D GAPS    : METHOD=<com.github.bmx666.appcachecleaner.ui.view.PackageRecyclerViewAdapter$$ExternalSyntheticLambda0: void onCheckedChanged(android.widget.CompoundButton,boolean)>
05-05 22:16:21.562 20185 20185 D GAPS    : METHOD=<com.github.bmx666.appcachecleaner.ui.view.PackageRecyclerViewAdapter: void $r8$lambda$aCi18N3jqLj0zrzxEw-1ogCjifk(com.github.bmx666.appcachecleaner.placeholder.PlaceholderContent$PlaceholderPackage,android.widget.CompoundButton,boolean)>
05-05 22:16:21.562 20185 20185 D GAPS    : METHOD=<com.github.bmx666.appcachecleaner.ui.view.PackageRecyclerViewAdapter: void onBindViewHolder$lambda-1(com.github.bmx666.appcachecleaner.placeholder.PlaceholderContent$PlaceholderPackage,android.widget.CompoundButton,boolean)>
05-05 22:16:21.562 20185 20185 D GAPS    : METHOD=<androidx.recyclerview.widget.RecyclerViewAccessibilityDelegate$ItemDelegate: boolean onRequestSendAccessibilityEvent(android.view.ViewGroup,android.view.View,android.view.accessibility.AccessibilityEvent)>
05-05 22:16:22.781 20185 20185 D GAPS    : METHOD=<androidx.fragment.app.FragmentManager$2: boolean onMenuItemSelected(android.view.MenuItem)>
05-05 22:16:22.781 20185 20185 D GAPS    : METHOD=<androidx.fragment.app.FragmentManager: boolean dispatchOptionsItemSelected(android.view.MenuItem)>
05-05 22:16:22.781 20185 20185 D GAPS    : METHOD=<androidx.fragment.app.Fragment: boolean performOptionsItemSelected(android.view.MenuItem)>
05-05 22:16:22.781 20185 20185 D GAPS    : METHOD=<androidx.appcompat.view.menu.MenuItemImpl: boolean expandActionView()>
05-05 22:16:22.781 20185 20185 D GAPS    : METHOD=<androidx.appcompat.view.menu.MenuBuilder: boolean expandItemActionView(androidx.appcompat.view.menu.MenuItemImpl)>
05-05 22:16:22.781 20185 20185 D GAPS    : METHOD=<androidx.appcompat.view.menu.BaseMenuPresenter: boolean expandItemActionView(androidx.appcompat.view.menu.MenuBuilder,androidx.appcompat.view.menu.MenuItemImpl)>
05-05 22:16:22.781 20185 20185 D GAPS    : METHOD=<androidx.appcompat.widget.Toolbar$ExpandedActionViewMenuPresenter: boolean expandItemActionView(androidx.appcompat.view.menu.MenuBuilder,androidx.appcompat.view.menu.MenuItemImpl)>
05-05 22:16:22.781 20185 20185 D GAPS    : METHOD=<androidx.appcompat.widget.Toolbar: void ensureCollapseButtonView()>
05-05 22:16:22.783 20185 20185 D GAPS    : CLASS=androidx.appcompat.widget.Toolbar$4
05-05 22:16:22.783 20185 20185 D GAPS    : METHOD=<androidx.appcompat.widget.Toolbar$4: void <init>(androidx.appcompat.widget.Toolbar)>
05-05 22:16:22.785 20185 20185 D GAPS    : METHOD=<androidx.appcompat.widget.AppCompatAutoCompleteTextView: void drawableStateChanged()>
05-05 22:16:22.785 20185 20185 D GAPS    : METHOD=<androidx.appcompat.widget.Toolbar: void removeChildrenForExpandedActionView()>
05-05 22:16:22.786 20185 20185 D GAPS    : METHOD=<androidx.appcompat.view.menu.MenuItemImpl: void setActionViewExpanded(boolean)>
05-05 22:16:22.786 20185 20185 D GAPS    : METHOD=<androidx.appcompat.widget.SearchView: void onActionViewExpanded()>
05-05 22:16:22.787 20185 20185 D GAPS    : METHOD=<androidx.appcompat.widget.SearchView$10: void beforeTextChanged(java.lang.CharSequence,int,int,int)>
05-05 22:16:22.789 20185 20185 D GAPS    : METHOD=<androidx.appcompat.widget.SearchView$10: void onTextChanged(java.lang.CharSequence,int,int,int)>
05-05 22:16:22.789 20185 20185 D GAPS    : METHOD=<androidx.appcompat.widget.SearchView: void onTextChanged(java.lang.CharSequence)>
05-05 22:16:22.789 20185 20185 D GAPS    : METHOD=<com.github.bmx666.appcachecleaner.ui.activity.AppCacheCleanerActivity$onCreateOptionsMenu$3$1: boolean onQueryTextChange(java.lang.String)>
05-05 22:16:22.789 20185 20185 D GAPS    : METHOD=<com.github.bmx666.appcachecleaner.ui.activity.AppCacheCleanerActivity$onCreateOptionsMenu$3$1: void filter(java.lang.String)>
05-05 22:16:22.790 20185 20185 D GAPS    : METHOD=<com.github.bmx666.appcachecleaner.ui.fragment.PackageListFragment: void updateAdapter(java.lang.String)>
05-05 22:16:22.790 20185 20185 D GAPS    : METHOD=<com.github.bmx666.appcachecleaner.placeholder.PlaceholderContent$PlaceholderPackage: void setIgnore(boolean)>
05-05 22:16:22.791 20185 20185 D GAPS    : METHOD=<com.github.bmx666.appcachecleaner.ui.fragment.PackageListFragment$onCreateView$2: java.lang.Object invoke()>
05-05 22:16:22.791 20185 20185 D GAPS    : METHOD=<com.github.bmx666.appcachecleaner.ui.fragment.PackageListFragment$onCreateView$2: void invoke()>
05-05 22:16:22.791 20185 20185 D GAPS    : METHOD=<androidx.recyclerview.widget.RecyclerView: void swapAdapter(androidx.recyclerview.widget.RecyclerView$Adapter,boolean)>
05-05 22:16:22.794 20185 20185 D GAPS    : METHOD=<androidx.recyclerview.widget.RecyclerViewAccessibilityDelegate$ItemDelegate: androidx.core.view.AccessibilityDelegateCompat getAndRemoveOriginalDelegateForItem(android.view.View)>
05-05 22:16:22.798 20185 20185 D GAPS    : METHOD=<androidx.appcompat.widget.SearchView$10: void afterTextChanged(android.text.Editable)>
05-05 22:16:22.798 20185 20185 D GAPS    : METHOD=<androidx.appcompat.widget.SearchView: void setIconified(boolean)>
05-05 22:16:22.798 20185 20185 D GAPS    : METHOD=<androidx.appcompat.widget.SearchView: void onSearchClicked()>
05-05 22:16:22.799 20185 20185 D GAPS    : METHOD=<androidx.appcompat.widget.SearchView$SearchAutoComplete: void onFocusChanged(boolean,int,android.graphics.Rect)>
05-05 22:16:22.800 20185 20185 D GAPS    : METHOD=<androidx.recyclerview.widget.RecyclerView: void addFocusables(java.util.ArrayList,int,int)>
05-05 22:16:22.800 20185 20185 D GAPS    : METHOD=<androidx.recyclerview.widget.RecyclerView$LayoutManager: boolean onAddFocusables(androidx.recyclerview.widget.RecyclerView,java.util.ArrayList,int,int)>
05-05 22:16:22.801 20185 20185 D GAPS    : METHOD=<androidx.appcompat.widget.SearchView$3: void onFocusChange(android.view.View,boolean)>
05-05 22:16:22.801 20185 20185 D GAPS    : METHOD=<androidx.appcompat.widget.SearchView: void onTextFocusChanged()>
05-05 22:16:22.801 20185 20185 D GAPS    : METHOD=<androidx.appcompat.widget.SearchView: void postUpdateFocusedState()>
05-05 22:16:22.802 20185 20185 D GAPS    : METHOD=<androidx.appcompat.widget.SearchView: void forceSuggestionQuery()>
05-05 22:16:22.802 20185 20185 D GAPS    : METHOD=<androidx.appcompat.widget.SearchView$Api29Impl: void refreshAutoCompleteResults(android.widget.AutoCompleteTextView)>
05-05 22:16:22.802 20185 20185 D GAPS    : METHOD=<androidx.appcompat.widget.SearchView$SearchAutoComplete: android.view.inputmethod.InputConnection onCreateInputConnection(android.view.inputmethod.EditorInfo)>
05-05 22:16:22.802 20185 20185 D GAPS    : METHOD=<androidx.appcompat.widget.AppCompatAutoCompleteTextView: android.view.inputmethod.InputConnection onCreateInputConnection(android.view.inputmethod.EditorInfo)>
05-05 22:16:22.805 20185 20185 D GAPS    : METHOD=<androidx.appcompat.widget.SearchView$SearchAutoComplete: void setImeVisibility(boolean)>
05-05 22:16:22.808 20185 20185 D GAPS    : METHOD=<androidx.appcompat.view.menu.MenuBuilder: android.view.MenuItem getItem(int)>
05-05 22:16:22.810 20185 20185 D GAPS    : METHOD=<androidx.appcompat.widget.SearchView: void onMeasure(int,int)>
05-05 22:16:22.810 20185 20185 D GAPS    : METHOD=<androidx.appcompat.widget.SearchView: int getPreferredWidth()>
05-05 22:16:22.810 20185 20185 D GAPS    : METHOD=<androidx.appcompat.widget.SearchView: int getPreferredHeight()>
05-05 22:16:22.814 20185 20185 D GAPS    : METHOD=<androidx.appcompat.widget.SearchView: void onLayout(boolean,int,int,int,int)>
05-05 22:16:22.816 20185 20185 D GAPS    : METHOD=<androidx.appcompat.widget.SearchView$4: void onLayoutChange(android.view.View,int,int,int,int,int,int,int,int)>
05-05 22:16:22.816 20185 20185 D GAPS    : METHOD=<androidx.appcompat.widget.SearchView: void adjustDropDownSizeAndPosition()>
05-05 22:16:22.816 20185 20185 D GAPS    : METHOD=<androidx.appcompat.widget.SearchView: void getChildBoundsWithinSearchView(android.view.View,android.graphics.Rect)>
05-05 22:16:22.817 20185 20185 D GAPS    : CLASS=androidx.appcompat.widget.SearchView$UpdatableTouchDelegate
05-05 22:16:22.817 20185 20185 D GAPS    : METHOD=<androidx.appcompat.widget.SearchView$UpdatableTouchDelegate: void <init>(android.graphics.Rect,android.graphics.Rect,android.view.View)>
05-05 22:16:22.817 20185 20185 D GAPS    : METHOD=<androidx.appcompat.widget.SearchView$UpdatableTouchDelegate: void setBounds(android.graphics.Rect,android.graphics.Rect)>
05-05 22:16:22.818 20185 20185 D GAPS    : METHOD=<androidx.recyclerview.widget.RecyclerView$LayoutManager: void onItemsChanged(androidx.recyclerview.widget.RecyclerView)>
05-05 22:16:22.823 20185 20185 D GAPS    : METHOD=<com.bumptech.glide.util.Util: boolean bothModelsNullEquivalentOrEquals(java.lang.Object,java.lang.Object)>
05-05 22:16:22.823 20185 20185 D GAPS    : METHOD=<com.bumptech.glide.manager.RequestTracker: boolean clearAndRemove(com.bumptech.glide.request.Request)>
05-05 22:16:22.823 20185 20185 D GAPS    : METHOD=<com.bumptech.glide.request.SingleRequest: void clear()>
05-05 22:16:22.824 20185 20185 D GAPS    : METHOD=<com.bumptech.glide.request.SingleRequest: void cancel()>
05-05 22:16:22.824 20185 20185 D GAPS    : METHOD=<com.bumptech.glide.request.target.ViewTarget: void removeCallback(com.bumptech.glide.request.target.SizeReadyCallback)>
05-05 22:16:22.824 20185 20185 D GAPS    : METHOD=<com.bumptech.glide.request.target.ViewTarget$SizeDeterminer: void removeCallback(com.bumptech.glide.request.target.SizeReadyCallback)>
05-05 22:16:22.824 20185 20185 D GAPS    : METHOD=<com.bumptech.glide.request.SingleRequest: boolean canNotifyCleared()>
05-05 22:16:22.824 20185 20185 D GAPS    : METHOD=<com.bumptech.glide.request.target.ImageViewTarget: void onLoadCleared(android.graphics.drawable.Drawable)>
05-05 22:16:22.824 20185 20185 D GAPS    : METHOD=<com.bumptech.glide.request.target.ViewTarget: void onLoadCleared(android.graphics.drawable.Drawable)>
05-05 22:16:22.824 20185 20185 D GAPS    : METHOD=<com.bumptech.glide.request.target.BaseTarget: void onLoadCleared(android.graphics.drawable.Drawable)>
05-05 22:16:22.824 20185 20185 D GAPS    : METHOD=<com.bumptech.glide.request.target.ViewTarget$SizeDeterminer: void clearCallbacksAndListener()>
05-05 22:16:22.824 20185 20185 D GAPS    : METHOD=<com.bumptech.glide.request.target.ViewTarget: void maybeRemoveAttachStateListener()>
05-05 22:16:22.824 20185 20185 D GAPS    : METHOD=<com.bumptech.glide.load.engine.Engine: void release(com.bumptech.glide.load.engine.Resource)>
05-05 22:16:22.824 20185 20185 D GAPS    : METHOD=<com.bumptech.glide.load.engine.Engine: void onResourceReleased(com.bumptech.glide.load.Key,com.bumptech.glide.load.engine.EngineResource)>
05-05 22:16:22.824 20185 20185 D GAPS    : METHOD=<com.bumptech.glide.load.engine.ActiveResources: void deactivate(com.bumptech.glide.load.Key)>
05-05 22:16:22.824 20185 20185 D GAPS    : METHOD=<com.bumptech.glide.load.engine.ActiveResources$ResourceWeakReference: void reset()>
05-05 22:16:22.824 20185 20185 D GAPS    : METHOD=<com.bumptech.glide.load.engine.cache.LruResourceCache: com.bumptech.glide.load.engine.Resource put(com.bumptech.glide.load.Key,com.bumptech.glide.load.engine.Resource)>
05-05 22:16:22.824 20185 20185 D GAPS    : METHOD=<com.bumptech.glide.util.LruCache: java.lang.Object put(java.lang.Object,java.lang.Object)>
05-05 22:16:22.824 20185 20185 D GAPS    : METHOD=<com.bumptech.glide.load.engine.cache.LruResourceCache: int getSize(java.lang.Object)>
05-05 22:16:22.824 20185 20185 D GAPS    : METHOD=<com.bumptech.glide.load.engine.cache.LruResourceCache: int getSize(com.bumptech.glide.load.engine.Resource)>
05-05 22:16:22.824 20185 20185 D GAPS    : METHOD=<com.bumptech.glide.load.engine.EngineResource: int getSize()>
05-05 22:16:22.824 20185 20185 D GAPS    : METHOD=<com.bumptech.glide.load.resource.drawable.NonOwnedDrawableResource: int getSize()>
05-05 22:16:22.824 20185 20185 D GAPS    : CLASS=com.bumptech.glide.util.LruCache$Entry
05-05 22:16:22.824 20185 20185 D GAPS    : METHOD=<com.bumptech.glide.util.LruCache$Entry: void <init>(java.lang.Object,int)>
05-05 22:16:22.824 20185 20185 D GAPS    : METHOD=<com.bumptech.glide.util.LruCache: void evict()>
05-05 22:16:22.824 20185 20185 D GAPS    : METHOD=<com.bumptech.glide.util.LruCache: void trimToSize(long)>
05-05 22:16:22.824 20185 20185 D GAPS    : METHOD=<com.bumptech.glide.manager.TargetTracker: void untrack(com.bumptech.glide.request.target.Target)>
05-05 22:16:22.831 20185 20185 D GAPS    : METHOD=<com.bumptech.glide.load.resource.bitmap.LazyBitmapDrawableResource: int getSize()>
05-05 22:16:22.831 20185 20185 D GAPS    : METHOD=<com.bumptech.glide.load.resource.bitmap.BitmapResource: int getSize()>
05-05 22:16:22.831 20185 20185 D GAPS    : METHOD=<com.bumptech.glide.util.Util: int getBitmapByteSize(android.graphics.Bitmap)>
05-05 22:16:22.897 20185 20185 D GAPS    : METHOD=<androidx.coordinatorlayout.widget.CoordinatorLayout: boolean requestChildRectangleOnScreen(android.view.View,android.graphics.Rect,boolean)>
05-05 22:16:22.897 20185 20185 D GAPS    : METHOD=<androidx.coordinatorlayout.widget.CoordinatorLayout$Behavior: boolean onRequestChildRectangleOnScreen(androidx.coordinatorlayout.widget.CoordinatorLayout,android.view.View,android.graphics.Rect,boolean)>
05-05 22:16:22.902 20185 20185 D GAPS    : METHOD=<androidx.appcompat.widget.SearchView$1: void run()>
05-05 22:16:22.902 20185 20185 D GAPS    : METHOD=<androidx.appcompat.widget.SearchView: void updateFocusedState()>
05-05 22:16:23.184 20185 20185 D GAPS    : METHOD=<androidx.appcompat.widget.LinearLayoutCompat: void onInitializeAccessibilityNodeInfo(android.view.accessibility.AccessibilityNodeInfo)>
05-05 22:16:25.092 20185 20185 D GAPS    : METHOD=<com.google.android.material.floatingactionbutton.FloatingActionButton: boolean onTouchEvent(android.view.MotionEvent)>
05-05 22:16:25.092 20185 20185 D GAPS    : METHOD=<com.google.android.material.floatingactionbutton.FloatingActionButton: boolean getContentRect(android.graphics.Rect)>
05-05 22:16:25.093 20185 20185 D GAPS    : METHOD=<com.google.android.material.floatingactionbutton.FloatingActionButton: void offsetRectWithShadow(android.graphics.Rect)>
05-05 22:16:25.099 20185 20185 D GAPS    : METHOD=<com.google.android.material.floatingactionbutton.BorderDrawable: int getOpacity()>
05-05 22:16:25.108 20185 20185 D GAPS    : METHOD=<com.github.bmx666.appcachecleaner.ui.activity.AppCacheCleanerActivity$$ExternalSyntheticLambda14: void onClick(android.view.View)>
05-05 22:16:25.108 20185 20185 D GAPS    : METHOD=<com.github.bmx666.appcachecleaner.ui.activity.AppCacheCleanerActivity: void $r8$lambda$2AJnzoPeNOe1jkOK8dkG85NklEs(com.github.bmx666.appcachecleaner.ui.activity.AppCacheCleanerActivity,android.view.View)>
05-05 22:16:25.108 20185 20185 D GAPS    : METHOD=<com.github.bmx666.appcachecleaner.ui.activity.AppCacheCleanerActivity: void onCreate$lambda-8(com.github.bmx666.appcachecleaner.ui.activity.AppCacheCleanerActivity,android.view.View)>
05-05 22:16:25.108 20185 20185 D GAPS    : METHOD=<com.github.bmx666.appcachecleaner.placeholder.PlaceholderContent: java.util.List getCheckedPackageList()>
05-05 22:16:25.115 20185 20185 D GAPS    : METHOD=<kotlin.collections.CollectionsKt___CollectionsKt: java.util.Set toSet(java.lang.Iterable)>
05-05 22:16:25.115 20185 20185 D GAPS    : METHOD=<kotlin.collections.CollectionsKt___CollectionsKt: java.util.Collection toCollection(java.lang.Iterable,java.util.Collection)>
05-05 22:16:25.115 20185 20185 D GAPS    : METHOD=<com.github.bmx666.appcachecleaner.config.SharedPreferencesManager$PackageList$Companion: void save(android.content.Context,java.lang.String,java.util.Set)>
05-05 22:16:25.116 20185 20185 D GAPS    : METHOD=<kotlin.jvm.internal.TypeIntrinsics: java.util.Set asMutableSet(java.lang.Object)>
05-05 22:16:25.116 20185 20185 D GAPS    : METHOD=<kotlin.jvm.internal.TypeIntrinsics: java.util.Set castToSet(java.lang.Object)>
05-05 22:16:25.121 20185 20185 D GAPS    : METHOD=<androidx.appcompat.widget.ActionMenuView: androidx.appcompat.widget.ActionMenuView$LayoutParams generateOverflowButtonLayoutParams()>
05-05 22:16:25.121 20185 20185 D GAPS    : METHOD=<androidx.appcompat.widget.ActionMenuView: androidx.appcompat.widget.ActionMenuView$LayoutParams generateDefaultLayoutParams()>
05-05 22:16:25.121 20185 20185 D GAPS    : METHOD=<androidx.appcompat.widget.ActionMenuView$LayoutParams: void <init>(int,int)>
05-05 22:16:25.121 20185 20185 D GAPS    : METHOD=<androidx.appcompat.widget.LinearLayoutCompat$LayoutParams: void <init>(int,int)>
05-05 22:16:25.121 20185 20185 D GAPS    : METHOD=<androidx.appcompat.widget.ForwardingListener: void onViewAttachedToWindow(android.view.View)>
05-05 22:16:25.131 20185 20185 D GAPS    : METHOD=<androidx.appcompat.widget.ForwardingListener: void onViewDetachedFromWindow(android.view.View)>
05-05 22:16:25.139 20185 20185 D GAPS    : METHOD=<androidx.appcompat.view.menu.MenuBuilder: boolean collapseItemActionView(androidx.appcompat.view.menu.MenuItemImpl)>
05-05 22:16:25.140 20185 20185 D GAPS    : METHOD=<androidx.appcompat.view.menu.BaseMenuPresenter: boolean collapseItemActionView(androidx.appcompat.view.menu.MenuBuilder,androidx.appcompat.view.menu.MenuItemImpl)>
05-05 22:16:25.140 20185 20185 D GAPS    : METHOD=<androidx.appcompat.widget.Toolbar$ExpandedActionViewMenuPresenter: boolean collapseItemActionView(androidx.appcompat.view.menu.MenuBuilder,androidx.appcompat.view.menu.MenuItemImpl)>
05-05 22:16:25.140 20185 20185 D GAPS    : METHOD=<androidx.appcompat.widget.SearchView: void onActionViewCollapsed()>
05-05 22:16:25.140 20185 20185 D GAPS    : METHOD=<androidx.appcompat.widget.SearchView: void setQuery(java.lang.CharSequence,boolean)>
05-05 22:16:25.146 20185 20185 D GAPS    : METHOD=<androidx.appcompat.widget.SearchView: void clearFocus()>
05-05 22:16:25.149 20185 20185 D GAPS    : METHOD=<androidx.appcompat.widget.SearchView: void onDetachedFromWindow()>
05-05 22:16:25.149 20185 20185 D GAPS    : METHOD=<androidx.appcompat.widget.Toolbar: void addChildrenForExpandedActionView()>
05-05 22:16:25.208 20185 20185 D GAPS    : METHOD=<androidx.appcompat.widget.SearchView$2: void run()>
05-05 22:16:25.580 20185 20185 D GAPS    : METHOD=<com.github.bmx666.appcachecleaner.ui.activity.AppCacheCleanerActivity$$ExternalSyntheticLambda0: void onClick(android.view.View)>
05-05 22:16:25.580 20185 20185 D GAPS    : METHOD=<com.github.bmx666.appcachecleaner.ui.activity.AppCacheCleanerActivity: void $r8$lambda$-2MbrEza3QGG3w52V1I8qU8YASY(com.github.bmx666.appcachecleaner.ui.activity.AppCacheCleanerActivity,android.view.View)>
05-05 22:16:25.580 20185 20185 D GAPS    : METHOD=<com.github.bmx666.appcachecleaner.ui.activity.AppCacheCleanerActivity: void onCreate$lambda-0(com.github.bmx666.appcachecleaner.ui.activity.AppCacheCleanerActivity,android.view.View)>
05-05 22:16:26.641 20185 20185 D GAPS    : METHOD=<androidx.appcompat.app.AppCompatDelegateImpl$AppCompatWindowCallback: boolean dispatchKeyEvent(android.view.KeyEvent)>
05-05 22:16:26.641 20185 20185 D GAPS    : METHOD=<androidx.appcompat.app.AppCompatDelegateImpl: boolean dispatchKeyEvent(android.view.KeyEvent)>
05-05 22:16:26.642 20185 20185 D GAPS    : CLASS=androidx.core.view.KeyEventDispatcher
05-05 22:16:26.642 20185 20185 D GAPS    : METHOD=<androidx.core.view.KeyEventDispatcher: void <clinit>()>
05-05 22:16:26.642 20185 20185 D GAPS    : METHOD=<androidx.core.view.KeyEventDispatcher: boolean dispatchBeforeHierarchy(android.view.View,android.view.KeyEvent)>
05-05 22:16:26.642 20185 20185 D GAPS    : METHOD=<androidx.core.view.ViewCompat: boolean dispatchUnhandledKeyEventBeforeHierarchy(android.view.View,android.view.KeyEvent)>
05-05 22:16:26.642 20185 20185 D GAPS    : METHOD=<androidx.appcompat.app.AppCompatDelegateImpl: boolean onKeyDown(int,android.view.KeyEvent)>
05-05 22:16:26.642 20185 20185 D GAPS    : METHOD=<androidx.appcompat.view.WindowCallbackWrapper: boolean dispatchKeyEvent(android.view.KeyEvent)>
05-05 22:16:26.642 20185 20185 D GAPS    : METHOD=<androidx.appcompat.app.AppCompatActivity: boolean dispatchKeyEvent(android.view.KeyEvent)>
05-05 22:16:26.642 20185 20185 D GAPS    : METHOD=<androidx.core.app.ComponentActivity: boolean dispatchKeyEvent(android.view.KeyEvent)>
05-05 22:16:26.642 20185 20185 D GAPS    : METHOD=<androidx.core.view.KeyEventDispatcher: boolean dispatchKeyEvent(androidx.core.view.KeyEventDispatcher$Component,android.view.View,android.view.Window$Callback,android.view.KeyEvent)>
05-05 22:16:26.642 20185 20185 D GAPS    : METHOD=<androidx.core.app.ComponentActivity: boolean superDispatchKeyEvent(android.view.KeyEvent)>
05-05 22:16:26.642 20185 20185 D GAPS    : METHOD=<androidx.appcompat.app.AppCompatActivity: boolean onKeyDown(int,android.view.KeyEvent)>
05-05 22:16:26.642 20185 20185 D GAPS    : METHOD=<androidx.appcompat.app.AppCompatActivity: boolean performMenuItemShortcut(android.view.KeyEvent)>
05-05 22:16:26.646 20185 20185 D GAPS    : METHOD=<androidx.appcompat.app.AppCompatDelegateImpl: boolean onKeyUp(int,android.view.KeyEvent)>
05-05 22:16:26.859 20185 20185 D GAPS    : METHOD=<androidx.appcompat.widget.Toolbar: boolean onTouchEvent(android.view.MotionEvent)>
05-05 22:16:27.083 20185 20185 D GAPS    : METHOD=<androidx.appcompat.view.WindowCallbackWrapper: boolean dispatchTrackballEvent(android.view.MotionEvent)>
05-05 22:16:27.086 20185 20185 D GAPS    : METHOD=<androidx.emoji2.viewsintegration.EmojiTransformationMethod: void onFocusChanged(android.view.View,java.lang.CharSequence,boolean,int,android.graphics.Rect)>
05-05 22:16:29.102 20185 20185 D GAPS    : METHOD=<androidx.appcompat.app.AppCompatDelegateImpl$AppCompatWindowCallback: boolean bypassDispatchKeyEvent(android.view.Window$Callback,android.view.KeyEvent)>
05-05 22:16:29.102 20185 20185 D GAPS    : METHOD=<androidx.appcompat.app.ToolbarActionBar: boolean onMenuKeyEvent(android.view.KeyEvent)>
05-05 22:16:29.104 20185 20185 D GAPS    : METHOD=<androidx.appcompat.app.ToolbarActionBar: boolean openOptionsMenu()>
05-05 22:16:29.104 20185 20185 D GAPS    : METHOD=<androidx.appcompat.widget.ToolbarWidgetWrapper: boolean showOverflowMenu()>
05-05 22:16:29.104 20185 20185 D GAPS    : METHOD=<androidx.appcompat.widget.Toolbar: boolean showOverflowMenu()>
05-05 22:16:29.104 20185 20185 D GAPS    : METHOD=<androidx.appcompat.widget.ActionMenuView: boolean showOverflowMenu()>
05-05 22:16:29.104 20185 20185 D GAPS    : METHOD=<androidx.appcompat.widget.ActionMenuPresenter: boolean showOverflowMenu()>
05-05 22:16:29.104 20185 20185 D GAPS    : METHOD=<androidx.appcompat.widget.ActionMenuPresenter: boolean isOverflowMenuShowing()>
05-05 22:16:29.352 20185 20185 D GAPS    : METHOD=<com.github.bmx666.appcachecleaner.ui.activity.AppCacheCleanerActivity$$ExternalSyntheticLambda16: void onClick(android.view.View)>
05-05 22:16:29.352 20185 20185 D GAPS    : METHOD=<com.github.bmx666.appcachecleaner.ui.activity.AppCacheCleanerActivity: void $r8$lambda$_K78TtBDSlXnYs2-Jasnu-54z18(com.github.bmx666.appcachecleaner.ui.activity.AppCacheCleanerActivity,android.view.View)>
05-05 22:16:29.352 20185 20185 D GAPS    : METHOD=<com.github.bmx666.appcachecleaner.ui.activity.AppCacheCleanerActivity: void onCreate$lambda-10(com.github.bmx666.appcachecleaner.ui.activity.AppCacheCleanerActivity,android.view.View)>
05-05 22:16:32.984 20185 20185 D GAPS    : METHOD=<com.github.bmx666.appcachecleaner.ui.activity.AppCacheCleanerActivity$$ExternalSyntheticLambda8: void onClick(android.view.View)>
05-05 22:16:32.984 20185 20185 D GAPS    : METHOD=<com.github.bmx666.appcachecleaner.ui.activity.AppCacheCleanerActivity: void $r8$lambda$fOJeJKVk6lhkzka4BtK5PIzzwJ0(com.github.bmx666.appcachecleaner.ui.activity.AppCacheCleanerActivity,android.view.View)>
05-05 22:16:32.984 20185 20185 D GAPS    : METHOD=<com.github.bmx666.appcachecleaner.ui.activity.AppCacheCleanerActivity: void onCreate$lambda-1(com.github.bmx666.appcachecleaner.ui.activity.AppCacheCleanerActivity,android.view.View)>
05-05 22:16:36.352 20185 20250 D GAPS    : METHOD=<com.bumptech.glide.load.engine.ActiveResources: void cleanupActiveReference(com.bumptech.glide.load.engine.ActiveResources$ResourceWeakReference)>
05-05 22:16:38.869 20185 20185 D GAPS    : METHOD=<androidx.appcompat.widget.SwitchCompat: boolean onTouchEvent(android.view.MotionEvent)>
05-05 22:16:38.869 20185 20185 D GAPS    : METHOD=<androidx.appcompat.widget.SwitchCompat: boolean hitThumb(float,float)>
05-05 22:16:40.863 20185 20185 D GAPS    : METHOD=<androidx.recyclerview.widget.LinearLayoutManager: void recycleViewsFromStart(androidx.recyclerview.widget.RecyclerView$Recycler,int,int)>
05-05 22:16:40.864 20185 20185 D GAPS    : METHOD=<androidx.core.view.accessibility.AccessibilityEventCompat: int getContentChangeTypes(android.view.accessibility.AccessibilityEvent)>
05-05 22:16:40.864 20185 20185 D GAPS    : METHOD=<androidx.core.view.accessibility.AccessibilityEventCompat$Api19Impl: int getContentChangeTypes(android.view.accessibility.AccessibilityEvent)>
05-05 22:16:40.865 20185 20185 D GAPS    : METHOD=<androidx.core.view.accessibility.AccessibilityEventCompat: void setContentChangeTypes(android.view.accessibility.AccessibilityEvent,int)>
05-05 22:16:40.865 20185 20185 D GAPS    : METHOD=<androidx.core.view.accessibility.AccessibilityEventCompat$Api19Impl: void setContentChangeTypes(android.view.accessibility.AccessibilityEvent,int)>
05-05 22:16:40.869 20185 20185 D GAPS    : METHOD=<androidx.recyclerview.widget.GapWorker$LayoutPrefetchRegistryImpl: void addPosition(int,int)>
