--------- beginning of system
--------- beginning of main
05-05 23:33:45.910 11402 11402 D GAPS    : METHOD=<com.smorgasbork.hotdeath.Main: void onClick(android.view.View)>
05-05 23:33:45.930 11402 11402 D GAPS    : CLASS=com.smorgasbork.hotdeath.Prefs
05-05 23:33:45.930 11402 11402 D GAPS    : METHOD=<com.smorgasbork.hotdeath.Prefs: void <init>()>
05-05 23:33:45.931 11402 11402 D GAPS    : ACTIVITY=com.smorgasbork.hotdeath.Prefs
05-05 23:33:45.931 11402 11402 D GAPS    : METHOD=<com.smorgasbork.hotdeath.Prefs: void onCreate(android.os.Bundle)>
05-05 23:33:45.965 11402 11402 D GAPS    : METHOD=<com.smorgasbork.hotdeath.Prefs: void a(android.preference.Preference)>
05-05 23:33:45.966 11402 11402 D GAPS    : METHOD=<com.smorgasbork.hotdeath.Prefs: void b(android.preference.Preference)>
05-05 23:33:45.967 11402 11402 D GAPS    : METHOD=<com.smorgasbork.hotdeath.Prefs: void onResume()>
05-05 23:33:47.510 11402 11402 D GAPS    : METHOD=<com.smorgasbork.hotdeath.Prefs: void onSharedPreferenceChanged(android.content.SharedPreferences,java.lang.String)>
05-05 23:34:34.949 11402 11402 D GAPS    : METHOD=<com.smorgasbork.hotdeath.Prefs: void onPause()>
05-05 23:34:35.655 11402 11402 D GAPS    : METHOD=<com.smorgasbork.hotdeath.Main: android.app.Dialog onCreateDialog(int)>
05-05 23:34:35.663 11402 11402 D GAPS    : METHOD=<com.smorgasbork.hotdeath.Main: void onPrepareDialog(int,android.app.Dialog)>
05-05 23:35:42.324 11402 11402 D GAPS    : METHOD=<com.smorgasbork.hotdeath.a: void <init>(int,int,int,int,int,double,int,int)>
05-05 23:35:42.348 11402 11402 D GAPS    : CLASS=com.smorgasbork.hotdeath.GameActivity$a
05-05 23:35:42.348 11402 11402 D GAPS    : METHOD=<com.smorgasbork.hotdeath.GameActivity$a: void <init>(com.smorgasbork.hotdeath.GameActivity)>
05-05 23:35:42.350 11402 11402 D GAPS    : CLASS=com.smorgasbork.hotdeath.GameActivity$b
05-05 23:35:42.350 11402 11402 D GAPS    : METHOD=<com.smorgasbork.hotdeath.GameActivity$b: void <init>(com.smorgasbork.hotdeath.GameActivity)>
05-05 23:35:42.350 11402 11402 D GAPS    : CLASS=com.smorgasbork.hotdeath.GameActivity$c
05-05 23:35:42.350 11402 11402 D GAPS    : METHOD=<com.smorgasbork.hotdeath.GameActivity$c: void <init>(com.smorgasbork.hotdeath.GameActivity)>
05-05 23:35:42.350 11402 11402 D GAPS    : CLASS=com.smorgasbork.hotdeath.GameActivity$d
05-05 23:35:42.350 11402 11402 D GAPS    : METHOD=<com.smorgasbork.hotdeath.GameActivity$d: void <init>(com.smorgasbork.hotdeath.GameActivity)>
05-05 23:35:42.350 11402 11402 D GAPS    : METHOD=<com.smorgasbork.hotdeath.h: void setBottomMargin(int)>
05-05 23:35:42.350 11402 11402 D GAPS    : METHOD=<com.smorgasbork.hotdeath.h: void f()>
05-05 23:35:42.351 11402 11402 D GAPS    : METHOD=<com.smorgasbork.hotdeath.GameActivity: void onResume()>
05-05 23:35:42.351 11402 11402 D GAPS    : METHOD=<com.smorgasbork.hotdeath.f: void P()>
05-05 23:35:42.366 11402 11402 D GAPS    : METHOD=<com.smorgasbork.hotdeath.h: void onSizeChanged(int,int,int,int)>
05-05 23:35:42.368 11402 11598 D GAPS    : METHOD=<com.smorgasbork.hotdeath.f: void run()>
05-05 23:35:42.368 11402 11598 D GAPS    : METHOD=<com.smorgasbork.hotdeath.f: void M()>
05-05 23:35:42.368 11402 11598 D GAPS    : METHOD=<com.smorgasbork.hotdeath.f: void H()>
05-05 23:35:42.368 11402 11598 D GAPS    : METHOD=<com.smorgasbork.hotdeath.l: void t()>
05-05 23:35:42.368 11402 11598 D GAPS    : METHOD=<com.smorgasbork.hotdeath.l: void v()>
05-05 23:35:42.368 11402 11598 D GAPS    : CLASS=com.smorgasbork.hotdeath.i
05-05 23:35:42.368 11402 11598 D GAPS    : METHOD=<com.smorgasbork.hotdeath.i: void <init>(com.smorgasbork.hotdeath.l)>
05-05 23:35:42.369 11402 11598 D GAPS    : METHOD=<com.smorgasbork.hotdeath.f: void N()>
05-05 23:35:42.369 11402 11598 D GAPS    : METHOD=<com.smorgasbork.hotdeath.f: void V()>
05-05 23:35:42.369 11402 11598 D GAPS    : METHOD=<com.smorgasbork.hotdeath.f: void I()>
05-05 23:35:42.369 11402 11598 D GAPS    : CLASS=com.smorgasbork.hotdeath.b
05-05 23:35:42.369 11402 11598 D GAPS    : METHOD=<com.smorgasbork.hotdeath.b: void <init>()>
05-05 23:35:42.369 11402 11598 D GAPS    : CLASS=com.smorgasbork.hotdeath.d
05-05 23:35:42.369 11402 11598 D GAPS    : METHOD=<com.smorgasbork.hotdeath.d: void <init>()>
05-05 23:35:42.369 11402 11598 D GAPS    : METHOD=<com.smorgasbork.hotdeath.l: com.smorgasbork.hotdeath.l j()>
05-05 23:35:42.369 11402 11598 D GAPS    : CLASS=com.smorgasbork.hotdeath.k
05-05 23:35:42.369 11402 11598 D GAPS    : METHOD=<com.smorgasbork.hotdeath.k: void <init>()>
05-05 23:35:42.369 11402 11598 D GAPS    : METHOD=<com.smorgasbork.hotdeath.k: void g()>
05-05 23:35:42.369 11402 11598 D GAPS    : METHOD=<com.smorgasbork.hotdeath.g: boolean m()>
05-05 23:35:42.369 11402 11598 D GAPS    : METHOD=<com.smorgasbork.hotdeath.g: boolean e()>
05-05 23:35:42.369 11402 11598 D GAPS    : METHOD=<com.smorgasbork.hotdeath.Prefs: boolean l(android.content.Context)>
05-05 23:35:42.369 11402 11598 D GAPS    : METHOD=<com.smorgasbork.hotdeath.b: void a(boolean,boolean)>
05-05 23:35:42.369 11402 11402 D GAPS    : METHOD=<com.smorgasbork.hotdeath.h: void onDraw(android.graphics.Canvas)>
05-05 23:35:42.369 11402 11402 D GAPS    : METHOD=<com.smorgasbork.hotdeath.f: int h()>
05-05 23:35:42.369 11402 11402 D GAPS    : METHOD=<com.smorgasbork.hotdeath.f: int o()>
05-05 23:35:42.369 11402 11598 D GAPS    : METHOD=<com.smorgasbork.hotdeath.b: void c()>
05-05 23:35:42.369 11402 11598 D GAPS    : METHOD=<com.smorgasbork.hotdeath.a: void a(boolean)>
05-05 23:35:42.369 11402 11598 D GAPS    : METHOD=<com.smorgasbork.hotdeath.b: void b(int)>
05-05 23:35:42.369 11402 11598 D GAPS    : METHOD=<com.smorgasbork.hotdeath.l: com.smorgasbork.hotdeath.i f()>
05-05 23:35:42.369 11402 11598 D GAPS    : METHOD=<com.smorgasbork.hotdeath.i: void c()>
05-05 23:35:42.370 11402 11598 D GAPS    : METHOD=<com.smorgasbork.hotdeath.l: int k()>
05-05 23:35:42.370 11402 11598 D GAPS    : METHOD=<com.smorgasbork.hotdeath.f: void c()>
05-05 23:35:42.370 11402 11598 D GAPS    : METHOD=<com.smorgasbork.hotdeath.f: java.lang.String b(int)>
05-05 23:35:42.370 11402 11598 D GAPS    : METHOD=<com.smorgasbork.hotdeath.l: int n()>
05-05 23:35:42.370 11402 11598 D GAPS    : METHOD=<com.smorgasbork.hotdeath.f: java.lang.String e(int)>
05-05 23:35:42.370 11402 11598 D GAPS    : METHOD=<com.smorgasbork.hotdeath.f: void a(java.lang.String)>
05-05 23:35:42.370 11402 11598 D GAPS    : METHOD=<com.smorgasbork.hotdeath.f: void a(java.lang.String,boolean)>
05-05 23:35:42.370 11402 11598 D GAPS    : CLASS=com.smorgasbork.hotdeath.f$g
05-05 23:35:42.370 11402 11598 D GAPS    : METHOD=<com.smorgasbork.hotdeath.f$g: void <init>(com.smorgasbork.hotdeath.f,java.lang.String)>
05-05 23:35:42.370 11402 11598 D GAPS    : METHOD=<com.smorgasbork.hotdeath.f: void Q()>
05-05 23:35:42.370 11402 11598 D GAPS    : METHOD=<com.smorgasbork.hotdeath.f: int n()>
05-05 23:35:42.370 11402 11598 D GAPS    : METHOD=<com.smorgasbork.hotdeath.l: boolean d()>
05-05 23:35:42.370 11402 11598 D GAPS    : METHOD=<com.smorgasbork.hotdeath.g: int l()>
05-05 23:35:42.370 11402 11598 D GAPS    : METHOD=<com.smorgasbork.hotdeath.Prefs: int e(android.content.Context)>
05-05 23:35:42.375 11402 11402 D GAPS    : METHOD=<com.smorgasbork.hotdeath.f$g: void run()>
05-05 23:35:42.375 11402 11402 D GAPS    : METHOD=<com.smorgasbork.hotdeath.f: com.smorgasbork.hotdeath.h a(com.smorgasbork.hotdeath.f)>
05-05 23:35:42.375 11402 11402 D GAPS    : METHOD=<com.smorgasbork.hotdeath.h: void a(java.lang.String)>
05-05 23:35:43.570 11402 11598 D GAPS    : METHOD=<com.smorgasbork.hotdeath.b: com.smorgasbork.hotdeath.a a(int)>
05-05 23:35:43.571 11402 11598 D GAPS    : METHOD=<com.smorgasbork.hotdeath.e: void a(com.smorgasbork.hotdeath.a)>
05-05 23:35:43.571 11402 11598 D GAPS    : METHOD=<com.smorgasbork.hotdeath.l: void a(com.smorgasbork.hotdeath.a)>
05-05 23:35:43.571 11402 11598 D GAPS    : METHOD=<com.smorgasbork.hotdeath.i: void a(com.smorgasbork.hotdeath.a)>
05-05 23:35:43.571 11402 11598 D GAPS    : METHOD=<com.smorgasbork.hotdeath.a: void a(com.smorgasbork.hotdeath.i)>
05-05 23:35:43.571 11402 11598 D GAPS    : METHOD=<com.smorgasbork.hotdeath.e: void B()>
05-05 23:35:43.571 11402 11598 D GAPS    : METHOD=<com.smorgasbork.hotdeath.g: int h()>
05-05 23:35:43.571 11402 11598 D GAPS    : METHOD=<com.smorgasbork.hotdeath.Prefs: int h(android.content.Context)>
05-05 23:35:43.571 11402 11598 D GAPS    : METHOD=<com.smorgasbork.hotdeath.g: int i()>
05-05 23:35:43.571 11402 11598 D GAPS    : METHOD=<com.smorgasbork.hotdeath.Prefs: int i(android.content.Context)>
05-05 23:35:43.571 11402 11598 D GAPS    : METHOD=<com.smorgasbork.hotdeath.g: int f()>
05-05 23:35:43.571 11402 11598 D GAPS    : METHOD=<com.smorgasbork.hotdeath.Prefs: int f(android.content.Context)>
05-05 23:35:43.571 11402 11598 D GAPS    : METHOD=<com.smorgasbork.hotdeath.g: int g()>
05-05 23:35:43.571 11402 11598 D GAPS    : METHOD=<com.smorgasbork.hotdeath.Prefs: int g(android.content.Context)>
05-05 23:35:43.571 11402 11598 D GAPS    : METHOD=<com.smorgasbork.hotdeath.g: int j()>
05-05 23:35:43.571 11402 11598 D GAPS    : METHOD=<com.smorgasbork.hotdeath.Prefs: int j(android.content.Context)>
05-05 23:35:43.571 11402 11598 D GAPS    : METHOD=<com.smorgasbork.hotdeath.g: int k()>
05-05 23:35:43.571 11402 11598 D GAPS    : METHOD=<com.smorgasbork.hotdeath.Prefs: int k(android.content.Context)>
05-05 23:35:43.572 11402 11598 D GAPS    : METHOD=<com.smorgasbork.hotdeath.g: int a()>
05-05 23:35:43.572 11402 11598 D GAPS    : METHOD=<com.smorgasbork.hotdeath.Prefs: int b(android.content.Context)>
05-05 23:35:43.572 11402 11598 D GAPS    : METHOD=<com.smorgasbork.hotdeath.b: int b()>
05-05 23:35:43.572 11402 11598 D GAPS    : METHOD=<com.smorgasbork.hotdeath.d: void a(com.smorgasbork.hotdeath.a)>
05-05 23:35:43.572 11402 11598 D GAPS    : METHOD=<com.smorgasbork.hotdeath.f: void d(com.smorgasbork.hotdeath.i)>
05-05 23:35:43.572 11402 11598 D GAPS    : METHOD=<com.smorgasbork.hotdeath.b: com.smorgasbork.hotdeath.a[] a()>
05-05 23:35:43.572 11402 11598 D GAPS    : METHOD=<com.smorgasbork.hotdeath.g: boolean c()>
05-05 23:35:43.572 11402 11598 D GAPS    : METHOD=<com.smorgasbork.hotdeath.Prefs: boolean d(android.content.Context)>
05-05 23:35:43.572 11402 11598 D GAPS    : METHOD=<com.smorgasbork.hotdeath.a: com.smorgasbork.hotdeath.i e()>
05-05 23:35:43.572 11402 11598 D GAPS    : METHOD=<com.smorgasbork.hotdeath.a: boolean d()>
05-05 23:35:43.573 11402 11598 D GAPS    : METHOD=<com.smorgasbork.hotdeath.i: void a(com.smorgasbork.hotdeath.a[])>
05-05 23:35:43.575 11402 11598 D GAPS    : METHOD=<com.smorgasbork.hotdeath.f: void R()>
05-05 23:35:43.575 11402 11598 D GAPS    : METHOD=<com.smorgasbork.hotdeath.d: com.smorgasbork.hotdeath.a a()>
05-05 23:35:43.575 11402 11598 D GAPS    : METHOD=<com.smorgasbork.hotdeath.a: int a()>
05-05 23:35:43.575 11402 11598 D GAPS    : METHOD=<com.smorgasbork.hotdeath.f: void S()>
05-05 23:35:43.575 11402 11598 D GAPS    : CLASS=com.smorgasbork.hotdeath.f$a
05-05 23:35:43.575 11402 11598 D GAPS    : METHOD=<com.smorgasbork.hotdeath.f$a: void <init>(com.smorgasbork.hotdeath.f)>
05-05 23:35:43.575 11402 11598 D GAPS    : METHOD=<com.smorgasbork.hotdeath.f: boolean a(com.smorgasbork.hotdeath.i)>
05-05 23:35:43.575 11402 11402 D GAPS    : METHOD=<com.smorgasbork.hotdeath.f$a: void run()>
05-05 23:35:43.575 11402 11598 D GAPS    : METHOD=<com.smorgasbork.hotdeath.i: int b()>
05-05 23:35:43.575 11402 11402 D GAPS    : METHOD=<com.smorgasbork.hotdeath.h: void d()>
05-05 23:35:43.575 11402 11598 D GAPS    : METHOD=<com.smorgasbork.hotdeath.i: com.smorgasbork.hotdeath.a b(int)>
05-05 23:35:43.575 11402 11598 D GAPS    : METHOD=<com.smorgasbork.hotdeath.a: int f()>
05-05 23:35:43.576 11402 11598 D GAPS    : METHOD=<com.smorgasbork.hotdeath.f: void T()>
05-05 23:35:43.576 11402 11598 D GAPS    : METHOD=<com.smorgasbork.hotdeath.f: org.json.JSONObject O()>
05-05 23:35:43.576 11402 11598 D GAPS    : METHOD=<com.smorgasbork.hotdeath.a: int c()>
05-05 23:35:43.576 11402 11598 D GAPS    : METHOD=<com.smorgasbork.hotdeath.b: org.json.JSONObject d()>
05-05 23:35:43.576 11402 11598 D GAPS    : METHOD=<com.smorgasbork.hotdeath.a: org.json.JSONObject i()>
05-05 23:35:43.578 11402 11598 D GAPS    : METHOD=<com.smorgasbork.hotdeath.d: org.json.JSONObject d()>
05-05 23:35:43.578 11402 11598 D GAPS    : METHOD=<com.smorgasbork.hotdeath.k: org.json.JSONObject h()>
05-05 23:35:43.578 11402 11598 D GAPS    : METHOD=<com.smorgasbork.hotdeath.l: org.json.JSONObject y()>
05-05 23:35:43.578 11402 11598 D GAPS    : METHOD=<com.smorgasbork.hotdeath.i: org.json.JSONObject d()>
05-05 23:35:43.578 11402 11598 D GAPS    : METHOD=<com.smorgasbork.hotdeath.f: boolean a()>
05-05 23:35:43.579 11402 11598 D GAPS    : METHOD=<com.smorgasbork.hotdeath.f: void c(boolean)>
05-05 23:35:43.579 11402 11598 D GAPS    : CLASS=com.smorgasbork.hotdeath.f$c
05-05 23:35:43.579 11402 11598 D GAPS    : METHOD=<com.smorgasbork.hotdeath.f$c: void <init>(com.smorgasbork.hotdeath.f,boolean)>
05-05 23:35:43.580 11402 11598 D GAPS    : METHOD=<com.smorgasbork.hotdeath.e: void x()>
05-05 23:35:43.589 11402 11402 D GAPS    : METHOD=<com.smorgasbork.hotdeath.h: void a(android.graphics.Canvas)>
05-05 23:35:43.589 11402 11402 D GAPS    : METHOD=<com.smorgasbork.hotdeath.f: boolean w()>
05-05 23:35:43.589 11402 11402 D GAPS    : METHOD=<com.smorgasbork.hotdeath.f: com.smorgasbork.hotdeath.l a(int)>
05-05 23:35:43.589 11402 11402 D GAPS    : METHOD=<com.smorgasbork.hotdeath.l: int o()>
05-05 23:35:43.589 11402 11402 D GAPS    : METHOD=<com.smorgasbork.hotdeath.h: void a(android.graphics.Canvas,int)>
05-05 23:35:43.589 11402 11402 D GAPS    : METHOD=<com.smorgasbork.hotdeath.h: void a(android.graphics.Canvas,com.smorgasbork.hotdeath.a,int,int,boolean)>
05-05 23:35:43.591 11402 11402 D GAPS    : METHOD=<com.smorgasbork.hotdeath.f: com.smorgasbork.hotdeath.l i()>
05-05 23:35:43.591 11402 11402 D GAPS    : METHOD=<com.smorgasbork.hotdeath.f: boolean r()>
05-05 23:35:43.591 11402 11402 D GAPS    : METHOD=<com.smorgasbork.hotdeath.f: com.smorgasbork.hotdeath.d p()>
05-05 23:35:43.591 11402 11402 D GAPS    : METHOD=<com.smorgasbork.hotdeath.d: int b()>
05-05 23:35:43.591 11402 11402 D GAPS    : METHOD=<com.smorgasbork.hotdeath.f: com.smorgasbork.hotdeath.b m()>
05-05 23:35:43.591 11402 11402 D GAPS    : METHOD=<com.smorgasbork.hotdeath.d: com.smorgasbork.hotdeath.a a(int)>
05-05 23:35:43.591 11402 11402 D GAPS    : METHOD=<com.smorgasbork.hotdeath.f: com.smorgasbork.hotdeath.d q()>
05-05 23:35:43.591 11402 11402 D GAPS    : METHOD=<com.smorgasbork.hotdeath.f: int z()>
05-05 23:35:43.591 11402 11402 D GAPS    : METHOD=<com.smorgasbork.hotdeath.h: void b(android.graphics.Canvas)>
05-05 23:35:43.591 11402 11402 D GAPS    : METHOD=<com.smorgasbork.hotdeath.f: com.smorgasbork.hotdeath.k v()>
05-05 23:35:43.591 11402 11402 D GAPS    : METHOD=<com.smorgasbork.hotdeath.k: int e()>
05-05 23:35:43.592 11402 11402 D GAPS    : METHOD=<com.smorgasbork.hotdeath.f$c: void run()>
05-05 23:35:43.592 11402 11402 D GAPS    : METHOD=<com.smorgasbork.hotdeath.h: void b(boolean)>
05-05 23:35:43.592 11402 11402 D GAPS    : METHOD=<com.smorgasbork.hotdeath.GameActivity: void d()>
05-05 23:35:43.593 11402 11402 D GAPS    : METHOD=<com.smorgasbork.hotdeath.GameActivity: void onPause()>
05-05 23:35:43.593 11402 11402 D GAPS    : METHOD=<com.smorgasbork.hotdeath.f: void D()>
05-05 23:35:43.593 11402 11402 D GAPS    : METHOD=<com.smorgasbork.hotdeath.f: java.lang.String x()>
05-05 23:35:44.041 11402 11402 D GAPS    : METHOD=<com.smorgasbork.hotdeath.GameActivity: void onDestroy()>
05-05 23:35:44.041 11402 11402 D GAPS    : METHOD=<com.smorgasbork.hotdeath.f: void L()>
05-05 23:35:44.240 11402 11402 D GAPS    : METHOD=<com.smorgasbork.hotdeath.f: void <init>(org.json.JSONObject,com.smorgasbork.hotdeath.GameActivity,com.smorgasbork.hotdeath.g)>
05-05 23:35:44.241 11402 11402 D GAPS    : METHOD=<com.smorgasbork.hotdeath.b: void <init>(org.json.JSONObject)>
05-05 23:35:44.241 11402 11402 D GAPS    : METHOD=<com.smorgasbork.hotdeath.a: void <init>(org.json.JSONObject)>
05-05 23:35:44.241 11402 11402 D GAPS    : METHOD=<com.smorgasbork.hotdeath.d: void <init>(org.json.JSONObject,com.smorgasbork.hotdeath.b)>
05-05 23:35:44.241 11402 11402 D GAPS    : METHOD=<com.smorgasbork.hotdeath.e: void <init>(org.json.JSONObject,com.smorgasbork.hotdeath.f,com.smorgasbork.hotdeath.g)>
05-05 23:35:44.241 11402 11402 D GAPS    : METHOD=<com.smorgasbork.hotdeath.l: void <init>(org.json.JSONObject,com.smorgasbork.hotdeath.f,com.smorgasbork.hotdeath.g)>
05-05 23:35:44.241 11402 11402 D GAPS    : METHOD=<com.smorgasbork.hotdeath.i: void <init>(org.json.JSONObject,com.smorgasbork.hotdeath.l,com.smorgasbork.hotdeath.b)>
05-05 23:35:44.242 11402 11402 D GAPS    : METHOD=<com.smorgasbork.hotdeath.k: void <init>(org.json.JSONObject,com.smorgasbork.hotdeath.f,com.smorgasbork.hotdeath.b)>
05-05 23:35:44.780 11402 11598 D GAPS    : METHOD=<com.smorgasbork.hotdeath.i: boolean a(com.smorgasbork.hotdeath.f)>
05-05 23:35:44.780 11402 11598 D GAPS    : METHOD=<com.smorgasbork.hotdeath.f: boolean a(com.smorgasbork.hotdeath.i,com.smorgasbork.hotdeath.a,boolean)>
05-05 23:35:44.780 11402 11598 D GAPS    : METHOD=<com.smorgasbork.hotdeath.i: boolean b(com.smorgasbork.hotdeath.a)>
05-05 23:35:44.780 11402 11598 D GAPS    : METHOD=<com.smorgasbork.hotdeath.a: int h()>
05-05 23:35:44.780 11402 11598 D GAPS    : METHOD=<com.smorgasbork.hotdeath.i: boolean c(int)>
05-05 23:35:44.780 11402 11598 D GAPS    : METHOD=<com.smorgasbork.hotdeath.e: void A()>
05-05 23:35:44.780 11402 11598 D GAPS    : METHOD=<com.smorgasbork.hotdeath.i: int a()>
05-05 23:35:44.780 11402 11598 D GAPS    : METHOD=<com.smorgasbork.hotdeath.i: int a(boolean)>
05-05 23:35:44.780 11402 11598 D GAPS    : METHOD=<com.smorgasbork.hotdeath.i: int a(boolean,com.smorgasbork.hotdeath.a)>
05-05 23:35:44.780 11402 11598 D GAPS    : METHOD=<com.smorgasbork.hotdeath.a: int g()>
05-05 23:35:44.780 11402 11598 D GAPS    : METHOD=<com.smorgasbork.hotdeath.a: void a(int)>
05-05 23:35:44.781 11402 11598 D GAPS    : METHOD=<com.smorgasbork.hotdeath.e: int z()>
05-05 23:35:44.781 11402 11598 D GAPS    : METHOD=<com.smorgasbork.hotdeath.f: boolean s()>
05-05 23:35:44.781 11402 11598 D GAPS    : METHOD=<com.smorgasbork.hotdeath.a: int b()>
05-05 23:35:44.781 11402 11598 D GAPS    : METHOD=<com.smorgasbork.hotdeath.h: void e()>
05-05 23:35:44.781 11402 11598 D GAPS    : METHOD=<com.smorgasbork.hotdeath.g: void n()>
05-05 23:35:44.781 11402 11598 D GAPS    : METHOD=<com.smorgasbork.hotdeath.l: void w()>
05-05 23:35:50.739 11402 11662 D GAPS    : METHOD=<com.smorgasbork.hotdeath.l: boolean r()>
05-05 23:35:50.739 11402 11662 D GAPS    : METHOD=<com.smorgasbork.hotdeath.l: boolean s()>
05-05 23:35:50.739 11402 11662 D GAPS    : METHOD=<com.smorgasbork.hotdeath.l: com.smorgasbork.hotdeath.a l()>
05-05 23:35:50.739 11402 11662 D GAPS    : METHOD=<com.smorgasbork.hotdeath.i: void c(com.smorgasbork.hotdeath.a)>
05-05 23:35:50.739 11402 11662 D GAPS    : METHOD=<com.smorgasbork.hotdeath.f: void a(com.smorgasbork.hotdeath.l,com.smorgasbork.hotdeath.a)>
05-05 23:35:50.739 11402 11662 D GAPS    : METHOD=<com.smorgasbork.hotdeath.f: java.lang.String a(com.smorgasbork.hotdeath.a)>
05-05 23:35:50.739 11402 11662 D GAPS    : METHOD=<com.smorgasbork.hotdeath.a: java.lang.String a(android.content.Context,boolean)>
05-05 23:35:50.739 11402 11662 D GAPS    : METHOD=<com.smorgasbork.hotdeath.f: void A()>
05-05 23:35:50.740 11402 11662 D GAPS    : METHOD=<com.smorgasbork.hotdeath.f: java.lang.String d(int)>
05-05 23:35:50.740 11402 11662 D GAPS    : METHOD=<com.smorgasbork.hotdeath.f: com.smorgasbork.hotdeath.l C()>
05-05 23:35:50.740 11402 11662 D GAPS    : METHOD=<com.smorgasbork.hotdeath.l: void u()>
05-05 23:35:50.740 11402 11662 D GAPS    : METHOD=<com.smorgasbork.hotdeath.f: com.smorgasbork.hotdeath.l u()>
05-05 23:35:50.740 11402 11662 D GAPS    : METHOD=<com.smorgasbork.hotdeath.f: com.smorgasbork.hotdeath.l b(com.smorgasbork.hotdeath.l)>
05-05 23:35:50.740 11402 11662 D GAPS    : METHOD=<com.smorgasbork.hotdeath.l: com.smorgasbork.hotdeath.l m()>
05-05 23:36:43.680 11402 11402 D GAPS    : CLASS=com.smorgasbork.hotdeath.j
05-05 23:36:43.680 11402 11402 D GAPS    : METHOD=<com.smorgasbork.hotdeath.j: void <init>(com.smorgasbork.hotdeath.f,com.smorgasbork.hotdeath.g)>
05-05 23:36:46.685 11402 11738 D GAPS    : METHOD=<com.smorgasbork.hotdeath.i: com.smorgasbork.hotdeath.a d(com.smorgasbork.hotdeath.a)>
05-05 23:36:55.707 11402 11402 D GAPS    : METHOD=<com.smorgasbork.hotdeath.h: boolean onTouchEvent(android.view.MotionEvent)>
05-05 23:36:55.710 11402 11402 D GAPS    : METHOD=<com.smorgasbork.hotdeath.h: boolean k()>
05-05 23:36:55.710 11402 11402 D GAPS    : METHOD=<com.smorgasbork.hotdeath.h: boolean j()>
05-05 23:36:55.710 11402 11402 D GAPS    : METHOD=<com.smorgasbork.hotdeath.h: boolean i()>
05-05 23:37:55.368 11402 11402 D GAPS    : METHOD=<com.smorgasbork.hotdeath.j: void <init>(org.json.JSONObject,com.smorgasbork.hotdeath.f,com.smorgasbork.hotdeath.g)>
05-05 23:37:58.385 11402 11844 D GAPS    : METHOD=<com.smorgasbork.hotdeath.e: double b(com.smorgasbork.hotdeath.a)>
05-05 23:37:58.385 11402 11844 D GAPS    : METHOD=<com.smorgasbork.hotdeath.e: double c(com.smorgasbork.hotdeath.a)>
05-05 23:38:04.998 11402 11899 D GAPS    : METHOD=<com.smorgasbork.hotdeath.j: int k()>
05-05 23:38:04.998 11402 11899 D GAPS    : METHOD=<com.smorgasbork.hotdeath.f: void F()>
05-05 23:38:04.998 11402 11899 D GAPS    : CLASS=com.smorgasbork.hotdeath.f$d
05-05 23:38:04.998 11402 11899 D GAPS    : METHOD=<com.smorgasbork.hotdeath.f$d: void <init>(com.smorgasbork.hotdeath.f)>
05-05 23:38:05.002 11402 11402 D GAPS    : METHOD=<com.smorgasbork.hotdeath.f$d: void run()>
05-05 23:38:05.002 11402 11402 D GAPS    : METHOD=<com.smorgasbork.hotdeath.h: int b()>
05-05 23:38:05.002 11402 11402 D GAPS    : CLASS=com.smorgasbork.hotdeath.h$c
05-05 23:38:05.002 11402 11402 D GAPS    : METHOD=<com.smorgasbork.hotdeath.h$c: void <init>(com.smorgasbork.hotdeath.h)>
05-05 23:38:05.099 11402 11899 D GAPS    : METHOD=<com.smorgasbork.hotdeath.f: boolean y()>
05-05 23:38:06.702 11402 11402 D GAPS    : METHOD=<com.smorgasbork.hotdeath.h$c: void onClick(android.content.DialogInterface,int)>
05-05 23:38:06.702 11402 11402 D GAPS    : METHOD=<com.smorgasbork.hotdeath.h: com.smorgasbork.hotdeath.f b(com.smorgasbork.hotdeath.h)>
05-05 23:38:06.702 11402 11402 D GAPS    : METHOD=<com.smorgasbork.hotdeath.f: com.smorgasbork.hotdeath.l l()>
05-05 23:38:06.702 11402 11402 D GAPS    : METHOD=<com.smorgasbork.hotdeath.j: void g(int)>
