--------- beginning of main
--------- beginning of system
05-06 00:18:12.238  7290  7801 D GAPS    : METHOD=<com.evancharlton.mileage.provider.FillUpsProvider: android.net.Uri insert(android.net.Uri,android.content.ContentValues)>
05-06 00:18:12.238  7290  7802 D GAPS    : METHOD=<com.evancharlton.mileage.provider.FillUpsProvider: android.net.Uri insert(android.net.Uri,android.content.ContentValues)>
05-06 00:18:12.238  7290  7801 D GAPS    : METHOD=<com.evancharlton.mileage.provider.tables.CacheTable: long insert(int,android.database.sqlite.SQLiteDatabase,android.content.ContentValues)>
05-06 00:18:12.238  7290  7802 D GAPS    : METHOD=<com.evancharlton.mileage.provider.tables.CacheTable: long insert(int,android.database.sqlite.SQLiteDatabase,android.content.ContentValues)>
05-06 00:18:15.959  7290  7290 D GAPS    : METHOD=<com.evancharlton.mileage.VehicleStatisticsActivity$2: void onItemClick(android.widget.AdapterView,android.view.View,int,long)>
05-06 00:18:15.959  7290  7290 D GAPS    : METHOD=<com.evancharlton.mileage.VehicleStatisticsActivity: com.evancharlton.mileage.adapters.VehicleStatisticsAdapter access$400(com.evancharlton.mileage.VehicleStatisticsActivity)>
05-06 00:18:15.959  7290  7290 D GAPS    : METHOD=<com.evancharlton.mileage.adapters.VehicleStatisticsAdapter: int getNumHeadersAbove(int)>
05-06 00:18:15.959  7290  7290 D GAPS    : METHOD=<com.evancharlton.mileage.provider.Statistic: java.lang.Class getChartClass()>
05-06 00:18:15.959  7290  7290 D GAPS    : METHOD=<com.evancharlton.mileage.VehicleStatisticsActivity: com.evancharlton.mileage.dao.Vehicle access$000(com.evancharlton.mileage.VehicleStatisticsActivity)>
05-06 00:18:15.993  7290  7290 D GAPS    : CLASS=com.evancharlton.mileage.charts.MinimumPriceChart
05-06 00:18:15.993  7290  7290 D GAPS    : METHOD=<com.evancharlton.mileage.charts.MinimumPriceChart: void <init>()>
05-06 00:18:15.993  7290  7290 D GAPS    : CLASS=com.evancharlton.mileage.charts.PriceChart
05-06 00:18:15.993  7290  7290 D GAPS    : METHOD=<com.evancharlton.mileage.charts.PriceChart: void <init>()>
05-06 00:18:15.993  7290  7290 D GAPS    : CLASS=com.evancharlton.mileage.charts.LineChart
05-06 00:18:15.993  7290  7290 D GAPS    : METHOD=<com.evancharlton.mileage.charts.LineChart: void <init>()>
05-06 00:18:15.993  7290  7290 D GAPS    : CLASS=com.evancharlton.mileage.ChartActivity
05-06 00:18:15.993  7290  7290 D GAPS    : METHOD=<com.evancharlton.mileage.ChartActivity: void <init>()>
05-06 00:18:15.993  7290  7290 D GAPS    : ACTIVITY=com.evancharlton.mileage.ChartActivity
05-06 00:18:15.993  7290  7290 D GAPS    : METHOD=<com.evancharlton.mileage.ChartActivity: void onCreate(android.os.Bundle)>
05-06 00:18:15.997  7290  7290 D GAPS    : CLASS=com.artfulbits.aiCharts.ChartView
05-06 00:18:15.997  7290  7290 D GAPS    : METHOD=<com.artfulbits.aiCharts.ChartView: void <init>(android.content.Context,android.util.AttributeSet)>
05-06 00:18:15.997  7290  7290 D GAPS    : METHOD=<com.artfulbits.aiCharts.ChartView: void <init>(android.content.Context,android.util.AttributeSet,int)>
05-06 00:18:15.997  7290  7290 D GAPS    : METHOD=<com.artfulbits.aiCharts.ChartView: void <init>(android.content.Context,android.util.AttributeSet,int,int)>
05-06 00:18:15.997  7290  7290 D GAPS    : CLASS=com.artfulbits.aiCharts.a
05-06 00:18:15.997  7290  7290 D GAPS    : METHOD=<com.artfulbits.aiCharts.a: void <init>(com.artfulbits.aiCharts.ChartView)>
05-06 00:18:15.997  7290  7290 D GAPS    : CLASS=com.artfulbits.aiCharts.Base.ChartEngine
05-06 00:18:15.997  7290  7290 D GAPS    : METHOD=<com.artfulbits.aiCharts.Base.ChartEngine: void <clinit>()>
05-06 00:18:15.997  7290  7290 D GAPS    : METHOD=<com.artfulbits.license.LicenseData: com.artfulbits.license.LicenseData fromPackage(java.lang.Class,java.lang.String,java.lang.String,byte[],byte[])>
05-06 00:18:15.997  7290  7290 D GAPS    : METHOD=<com.artfulbits.license.LicenseData: byte[] b(java.lang.Class,java.lang.String)>
05-06 00:18:15.998  7290  7290 D GAPS    : METHOD=<com.artfulbits.license.LicenseData: byte[] a(java.lang.Class,java.lang.String)>
05-06 00:18:15.998  7290  7290 D GAPS    : METHOD=<com.artfulbits.aiCharts.Base.r: com.artfulbits.aiCharts.Base.r a(com.artfulbits.license.LicenseData)>
05-06 00:18:15.998  7290  7290 D GAPS    : CLASS=com.artfulbits.aiCharts.Base.r
05-06 00:18:15.998  7290  7290 D GAPS    : METHOD=<com.artfulbits.aiCharts.Base.r: void <init>(java.lang.String)>
05-06 00:18:15.999  7290  7290 D GAPS    : METHOD=<com.artfulbits.aiCharts.Base.ChartEngine: void <init>()>
05-06 00:18:15.999  7290  7290 D GAPS    : CLASS=com.artfulbits.aiCharts.Base.f
05-06 00:18:15.999  7290  7290 D GAPS    : METHOD=<com.artfulbits.aiCharts.Base.f: void <init>()>
05-06 00:18:15.999  7290  7290 D GAPS    : CLASS=com.artfulbits.aiCharts.Base.ChartPalette
05-06 00:18:15.999  7290  7290 D GAPS    : METHOD=<com.artfulbits.aiCharts.Base.ChartPalette: void <clinit>()>
05-06 00:18:15.999  7290  7290 D GAPS    : METHOD=<com.artfulbits.aiCharts.Base.ChartPalette: void <init>(int[])>
05-06 00:18:15.999  7290  7290 D GAPS    : CLASS=com.artfulbits.aiCharts.Base.ChartGraph
05-06 00:18:15.999  7290  7290 D GAPS    : METHOD=<com.artfulbits.aiCharts.Base.ChartGraph: void <init>()>
05-06 00:18:15.999  7290  7290 D GAPS    : CLASS=com.artfulbits.aiCharts.Base.ChartGraph$b
05-06 00:18:16.000  7290  7290 D GAPS    : METHOD=<com.artfulbits.aiCharts.Base.ChartGraph$b: void <clinit>()>
05-06 00:18:16.000  7290  7290 D GAPS    : METHOD=<com.artfulbits.aiCharts.Base.ChartGraph$b: void <init>()>
05-06 00:18:16.000  7290  7290 D GAPS    : CLASS=com.artfulbits.aiCharts.Base.j
05-06 00:18:16.000  7290  7290 D GAPS    : METHOD=<com.artfulbits.aiCharts.Base.j: void <init>()>
05-06 00:18:16.000  7290  7290 D GAPS    : CLASS=com.artfulbits.aiCharts.Base.g
05-06 00:18:16.000  7290  7290 D GAPS    : METHOD=<com.artfulbits.aiCharts.Base.g: void <init>(com.artfulbits.aiCharts.Base.ChartEngine)>
05-06 00:18:16.000  7290  7290 D GAPS    : CLASS=com.artfulbits.aiCharts.Base.ChartEngine$3
05-06 00:18:16.000  7290  7290 D GAPS    : METHOD=<com.artfulbits.aiCharts.Base.ChartEngine$3: void <init>(com.artfulbits.aiCharts.Base.ChartEngine)>
05-06 00:18:16.000  7290  7290 D GAPS    : CLASS=com.artfulbits.aiCharts.Base.ChartEngine$4
05-06 00:18:16.000  7290  7290 D GAPS    : METHOD=<com.artfulbits.aiCharts.Base.ChartEngine$4: void <init>(com.artfulbits.aiCharts.Base.ChartEngine)>
05-06 00:18:16.000  7290  7290 D GAPS    : CLASS=com.artfulbits.aiCharts.Base.ChartEngine$a
05-06 00:18:16.000  7290  7290 D GAPS    : METHOD=<com.artfulbits.aiCharts.Base.ChartEngine$a: void <init>(com.artfulbits.aiCharts.Base.ChartEngine)>
05-06 00:18:16.000  7290  7290 D GAPS    : METHOD=<com.artfulbits.aiCharts.Base.ChartEngine$a: void <init>(com.artfulbits.aiCharts.Base.ChartEngine,byte)>
05-06 00:18:16.000  7290  7290 D GAPS    : CLASS=com.artfulbits.aiCharts.Base.ChartNamedCollection
05-06 00:18:16.000  7290  7290 D GAPS    : METHOD=<com.artfulbits.aiCharts.Base.ChartNamedCollection: void <init>(com.artfulbits.aiCharts.Base.ChartCollection$IChangeListener,java.lang.String)>
05-06 00:18:16.000  7290  7290 D GAPS    : CLASS=com.artfulbits.aiCharts.Base.ChartCollection
05-06 00:18:16.000  7290  7290 D GAPS    : METHOD=<com.artfulbits.aiCharts.Base.ChartCollection: void <init>(com.artfulbits.aiCharts.Base.ChartCollection$IChangeListener)>
05-06 00:18:16.000  7290  7290 D GAPS    : CLASS=com.artfulbits.aiCharts.Base.ChartEngine$c
05-06 00:18:16.000  7290  7290 D GAPS    : METHOD=<com.artfulbits.aiCharts.Base.ChartEngine$c: void <init>(com.artfulbits.aiCharts.Base.ChartEngine)>
05-06 00:18:16.000  7290  7290 D GAPS    : METHOD=<com.artfulbits.aiCharts.Base.ChartEngine$c: void <init>(com.artfulbits.aiCharts.Base.ChartEngine,byte)>
05-06 00:18:16.000  7290  7290 D GAPS    : CLASS=com.artfulbits.aiCharts.Base.ChartEngine$b
05-06 00:18:16.000  7290  7290 D GAPS    : METHOD=<com.artfulbits.aiCharts.Base.ChartEngine$b: void <init>(com.artfulbits.aiCharts.Base.ChartEngine)>
05-06 00:18:16.000  7290  7290 D GAPS    : METHOD=<com.artfulbits.aiCharts.Base.ChartEngine$b: void <init>(com.artfulbits.aiCharts.Base.ChartEngine,byte)>
05-06 00:18:16.000  7290  7290 D GAPS    : CLASS=com.artfulbits.aiCharts.Base.ChartEngine$1
05-06 00:18:16.000  7290  7290 D GAPS    : METHOD=<com.artfulbits.aiCharts.Base.ChartEngine$1: void <init>(com.artfulbits.aiCharts.Base.ChartEngine)>
05-06 00:18:16.001  7290  7290 D GAPS    : CLASS=com.artfulbits.aiCharts.Base.ChartEngine$2
05-06 00:18:16.001  7290  7290 D GAPS    : METHOD=<com.artfulbits.aiCharts.Base.ChartEngine$2: void <init>(com.artfulbits.aiCharts.Base.ChartEngine)>
05-06 00:18:16.001  7290  7290 D GAPS    : METHOD=<com.artfulbits.aiCharts.ChartView: void setChart(com.artfulbits.aiCharts.Base.ChartEngine)>
05-06 00:18:16.001  7290  7290 D GAPS    : METHOD=<com.artfulbits.aiCharts.Base.ChartEngine: void addInvalidateListener(com.artfulbits.aiCharts.Base.IInvalidateListener)>
05-06 00:18:16.012  7290  7290 D GAPS    : METHOD=<com.evancharlton.mileage.ChartActivity: void restoreLastNonConfigurationInstance()>
05-06 00:18:16.013  7290  7290 D GAPS    : METHOD=<com.evancharlton.mileage.charts.PriceChart: com.evancharlton.mileage.ChartActivity$ChartGenerator createChartGenerator()>
05-06 00:18:16.013  7290  7290 D GAPS    : METHOD=<com.evancharlton.mileage.charts.LineChart: com.evancharlton.mileage.dao.Vehicle getVehicle()>
05-06 00:18:16.015  7290  7290 D GAPS    : CLASS=com.evancharlton.mileage.charts.LineChart$LineChartGenerator
05-06 00:18:16.015  7290  7290 D GAPS    : METHOD=<com.evancharlton.mileage.charts.LineChart$LineChartGenerator: void <init>(com.evancharlton.mileage.charts.LineChart,com.evancharlton.mileage.dao.Vehicle,java.lang.String[])>
05-06 00:18:16.015  7290  7290 D GAPS    : CLASS=com.evancharlton.mileage.ChartActivity$ChartGenerator
05-06 00:18:16.015  7290  7290 D GAPS    : METHOD=<com.evancharlton.mileage.ChartActivity$ChartGenerator: void <init>()>
05-06 00:18:16.015  7290  7290 D GAPS    : METHOD=<com.evancharlton.mileage.ChartActivity$ChartGenerator: void attach(com.evancharlton.mileage.ChartActivity)>
05-06 00:18:16.015  7290  7290 D GAPS    : METHOD=<com.evancharlton.mileage.ChartActivity: android.app.ProgressDialog getProgressDialog()>
05-06 00:18:16.015  7290  7290 D GAPS    : METHOD=<com.evancharlton.mileage.charts.LineChart: java.lang.Object[] getExecuteParameters()>
05-06 00:18:16.015  7290  7290 D GAPS    : METHOD=<com.evancharlton.mileage.ChartActivity$ChartGenerator: void onPreExecute()>
05-06 00:18:16.015  7290  7290 D GAPS    : METHOD=<com.evancharlton.mileage.ChartActivity: android.app.Dialog onCreateDialog(int)>
05-06 00:18:16.028  7290  7290 D GAPS    : METHOD=<com.artfulbits.aiCharts.ChartView: void setPanning(int)>
05-06 00:18:16.028  7290  7686 D GAPS    : METHOD=<com.evancharlton.mileage.charts.LineChart$LineChartGenerator: java.lang.Object doInBackground(java.lang.Object[])>
05-06 00:18:16.028  7290  7686 D GAPS    : METHOD=<com.evancharlton.mileage.charts.LineChart$LineChartGenerator: com.artfulbits.aiCharts.Base.ChartSeries[] doInBackground(java.lang.Object[])>
05-06 00:18:16.028  7290  7686 D GAPS    : METHOD=<com.evancharlton.mileage.charts.LineChart: com.artfulbits.aiCharts.Base.ChartSeries createSeries()>
05-06 00:18:16.028  7290  7290 D GAPS    : CLASS=com.artfulbits.aiCharts.ChartGestureListener
05-06 00:18:16.028  7290  7290 D GAPS    : METHOD=<com.artfulbits.aiCharts.ChartGestureListener: void <init>(com.artfulbits.aiCharts.ChartView)>
05-06 00:18:16.028  7290  7290 D GAPS    : METHOD=<com.artfulbits.aiCharts.ChartGestureListener: void <init>(com.artfulbits.aiCharts.ChartView,int)>
05-06 00:18:16.028  7290  7686 D GAPS    : CLASS=com.artfulbits.aiCharts.Base.ChartPointAttributes
05-06 00:18:16.028  7290  7290 D GAPS    : CLASS=com.artfulbits.aiCharts.ChartGestureListener$a
05-06 00:18:16.028  7290  7686 D GAPS    : METHOD=<com.artfulbits.aiCharts.Base.ChartPointAttributes: void <clinit>()>
05-06 00:18:16.028  7290  7290 D GAPS    : METHOD=<com.artfulbits.aiCharts.ChartGestureListener$a: void <init>(com.artfulbits.aiCharts.ChartGestureListener,android.content.Context)>
05-06 00:18:16.028  7290  7686 D GAPS    : CLASS=com.artfulbits.aiCharts.Enums.Alignment
05-06 00:18:16.028  7290  7290 D GAPS    : METHOD=<com.artfulbits.aiCharts.ChartGestureListener: void setFlags(int)>
05-06 00:18:16.028  7290  7686 D GAPS    : METHOD=<com.artfulbits.aiCharts.Enums.Alignment: void <clinit>()>
05-06 00:18:16.028  7290  7686 D GAPS    : METHOD=<com.artfulbits.aiCharts.Enums.Alignment: void <init>(java.lang.String,int)>
05-06 00:18:16.028  7290  7290 D GAPS    : CLASS=com.evancharlton.mileage.ChartActivity$1
05-06 00:18:16.028  7290  7290 D GAPS    : METHOD=<com.evancharlton.mileage.ChartActivity$1: void <init>(com.evancharlton.mileage.ChartActivity)>
05-06 00:18:16.029  7290  7686 D GAPS    : METHOD=<com.evancharlton.mileage.charts.MinimumPriceChart: java.lang.String getAxisTitle()>
05-06 00:18:16.029  7290  7290 D GAPS    : CLASS=com.evancharlton.mileage.ChartActivity$2
05-06 00:18:16.029  7290  7290 D GAPS    : METHOD=<com.evancharlton.mileage.ChartActivity$2: void <init>(com.evancharlton.mileage.ChartActivity)>
05-06 00:18:16.029  7290  7686 D GAPS    : CLASS=com.artfulbits.aiCharts.Types.ChartTypes
05-06 00:18:16.029  7290  7686 D GAPS    : METHOD=<com.artfulbits.aiCharts.Types.ChartTypes: void <clinit>()>
05-06 00:18:16.029  7290  7686 D GAPS    : CLASS=com.artfulbits.aiCharts.Base.ChartSeries
05-06 00:18:16.029  7290  7686 D GAPS    : METHOD=<com.artfulbits.aiCharts.Base.ChartSeries: void <init>(java.lang.String,java.lang.Class)>
05-06 00:18:16.029  7290  7686 D GAPS    : METHOD=<com.artfulbits.aiCharts.Types.ChartTypes: com.artfulbits.aiCharts.Base.ChartType get(java.lang.Class)>
05-06 00:18:16.029  7290  7686 D GAPS    : CLASS=com.artfulbits.aiCharts.Base.ChartType
05-06 00:18:16.030  7290  7686 D GAPS    : METHOD=<com.artfulbits.aiCharts.Base.ChartType: void <clinit>()>
05-06 00:18:16.030  7290  7686 D GAPS    : CLASS=com.artfulbits.aiCharts.Base.ChartCustomAttribute
05-06 00:18:16.030  7290  7686 D GAPS    : METHOD=<com.artfulbits.aiCharts.Base.ChartCustomAttribute: void <clinit>()>
05-06 00:18:16.030  7290  7686 D GAPS    : METHOD=<com.artfulbits.aiCharts.Base.ChartCustomAttribute: com.artfulbits.aiCharts.Base.ChartCustomAttribute register(java.lang.String,java.lang.Class,java.lang.Class,java.lang.Object)>
05-06 00:18:16.030  7290  7686 D GAPS    : METHOD=<com.artfulbits.aiCharts.Base.ChartCustomAttribute: com.artfulbits.aiCharts.Base.ChartCustomAttribute register(java.lang.String,java.lang.Class,java.lang.Class,java.lang.Object,int)>
05-06 00:18:16.030  7290  7686 D GAPS    : METHOD=<com.artfulbits.aiCharts.Base.ChartCustomAttribute: void <init>(java.lang.String,java.lang.Class,java.lang.Class,java.lang.Object,int)>
05-06 00:18:16.030  7290  7686 D GAPS    : CLASS=com.artfulbits.aiCharts.Types.ChartLineType
05-06 00:18:16.030  7290  7686 D GAPS    : METHOD=<com.artfulbits.aiCharts.Types.ChartLineType: void <clinit>()>
05-06 00:18:16.030  7290  7686 D GAPS    : CLASS=com.artfulbits.aiCharts.Types.ChartLineType$BreakMode
05-06 00:18:16.030  7290  7686 D GAPS    : METHOD=<com.artfulbits.aiCharts.Types.ChartLineType$BreakMode: void <clinit>()>
05-06 00:18:16.030  7290  7686 D GAPS    : METHOD=<com.artfulbits.aiCharts.Types.ChartLineType$BreakMode: void <init>(java.lang.String,int)>
05-06 00:18:16.030  7290  7686 D GAPS    : METHOD=<com.artfulbits.aiCharts.Types.ChartLineType: void <init>()>
05-06 00:18:16.030  7290  7686 D GAPS    : METHOD=<com.artfulbits.aiCharts.Base.ChartType: void <init>()>
05-06 00:18:16.030  7290  7686 D GAPS    : METHOD=<com.artfulbits.aiCharts.Base.ChartSeries: void <init>(java.lang.String,com.artfulbits.aiCharts.Base.ChartType)>
05-06 00:18:16.030  7290  7686 D GAPS    : METHOD=<com.artfulbits.aiCharts.Base.ChartPointAttributes: void <init>()>
05-06 00:18:16.030  7290  7686 D GAPS    : CLASS=com.artfulbits.aiCharts.Base.ChartPointDeclaration
05-06 00:18:16.030  7290  7686 D GAPS    : METHOD=<com.artfulbits.aiCharts.Base.ChartPointDeclaration: void <clinit>()>
05-06 00:18:16.030  7290  7686 D GAPS    : METHOD=<com.artfulbits.aiCharts.Base.ChartPointDeclaration: void <init>()>
05-06 00:18:16.030  7290  7686 D GAPS    : METHOD=<com.artfulbits.aiCharts.Types.ChartTypes: com.artfulbits.aiCharts.Base.ChartType getDefault()>
05-06 00:18:16.030  7290  7686 D GAPS    : CLASS=com.artfulbits.aiCharts.Types.ChartColumnType
05-06 00:18:16.030  7290  7686 D GAPS    : METHOD=<com.artfulbits.aiCharts.Types.ChartColumnType: void <clinit>()>
05-06 00:18:16.030  7290  7686 D GAPS    : CLASS=com.artfulbits.aiCharts.Enums.Shape3D
05-06 00:18:16.030  7290  7686 D GAPS    : METHOD=<com.artfulbits.aiCharts.Enums.Shape3D: void <clinit>()>
05-06 00:18:16.030  7290  7686 D GAPS    : METHOD=<com.artfulbits.aiCharts.Enums.Shape3D: void <init>(java.lang.String,int)>
05-06 00:18:16.031  7290  7686 D GAPS    : METHOD=<com.artfulbits.aiCharts.Types.ChartColumnType: void <init>()>
05-06 00:18:16.031  7290  7686 D GAPS    : CLASS=com.artfulbits.aiCharts.Base.DoubleRange
05-06 00:18:16.031  7290  7686 D GAPS    : METHOD=<com.artfulbits.aiCharts.Base.DoubleRange: void <init>()>
05-06 00:18:16.031  7290  7686 D GAPS    : METHOD=<com.artfulbits.aiCharts.Base.DoubleRange: void b()>
05-06 00:18:16.031  7290  7686 D GAPS    : CLASS=com.artfulbits.aiCharts.Base.ChartSeries$a
05-06 00:18:16.031  7290  7686 D GAPS    : METHOD=<com.artfulbits.aiCharts.Base.ChartSeries$a: void <init>()>
05-06 00:18:16.031  7290  7686 D GAPS    : CLASS=com.artfulbits.aiCharts.Base.ChartAxis$ValueType
05-06 00:18:16.031  7290  7686 D GAPS    : METHOD=<com.artfulbits.aiCharts.Base.ChartAxis$ValueType: void <clinit>()>
05-06 00:18:16.031  7290  7686 D GAPS    : METHOD=<com.artfulbits.aiCharts.Base.ChartAxis$ValueType: void <init>(java.lang.String,int)>
05-06 00:18:16.031  7290  7686 D GAPS    : CLASS=com.artfulbits.aiCharts.Base.ChartPointCollection
05-06 00:18:16.031  7290  7686 D GAPS    : METHOD=<com.artfulbits.aiCharts.Base.ChartPointCollection: void <init>(com.artfulbits.aiCharts.Base.ChartSeries)>
05-06 00:18:16.031  7290  7686 D GAPS    : METHOD=<com.artfulbits.aiCharts.Base.ChartSeries: com.artfulbits.aiCharts.Base.ChartPointCollection getPoints()>
05-06 00:18:16.031  7290  7686 D GAPS    : METHOD=<com.evancharlton.mileage.ChartActivity$ChartGenerator: com.evancharlton.mileage.ChartActivity getActivity()>
05-06 00:18:16.033  7290  7686 D GAPS    : METHOD=<com.evancharlton.mileage.charts.LineChart: void createSeries(com.evancharlton.mileage.charts.LineChart$LineChartGenerator,com.artfulbits.aiCharts.Base.ChartPointCollection,android.database.Cursor,com.evancharlton.mileage.dao.Vehicle)>
05-06 00:18:16.033  7290  7686 D GAPS    : METHOD=<com.evancharlton.mileage.charts.MinimumPriceChart: void processCursor(com.evancharlton.mileage.charts.LineChart$LineChartGenerator,android.database.Cursor,com.evancharlton.mileage.dao.Vehicle)>
05-06 00:18:16.054  7290  7290 D GAPS    : METHOD=<com.artfulbits.aiCharts.ChartView: void onLayout(boolean,int,int,int,int)>
05-06 00:18:16.054  7290  7290 D GAPS    : METHOD=<com.artfulbits.aiCharts.Base.ChartEngine: void setBounds(int,int,int,int)>
05-06 00:18:16.060  7290  7290 D GAPS    : METHOD=<com.artfulbits.aiCharts.ChartView: void onDraw(android.graphics.Canvas)>
05-06 00:18:16.060  7290  7290 D GAPS    : METHOD=<com.artfulbits.aiCharts.Base.ChartEngine: void draw(android.graphics.Canvas)>
05-06 00:18:16.060  7290  7290 D GAPS    : METHOD=<com.artfulbits.aiCharts.Base.r: void a(android.graphics.Canvas,android.graphics.Rect)>
05-06 00:18:16.067  7290  7290 D GAPS    : METHOD=<com.evancharlton.mileage.ChartActivity$ChartGenerator: void onProgressUpdate(java.lang.Object[])>
05-06 00:18:16.067  7290  7290 D GAPS    : METHOD=<com.evancharlton.mileage.ChartActivity$ChartGenerator: void onProgressUpdate(java.lang.Integer[])>
05-06 00:18:16.067  7290  7290 D GAPS    : METHOD=<com.evancharlton.mileage.ChartActivity$ChartGenerator: void onPostExecute(java.lang.Object)>
05-06 00:18:16.067  7290  7290 D GAPS    : METHOD=<com.evancharlton.mileage.ChartActivity$ChartGenerator: void onPostExecute(com.artfulbits.aiCharts.Base.ChartSeries[])>
05-06 00:18:16.077  7290  7290 D GAPS    : METHOD=<com.evancharlton.mileage.ChartActivity: void addChartSeries(com.artfulbits.aiCharts.Base.ChartSeries)>
05-06 00:18:16.078  7290  7290 D GAPS    : CLASS=com.artfulbits.aiCharts.Base.ChartArea
05-06 00:18:16.078  7290  7290 D GAPS    : METHOD=<com.artfulbits.aiCharts.Base.ChartArea: void <init>()>
05-06 00:18:16.078  7290  7290 D GAPS    : CLASS=com.artfulbits.aiCharts.Base.ChartAxis
05-06 00:18:16.078  7290  7290 D GAPS    : METHOD=<com.artfulbits.aiCharts.Base.ChartAxis: void <clinit>()>
05-06 00:18:16.078  7290  7290 D GAPS    : CLASS=com.artfulbits.aiCharts.Base.b
05-06 00:18:16.078  7290  7290 D GAPS    : METHOD=<com.artfulbits.aiCharts.Base.b: void <init>()>
05-06 00:18:16.078  7290  7290 D GAPS    : CLASS=com.artfulbits.aiCharts.Base.c
05-06 00:18:16.078  7290  7290 D GAPS    : METHOD=<com.artfulbits.aiCharts.Base.c: void <init>()>
05-06 00:18:16.078  7290  7290 D GAPS    : CLASS=com.artfulbits.aiCharts.Base.d
05-06 00:18:16.078  7290  7290 D GAPS    : METHOD=<com.artfulbits.aiCharts.Base.d: void <init>()>
05-06 00:18:16.078  7290  7290 D GAPS    : CLASS=com.artfulbits.aiCharts.Base.ChartAxis$Position
05-06 00:18:16.078  7290  7290 D GAPS    : METHOD=<com.artfulbits.aiCharts.Base.ChartAxis$Position: void <clinit>()>
05-06 00:18:16.078  7290  7290 D GAPS    : METHOD=<com.artfulbits.aiCharts.Base.ChartAxis$Position: void <init>(java.lang.String,int,boolean,boolean,boolean)>
05-06 00:18:16.078  7290  7290 D GAPS    : METHOD=<com.artfulbits.aiCharts.Base.ChartAxis: void <init>(com.artfulbits.aiCharts.Base.ChartAxis$Position)>
05-06 00:18:16.078  7290  7290 D GAPS    : CLASS=com.artfulbits.aiCharts.Base.ChartAxis$LabelPosition
05-06 00:18:16.078  7290  7290 D GAPS    : METHOD=<com.artfulbits.aiCharts.Base.ChartAxis$LabelPosition: void <clinit>()>
05-06 00:18:16.078  7290  7290 D GAPS    : METHOD=<com.artfulbits.aiCharts.Base.ChartAxis$LabelPosition: void <init>(java.lang.String,int)>
05-06 00:18:16.078  7290  7290 D GAPS    : CLASS=com.artfulbits.aiCharts.Base.ChartAxis$TickMarkMode
05-06 00:18:16.078  7290  7290 D GAPS    : METHOD=<com.artfulbits.aiCharts.Base.ChartAxis$TickMarkMode: void <clinit>()>
05-06 00:18:16.078  7290  7290 D GAPS    : METHOD=<com.artfulbits.aiCharts.Base.ChartAxis$TickMarkMode: void <init>(java.lang.String,int)>
05-06 00:18:16.079  7290  7290 D GAPS    : CLASS=com.artfulbits.aiCharts.Base.n
05-06 00:18:16.079  7290  7290 D GAPS    : METHOD=<com.artfulbits.aiCharts.Base.n: void <init>(android.graphics.Paint)>
05-06 00:18:16.079  7290  7290 D GAPS    : CLASS=com.artfulbits.aiCharts.Base.ChartAxis$LabelLayoutMode
05-06 00:18:16.079  7290  7290 D GAPS    : METHOD=<com.artfulbits.aiCharts.Base.ChartAxis$LabelLayoutMode: void <clinit>()>
05-06 00:18:16.079  7290  7290 D GAPS    : METHOD=<com.artfulbits.aiCharts.Base.ChartAxis$LabelLayoutMode: void <init>(java.lang.String,int)>
05-06 00:18:16.079  7290  7290 D GAPS    : CLASS=com.artfulbits.aiCharts.Base.k
05-06 00:18:16.079  7290  7290 D GAPS    : METHOD=<com.artfulbits.aiCharts.Base.k: void <init>()>
05-06 00:18:16.079  7290  7290 D GAPS    : CLASS=com.artfulbits.aiCharts.Base.ChartAxisScale
05-06 00:18:16.079  7290  7290 D GAPS    : METHOD=<com.artfulbits.aiCharts.Base.ChartAxisScale: void <clinit>()>
05-06 00:18:16.079  7290  7290 D GAPS    : METHOD=<com.artfulbits.aiCharts.Base.ChartAxisScale: void <init>(com.artfulbits.aiCharts.Base.ChartAxis)>
05-06 00:18:16.079  7290  7290 D GAPS    : CLASS=com.artfulbits.aiCharts.Base.e
05-06 00:18:16.079  7290  7290 D GAPS    : METHOD=<com.artfulbits.aiCharts.Base.e: void <clinit>()>
05-06 00:18:16.079  7290  7290 D GAPS    : METHOD=<com.artfulbits.aiCharts.Base.e: void <init>(com.artfulbits.aiCharts.Base.ChartAxis)>
05-06 00:18:16.079  7290  7290 D GAPS    : CLASS=com.artfulbits.aiCharts.Base.ChartAxisScrollBar
05-06 00:18:16.079  7290  7290 D GAPS    : METHOD=<com.artfulbits.aiCharts.Base.ChartAxisScrollBar: void <init>(com.artfulbits.aiCharts.Base.ChartAxis)>
05-06 00:18:16.079  7290  7290 D GAPS    : METHOD=<com.artfulbits.aiCharts.Base.ChartAxis: void setPosition(com.artfulbits.aiCharts.Base.ChartAxis$Position)>
05-06 00:18:16.079  7290  7290 D GAPS    : CLASS=com.artfulbits.aiCharts.Base.ChartAxis$1
05-06 00:18:16.079  7290  7290 D GAPS    : METHOD=<com.artfulbits.aiCharts.Base.ChartAxis$1: void <init>(com.artfulbits.aiCharts.Base.ChartAxis)>
05-06 00:18:16.079  7290  7290 D GAPS    : CLASS=com.artfulbits.aiCharts.Base.ChartAxis$2
05-06 00:18:16.080  7290  7290 D GAPS    : METHOD=<com.artfulbits.aiCharts.Base.ChartAxis$2: void <init>(com.artfulbits.aiCharts.Base.ChartAxis)>
05-06 00:18:16.080  7290  7290 D GAPS    : METHOD=<com.artfulbits.aiCharts.Base.ChartArea: void <init>(com.artfulbits.aiCharts.Base.ChartAxis,com.artfulbits.aiCharts.Base.ChartAxis)>
05-06 00:18:16.080  7290  7290 D GAPS    : METHOD=<com.artfulbits.aiCharts.Base.ChartArea: void <init>(com.artfulbits.aiCharts.Base.ChartAxis,com.artfulbits.aiCharts.Base.ChartAxis,com.artfulbits.aiCharts.Base.ChartAxis)>
05-06 00:18:16.080  7290  7290 D GAPS    : CLASS=com.artfulbits.aiCharts.Base.l
05-06 00:18:16.080  7290  7290 D GAPS    : METHOD=<com.artfulbits.aiCharts.Base.l: void <init>()>
05-06 00:18:16.080  7290  7290 D GAPS    : CLASS=com.artfulbits.aiCharts.Base.a
05-06 00:18:16.080  7290  7290 D GAPS    : METHOD=<com.artfulbits.aiCharts.Base.a: void <init>(com.artfulbits.aiCharts.Base.ChartArea)>
05-06 00:18:16.080  7290  7290 D GAPS    : CLASS=com.artfulbits.aiCharts.Base.View3D
05-06 00:18:16.080  7290  7290 D GAPS    : METHOD=<com.artfulbits.aiCharts.Base.View3D: void <clinit>()>
05-06 00:18:16.080  7290  7290 D GAPS    : METHOD=<com.artfulbits.aiCharts.Base.View3D: void <init>(com.artfulbits.aiCharts.Base.ChartArea)>
05-06 00:18:16.080  7290  7290 D GAPS    : CLASS=com.artfulbits.aiCharts.Base.ChartArea$1
05-06 00:18:16.080  7290  7290 D GAPS    : METHOD=<com.artfulbits.aiCharts.Base.ChartArea$1: void <init>(com.artfulbits.aiCharts.Base.ChartArea)>
05-06 00:18:16.080  7290  7290 D GAPS    : METHOD=<com.artfulbits.aiCharts.Base.ChartCollection: boolean add(java.lang.Object)>
05-06 00:18:16.080  7290  7290 D GAPS    : METHOD=<com.artfulbits.aiCharts.Base.ChartCollection: void validate(java.lang.Object)>
05-06 00:18:16.080  7290  7290 D GAPS    : METHOD=<com.artfulbits.aiCharts.Base.ChartCollection: void onChanged(java.lang.Object,java.lang.Object,int)>
05-06 00:18:16.080  7290  7290 D GAPS    : METHOD=<com.artfulbits.aiCharts.Base.ChartArea$1: void onChanged(java.lang.Object,java.lang.Object,int)>
05-06 00:18:16.080  7290  7290 D GAPS    : METHOD=<com.artfulbits.aiCharts.Base.ChartAxis: void setArea(com.artfulbits.aiCharts.Base.ChartArea)>
05-06 00:18:16.080  7290  7290 D GAPS    : METHOD=<com.artfulbits.aiCharts.Base.ChartArea: com.artfulbits.aiCharts.Base.ChartAxis getDefaultXAxis()>
05-06 00:18:16.080  7290  7290 D GAPS    : METHOD=<com.artfulbits.aiCharts.Base.ChartAxis: void setFormat(java.text.Format)>
05-06 00:18:16.080  7290  7290 D GAPS    : METHOD=<com.artfulbits.aiCharts.Base.e: void a(java.text.Format)>
05-06 00:18:16.080  7290  7290 D GAPS    : METHOD=<com.artfulbits.aiCharts.Base.ChartAxis: void invalidate(int)>
05-06 00:18:16.080  7290  7290 D GAPS    : METHOD=<com.artfulbits.aiCharts.Base.ChartArea: void invalidate(int)>
05-06 00:18:16.080  7290  7290 D GAPS    : METHOD=<com.artfulbits.aiCharts.ChartView: com.artfulbits.aiCharts.Base.ChartNamedCollection getSeries()>
05-06 00:18:16.080  7290  7290 D GAPS    : METHOD=<com.artfulbits.aiCharts.Base.ChartEngine: com.artfulbits.aiCharts.Base.ChartNamedCollection getSeries()>
05-06 00:18:16.080  7290  7290 D GAPS    : METHOD=<com.artfulbits.aiCharts.Base.ChartNamedCollection: void validate(java.lang.Object)>
05-06 00:18:16.080  7290  7290 D GAPS    : METHOD=<com.artfulbits.aiCharts.Base.ChartNamedCollection: void validate(com.artfulbits.aiCharts.Base.o)>
05-06 00:18:16.080  7290  7290 D GAPS    : METHOD=<com.artfulbits.aiCharts.Base.ChartSeries: java.lang.String getName()>
05-06 00:18:16.080  7290  7290 D GAPS    : METHOD=<com.artfulbits.aiCharts.Base.ChartNamedCollection: void validateName(java.lang.String)>
05-06 00:18:16.080  7290  7290 D GAPS    : METHOD=<com.artfulbits.aiCharts.Base.ChartNamedCollection: boolean contains(java.lang.String)>
05-06 00:18:16.080  7290  7290 D GAPS    : METHOD=<com.artfulbits.aiCharts.Base.ChartNamedCollection: com.artfulbits.aiCharts.Base.o get(java.lang.String)>
05-06 00:18:16.080  7290  7290 D GAPS    : METHOD=<com.artfulbits.aiCharts.Base.ChartEngine$c: void onChanged(java.lang.Object,java.lang.Object,int)>
05-06 00:18:16.080  7290  7290 D GAPS    : METHOD=<com.artfulbits.aiCharts.Base.ChartSeries: void setChart(com.artfulbits.aiCharts.Base.ChartEngine)>
05-06 00:18:16.080  7290  7290 D GAPS    : METHOD=<com.artfulbits.aiCharts.Base.ChartPointAttributes: void setChart(com.artfulbits.aiCharts.Base.ChartEngine)>
05-06 00:18:16.080  7290  7290 D GAPS    : METHOD=<com.artfulbits.aiCharts.Base.ChartPointAttributes: void a(android.graphics.drawable.Drawable,com.artfulbits.aiCharts.Base.ChartEngine)>
05-06 00:18:16.080  7290  7290 D GAPS    : METHOD=<com.artfulbits.aiCharts.Base.ChartPointCollection: java.util.Iterator iterator()>
05-06 00:18:16.081  7290  7290 D GAPS    : METHOD=<com.artfulbits.aiCharts.Base.ChartSeries: void invalidate()>
05-06 00:18:16.081  7290  7290 D GAPS    : METHOD=<com.artfulbits.aiCharts.Base.ChartSeries: com.artfulbits.aiCharts.Base.ChartArea a()>
05-06 00:18:16.081  7290  7290 D GAPS    : METHOD=<com.artfulbits.aiCharts.Base.ChartEngine: com.artfulbits.aiCharts.Base.ChartNamedCollection getAreas()>
05-06 00:18:16.081  7290  7290 D GAPS    : METHOD=<com.artfulbits.aiCharts.Base.ChartEngine: com.artfulbits.aiCharts.Base.ChartSeriesStyle c(com.artfulbits.aiCharts.Base.ChartEngine)>
05-06 00:18:16.081  7290  7290 D GAPS    : METHOD=<com.artfulbits.aiCharts.Base.ChartPointAttributes: void setBaseAttributes(com.artfulbits.aiCharts.Base.ChartPointAttributes)>
05-06 00:18:16.081  7290  7290 D GAPS    : METHOD=<com.artfulbits.aiCharts.Base.ChartSeries: void onChanged(int,java.lang.Object,java.lang.Object)>
05-06 00:18:16.081  7290  7290 D GAPS    : METHOD=<com.artfulbits.aiCharts.Base.ChartPointAttributes: void onChanged(int,java.lang.Object,java.lang.Object)>
05-06 00:18:16.081  7290  7290 D GAPS    : METHOD=<com.artfulbits.aiCharts.Base.ChartEngine: void notify(int)>
05-06 00:18:16.081  7290  7290 D GAPS    : METHOD=<com.artfulbits.aiCharts.ChartView: com.artfulbits.aiCharts.Base.ChartNamedCollection getAreas()>
05-06 00:18:16.081  7290  7290 D GAPS    : METHOD=<com.artfulbits.aiCharts.Base.ChartArea: java.lang.String getName()>
05-06 00:18:16.081  7290  7290 D GAPS    : METHOD=<com.artfulbits.aiCharts.Base.ChartArea: void setName(java.lang.String)>
05-06 00:18:16.081  7290  7290 D GAPS    : METHOD=<com.artfulbits.aiCharts.Base.ChartEngine$a: void onChanged(java.lang.Object,java.lang.Object,int)>
05-06 00:18:16.081  7290  7290 D GAPS    : METHOD=<com.artfulbits.aiCharts.Base.ChartArea: void setChart(com.artfulbits.aiCharts.Base.ChartEngine)>
05-06 00:18:16.081  7290  7290 D GAPS    : METHOD=<com.artfulbits.aiCharts.Base.ChartEngine: void addNotificationListener(com.artfulbits.aiCharts.Base.p)>
05-06 00:18:16.081  7290  7290 D GAPS    : METHOD=<com.artfulbits.aiCharts.Base.ChartEngine: void invalidate(int)>
05-06 00:18:16.081  7290  7290 D GAPS    : METHOD=<com.artfulbits.aiCharts.Base.a: void a(int)>
05-06 00:18:16.081  7290  7290 D GAPS    : METHOD=<com.artfulbits.aiCharts.a: void onInvalidate()>
05-06 00:18:17.254  7290  7290 D GAPS    : METHOD=<com.evancharlton.mileage.ChartActivity$2: void onClick(android.view.View)>
05-06 00:18:17.254  7290  7290 D GAPS    : METHOD=<com.evancharlton.mileage.ChartActivity: void zoom(double)>
05-06 00:18:17.254  7290  7290 D GAPS    : METHOD=<com.evancharlton.mileage.ChartActivity: com.artfulbits.aiCharts.ChartView getChart()>
05-06 00:18:17.254  7290  7290 D GAPS    : METHOD=<com.artfulbits.aiCharts.Base.ChartAxis: com.artfulbits.aiCharts.Base.ChartAxisScale getScale()>
05-06 00:18:17.254  7290  7290 D GAPS    : METHOD=<com.artfulbits.aiCharts.Base.ChartAxisScale: void mulZoom(double)>
05-06 00:18:17.254  7290  7290 D GAPS    : METHOD=<com.artfulbits.aiCharts.Base.ChartAxis: com.artfulbits.aiCharts.Base.ChartArea getArea()>
05-06 00:18:17.254  7290  7290 D GAPS    : METHOD=<com.artfulbits.aiCharts.Base.ChartArea: void ensureRefresh()>
05-06 00:18:17.254  7290  7290 D GAPS    : METHOD=<com.artfulbits.aiCharts.Base.ChartArea: void refresh()>
05-06 00:18:17.254  7290  7290 D GAPS    : METHOD=<com.artfulbits.aiCharts.Base.View3D: int getMode()>
05-06 00:18:17.254  7290  7290 D GAPS    : METHOD=<com.artfulbits.aiCharts.Base.ChartSeries: com.artfulbits.aiCharts.Base.ChartType getType()>
05-06 00:18:17.254  7290  7290 D GAPS    : METHOD=<com.artfulbits.aiCharts.Base.ChartType: boolean isFlags(int)>
05-06 00:18:17.254  7290  7290 D GAPS    : METHOD=<com.artfulbits.aiCharts.Base.l: void a(java.util.ArrayList,boolean)>
05-06 00:18:17.254  7290  7290 D GAPS    : METHOD=<com.artfulbits.aiCharts.Base.ChartType: boolean isStacked()>
05-06 00:18:17.254  7290  7290 D GAPS    : METHOD=<com.artfulbits.aiCharts.Base.ChartType: boolean isSideBySide()>
05-06 00:18:17.254  7290  7290 D GAPS    : METHOD=<com.artfulbits.aiCharts.Base.ChartType: com.artfulbits.aiCharts.Enums.CoordinateSystem getRequiredCoordinateSystem()>
05-06 00:18:17.255  7290  7290 D GAPS    : CLASS=com.artfulbits.aiCharts.Enums.CoordinateSystem
05-06 00:18:17.255  7290  7290 D GAPS    : METHOD=<com.artfulbits.aiCharts.Enums.CoordinateSystem: void <clinit>()>
05-06 00:18:17.255  7290  7290 D GAPS    : METHOD=<com.artfulbits.aiCharts.Enums.CoordinateSystem: void <init>(java.lang.String,int)>
05-06 00:18:17.255  7290  7290 D GAPS    : METHOD=<com.artfulbits.aiCharts.Base.ChartAxisScale: boolean isAuto()>
05-06 00:18:17.255  7290  7290 D GAPS    : METHOD=<com.artfulbits.aiCharts.Base.ChartSeries: com.artfulbits.aiCharts.Base.ChartAxis getActualXAxis()>
05-06 00:18:17.255  7290  7290 D GAPS    : METHOD=<com.artfulbits.aiCharts.Base.ChartType: boolean isRotated()>
05-06 00:18:17.255  7290  7290 D GAPS    : METHOD=<com.artfulbits.aiCharts.Base.ChartSeries: com.artfulbits.aiCharts.Base.ChartAxis getXAxis()>
05-06 00:18:17.255  7290  7290 D GAPS    : METHOD=<com.artfulbits.aiCharts.Base.ChartSeries: com.artfulbits.aiCharts.Base.DoubleRange getXRange()>
05-06 00:18:17.255  7290  7290 D GAPS    : METHOD=<com.artfulbits.aiCharts.Base.DoubleRange: boolean a()>
05-06 00:18:17.255  7290  7290 D GAPS    : METHOD=<com.artfulbits.aiCharts.Base.ChartType: void getXRange(com.artfulbits.aiCharts.Base.ChartSeries,com.artfulbits.aiCharts.Base.DoubleRange)>
05-06 00:18:17.255  7290  7290 D GAPS    : METHOD=<com.artfulbits.aiCharts.Base.ChartType: void computeXRange(com.artfulbits.aiCharts.Base.ChartType,com.artfulbits.aiCharts.Base.ChartSeries,com.artfulbits.aiCharts.Base.DoubleRange)>
05-06 00:18:17.255  7290  7290 D GAPS    : METHOD=<com.artfulbits.aiCharts.Base.ChartPointCollection: int size()>
05-06 00:18:17.255  7290  7290 D GAPS    : METHOD=<com.artfulbits.aiCharts.Base.ChartType: boolean isIndexed()>
05-06 00:18:17.255  7290  7290 D GAPS    : METHOD=<com.artfulbits.aiCharts.Base.ChartAxisScale: void computeRange(double,double)>
05-06 00:18:17.255  7290  7290 D GAPS    : METHOD=<com.artfulbits.aiCharts.Base.ChartAxisScale: void recalculate()>
05-06 00:18:17.255  7290  7290 D GAPS    : METHOD=<com.artfulbits.aiCharts.Base.ChartAxis: int getValueTypeInternal()>
05-06 00:18:17.255  7290  7290 D GAPS    : METHOD=<com.artfulbits.aiCharts.Base.ChartAxis: boolean isIndexed()>
05-06 00:18:17.255  7290  7290 D GAPS    : METHOD=<com.artfulbits.aiCharts.Base.ChartAxisScale: double a(double)>
05-06 00:18:17.255  7290  7290 D GAPS    : METHOD=<com.artfulbits.aiCharts.Base.ChartAxis: boolean isPrimaryAxis()>
05-06 00:18:17.255  7290  7290 D GAPS    : METHOD=<com.artfulbits.aiCharts.Base.ChartArea: double b()>
05-06 00:18:17.255  7290  7290 D GAPS    : METHOD=<com.artfulbits.aiCharts.Base.ChartSeries: java.util.List getPointsCache()>
05-06 00:18:17.255  7290  7290 D GAPS    : METHOD=<com.artfulbits.aiCharts.Base.ChartAxis: void onScaleChanged()>
05-06 00:18:17.255  7290  7290 D GAPS    : METHOD=<com.artfulbits.aiCharts.Base.ChartAxis: void onScaleChanging()>
05-06 00:18:17.255  7290  7290 D GAPS    : METHOD=<com.artfulbits.aiCharts.Base.ChartSeries: com.artfulbits.aiCharts.Base.ChartAxis getActualYAxis()>
05-06 00:18:17.255  7290  7290 D GAPS    : METHOD=<com.artfulbits.aiCharts.Base.ChartSeries: com.artfulbits.aiCharts.Base.ChartAxis getYAxis()>
05-06 00:18:17.255  7290  7290 D GAPS    : METHOD=<com.artfulbits.aiCharts.Base.ChartArea: com.artfulbits.aiCharts.Base.ChartAxis getDefaultYAxis()>
05-06 00:18:17.255  7290  7290 D GAPS    : METHOD=<com.artfulbits.aiCharts.Base.ChartSeries: com.artfulbits.aiCharts.Base.DoubleRange getYRange()>
05-06 00:18:17.255  7290  7290 D GAPS    : METHOD=<com.artfulbits.aiCharts.Base.ChartType: void getYRange(com.artfulbits.aiCharts.Base.ChartSeries,com.artfulbits.aiCharts.Base.DoubleRange)>
05-06 00:18:17.255  7290  7290 D GAPS    : METHOD=<com.artfulbits.aiCharts.Base.ChartSeries: com.artfulbits.aiCharts.Base.ChartPointDeclaration getPointDeclaration()>
05-06 00:18:17.255  7290  7290 D GAPS    : METHOD=<com.artfulbits.aiCharts.Base.ChartType: void computeYRange(com.artfulbits.aiCharts.Base.ChartType,com.artfulbits.aiCharts.Base.ChartSeries,com.artfulbits.aiCharts.Base.DoubleRange,int[])>
05-06 00:18:17.255  7290  7290 D GAPS    : METHOD=<com.artfulbits.aiCharts.Base.MathUtils: double floorTo(double,double)>
05-06 00:18:17.255  7290  7290 D GAPS    : METHOD=<com.artfulbits.aiCharts.Base.MathUtils: double cellingTo(double,double)>
05-06 00:18:17.255  7290  7290 D GAPS    : METHOD=<com.artfulbits.aiCharts.Base.ChartSeries: com.artfulbits.aiCharts.Base.ChartAxis getActualZAxis()>
05-06 00:18:17.255  7290  7290 D GAPS    : METHOD=<com.artfulbits.aiCharts.Base.ChartArea: com.artfulbits.aiCharts.Base.ChartAxis getDefaultZAxis()>
05-06 00:18:17.255  7290  7290 D GAPS    : METHOD=<com.artfulbits.aiCharts.Base.ChartSeries: com.artfulbits.aiCharts.Base.DoubleRange getZRange()>
05-06 00:18:17.255  7290  7290 D GAPS    : METHOD=<com.artfulbits.aiCharts.Base.ChartType: void getZRange(com.artfulbits.aiCharts.Base.ChartSeries,com.artfulbits.aiCharts.Base.DoubleRange)>
05-06 00:18:17.255  7290  7290 D GAPS    : METHOD=<com.artfulbits.aiCharts.Base.DoubleRange: void set(double,double)>
05-06 00:18:17.256  7290  7290 D GAPS    : METHOD=<com.artfulbits.aiCharts.Base.ChartAxisScale: void setZoom(double,double)>
05-06 00:18:17.256  7290  7290 D GAPS    : METHOD=<com.artfulbits.aiCharts.Base.MathUtils: double clamp(double,double,double)>
05-06 00:18:19.756  7290  7290 D GAPS    : METHOD=<com.evancharlton.mileage.ChartActivity$1: void onClick(android.view.View)>
05-06 00:18:22.155  7290  7290 D GAPS    : CLASS=com.evancharlton.mileage.charts.BestFuelEconomyChart
05-06 00:18:22.155  7290  7290 D GAPS    : METHOD=<com.evancharlton.mileage.charts.BestFuelEconomyChart: void <init>()>
05-06 00:18:22.155  7290  7290 D GAPS    : CLASS=com.evancharlton.mileage.charts.FuelEconomyChart
05-06 00:18:22.155  7290  7290 D GAPS    : METHOD=<com.evancharlton.mileage.charts.FuelEconomyChart: void <init>()>
05-06 00:18:22.158  7290  7290 D GAPS    : METHOD=<com.evancharlton.mileage.charts.FuelEconomyChart: com.evancharlton.mileage.ChartActivity$ChartGenerator createChartGenerator()>
05-06 00:18:22.167  7290  7686 D GAPS    : METHOD=<com.evancharlton.mileage.charts.BestFuelEconomyChart: java.lang.String getAxisTitle()>
05-06 00:18:22.169  7290  7686 D GAPS    : METHOD=<com.evancharlton.mileage.charts.BestFuelEconomyChart: void processCursor(com.evancharlton.mileage.charts.LineChart$LineChartGenerator,android.database.Cursor,com.evancharlton.mileage.dao.Vehicle)>
05-06 00:18:32.911  7290  7290 D GAPS    : CLASS=com.evancharlton.mileage.charts.MaximumCostChart
05-06 00:18:32.911  7290  7290 D GAPS    : METHOD=<com.evancharlton.mileage.charts.MaximumCostChart: void <init>()>
05-06 00:18:32.911  7290  7290 D GAPS    : CLASS=com.evancharlton.mileage.charts.CostChart
05-06 00:18:32.911  7290  7290 D GAPS    : METHOD=<com.evancharlton.mileage.charts.CostChart: void <init>()>
05-06 00:18:32.914  7290  7290 D GAPS    : METHOD=<com.evancharlton.mileage.charts.CostChart: com.evancharlton.mileage.ChartActivity$ChartGenerator createChartGenerator()>
05-06 00:18:32.924  7290  7929 D GAPS    : METHOD=<com.evancharlton.mileage.charts.MaximumCostChart: java.lang.String getAxisTitle()>
05-06 00:18:32.925  7290  7929 D GAPS    : METHOD=<com.evancharlton.mileage.charts.MaximumCostChart: void processCursor(com.evancharlton.mileage.charts.LineChart$LineChartGenerator,android.database.Cursor,com.evancharlton.mileage.dao.Vehicle)>
05-06 00:19:16.097  7290  7290 D GAPS    : CLASS=com.evancharlton.mileage.charts.MinimumCostChart
05-06 00:19:16.097  7290  7290 D GAPS    : METHOD=<com.evancharlton.mileage.charts.MinimumCostChart: void <init>()>
05-06 00:19:16.107  7290  7929 D GAPS    : METHOD=<com.evancharlton.mileage.charts.MinimumCostChart: java.lang.String getAxisTitle()>
05-06 00:19:16.108  7290  7929 D GAPS    : METHOD=<com.evancharlton.mileage.charts.MinimumCostChart: void processCursor(com.evancharlton.mileage.charts.LineChart$LineChartGenerator,android.database.Cursor,com.evancharlton.mileage.dao.Vehicle)>
05-06 00:19:22.242  7290  7290 D GAPS    : CLASS=com.evancharlton.mileage.charts.AverageFuelEconomyChart
05-06 00:19:22.242  7290  7290 D GAPS    : METHOD=<com.evancharlton.mileage.charts.AverageFuelEconomyChart: void <init>()>
05-06 00:19:22.254  7290  7929 D GAPS    : METHOD=<com.evancharlton.mileage.charts.AverageFuelEconomyChart: java.lang.String getAxisTitle()>
05-06 00:19:22.255  7290  7929 D GAPS    : METHOD=<com.evancharlton.mileage.charts.AverageFuelEconomyChart: void processCursor(com.evancharlton.mileage.charts.LineChart$LineChartGenerator,android.database.Cursor,com.evancharlton.mileage.dao.Vehicle)>
05-06 00:19:28.238  7290  7290 D GAPS    : CLASS=com.evancharlton.mileage.charts.WorstFuelEconomyChart
05-06 00:19:28.238  7290  7290 D GAPS    : METHOD=<com.evancharlton.mileage.charts.WorstFuelEconomyChart: void <init>()>
05-06 00:19:28.249  7290  7929 D GAPS    : METHOD=<com.evancharlton.mileage.charts.WorstFuelEconomyChart: java.lang.String getAxisTitle()>
05-06 00:19:28.251  7290  7929 D GAPS    : METHOD=<com.evancharlton.mileage.charts.WorstFuelEconomyChart: void processCursor(com.evancharlton.mileage.charts.LineChart$LineChartGenerator,android.database.Cursor,com.evancharlton.mileage.dao.Vehicle)>
