--------- beginning of system
--------- beginning of main
--------- beginning of crash
05-06 00:58:27.232 16060 16060 D GAPS    : CLASS=com.kvance.Nectroid.NectroidApplication
05-06 00:58:27.232 16060 16060 D GAPS    : METHOD=<com.kvance.Nectroid.NectroidApplication: void <init>()>
05-06 00:58:27.232 16060 16060 D GAPS    : METHOD=<com.kvance.Nectroid.NectroidApplication: void onCreate()>
05-06 00:58:27.232 16060 16060 D GAPS    : CLASS=com.kvance.Nectroid.DbOpenHelper
05-06 00:58:27.232 16060 16060 D GAPS    : METHOD=<com.kvance.Nectroid.DbOpenHelper: void <init>(android.content.Context)>
05-06 00:58:27.237 16060 16060 D GAPS    : CLASS=com.kvance.Nectroid.SiteManager
05-06 00:58:27.237 16060 16060 D GAPS    : METHOD=<com.kvance.Nectroid.SiteManager: void <init>(android.content.Context)>
05-06 00:58:27.237 16060 16060 D GAPS    : METHOD=<com.kvance.Nectroid.SiteManager: void refreshCurrentSite()>
05-06 00:58:27.237 16060 16060 D GAPS    : CLASS=com.kvance.Nectroid.Prefs
05-06 00:58:27.237 16060 16060 D GAPS    : METHOD=<com.kvance.Nectroid.Prefs: void <clinit>()>
05-06 00:58:27.238 16060 16060 D GAPS    : METHOD=<com.kvance.Nectroid.Prefs: int getSiteId(android.content.Context)>
05-06 00:58:27.238 16060 16060 D GAPS    : METHOD=<com.kvance.Nectroid.Prefs: android.content.SharedPreferences sp(android.content.Context)>
05-06 00:58:27.239 16060 16060 D GAPS    : METHOD=<com.kvance.Nectroid.SiteManager: com.kvance.Nectroid.Site getSiteFromDb(int)>
05-06 00:58:27.241 16060 16060 D GAPS    : CLASS=com.kvance.Nectroid.DbDataHelper
05-06 00:58:27.241 16060 16060 D GAPS    : METHOD=<com.kvance.Nectroid.DbDataHelper: void <clinit>()>
05-06 00:58:27.241 16060 16060 D GAPS    : METHOD=<com.kvance.Nectroid.DbDataHelper: void <init>(android.database.sqlite.SQLiteDatabase)>
05-06 00:58:27.241 16060 16060 D GAPS    : METHOD=<com.kvance.Nectroid.DbDataHelper: com.kvance.Nectroid.Site getSite(int)>
05-06 00:58:27.242 16060 16060 D GAPS    : CLASS=com.kvance.Nectroid.Site
05-06 00:58:27.243 16060 16060 D GAPS    : METHOD=<com.kvance.Nectroid.Site: void <init>(java.lang.Integer,java.lang.String,java.lang.String,java.lang.String)>
05-06 00:58:27.243 16060 16060 D GAPS    : METHOD=<com.kvance.Nectroid.Site: void <init>(java.lang.Integer,java.lang.String,java.lang.String,java.lang.Integer)>
05-06 00:58:27.243 16060 16060 D GAPS    : METHOD=<com.kvance.Nectroid.Site: void setColor(java.lang.String)>
05-06 00:58:27.243 16060 16060 D GAPS    : METHOD=<com.kvance.Nectroid.Site: void setColor(java.lang.Integer)>
05-06 00:58:27.243 16060 16060 D GAPS    : METHOD=<com.kvance.Nectroid.SiteManager: void start()>
05-06 00:58:27.243 16060 16060 D GAPS    : METHOD=<com.kvance.Nectroid.SiteManager: void addSiteListener(com.kvance.Nectroid.SiteManager$SiteListener)>
05-06 00:58:27.243 16060 16060 D GAPS    : METHOD=<com.kvance.Nectroid.SiteManager: com.kvance.Nectroid.Site getCurrentSite()>
05-06 00:58:27.243 16060 16060 D GAPS    : METHOD=<com.kvance.Nectroid.Cache: void setSite(com.kvance.Nectroid.Site,android.content.Context)>
05-06 00:58:27.243 16060 16060 D GAPS    : METHOD=<com.kvance.Nectroid.Site: java.lang.String getName()>
05-06 00:58:27.243 16060 16060 D GAPS    : METHOD=<com.kvance.Nectroid.Site: java.lang.Integer getId()>
05-06 00:58:27.244 16060 16060 D GAPS    : METHOD=<com.kvance.Nectroid.Prefs: int getCachedSiteId(android.content.Context)>
05-06 00:58:27.244 16060 16060 D GAPS    : CLASS=com.kvance.Nectroid.PlaylistManager
05-06 00:58:27.244 16060 16060 D GAPS    : METHOD=<com.kvance.Nectroid.PlaylistManager: void <init>(android.content.Context)>
05-06 00:58:27.244 16060 16060 D GAPS    : CLASS=com.kvance.Nectroid.AutoRefreshDocManager
05-06 00:58:27.244 16060 16060 D GAPS    : METHOD=<com.kvance.Nectroid.AutoRefreshDocManager: void <init>(android.content.Context)>
05-06 00:58:27.244 16060 16060 D GAPS    : CLASS=com.kvance.Nectroid.CachedDocManager
05-06 00:58:27.244 16060 16060 D GAPS    : METHOD=<com.kvance.Nectroid.CachedDocManager: void <init>()>
05-06 00:58:27.244 16060 16060 D GAPS    : CLASS=com.kvance.Nectroid.BaseDocManager
05-06 00:58:27.244 16060 16060 D GAPS    : METHOD=<com.kvance.Nectroid.BaseDocManager: void <init>()>
05-06 00:58:27.244 16060 16060 D GAPS    : CLASS=com.kvance.Nectroid.PlaylistManager$1
05-06 00:58:27.245 16060 16060 D GAPS    : METHOD=<com.kvance.Nectroid.PlaylistManager$1: void <init>(com.kvance.Nectroid.PlaylistManager)>
05-06 00:58:27.245 16060 16060 D GAPS    : CLASS=com.kvance.Nectroid.PlaylistManager$2
05-06 00:58:27.245 16060 16060 D GAPS    : METHOD=<com.kvance.Nectroid.PlaylistManager$2: void <init>(com.kvance.Nectroid.PlaylistManager)>
05-06 00:58:27.245 16060 16060 D GAPS    : CLASS=com.kvance.Nectroid.StreamsManager
05-06 00:58:27.245 16060 16060 D GAPS    : METHOD=<com.kvance.Nectroid.StreamsManager: void <init>()>
05-06 00:58:27.245 16060 16060 D GAPS    : CLASS=com.kvance.Nectroid.PlayerManager
05-06 00:58:27.245 16060 16060 D GAPS    : METHOD=<com.kvance.Nectroid.PlayerManager: void <init>()>
05-06 00:58:27.245 16060 16060 D GAPS    : CLASS=com.kvance.Nectroid.PlayerService$State
05-06 00:58:27.245 16060 16060 D GAPS    : METHOD=<com.kvance.Nectroid.PlayerService$State: void <clinit>()>
05-06 00:58:27.245 16060 16060 D GAPS    : METHOD=<com.kvance.Nectroid.PlayerService$State: void <init>(java.lang.String,int)>
05-06 00:58:27.245 16060 16060 D GAPS    : CLASS=com.kvance.Nectroid.OneLinerManager
05-06 00:58:27.245 16060 16060 D GAPS    : METHOD=<com.kvance.Nectroid.OneLinerManager: void <init>(android.content.Context)>
05-06 00:58:27.245 16060 16060 D GAPS    : CLASS=com.kvance.Nectroid.OneLinerManager$1
05-06 00:58:27.246 16060 16060 D GAPS    : METHOD=<com.kvance.Nectroid.OneLinerManager$1: void <init>(com.kvance.Nectroid.OneLinerManager)>
05-06 00:58:27.246 16060 16060 D GAPS    : METHOD=<com.kvance.Nectroid.OneLinerManager: void listenForPreferences()>
05-06 00:58:27.246 16060 16060 D GAPS    : CLASS=com.kvance.Nectroid.Scrobbler
05-06 00:58:27.246 16060 16060 D GAPS    : METHOD=<com.kvance.Nectroid.Scrobbler: void <init>(com.kvance.Nectroid.NectroidApplication)>
05-06 00:58:27.246 16060 16060 D GAPS    : METHOD=<com.kvance.Nectroid.NectroidApplication: com.kvance.Nectroid.PlayerManager getPlayerManager()>
05-06 00:58:27.246 16060 16060 D GAPS    : METHOD=<com.kvance.Nectroid.NectroidApplication: com.kvance.Nectroid.PlaylistManager getPlaylistManager()>
05-06 00:58:27.246 16060 16060 D GAPS    : METHOD=<com.kvance.Nectroid.Prefs: boolean getUseScrobbler(android.content.Context)>
05-06 00:58:27.246 16060 16060 D GAPS    : CLASS=com.kvance.Nectroid.BackgroundColorizer
05-06 00:58:27.246 16060 16060 D GAPS    : METHOD=<com.kvance.Nectroid.BackgroundColorizer: void <clinit>()>
05-06 00:58:27.246 16060 16060 D GAPS    : METHOD=<com.kvance.Nectroid.BackgroundColorizer: void <init>(android.content.Context)>
05-06 00:58:27.246 16060 16060 D GAPS    : METHOD=<com.kvance.Nectroid.BackgroundColorizer: android.graphics.Bitmap getSourceBitmap(android.content.res.Resources)>
05-06 00:58:27.247 16060 16060 D GAPS    : METHOD=<com.kvance.Nectroid.NectroidApplication: void applySiteColor(com.kvance.Nectroid.Site)>
05-06 00:58:27.247 16060 16060 D GAPS    : METHOD=<com.kvance.Nectroid.Site: java.lang.Integer getColor()>
05-06 00:58:27.247 16060 16060 D GAPS    : METHOD=<com.kvance.Nectroid.BackgroundColorizer: void shiftBackgroundColorTo(int)>
05-06 00:58:27.247 16060 16060 D GAPS    : METHOD=<com.kvance.Nectroid.BackgroundColorizer: void calculateShiftForColor(int,float[])>
05-06 00:58:27.247 16060 16060 D GAPS    : METHOD=<com.kvance.Nectroid.BackgroundColorizer: void calculateShiftForHSV(float[],float[])>
05-06 00:58:27.247 16060 16060 D GAPS    : METHOD=<com.kvance.Nectroid.BackgroundColorizer: void shiftHSV(float[],float[])>
05-06 00:58:27.247 16060 16060 D GAPS    : METHOD=<com.kvance.Nectroid.BackgroundColorizer: void updateDrawables()>
05-06 00:58:27.247 16060 16060 D GAPS    : METHOD=<com.kvance.Nectroid.BackgroundColorizer: android.graphics.drawable.BitmapDrawable makeBitmapDrawable(android.content.res.Resources,android.graphics.Bitmap)>
05-06 00:58:27.248 16060 16060 D GAPS    : METHOD=<com.kvance.Nectroid.NectroidApplication: void updateSWDecoderPreference(android.content.SharedPreferences)>
05-06 00:58:27.255 16060 16060 D GAPS    : CLASS=com.kvance.Nectroid.NectroidActivity
05-06 00:58:27.255 16060 16060 D GAPS    : METHOD=<com.kvance.Nectroid.NectroidActivity: void <init>()>
05-06 00:58:27.255 16060 16060 D GAPS    : CLASS=com.kvance.Nectroid.NectroidActivity$3
05-06 00:58:27.255 16060 16060 D GAPS    : METHOD=<com.kvance.Nectroid.NectroidActivity$3: void <init>(com.kvance.Nectroid.NectroidActivity)>
05-06 00:58:27.255 16060 16060 D GAPS    : CLASS=com.kvance.Nectroid.NectroidActivity$4
05-06 00:58:27.255 16060 16060 D GAPS    : METHOD=<com.kvance.Nectroid.NectroidActivity$4: void <init>(com.kvance.Nectroid.NectroidActivity)>
05-06 00:58:27.255 16060 16060 D GAPS    : CLASS=com.kvance.Nectroid.NectroidActivity$5
05-06 00:58:27.255 16060 16060 D GAPS    : METHOD=<com.kvance.Nectroid.NectroidActivity$5: void <init>(com.kvance.Nectroid.NectroidActivity)>
05-06 00:58:27.256 16060 16060 D GAPS    : CLASS=com.kvance.Nectroid.NectroidActivity$6
05-06 00:58:27.256 16060 16060 D GAPS    : METHOD=<com.kvance.Nectroid.NectroidActivity$6: void <init>(com.kvance.Nectroid.NectroidActivity)>
05-06 00:58:27.256 16060 16060 D GAPS    : CLASS=com.kvance.Nectroid.NectroidActivity$7
05-06 00:58:27.256 16060 16060 D GAPS    : METHOD=<com.kvance.Nectroid.NectroidActivity$7: void <init>(com.kvance.Nectroid.NectroidActivity)>
05-06 00:58:27.257 16060 16060 D GAPS    : ACTIVITY=com.kvance.Nectroid.NectroidActivity
05-06 00:58:27.258 16060 16060 D GAPS    : METHOD=<com.kvance.Nectroid.NectroidActivity: void onCreate(android.os.Bundle)>
05-06 00:58:27.272 16060 16060 D GAPS    : METHOD=<com.kvance.Nectroid.NectroidActivity: com.kvance.Nectroid.NectroidApplication getNectroidApp()>
05-06 00:58:27.272 16060 16060 D GAPS    : METHOD=<com.kvance.Nectroid.NectroidApplication: void updateWindowBackground(android.view.Window)>
05-06 00:58:27.272 16060 16060 D GAPS    : METHOD=<com.kvance.Nectroid.BackgroundColorizer: android.graphics.drawable.Drawable getDrawable()>
05-06 00:58:27.272 16060 16060 D GAPS    : METHOD=<com.kvance.Nectroid.NectroidActivity: void createWidgets()>
05-06 00:58:27.272 16060 16060 D GAPS    : CLASS=com.kvance.Nectroid.OneLinerAdapter
05-06 00:58:27.272 16060 16060 D GAPS    : METHOD=<com.kvance.Nectroid.OneLinerAdapter: void <init>(java.util.List,android.content.Context)>
05-06 00:58:27.272 16060 16060 D GAPS    : METHOD=<com.kvance.Nectroid.OneLinerAdapter: boolean hasStableIds()>
05-06 00:58:27.272 16060 16060 D GAPS    : METHOD=<com.kvance.Nectroid.OneLinerAdapter: int getCount()>
05-06 00:58:27.273 16060 16060 D GAPS    : METHOD=<com.kvance.Nectroid.NectroidActivity: void onStart()>
05-06 00:58:27.273 16060 16060 D GAPS    : METHOD=<com.kvance.Nectroid.NectroidApplication: boolean isLoadingAnything()>
05-06 00:58:27.273 16060 16060 D GAPS    : METHOD=<com.kvance.Nectroid.BaseDocManager: boolean isUpdating()>
05-06 00:58:27.273 16060 16060 D GAPS    : METHOD=<com.kvance.Nectroid.PlayerManager: com.kvance.Nectroid.PlayerService$State getPlayerState()>
05-06 00:58:27.273 16060 16060 D GAPS    : METHOD=<com.kvance.Nectroid.BaseDocManager: void addTaskListener(com.kvance.Nectroid.BackgroundTaskListener)>
05-06 00:58:27.273 16060 16060 D GAPS    : METHOD=<com.kvance.Nectroid.PlaylistManager: void addSongListener(com.kvance.Nectroid.PlaylistManager$SongListener)>
05-06 00:58:27.273 16060 16060 D GAPS    : METHOD=<com.kvance.Nectroid.PlaylistManager: void startSongUpdates()>
05-06 00:58:27.273 16060 16060 D GAPS    : METHOD=<com.kvance.Nectroid.PlayerManager: void addStateListener(com.kvance.Nectroid.PlayerManager$StateListener)>
05-06 00:58:27.274 16060 16060 D GAPS    : METHOD=<com.kvance.Nectroid.NectroidActivity: void onStateChanged(com.kvance.Nectroid.PlayerService$State)>
05-06 00:58:27.274 16060 16060 D GAPS    : CLASS=com.kvance.Nectroid.NectroidActivity$8
05-06 00:58:27.274 16060 16060 D GAPS    : METHOD=<com.kvance.Nectroid.NectroidActivity$8: void <clinit>()>
05-06 00:58:27.274 16060 16060 D GAPS    : METHOD=<com.kvance.Nectroid.PlayerService$State: com.kvance.Nectroid.PlayerService$State[] values()>
05-06 00:58:27.274 16060 16060 D GAPS    : METHOD=<com.kvance.Nectroid.NectroidApplication: com.kvance.Nectroid.OneLinerManager getOneLinerManager()>
05-06 00:58:27.274 16060 16060 D GAPS    : METHOD=<com.kvance.Nectroid.NectroidActivity: void updateTitle()>
05-06 00:58:27.274 16060 16060 D GAPS    : METHOD=<com.kvance.Nectroid.NectroidApplication: com.kvance.Nectroid.SiteManager getSiteManager()>
05-06 00:58:27.274 16060 16060 D GAPS    : METHOD=<com.kvance.Nectroid.PlaylistManager: com.kvance.Nectroid.Playlist$EntryAndTimeLeft getCurrentSong()>
05-06 00:58:27.274 16060 16060 D GAPS    : METHOD=<com.kvance.Nectroid.NectroidActivity: void clearPlaylistUI()>
05-06 00:58:27.274 16060 16060 D GAPS    : METHOD=<com.kvance.Nectroid.OneLinerManager: com.kvance.Nectroid.OneLiner$List getOneLiners()>
05-06 00:58:27.274 16060 16060 D GAPS    : METHOD=<com.kvance.Nectroid.NectroidActivity: void clearOneLiners()>
05-06 00:58:27.274 16060 16060 D GAPS    : METHOD=<com.kvance.Nectroid.OneLinerAdapter: void setOneLiners(java.util.List)>
05-06 00:58:27.275 16060 16060 D GAPS    : METHOD=<com.kvance.Nectroid.NectroidActivity: void onResume()>
05-06 00:58:27.275 16060 16060 D GAPS    : METHOD=<com.kvance.Nectroid.PlaylistManager: void requestAutoRefresh(java.lang.Object)>
05-06 00:58:27.275 16060 16060 D GAPS    : METHOD=<com.kvance.Nectroid.AutoRefreshDocManager: void requestAutoRefresh(java.lang.Object)>
05-06 00:58:27.275 16060 16060 D GAPS    : METHOD=<com.kvance.Nectroid.AutoRefreshDocManager: void startAutoRefresh()>
05-06 00:58:27.275 16060 16060 D GAPS    : METHOD=<com.kvance.Nectroid.PlaylistManager: boolean hasDocument()>
05-06 00:58:27.275 16060 16060 D GAPS    : METHOD=<com.kvance.Nectroid.BaseDocManager: void update(android.content.Context,boolean)>
05-06 00:58:27.275 16060 16060 D GAPS    : METHOD=<com.kvance.Nectroid.CachedDocManager: android.os.AsyncTask newUpdateTask(android.content.Context,boolean)>
05-06 00:58:27.275 16060 16060 D GAPS    : CLASS=com.kvance.Nectroid.CachedDocManager$UpdateTask
05-06 00:58:27.275 16060 16060 D GAPS    : METHOD=<com.kvance.Nectroid.CachedDocManager$UpdateTask: void <init>(com.kvance.Nectroid.CachedDocManager,android.content.Context,boolean)>
05-06 00:58:27.275 16060 16060 D GAPS    : METHOD=<com.kvance.Nectroid.CachedDocManager$UpdateTask: void onPreExecute()>
05-06 00:58:27.275 16060 16060 D GAPS    : METHOD=<com.kvance.Nectroid.BaseDocManager: void notifyStarted()>
05-06 00:58:27.275 16060 16060 D GAPS    : METHOD=<com.kvance.Nectroid.NectroidActivity: void onTaskStarted(java.lang.Object)>
05-06 00:58:27.276 16060 16060 D GAPS    : METHOD=<com.kvance.Nectroid.OneLinerManager: void requestAutoRefresh(java.lang.Object)>
05-06 00:58:27.276 16060 16060 D GAPS    : METHOD=<com.kvance.Nectroid.OneLinerManager: boolean hasDocument()>
05-06 00:58:27.276 16060 16060 D GAPS    : METHOD=<com.kvance.Nectroid.NectroidActivity: void startTimer()>
05-06 00:58:27.276 16060 16086 D GAPS    : METHOD=<com.kvance.Nectroid.CachedDocManager$UpdateTask: java.lang.Object doInBackground(java.lang.Object[])>
05-06 00:58:27.276 16060 16086 D GAPS    : METHOD=<com.kvance.Nectroid.CachedDocManager$UpdateTask: java.lang.Void doInBackground(java.lang.Void[])>
05-06 00:58:27.276 16060 16086 D GAPS    : METHOD=<com.kvance.Nectroid.PlaylistManager: com.kvance.Nectroid.Cache$DocId getDocId()>
05-06 00:58:27.276 16060 16086 D GAPS    : CLASS=com.kvance.Nectroid.Cache$DocId
05-06 00:58:27.276 16060 16086 D GAPS    : METHOD=<com.kvance.Nectroid.Cache$DocId: void <clinit>()>
05-06 00:58:27.276 16060 16086 D GAPS    : METHOD=<com.kvance.Nectroid.Cache$DocId: void <init>(java.lang.String,int)>
05-06 00:58:27.276 16060 16086 D GAPS    : METHOD=<com.kvance.Nectroid.Cache: java.lang.String read(com.kvance.Nectroid.Cache$DocId,android.content.Context)>
05-06 00:58:27.276 16060 16086 D GAPS    : METHOD=<com.kvance.Nectroid.Cache: java.lang.String getFilenameForDocId(com.kvance.Nectroid.Cache$DocId,android.content.Context)>
05-06 00:58:27.276 16060 16086 D GAPS    : CLASS=com.kvance.Nectroid.Cache$1
05-06 00:58:27.276 16060 16086 D GAPS    : METHOD=<com.kvance.Nectroid.Cache$1: void <clinit>()>
05-06 00:58:27.276 16060 16086 D GAPS    : METHOD=<com.kvance.Nectroid.Cache$DocId: com.kvance.Nectroid.Cache$DocId[] values()>
05-06 00:58:27.276 16060 16086 D GAPS    : METHOD=<com.kvance.Nectroid.PlaylistManager: void onCachedCopyRetrieved(android.content.Context)>
05-06 00:58:27.277 16060 16086 D GAPS    : METHOD=<com.kvance.Nectroid.Prefs: java.util.Date getPlaylistUpdateTime(android.content.Context)>
05-06 00:58:27.277 16060 16087 D GAPS    : METHOD=<com.kvance.Nectroid.OneLinerManager: com.kvance.Nectroid.Cache$DocId getDocId()>
05-06 00:58:27.277 16060 16086 D GAPS    : METHOD=<com.kvance.Nectroid.Prefs: java.util.Date getDate(java.lang.String,android.content.Context,java.lang.String)>
05-06 00:58:27.277 16060 16086 D GAPS    : METHOD=<com.kvance.Nectroid.Cache: java.net.URL getUrlForDocId(com.kvance.Nectroid.Cache$DocId,android.content.Context)>
05-06 00:58:27.277 16060 16086 D GAPS    : METHOD=<com.kvance.Nectroid.Site: java.lang.String getBaseUrl()>
05-06 00:58:27.277 16060 16087 D GAPS    : METHOD=<com.kvance.Nectroid.OneLinerManager: void onCachedCopyRetrieved(android.content.Context)>
05-06 00:58:27.277 16060 16087 D GAPS    : METHOD=<com.kvance.Nectroid.Prefs: java.util.Date getOneLinerUpdateTime(android.content.Context)>
05-06 00:58:27.277 16060 16086 D GAPS    : METHOD=<com.kvance.Nectroid.FetchUrl: com.kvance.Nectroid.FetchUrl$Result get(java.net.URL)>
05-06 00:58:27.277 16060 16087 D GAPS    : METHOD=<com.kvance.Nectroid.FetchUrl: com.kvance.Nectroid.FetchUrl$Result get(java.net.URL)>
05-06 00:58:27.277 16060 16087 D GAPS    : CLASS=com.kvance.Nectroid.FetchUrl$Result
05-06 00:58:27.277 16060 16087 D GAPS    : METHOD=<com.kvance.Nectroid.FetchUrl$Result: void <init>()>
05-06 00:58:27.914 16060 16087 D GAPS    : METHOD=<com.kvance.Nectroid.FetchUrl$Result: java.util.Date access$002(com.kvance.Nectroid.FetchUrl$Result,java.util.Date)>
05-06 00:58:27.916 16060 16087 D GAPS    : METHOD=<com.kvance.Nectroid.FetchUrl$Result: java.lang.String access$102(com.kvance.Nectroid.FetchUrl$Result,java.lang.String)>
05-06 00:58:27.916 16060 16087 D GAPS    : METHOD=<com.kvance.Nectroid.FetchUrl$Result: java.lang.String getResponse()>
05-06 00:58:27.916 16060 16087 D GAPS    : METHOD=<com.kvance.Nectroid.Cache: boolean write(com.kvance.Nectroid.Cache$DocId,java.lang.String,android.content.Context)>
05-06 00:58:27.917 16060 16087 D GAPS    : METHOD=<com.kvance.Nectroid.Cache: boolean write(com.kvance.Nectroid.Cache$DocId,byte[],android.content.Context)>
05-06 00:58:27.919 16060 16087 D GAPS    : METHOD=<com.kvance.Nectroid.OneLinerManager: void onNewCopyRetrieved(com.kvance.Nectroid.FetchUrl$Result,android.content.Context)>
05-06 00:58:27.919 16060 16087 D GAPS    : METHOD=<com.kvance.Nectroid.FetchUrl$Result: java.util.Date getTimestamp()>
05-06 00:58:27.919 16060 16087 D GAPS    : METHOD=<com.kvance.Nectroid.Prefs: void setOneLinerUpdateTime(java.util.Date,android.content.Context)>
05-06 00:58:27.919 16060 16087 D GAPS    : METHOD=<com.kvance.Nectroid.Prefs: void setDate(java.lang.String,java.util.Date,android.content.Context)>
05-06 00:58:27.920 16060 16087 D GAPS    : METHOD=<com.kvance.Nectroid.Prefs: android.content.SharedPreferences$Editor esp(android.content.Context)>
05-06 00:58:27.935 16060 16087 D GAPS    : METHOD=<com.kvance.Nectroid.OneLinerManager: java.lang.Object parseDocument(java.lang.String,android.content.Context)>
05-06 00:58:27.935 16060 16087 D GAPS    : METHOD=<com.kvance.Nectroid.OneLinerManager: com.kvance.Nectroid.OneLiner$List parseDocument(java.lang.String,android.content.Context)>
05-06 00:58:27.935 16060 16087 D GAPS    : METHOD=<com.kvance.Nectroid.OneLiner: com.kvance.Nectroid.OneLiner$List listFromXml(java.lang.String)>
05-06 00:58:27.936 16060 16087 D GAPS    : CLASS=com.kvance.Nectroid.OneLiner$Parser
05-06 00:58:27.936 16060 16087 D GAPS    : METHOD=<com.kvance.Nectroid.OneLiner$Parser: void <init>()>
05-06 00:58:27.937 16060 16087 D GAPS    : CLASS=com.kvance.Nectroid.OneLiner$List
05-06 00:58:27.937 16060 16087 D GAPS    : METHOD=<com.kvance.Nectroid.OneLiner$List: void <init>()>
05-06 00:58:27.938 16060 16087 D GAPS    : METHOD=<com.kvance.Nectroid.OneLiner$Parser: com.kvance.Nectroid.OneLiner$List parse(java.lang.String)>
05-06 00:58:27.941 16060 16087 D GAPS    : CLASS=com.kvance.Nectroid.OneLiner$Parser$EntryListener
05-06 00:58:27.941 16060 16087 D GAPS    : METHOD=<com.kvance.Nectroid.OneLiner$Parser$EntryListener: void <init>(com.kvance.Nectroid.OneLiner$Parser,com.kvance.Nectroid.OneLiner$1)>
05-06 00:58:27.941 16060 16087 D GAPS    : METHOD=<com.kvance.Nectroid.OneLiner$Parser$EntryListener: void <init>(com.kvance.Nectroid.OneLiner$Parser)>
05-06 00:58:27.942 16060 16087 D GAPS    : CLASS=com.kvance.Nectroid.OneLiner$Parser$AuthorListener
05-06 00:58:27.942 16060 16087 D GAPS    : METHOD=<com.kvance.Nectroid.OneLiner$Parser$AuthorListener: void <init>(com.kvance.Nectroid.OneLiner$Parser,com.kvance.Nectroid.OneLiner$1)>
05-06 00:58:27.942 16060 16087 D GAPS    : METHOD=<com.kvance.Nectroid.OneLiner$Parser$AuthorListener: void <init>(com.kvance.Nectroid.OneLiner$Parser)>
05-06 00:58:27.942 16060 16087 D GAPS    : CLASS=com.kvance.Nectroid.OneLiner$Parser$MessageListener
05-06 00:58:27.942 16060 16087 D GAPS    : METHOD=<com.kvance.Nectroid.OneLiner$Parser$MessageListener: void <init>(com.kvance.Nectroid.OneLiner$Parser,com.kvance.Nectroid.OneLiner$1)>
05-06 00:58:27.942 16060 16087 D GAPS    : METHOD=<com.kvance.Nectroid.OneLiner$Parser$MessageListener: void <init>(com.kvance.Nectroid.OneLiner$Parser)>
05-06 00:58:27.944 16060 16087 D GAPS    : METHOD=<com.kvance.Nectroid.OneLiner$Parser$EntryListener: void start(org.xml.sax.Attributes)>
05-06 00:58:27.944 16060 16087 D GAPS    : CLASS=com.kvance.Nectroid.OneLiner
05-06 00:58:27.944 16060 16087 D GAPS    : METHOD=<com.kvance.Nectroid.OneLiner: void <init>()>
05-06 00:58:27.944 16060 16087 D GAPS    : METHOD=<com.kvance.Nectroid.OneLiner$Parser: com.kvance.Nectroid.OneLiner access$002(com.kvance.Nectroid.OneLiner$Parser,com.kvance.Nectroid.OneLiner)>
05-06 00:58:27.944 16060 16087 D GAPS    : METHOD=<com.kvance.Nectroid.OneLiner$Parser: com.kvance.Nectroid.OneLiner access$000(com.kvance.Nectroid.OneLiner$Parser)>
05-06 00:58:27.944 16060 16087 D GAPS    : METHOD=<com.kvance.Nectroid.OneLiner$Parser: java.text.SimpleDateFormat access$200(com.kvance.Nectroid.OneLiner$Parser)>
05-06 00:58:27.946 16060 16087 D GAPS    : METHOD=<com.kvance.Nectroid.OneLiner$Parser$AuthorListener: void start(org.xml.sax.Attributes)>
05-06 00:58:27.946 16060 16087 D GAPS    : METHOD=<com.kvance.Nectroid.OneLiner: java.lang.String access$402(com.kvance.Nectroid.OneLiner,java.lang.String)>
05-06 00:58:27.946 16060 16087 D GAPS    : METHOD=<com.kvance.Nectroid.OneLiner$Parser$AuthorListener: void end(java.lang.String)>
05-06 00:58:27.946 16060 16087 D GAPS    : METHOD=<com.kvance.Nectroid.OneLiner: java.lang.String access$502(com.kvance.Nectroid.OneLiner,java.lang.String)>
05-06 00:58:27.947 16060 16087 D GAPS    : METHOD=<com.kvance.Nectroid.OneLiner$Parser$MessageListener: void end(java.lang.String)>
05-06 00:58:27.947 16060 16087 D GAPS    : METHOD=<com.kvance.Nectroid.OneLiner: java.lang.String access$602(com.kvance.Nectroid.OneLiner,java.lang.String)>
05-06 00:58:27.947 16060 16087 D GAPS    : METHOD=<com.kvance.Nectroid.OneLiner$Parser$EntryListener: void end()>
05-06 00:58:27.947 16060 16087 D GAPS    : METHOD=<com.kvance.Nectroid.OneLiner$Parser: com.kvance.Nectroid.OneLiner$List access$300(com.kvance.Nectroid.OneLiner$Parser)>
05-06 00:58:27.958 16060 16060 D GAPS    : METHOD=<com.kvance.Nectroid.OneLinerManager: void onSharedPreferenceChanged(android.content.SharedPreferences,java.lang.String)>
05-06 00:58:27.958 16060 16060 D GAPS    : METHOD=<com.kvance.Nectroid.NectroidApplication: void onSharedPreferenceChanged(android.content.SharedPreferences,java.lang.String)>
05-06 00:58:27.958 16060 16087 D GAPS    : METHOD=<com.kvance.Nectroid.OneLiner$List: void setTimestamp(java.util.Date)>
05-06 00:58:27.958 16060 16060 D GAPS    : METHOD=<com.kvance.Nectroid.SiteManager: void onSharedPreferenceChanged(android.content.SharedPreferences,java.lang.String)>
05-06 00:58:27.958 16060 16060 D GAPS    : METHOD=<com.kvance.Nectroid.CachedDocManager$UpdateTask: void onPostExecute(java.lang.Object)>
05-06 00:58:27.958 16060 16060 D GAPS    : METHOD=<com.kvance.Nectroid.CachedDocManager$UpdateTask: void onPostExecute(java.lang.Void)>
05-06 00:58:27.958 16060 16060 D GAPS    : METHOD=<com.kvance.Nectroid.BaseDocManager: void notifyFinished(java.lang.Object)>
05-06 00:58:27.958 16060 16060 D GAPS    : METHOD=<com.kvance.Nectroid.NectroidActivity: void onTaskFinished(java.lang.Object,java.lang.Object)>
05-06 00:58:27.958 16060 16060 D GAPS    : CLASS=com.kvance.Nectroid.NectroidActivity$OnOneLinerUpdateTaskFinished
05-06 00:58:27.958 16060 16060 D GAPS    : METHOD=<com.kvance.Nectroid.NectroidActivity$OnOneLinerUpdateTaskFinished: void <init>(com.kvance.Nectroid.NectroidActivity,com.kvance.Nectroid.OneLiner$List)>
05-06 00:58:27.958 16060 16086 D GAPS    : METHOD=<com.kvance.Nectroid.PlaylistManager: void onNewCopyRetrieved(com.kvance.Nectroid.FetchUrl$Result,android.content.Context)>
05-06 00:58:27.958 16060 16060 D GAPS    : METHOD=<com.kvance.Nectroid.AutoRefreshDocManager: void onParserSuccess(java.lang.Object,android.content.Context)>
05-06 00:58:27.958 16060 16086 D GAPS    : METHOD=<com.kvance.Nectroid.Prefs: void setPlaylistUpdateTime(java.util.Date,android.content.Context)>
05-06 00:58:27.958 16060 16060 D GAPS    : METHOD=<com.kvance.Nectroid.CachedDocManager: void onParserSuccess(java.lang.Object,android.content.Context)>
05-06 00:58:27.959 16060 16060 D GAPS    : CLASS=com.kvance.Nectroid.AutoRefreshDocManager$1
05-06 00:58:27.959 16060 16060 D GAPS    : METHOD=<com.kvance.Nectroid.AutoRefreshDocManager$1: void <init>(com.kvance.Nectroid.AutoRefreshDocManager)>
05-06 00:58:27.959 16060 16060 D GAPS    : METHOD=<com.kvance.Nectroid.NectroidActivity$OnOneLinerUpdateTaskFinished: void run()>
05-06 00:58:27.959 16060 16060 D GAPS    : METHOD=<com.kvance.Nectroid.NectroidActivity: com.kvance.Nectroid.OneLinerAdapter access$100(com.kvance.Nectroid.NectroidActivity)>
05-06 00:58:27.960 16060 16060 D GAPS    : METHOD=<com.kvance.Nectroid.NectroidActivity: com.kvance.Nectroid.NectroidApplication access$000(com.kvance.Nectroid.NectroidActivity)>
05-06 00:58:27.960 16060 16060 D GAPS    : METHOD=<com.kvance.Nectroid.AutoRefreshDocManager$1: void run()>
05-06 00:58:27.960 16060 16060 D GAPS    : METHOD=<com.kvance.Nectroid.AutoRefreshDocManager: void access$000(com.kvance.Nectroid.AutoRefreshDocManager)>
05-06 00:58:27.960 16060 16060 D GAPS    : METHOD=<com.kvance.Nectroid.OneLinerManager: void scheduleNextRefresh(android.content.Context)>
05-06 00:58:27.960 16060 16060 D GAPS    : METHOD=<com.kvance.Nectroid.Prefs: int getOneLinerRefreshPeriod(android.content.Context)>
05-06 00:58:27.960 16060 16060 D GAPS    : METHOD=<com.kvance.Nectroid.Prefs: java.lang.Integer getIntFromString(java.lang.String,android.content.Context,java.lang.String)>
05-06 00:58:27.960 16060 16060 D GAPS    : METHOD=<com.kvance.Nectroid.OneLiner$List: java.util.Date getTimestamp()>
05-06 00:58:27.961 16060 16060 D GAPS    : METHOD=<com.kvance.Nectroid.OneLinerAdapter: android.view.View getView(int,android.view.View,android.view.ViewGroup)>
05-06 00:58:27.962 16060 16060 D GAPS    : METHOD=<com.kvance.Nectroid.OneLiner: java.lang.String getAuthor()>
05-06 00:58:27.962 16060 16060 D GAPS    : METHOD=<com.kvance.Nectroid.OneLiner: java.lang.String getMessage()>
05-06 00:58:27.962 16060 16060 D GAPS    : METHOD=<com.kvance.Nectroid.OneLinerAdapter: boolean isEnabled(int)>
05-06 00:58:27.965 16060 16086 D GAPS    : METHOD=<com.kvance.Nectroid.PlaylistManager: java.lang.Object parseDocument(java.lang.String,android.content.Context)>
05-06 00:58:27.965 16060 16086 D GAPS    : METHOD=<com.kvance.Nectroid.PlaylistManager: com.kvance.Nectroid.Playlist parseDocument(java.lang.String,android.content.Context)>
05-06 00:58:27.965 16060 16086 D GAPS    : CLASS=com.kvance.Nectroid.Playlist
05-06 00:58:27.965 16060 16086 D GAPS    : METHOD=<com.kvance.Nectroid.Playlist: void <init>(java.lang.String,java.util.Date)>
05-06 00:58:27.965 16060 16086 D GAPS    : METHOD=<com.kvance.Nectroid.Playlist: void <init>(java.util.Date)>
05-06 00:58:27.965 16060 16086 D GAPS    : CLASS=com.kvance.Nectroid.Playlist$Entry
05-06 00:58:27.965 16060 16086 D GAPS    : METHOD=<com.kvance.Nectroid.Playlist$Entry: void <init>(com.kvance.Nectroid.Playlist)>
05-06 00:58:27.965 16060 16086 D GAPS    : CLASS=com.kvance.Nectroid.Playlist$IdString
05-06 00:58:27.965 16060 16086 D GAPS    : METHOD=<com.kvance.Nectroid.Playlist$IdString: void <init>(com.kvance.Nectroid.Playlist,int,java.lang.String)>
05-06 00:58:27.965 16060 16086 D GAPS    : CLASS=com.kvance.Nectroid.Playlist$Parser
05-06 00:58:27.965 16060 16086 D GAPS    : METHOD=<com.kvance.Nectroid.Playlist$Parser: void <init>(com.kvance.Nectroid.Playlist)>
05-06 00:58:27.966 16060 16086 D GAPS    : METHOD=<com.kvance.Nectroid.Playlist$Parser: void parse(java.lang.String)>
05-06 00:58:27.966 16060 16086 D GAPS    : CLASS=com.kvance.Nectroid.Playlist$Parser$TimeLeftListener
05-06 00:58:27.966 16060 16086 D GAPS    : METHOD=<com.kvance.Nectroid.Playlist$Parser$TimeLeftListener: void <init>(com.kvance.Nectroid.Playlist$Parser,com.kvance.Nectroid.Playlist$1)>
05-06 00:58:27.966 16060 16086 D GAPS    : METHOD=<com.kvance.Nectroid.Playlist$Parser$TimeLeftListener: void <init>(com.kvance.Nectroid.Playlist$Parser)>
05-06 00:58:27.966 16060 16086 D GAPS    : CLASS=com.kvance.Nectroid.Playlist$Parser$EntryStartListener
05-06 00:58:27.966 16060 16086 D GAPS    : METHOD=<com.kvance.Nectroid.Playlist$Parser$EntryStartListener: void <init>(com.kvance.Nectroid.Playlist$Parser,com.kvance.Nectroid.Playlist$1)>
05-06 00:58:27.966 16060 16086 D GAPS    : METHOD=<com.kvance.Nectroid.Playlist$Parser$EntryStartListener: void <init>(com.kvance.Nectroid.Playlist$Parser)>
05-06 00:58:27.966 16060 16086 D GAPS    : CLASS=com.kvance.Nectroid.Playlist$Parser$1
05-06 00:58:27.966 16060 16086 D GAPS    : METHOD=<com.kvance.Nectroid.Playlist$Parser$1: void <init>(com.kvance.Nectroid.Playlist$Parser)>
05-06 00:58:27.966 16060 16086 D GAPS    : CLASS=com.kvance.Nectroid.Playlist$Parser$2
05-06 00:58:27.966 16060 16086 D GAPS    : METHOD=<com.kvance.Nectroid.Playlist$Parser$2: void <init>(com.kvance.Nectroid.Playlist$Parser)>
05-06 00:58:27.966 16060 16086 D GAPS    : CLASS=com.kvance.Nectroid.Playlist$Parser$3
05-06 00:58:27.966 16060 16086 D GAPS    : METHOD=<com.kvance.Nectroid.Playlist$Parser$3: void <init>(com.kvance.Nectroid.Playlist$Parser)>
05-06 00:58:27.967 16060 16086 D GAPS    : CLASS=com.kvance.Nectroid.Playlist$Parser$ArtistTextListener
05-06 00:58:27.967 16060 16086 D GAPS    : METHOD=<com.kvance.Nectroid.Playlist$Parser$ArtistTextListener: void <init>(com.kvance.Nectroid.Playlist$Parser,com.kvance.Nectroid.Playlist$1)>
05-06 00:58:27.967 16060 16086 D GAPS    : METHOD=<com.kvance.Nectroid.Playlist$Parser$ArtistTextListener: void <init>(com.kvance.Nectroid.Playlist$Parser)>
05-06 00:58:27.967 16060 16086 D GAPS    : CLASS=com.kvance.Nectroid.Playlist$Parser$SongTextListener
05-06 00:58:27.967 16060 16086 D GAPS    : METHOD=<com.kvance.Nectroid.Playlist$Parser$SongTextListener: void <init>(com.kvance.Nectroid.Playlist$Parser,com.kvance.Nectroid.Playlist$1)>
05-06 00:58:27.967 16060 16086 D GAPS    : METHOD=<com.kvance.Nectroid.Playlist$Parser$SongTextListener: void <init>(com.kvance.Nectroid.Playlist$Parser)>
05-06 00:58:27.967 16060 16086 D GAPS    : CLASS=com.kvance.Nectroid.Playlist$Parser$RequesterTextListener
05-06 00:58:27.967 16060 16086 D GAPS    : METHOD=<com.kvance.Nectroid.Playlist$Parser$RequesterTextListener: void <init>(com.kvance.Nectroid.Playlist$Parser,com.kvance.Nectroid.Playlist$1)>
05-06 00:58:27.967 16060 16086 D GAPS    : METHOD=<com.kvance.Nectroid.Playlist$Parser$RequesterTextListener: void <init>(com.kvance.Nectroid.Playlist$Parser)>
05-06 00:58:27.967 16060 16086 D GAPS    : METHOD=<com.kvance.Nectroid.Playlist$Parser$EntryStartListener: void start(org.xml.sax.Attributes)>
05-06 00:58:27.967 16060 16086 D GAPS    : METHOD=<com.kvance.Nectroid.Playlist$Parser: com.kvance.Nectroid.Playlist$Entry access$302(com.kvance.Nectroid.Playlist$Parser,com.kvance.Nectroid.Playlist$Entry)>
05-06 00:58:27.967 16060 16086 D GAPS    : METHOD=<com.kvance.Nectroid.Playlist$Parser: com.kvance.Nectroid.Playlist$Entry access$300(com.kvance.Nectroid.Playlist$Parser)>
05-06 00:58:27.967 16060 16086 D GAPS    : METHOD=<com.kvance.Nectroid.Playlist$Parser: java.text.SimpleDateFormat access$500(com.kvance.Nectroid.Playlist$Parser)>
05-06 00:58:27.968 16060 16086 D GAPS    : METHOD=<com.kvance.Nectroid.Playlist$Parser$ArtistTextListener: void start(org.xml.sax.Attributes)>
05-06 00:58:27.968 16060 16086 D GAPS    : METHOD=<com.kvance.Nectroid.Playlist$Parser: int access$700(com.kvance.Nectroid.Playlist$Parser,java.lang.String,java.lang.String)>
05-06 00:58:27.968 16060 16086 D GAPS    : METHOD=<com.kvance.Nectroid.Playlist$Parser: int parseIntOrMinusOne(java.lang.String,java.lang.String)>
05-06 00:58:27.968 16060 16086 D GAPS    : METHOD=<com.kvance.Nectroid.Stream$Parser: int parseIntOrMinusOne(java.lang.String,java.lang.String,java.lang.String)>
05-06 00:58:27.968 16060 16086 D GAPS    : METHOD=<com.kvance.Nectroid.Playlist$Parser$ArtistTextListener: void end(java.lang.String)>
05-06 00:58:27.968 16060 16086 D GAPS    : METHOD=<com.kvance.Nectroid.Playlist$Entry: java.util.List access$800(com.kvance.Nectroid.Playlist$Entry)>
05-06 00:58:27.968 16060 16086 D GAPS    : METHOD=<com.kvance.Nectroid.Playlist$Parser$SongTextListener: void start(org.xml.sax.Attributes)>
05-06 00:58:27.968 16060 16086 D GAPS    : METHOD=<com.kvance.Nectroid.Playlist$Parser$SongTextListener: int parseSongLengthOrMinusOne(java.lang.String)>
05-06 00:58:27.968 16060 16086 D GAPS    : METHOD=<com.kvance.Nectroid.Playlist$Parser$SongTextListener: void end(java.lang.String)>
05-06 00:58:27.968 16060 16086 D GAPS    : METHOD=<com.kvance.Nectroid.Playlist$Entry: int access$1002(com.kvance.Nectroid.Playlist$Entry,int)>
05-06 00:58:27.968 16060 16086 D GAPS    : METHOD=<com.kvance.Nectroid.Playlist$Entry: int access$202(com.kvance.Nectroid.Playlist$Entry,int)>
05-06 00:58:27.968 16060 16086 D GAPS    : METHOD=<com.kvance.Nectroid.Playlist$Entry: java.lang.String access$1102(com.kvance.Nectroid.Playlist$Entry,java.lang.String)>
05-06 00:58:27.968 16060 16086 D GAPS    : METHOD=<com.kvance.Nectroid.Playlist$Parser$RequesterTextListener: void start(org.xml.sax.Attributes)>
05-06 00:58:27.968 16060 16086 D GAPS    : METHOD=<com.kvance.Nectroid.Playlist$Parser$RequesterTextListener: void end(java.lang.String)>
05-06 00:58:27.968 16060 16086 D GAPS    : METHOD=<com.kvance.Nectroid.Playlist$Entry: com.kvance.Nectroid.Playlist$IdString access$902(com.kvance.Nectroid.Playlist$Entry,com.kvance.Nectroid.Playlist$IdString)>
05-06 00:58:27.968 16060 16086 D GAPS    : METHOD=<com.kvance.Nectroid.Playlist$Parser$1: void end()>
05-06 00:58:27.968 16060 16086 D GAPS    : METHOD=<com.kvance.Nectroid.Playlist: com.kvance.Nectroid.Playlist$Entry access$1402(com.kvance.Nectroid.Playlist,com.kvance.Nectroid.Playlist$Entry)>
05-06 00:58:27.969 16060 16086 D GAPS    : METHOD=<com.kvance.Nectroid.Playlist$Parser$3: void end()>
05-06 00:58:28.019 16060 16060 D GAPS    : METHOD=<com.kvance.Nectroid.PlaylistManager: void onParserSuccess(java.lang.Object,android.content.Context)>
05-06 00:58:28.019 16060 16060 D GAPS    : METHOD=<com.kvance.Nectroid.PlaylistManager: void onParserSuccess(com.kvance.Nectroid.Playlist,android.content.Context)>
05-06 00:58:28.019 16060 16060 D GAPS    : METHOD=<com.kvance.Nectroid.PlaylistManager$1: void run()>
05-06 00:58:28.019 16060 16060 D GAPS    : METHOD=<com.kvance.Nectroid.PlaylistManager: com.kvance.Nectroid.Playlist access$000(com.kvance.Nectroid.PlaylistManager)>
05-06 00:58:28.019 16060 16060 D GAPS    : METHOD=<com.kvance.Nectroid.Playlist: com.kvance.Nectroid.Playlist$EntryAndTimeLeft atNow()>
05-06 00:58:28.020 16060 16060 D GAPS    : METHOD=<com.kvance.Nectroid.Playlist: com.kvance.Nectroid.Playlist$EntryAndTimeLeft atTime(int)>
05-06 00:58:28.040 16060 16060 D GAPS    : METHOD=<com.kvance.Nectroid.NectroidActivity$3: void run()>
05-06 00:58:28.040 16060 16060 D GAPS    : METHOD=<com.kvance.Nectroid.PlaylistManager: void scheduleNextRefresh(android.content.Context)>
05-06 00:58:28.040 16060 16060 D GAPS    : METHOD=<com.kvance.Nectroid.Playlist: java.util.Date getTimeBase()>
05-06 00:58:28.040 16060 16060 D GAPS    : METHOD=<com.kvance.Nectroid.Playlist: int lengthInSeconds()>
05-06 00:58:28.278 16060 16060 D GAPS    : METHOD=<com.kvance.Nectroid.NectroidActivity$7: void run()>
05-06 00:58:28.279 16060 16060 D GAPS    : METHOD=<com.kvance.Nectroid.NectroidActivity: int access$600(com.kvance.Nectroid.NectroidActivity)>
05-06 00:58:28.279 16060 16060 D GAPS    : METHOD=<com.kvance.Nectroid.NectroidActivity: boolean access$800(com.kvance.Nectroid.NectroidActivity)>
05-06 00:58:28.279 16060 16060 D GAPS    : METHOD=<com.kvance.Nectroid.NectroidActivity: android.os.Handler access$900(com.kvance.Nectroid.NectroidActivity)>
05-06 00:58:57.969 16060 16060 D GAPS    : METHOD=<com.kvance.Nectroid.PlaylistManager$2: void run()>
