--------- beginning of system
--------- beginning of main
05-06 01:37:57.760 26783 26783 D GAPS    : METHOD=<net.mandaria.tippytipperlibrary.services.TipCalculatorService: void calculateTip(double)>
05-06 01:37:57.760 26783 26783 D GAPS    : METHOD=<net.mandaria.tippytipperlibrary.services.TipCalculatorService: void setTipPercentage(double)>
05-06 01:37:57.760 26783 26783 D GAPS    : METHOD=<net.mandaria.tippytipperlibrary.services.TipCalculatorService: void calculateTip()>
05-06 01:37:57.780 26783 26783 D GAPS    : CLASS=net.mandaria.tippytipperlibrary.activities.Total
05-06 01:37:57.780 26783 26783 D GAPS    : METHOD=<net.mandaria.tippytipperlibrary.activities.Total: void <init>()>
05-06 01:37:57.780 26783 26783 D GAPS    : CLASS=net.mandaria.tippytipperlibrary.activities.Total$1
05-06 01:37:57.780 26783 26783 D GAPS    : METHOD=<net.mandaria.tippytipperlibrary.activities.Total$1: void <init>(net.mandaria.tippytipperlibrary.activities.Total)>
05-06 01:37:57.781 26783 26783 D GAPS    : ACTIVITY=net.mandaria.tippytipperlibrary.activities.Total
05-06 01:37:57.781 26783 26783 D GAPS    : METHOD=<net.mandaria.tippytipperlibrary.activities.Total: void onCreate(android.os.Bundle)>
05-06 01:37:58.058 26783 26783 D GAPS    : METHOD=<net.mandaria.tippytipperlibrary.services.TipCalculatorService: double getTipPercentageAsDouble()>
05-06 01:37:58.058 26783 26783 D GAPS    : METHOD=<net.mandaria.tippytipperlibrary.activities.Total: void calculateTip(java.lang.Double)>
05-06 01:37:58.058 26783 26783 D GAPS    : METHOD=<net.mandaria.tippytipperlibrary.activities.Total: void bindData()>
05-06 01:37:58.059 26783 26783 D GAPS    : METHOD=<net.mandaria.tippytipperlibrary.services.TipCalculatorService: java.lang.String getTaxAmount()>
05-06 01:37:58.059 26783 26783 D GAPS    : METHOD=<net.mandaria.tippytipperlibrary.services.TipCalculatorService: java.lang.String getTaxPercentage()>
05-06 01:37:58.060 26783 26783 D GAPS    : METHOD=<net.mandaria.tippytipperlibrary.services.TipCalculatorService: java.lang.String getTipPercentage()>
05-06 01:37:58.060 26783 26783 D GAPS    : METHOD=<net.mandaria.tippytipperlibrary.services.TipCalculatorService: java.lang.String getTipAmount()>
05-06 01:37:58.060 26783 26783 D GAPS    : METHOD=<net.mandaria.tippytipperlibrary.services.TipCalculatorService: java.lang.String getTotalAmount()>
05-06 01:37:58.060 26783 26783 D GAPS    : METHOD=<net.mandaria.tippytipperlibrary.services.TipCalculatorService: int getTipPercentageRounded()>
05-06 01:37:58.060 26783 26783 D GAPS    : CLASS=net.mandaria.tippytipperlibrary.activities.Total$2
05-06 01:37:58.060 26783 26783 D GAPS    : METHOD=<net.mandaria.tippytipperlibrary.activities.Total$2: void <init>(net.mandaria.tippytipperlibrary.activities.Total)>
05-06 01:37:58.060 26783 26783 D GAPS    : CLASS=net.mandaria.tippytipperlibrary.activities.Total$3
05-06 01:37:58.060 26783 26783 D GAPS    : METHOD=<net.mandaria.tippytipperlibrary.activities.Total$3: void <init>(net.mandaria.tippytipperlibrary.activities.Total)>
05-06 01:37:58.060 26783 26783 D GAPS    : CLASS=net.mandaria.tippytipperlibrary.activities.Total$4
05-06 01:37:58.060 26783 26783 D GAPS    : METHOD=<net.mandaria.tippytipperlibrary.activities.Total$4: void <init>(net.mandaria.tippytipperlibrary.activities.Total)>
05-06 01:37:58.060 26783 26783 D GAPS    : CLASS=net.mandaria.tippytipperlibrary.activities.Total$5
05-06 01:37:58.060 26783 26783 D GAPS    : METHOD=<net.mandaria.tippytipperlibrary.activities.Total$5: void <init>(net.mandaria.tippytipperlibrary.activities.Total)>
05-06 01:37:58.061 26783 26783 D GAPS    : METHOD=<net.mandaria.tippytipperlibrary.activities.Total: void onStart()>
05-06 01:37:58.061 26783 26783 D GAPS    : METHOD=<net.mandaria.tippytipperlibrary.activities.Total: void UpdateAdValues()>
05-06 01:37:58.061 26783 26783 D GAPS    : CLASS=net.mandaria.tippytipperlibrary.tasks.GetAdRefreshRateTask
05-06 01:37:58.061 26783 26783 D GAPS    : METHOD=<net.mandaria.tippytipperlibrary.tasks.GetAdRefreshRateTask: void <clinit>()>
05-06 01:37:58.061 26783 26783 D GAPS    : METHOD=<net.mandaria.tippytipperlibrary.tasks.GetAdRefreshRateTask: void <init>(android.app.Application,android.content.Context,java.util.Locale)>
05-06 01:37:58.061 26783 26877 D GAPS    : METHOD=<net.mandaria.tippytipperlibrary.tasks.GetAdRefreshRateTask: java.lang.Object doInBackground(java.lang.Object[])>
05-06 01:37:58.061 26783 26783 D GAPS    : CLASS=net.mandaria.tippytipperlibrary.tasks.GetInHouseAdsPercentageTask
05-06 01:37:58.061 26783 26877 D GAPS    : METHOD=<net.mandaria.tippytipperlibrary.tasks.GetAdRefreshRateTask: java.lang.Integer doInBackground(java.lang.Void[])>
05-06 01:37:58.061 26783 26783 D GAPS    : METHOD=<net.mandaria.tippytipperlibrary.tasks.GetInHouseAdsPercentageTask: void <clinit>()>
05-06 01:37:58.061 26783 26877 D GAPS    : METHOD=<net.mandaria.tippytipperlibrary.TippyTipperApplication: int getApplicationID(android.content.Context)>
05-06 01:37:58.061 26783 26783 D GAPS    : METHOD=<net.mandaria.tippytipperlibrary.tasks.GetInHouseAdsPercentageTask: void <init>(android.app.Application,android.content.Context,java.util.Locale)>
05-06 01:37:58.061 26783 26877 D GAPS    : METHOD=<net.mandaria.tippytipperlibrary.TippyTipperApplication: java.lang.String getPaidVersionLink()>
05-06 01:37:58.061 26783 26783 D GAPS    : METHOD=<net.mandaria.tippytipperlibrary.activities.Total: void refreshBillAmount()>
05-06 01:37:58.062 26783 26877 D GAPS    : CLASS=org.ksoap2.serialization.SoapObject
05-06 01:37:58.062 26783 26877 D GAPS    : METHOD=<org.ksoap2.serialization.SoapObject: void <init>(java.lang.String,java.lang.String)>
05-06 01:37:58.062 26783 26877 D GAPS    : CLASS=org.ksoap2.serialization.AttributeContainer
05-06 01:37:58.062 26783 26877 D GAPS    : METHOD=<org.ksoap2.serialization.AttributeContainer: void <init>()>
05-06 01:37:58.062 26783 26877 D GAPS    : METHOD=<org.ksoap2.serialization.SoapObject: org.ksoap2.serialization.SoapObject addProperty(java.lang.String,java.lang.Object)>
05-06 01:37:58.062 26783 26877 D GAPS    : CLASS=org.ksoap2.serialization.PropertyInfo
05-06 01:37:58.062 26783 26877 D GAPS    : METHOD=<org.ksoap2.serialization.PropertyInfo: void <clinit>()>
05-06 01:37:58.062 26783 26783 D GAPS    : METHOD=<net.mandaria.tippytipperlibrary.activities.Settings: int getTipPercentagePresetOne(android.content.Context)>
05-06 01:37:58.062 26783 26877 D GAPS    : METHOD=<org.ksoap2.serialization.PropertyInfo: void <init>()>
05-06 01:37:58.062 26783 26877 D GAPS    : METHOD=<org.ksoap2.serialization.SoapObject: org.ksoap2.serialization.SoapObject addProperty(org.ksoap2.serialization.PropertyInfo)>
05-06 01:37:58.062 26783 26783 D GAPS    : CLASS=net.mandaria.tippytipperlibrary.activities.Total$6
05-06 01:37:58.062 26783 26783 D GAPS    : METHOD=<net.mandaria.tippytipperlibrary.activities.Total$6: void <init>(net.mandaria.tippytipperlibrary.activities.Total)>
05-06 01:37:58.062 26783 26783 D GAPS    : METHOD=<net.mandaria.tippytipperlibrary.activities.Settings: int getTipPercentagePresetTwo(android.content.Context)>
05-06 01:37:58.062 26783 26877 D GAPS    : CLASS=org.ksoap2.serialization.SoapSerializationEnvelope
05-06 01:37:58.062 26783 26783 D GAPS    : CLASS=net.mandaria.tippytipperlibrary.activities.Total$7
05-06 01:37:58.062 26783 26877 D GAPS    : METHOD=<org.ksoap2.serialization.SoapSerializationEnvelope: void <clinit>()>
05-06 01:37:58.062 26783 26783 D GAPS    : METHOD=<net.mandaria.tippytipperlibrary.activities.Total$7: void <init>(net.mandaria.tippytipperlibrary.activities.Total)>
05-06 01:37:58.062 26783 26783 D GAPS    : METHOD=<net.mandaria.tippytipperlibrary.activities.Settings: int getTipPercentagePresetThree(android.content.Context)>
05-06 01:37:58.062 26783 26877 D GAPS    : CLASS=org.ksoap2.serialization.DM
05-06 01:37:58.062 26783 26877 D GAPS    : METHOD=<org.ksoap2.serialization.DM: void <init>()>
05-06 01:37:58.062 26783 26877 D GAPS    : METHOD=<org.ksoap2.serialization.SoapSerializationEnvelope: void <init>(int)>
05-06 01:37:58.062 26783 26783 D GAPS    : CLASS=net.mandaria.tippytipperlibrary.activities.Total$8
05-06 01:37:58.062 26783 26877 D GAPS    : CLASS=org.ksoap2.SoapEnvelope
05-06 01:37:58.062 26783 26783 D GAPS    : METHOD=<net.mandaria.tippytipperlibrary.activities.Total$8: void <init>(net.mandaria.tippytipperlibrary.activities.Total)>
05-06 01:37:58.062 26783 26877 D GAPS    : METHOD=<org.ksoap2.SoapEnvelope: void <init>(int)>
05-06 01:37:58.062 26783 26877 D GAPS    : METHOD=<org.ksoap2.serialization.SoapSerializationEnvelope: void addMapping(java.lang.String,java.lang.String,java.lang.Class)>
05-06 01:37:58.062 26783 26877 D GAPS    : METHOD=<org.ksoap2.serialization.SoapSerializationEnvelope: void addMapping(java.lang.String,java.lang.String,java.lang.Class,org.ksoap2.serialization.Marshal)>
05-06 01:37:58.062 26783 26877 D GAPS    : CLASS=org.ksoap2.serialization.SoapPrimitive
05-06 01:37:58.062 26783 26877 D GAPS    : METHOD=<org.ksoap2.serialization.SoapPrimitive: void <init>(java.lang.String,java.lang.String,java.lang.String)>
05-06 01:37:58.062 26783 26877 D GAPS    : METHOD=<org.ksoap2.serialization.SoapPrimitive: int hashCode()>
05-06 01:37:58.062 26783 26877 D GAPS    : METHOD=<org.ksoap2.serialization.DM: void register(org.ksoap2.serialization.SoapSerializationEnvelope)>
05-06 01:37:58.062 26783 26877 D GAPS    : METHOD=<org.ksoap2.SoapEnvelope: void setOutputSoapObject(java.lang.Object)>
05-06 01:37:58.063 26783 26783 D GAPS    : METHOD=<net.mandaria.tippytipperlibrary.activities.Total: void onResume()>
05-06 01:37:58.063 26783 26877 D GAPS    : CLASS=org.ksoap2.transport.HttpTransportSE
05-06 01:37:58.063 26783 26783 D GAPS    : METHOD=<net.mandaria.tippytipperlibrary.activities.Total: void startUpdateTimer()>
05-06 01:37:58.063 26783 26877 D GAPS    : METHOD=<org.ksoap2.transport.HttpTransportSE: void <init>(java.lang.String)>
05-06 01:37:58.063 26783 26783 D GAPS    : METHOD=<net.mandaria.tippytipperlibrary.activities.Total: void displayAd()>
05-06 01:37:58.063 26783 26877 D GAPS    : CLASS=org.ksoap2.transport.Transport
05-06 01:37:58.063 26783 26877 D GAPS    : METHOD=<org.ksoap2.transport.Transport: void <init>(java.net.Proxy,java.lang.String)>
05-06 01:37:58.063 26783 26783 D GAPS    : METHOD=<net.mandaria.tippytipperlibrary.activities.Settings: int getInHouseAdsPercentage(android.content.Context)>
05-06 01:37:58.063 26783 26877 D GAPS    : METHOD=<org.ksoap2.transport.HttpTransportSE: void call(java.lang.String,org.ksoap2.SoapEnvelope)>
05-06 01:37:58.063 26783 26877 D GAPS    : METHOD=<org.ksoap2.transport.HttpTransportSE: java.util.List call(java.lang.String,org.ksoap2.SoapEnvelope,java.util.List)>
05-06 01:37:58.063 26783 26877 D GAPS    : METHOD=<org.ksoap2.transport.Transport: byte[] createRequestData(org.ksoap2.SoapEnvelope)>
05-06 01:37:58.063 26783 26877 D GAPS    : CLASS=org.kxml2.io.KXmlSerializer
05-06 01:37:58.063 26783 26877 D GAPS    : METHOD=<org.kxml2.io.KXmlSerializer: void <init>()>
05-06 01:37:58.063 26783 26877 D GAPS    : METHOD=<org.kxml2.io.KXmlSerializer: void setOutput(java.io.OutputStream,java.lang.String)>
05-06 01:37:58.063 26783 26877 D GAPS    : METHOD=<org.kxml2.io.KXmlSerializer: void setOutput(java.io.Writer)>
05-06 01:37:58.063 26783 26877 D GAPS    : METHOD=<org.ksoap2.SoapEnvelope: void write(org.xmlpull.v1.XmlSerializer)>
05-06 01:37:58.063 26783 26877 D GAPS    : METHOD=<org.kxml2.io.KXmlSerializer: void setPrefix(java.lang.String,java.lang.String)>
05-06 01:37:58.063 26783 26877 D GAPS    : METHOD=<org.kxml2.io.KXmlSerializer: void check(boolean)>
05-06 01:37:58.063 26783 26877 D GAPS    : METHOD=<org.kxml2.io.KXmlSerializer: java.lang.String getPrefix(java.lang.String,boolean,boolean)>
05-06 01:37:58.063 26783 26877 D GAPS    : METHOD=<org.kxml2.io.KXmlSerializer: org.xmlpull.v1.XmlSerializer startTag(java.lang.String,java.lang.String)>
05-06 01:37:58.063 26783 26877 D GAPS    : METHOD=<org.kxml2.io.KXmlSerializer: void writeEscaped(java.lang.String,int)>
05-06 01:37:58.064 26783 26877 D GAPS    : METHOD=<org.ksoap2.SoapEnvelope: void writeHeader(org.xmlpull.v1.XmlSerializer)>
05-06 01:37:58.064 26783 26877 D GAPS    : METHOD=<org.kxml2.io.KXmlSerializer: org.xmlpull.v1.XmlSerializer endTag(java.lang.String,java.lang.String)>
05-06 01:37:58.064 26783 26877 D GAPS    : METHOD=<org.ksoap2.serialization.SoapSerializationEnvelope: void writeBody(org.xmlpull.v1.XmlSerializer)>
05-06 01:37:58.064 26783 26877 D GAPS    : METHOD=<org.ksoap2.serialization.SoapSerializationEnvelope: java.lang.Object[] getInfo(java.lang.Object,java.lang.Object)>
05-06 01:37:58.064 26783 26877 D GAPS    : METHOD=<org.ksoap2.serialization.SoapObject: java.lang.String getNamespace()>
05-06 01:37:58.064 26783 26877 D GAPS    : METHOD=<org.ksoap2.serialization.SoapObject: java.lang.String getName()>
05-06 01:37:58.064 26783 26877 D GAPS    : METHOD=<org.kxml2.io.KXmlSerializer: org.xmlpull.v1.XmlSerializer attribute(java.lang.String,java.lang.String,java.lang.String)>
05-06 01:37:58.065 26783 26877 D GAPS    : METHOD=<org.ksoap2.serialization.SoapSerializationEnvelope: void writeElement(org.xmlpull.v1.XmlSerializer,java.lang.Object,org.ksoap2.serialization.PropertyInfo,java.lang.Object)>
05-06 01:37:58.065 26783 26877 D GAPS    : METHOD=<org.ksoap2.serialization.SoapSerializationEnvelope: void writeObjectBody(org.xmlpull.v1.XmlSerializer,org.ksoap2.serialization.SoapObject)>
05-06 01:37:58.065 26783 26877 D GAPS    : METHOD=<org.ksoap2.serialization.AttributeContainer: int getAttributeCount()>
05-06 01:37:58.065 26783 26877 D GAPS    : METHOD=<org.ksoap2.serialization.SoapSerializationEnvelope: void writeObjectBody(org.xmlpull.v1.XmlSerializer,org.ksoap2.serialization.KvmSerializable)>
05-06 01:37:58.065 26783 26877 D GAPS    : METHOD=<org.ksoap2.serialization.SoapObject: int getPropertyCount()>
05-06 01:37:58.065 26783 26877 D GAPS    : METHOD=<org.ksoap2.serialization.SoapObject: void getPropertyInfo(int,java.util.Hashtable,org.ksoap2.serialization.PropertyInfo)>
05-06 01:37:58.065 26783 26877 D GAPS    : METHOD=<org.ksoap2.serialization.SoapObject: void getPropertyInfo(int,org.ksoap2.serialization.PropertyInfo)>
05-06 01:37:58.065 26783 26877 D GAPS    : METHOD=<org.ksoap2.serialization.SoapObject: java.lang.Object getProperty(int)>
05-06 01:37:58.065 26783 26877 D GAPS    : METHOD=<org.ksoap2.serialization.PropertyInfo: java.lang.Object getValue()>
05-06 01:37:58.065 26783 26877 D GAPS    : METHOD=<org.ksoap2.serialization.SoapSerializationEnvelope: void writeProperty(org.xmlpull.v1.XmlSerializer,java.lang.Object,org.ksoap2.serialization.PropertyInfo)>
05-06 01:37:58.065 26783 26877 D GAPS    : METHOD=<org.kxml2.io.KXmlSerializer: java.lang.String getPrefix(java.lang.String,boolean)>
05-06 01:37:58.065 26783 26877 D GAPS    : METHOD=<org.ksoap2.serialization.DM: void writeInstance(org.xmlpull.v1.XmlSerializer,java.lang.Object)>
05-06 01:37:58.065 26783 26877 D GAPS    : METHOD=<org.kxml2.io.KXmlSerializer: org.xmlpull.v1.XmlSerializer text(java.lang.String)>
05-06 01:37:58.065 26783 26877 D GAPS    : METHOD=<org.kxml2.io.KXmlSerializer: void flush()>
05-06 01:37:58.065 26783 26877 D GAPS    : METHOD=<org.ksoap2.transport.HttpTransportSE: org.ksoap2.transport.ServiceConnection getServiceConnection()>
05-06 01:37:58.066 26783 26877 D GAPS    : CLASS=org.ksoap2.transport.ServiceConnectionSE
05-06 01:37:58.066 26783 26877 D GAPS    : METHOD=<org.ksoap2.transport.ServiceConnectionSE: void <init>(java.net.Proxy,java.lang.String)>
05-06 01:37:58.068 26783 26877 D GAPS    : METHOD=<org.ksoap2.transport.ServiceConnectionSE: void setRequestProperty(java.lang.String,java.lang.String)>
05-06 01:37:58.069 26783 26877 D GAPS    : METHOD=<org.ksoap2.transport.ServiceConnectionSE: void setRequestMethod(java.lang.String)>
05-06 01:37:58.069 26783 26877 D GAPS    : METHOD=<org.ksoap2.transport.ServiceConnectionSE: void connect()>
05-06 01:37:58.072 26783 27008 D GAPS    : METHOD=<net.mandaria.tippytipperlibrary.tasks.GetInHouseAdsPercentageTask: java.lang.Object doInBackground(java.lang.Object[])>
05-06 01:37:58.072 26783 27008 D GAPS    : METHOD=<net.mandaria.tippytipperlibrary.tasks.GetInHouseAdsPercentageTask: java.lang.Integer doInBackground(java.lang.Void[])>
05-06 01:37:58.074 26783 26783 D GAPS    : METHOD=<net.mandaria.tippytipperlibrary.activities.Total$1: void run()>
05-06 01:37:58.074 26783 26783 D GAPS    : METHOD=<net.mandaria.tippytipperlibrary.activities.Total: long access$0(net.mandaria.tippytipperlibrary.activities.Total)>
05-06 01:37:58.074 26783 26783 D GAPS    : METHOD=<net.mandaria.tippytipperlibrary.activities.Settings: int getAdRefreshRate(android.content.Context)>
05-06 01:37:58.074 26783 26783 D GAPS    : METHOD=<net.mandaria.tippytipperlibrary.activities.Total: void access$1(net.mandaria.tippytipperlibrary.activities.Total)>
05-06 01:37:58.074 26783 26783 D GAPS    : METHOD=<net.mandaria.tippytipperlibrary.activities.Total: void access$2(net.mandaria.tippytipperlibrary.activities.Total,long)>
05-06 01:37:58.074 26783 26783 D GAPS    : METHOD=<net.mandaria.tippytipperlibrary.activities.Total: android.os.Handler access$3(net.mandaria.tippytipperlibrary.activities.Total)>
05-06 01:37:58.126 26783 26783 D GAPS    : METHOD=<net.mandaria.tippytipperlibrary.tasks.GetAdRefreshRateTask: void onPostExecute(java.lang.Object)>
05-06 01:37:58.126 26783 26783 D GAPS    : METHOD=<net.mandaria.tippytipperlibrary.tasks.GetAdRefreshRateTask: void onPostExecute(java.lang.Integer)>
05-06 01:37:58.126 26783 26783 D GAPS    : METHOD=<net.mandaria.tippytipperlibrary.tasks.GetInHouseAdsPercentageTask: void onPostExecute(java.lang.Object)>
05-06 01:37:58.126 26783 26783 D GAPS    : METHOD=<net.mandaria.tippytipperlibrary.tasks.GetInHouseAdsPercentageTask: void onPostExecute(java.lang.Integer)>
05-06 01:37:58.129 26783 26783 D GAPS    : METHOD=<net.mandaria.tippytipperlibrary.activities.Total: boolean onCreateOptionsMenu(com.actionbarsherlock.view.Menu)>
05-06 01:37:58.322 26783 26783 D GAPS    : METHOD=<net.mandaria.tippytipperlibrary.activities.Total$4: void onClick(android.view.View)>
05-06 01:37:58.322 26783 26783 D GAPS    : METHOD=<net.mandaria.tippytipperlibrary.activities.Total: void access$6(net.mandaria.tippytipperlibrary.activities.Total)>
05-06 01:37:58.322 26783 26783 D GAPS    : METHOD=<net.mandaria.tippytipperlibrary.activities.Total: void roundUp()>
05-06 01:37:58.322 26783 26783 D GAPS    : METHOD=<net.mandaria.tippytipperlibrary.activities.Settings: boolean isSetToRoundByTip(android.content.Context)>
05-06 01:37:58.322 26783 26783 D GAPS    : METHOD=<net.mandaria.tippytipperlibrary.services.TipCalculatorService: void roundUp(boolean)>
05-06 01:37:58.324 26783 26783 D GAPS    : METHOD=<net.mandaria.tippytipperlibrary.activities.Total$5: void onProgressChanged(android.widget.SeekBar,int,boolean)>
05-06 01:37:58.995 26783 26783 D GAPS    : METHOD=<net.mandaria.tippytipperlibrary.activities.Total$7: void onClick(android.view.View)>
05-06 01:37:58.995 26783 26783 D GAPS    : METHOD=<net.mandaria.tippytipperlibrary.activities.Total: void access$7(net.mandaria.tippytipperlibrary.activities.Total,java.lang.Double)>
05-06 01:37:59.600 26783 26783 D GAPS    : METHOD=<net.mandaria.tippytipperlibrary.activities.Total$2: void onClick(android.view.View)>
05-06 01:37:59.600 26783 26783 D GAPS    : METHOD=<net.mandaria.tippytipperlibrary.activities.Total: void access$4(net.mandaria.tippytipperlibrary.activities.Total)>
05-06 01:37:59.600 26783 26783 D GAPS    : METHOD=<net.mandaria.tippytipperlibrary.activities.Total: void splitBillWithDefaultNumberOfPeople()>
05-06 01:37:59.600 26783 26783 D GAPS    : METHOD=<net.mandaria.tippytipperlibrary.activities.Settings: int getDefaultNumberOfPeopleToSplitBill(android.content.Context)>
05-06 01:37:59.601 26783 26783 D GAPS    : METHOD=<net.mandaria.tippytipperlibrary.services.TipCalculatorService: void splitBill(int)>
05-06 01:37:59.607 26783 26783 D GAPS    : METHOD=<net.mandaria.tippytipperlibrary.activities.Total: void onPause()>
05-06 01:37:59.607 26783 26783 D GAPS    : METHOD=<net.mandaria.tippytipperlibrary.activities.Total: void stopUpdateTimer()>
05-06 01:37:59.613 26783 26783 D GAPS    : CLASS=net.mandaria.tippytipperlibrary.activities.SplitBill
05-06 01:37:59.613 26783 26783 D GAPS    : METHOD=<net.mandaria.tippytipperlibrary.activities.SplitBill: void <init>()>
05-06 01:37:59.613 26783 26783 D GAPS    : ACTIVITY=net.mandaria.tippytipperlibrary.activities.SplitBill
05-06 01:37:59.613 26783 26783 D GAPS    : METHOD=<net.mandaria.tippytipperlibrary.activities.SplitBill: void onCreate(android.os.Bundle)>
05-06 01:37:59.625 26783 26783 D GAPS    : METHOD=<net.mandaria.tippytipperlibrary.services.TipCalculatorService: int getNumberOfPeople()>
05-06 01:37:59.625 26783 26783 D GAPS    : METHOD=<net.mandaria.tippytipperlibrary.activities.SplitBill: void splitBill(int)>
05-06 01:37:59.625 26783 26783 D GAPS    : METHOD=<net.mandaria.tippytipperlibrary.activities.SplitBill: void bindData()>
05-06 01:37:59.626 26783 26783 D GAPS    : METHOD=<net.mandaria.tippytipperlibrary.services.TipCalculatorService: java.lang.String getSplitTaxAmount()>
05-06 01:37:59.626 26783 26783 D GAPS    : METHOD=<net.mandaria.tippytipperlibrary.services.TipCalculatorService: java.lang.String getSplitBillAmount()>
05-06 01:37:59.626 26783 26783 D GAPS    : METHOD=<net.mandaria.tippytipperlibrary.services.TipCalculatorService: java.lang.String getSplitTipAmount()>
05-06 01:37:59.626 26783 26783 D GAPS    : METHOD=<net.mandaria.tippytipperlibrary.services.TipCalculatorService: java.lang.String getSplitAdjustment()>
05-06 01:37:59.626 26783 26783 D GAPS    : METHOD=<net.mandaria.tippytipperlibrary.services.TipCalculatorService: java.lang.String getSplitTotalAmount()>
05-06 01:37:59.627 26783 26783 D GAPS    : CLASS=net.mandaria.tippytipperlibrary.activities.SplitBill$1
05-06 01:37:59.627 26783 26783 D GAPS    : METHOD=<net.mandaria.tippytipperlibrary.activities.SplitBill$1: void <init>(net.mandaria.tippytipperlibrary.activities.SplitBill)>
05-06 01:37:59.627 26783 26783 D GAPS    : CLASS=net.mandaria.tippytipperlibrary.activities.SplitBill$2
05-06 01:37:59.627 26783 26783 D GAPS    : METHOD=<net.mandaria.tippytipperlibrary.activities.SplitBill$2: void <init>(net.mandaria.tippytipperlibrary.activities.SplitBill)>
05-06 01:37:59.628 26783 26783 D GAPS    : METHOD=<net.mandaria.tippytipperlibrary.activities.SplitBill: void onStart()>
05-06 01:37:59.652 26783 26783 D GAPS    : METHOD=<net.mandaria.tippytipperlibrary.activities.SplitBill: boolean onCreateOptionsMenu(com.actionbarsherlock.view.Menu)>
05-06 01:38:00.079 26783 26783 D GAPS    : METHOD=<net.mandaria.tippytipperlibrary.activities.Total: void onStop()>
05-06 01:38:01.090 26783 26783 D GAPS    : METHOD=<net.mandaria.tippytipperlibrary.activities.SplitBill$2: void onClick(android.view.View)>
05-06 01:38:01.090 26783 26783 D GAPS    : METHOD=<net.mandaria.tippytipperlibrary.activities.SplitBill: void access$1(net.mandaria.tippytipperlibrary.activities.SplitBill)>
05-06 01:38:01.090 26783 26783 D GAPS    : METHOD=<net.mandaria.tippytipperlibrary.activities.SplitBill: void removePerson()>
05-06 01:38:01.704 26783 26783 D GAPS    : METHOD=<net.mandaria.tippytipperlibrary.activities.SplitBill$1: void onClick(android.view.View)>
05-06 01:38:01.704 26783 26783 D GAPS    : METHOD=<net.mandaria.tippytipperlibrary.activities.SplitBill: void access$0(net.mandaria.tippytipperlibrary.activities.SplitBill)>
05-06 01:38:01.704 26783 26783 D GAPS    : METHOD=<net.mandaria.tippytipperlibrary.activities.SplitBill: void addPerson()>
05-06 01:38:02.753 26783 26783 D GAPS    : METHOD=<net.mandaria.tippytipperlibrary.activities.SplitBill: void onStop()>
05-06 01:38:02.890 26783 26783 D GAPS    : METHOD=<net.mandaria.tippytipperlibrary.activities.Total$3: void onClick(android.view.View)>
05-06 01:38:02.890 26783 26783 D GAPS    : METHOD=<net.mandaria.tippytipperlibrary.activities.Total: void access$5(net.mandaria.tippytipperlibrary.activities.Total)>
05-06 01:38:02.890 26783 26783 D GAPS    : METHOD=<net.mandaria.tippytipperlibrary.activities.Total: void roundDown()>
05-06 01:38:02.890 26783 26783 D GAPS    : METHOD=<net.mandaria.tippytipperlibrary.services.TipCalculatorService: void roundDown(boolean)>
05-06 01:38:05.431 26783 26783 D GAPS    : METHOD=<net.mandaria.tippytipperlibrary.activities.Total$8: void onClick(android.view.View)>
05-06 01:38:07.541 26783 26783 D GAPS    : METHOD=<net.mandaria.tippytipperlibrary.activities.Total: boolean onOptionsItemSelected(com.actionbarsherlock.view.MenuItem)>
05-06 01:38:07.556 26783 26783 D GAPS    : CLASS=net.mandaria.tippytipperlibrary.activities.About
05-06 01:38:07.556 26783 26783 D GAPS    : METHOD=<net.mandaria.tippytipperlibrary.activities.About: void <init>()>
05-06 01:38:07.557 26783 26783 D GAPS    : ACTIVITY=net.mandaria.tippytipperlibrary.activities.About
05-06 01:38:07.557 26783 26783 D GAPS    : METHOD=<net.mandaria.tippytipperlibrary.activities.About: void onCreate(android.os.Bundle)>
05-06 01:38:07.561 26783 26783 D GAPS    : METHOD=<com.actionbarsherlock.app.SherlockActivity: com.actionbarsherlock.app.ActionBar getSupportActionBar()>
05-06 01:38:07.561 26783 26783 D GAPS    : METHOD=<com.actionbarsherlock.internal.app.ActionBarWrapper: void setTitle(java.lang.CharSequence)>
05-06 01:38:07.566 26783 26783 D GAPS    : CLASS=net.mandaria.tippytipperlibrary.activities.About$1
05-06 01:38:07.566 26783 26783 D GAPS    : METHOD=<net.mandaria.tippytipperlibrary.activities.About$1: void <init>(net.mandaria.tippytipperlibrary.activities.About)>
05-06 01:38:07.566 26783 26783 D GAPS    : METHOD=<net.mandaria.tippytipperlibrary.TippyTipperApplication: boolean isProVersion(android.content.Context)>
05-06 01:38:07.566 26783 26783 D GAPS    : CLASS=net.mandaria.tippytipperlibrary.activities.About$2
05-06 01:38:07.566 26783 26783 D GAPS    : METHOD=<net.mandaria.tippytipperlibrary.activities.About$2: void <init>(net.mandaria.tippytipperlibrary.activities.About)>
05-06 01:38:07.566 26783 26783 D GAPS    : CLASS=net.mandaria.tippytipperlibrary.activities.About$3
05-06 01:38:07.566 26783 26783 D GAPS    : METHOD=<net.mandaria.tippytipperlibrary.activities.About$3: void <init>(net.mandaria.tippytipperlibrary.activities.About)>
05-06 01:38:07.566 26783 26783 D GAPS    : CLASS=net.mandaria.tippytipperlibrary.activities.About$4
05-06 01:38:07.566 26783 26783 D GAPS    : METHOD=<net.mandaria.tippytipperlibrary.activities.About$4: void <init>(net.mandaria.tippytipperlibrary.activities.About)>
05-06 01:38:07.567 26783 26783 D GAPS    : METHOD=<net.mandaria.tippytipperlibrary.activities.About: void onStart()>
05-06 01:38:09.006 26783 26783 D GAPS    : METHOD=<net.mandaria.tippytipperlibrary.activities.About$2: void onClick(android.view.View)>
05-06 01:38:09.629 26783 26783 D GAPS    : METHOD=<net.mandaria.tippytipperlibrary.activities.About$3: void onClick(android.view.View)>
05-06 01:38:11.056 26783 26783 D GAPS    : METHOD=<net.mandaria.tippytipperlibrary.activities.About$4: void onClick(android.view.View)>
05-06 01:38:11.545 26783 26783 D GAPS    : METHOD=<net.mandaria.tippytipperlibrary.activities.About$1: void onClick(android.view.View)>
05-06 01:38:13.435 26783 26783 D GAPS    : METHOD=<net.mandaria.tippytipperlibrary.activities.About: void onStop()>
05-06 01:38:15.540 26783 26783 D GAPS    : METHOD=<net.mandaria.tippytipperlibrary.activities.Total$6: void onClick(android.view.View)>
05-06 01:38:18.258 26783 26783 D GAPS    : METHOD=<net.mandaria.tippytipperlibrary.activities.TippyTipper$4: void onClick(android.view.View)>
05-06 01:38:18.838 26783 26783 D GAPS    : METHOD=<net.mandaria.tippytipperlibrary.activities.TippyTipper$6: void onClick(android.view.View)>
05-06 01:38:19.572 26783 26783 D GAPS    : METHOD=<net.mandaria.tippytipperlibrary.activities.TippyTipper$3: void onClick(android.view.View)>
05-06 01:38:20.332 26783 26783 D GAPS    : METHOD=<net.mandaria.tippytipperlibrary.activities.TippyTipper$11: void onClick(android.view.View)>
05-06 01:38:20.332 26783 26783 D GAPS    : METHOD=<net.mandaria.tippytipperlibrary.activities.TippyTipper: void access$1(net.mandaria.tippytipperlibrary.activities.TippyTipper)>
05-06 01:38:20.332 26783 26783 D GAPS    : METHOD=<net.mandaria.tippytipperlibrary.activities.TippyTipper: void removeBillAmount()>
05-06 01:38:20.332 26783 26783 D GAPS    : METHOD=<net.mandaria.tippytipperlibrary.services.TipCalculatorService: void removeEndNumberFromBillAmount()>
