05-06 02:06:23.485  2686  3188 D GAPS    : METHOD=<kotlinx.coroutines.AwaitAll: java.lang.Object await(kotlin.coroutines.Continuation)>
05-06 02:06:23.485  2686  2720 D GAPS    : METHOD=<org.wikipedia.history.db.HistoryEntryWithImageDao$DefaultImpls: org.wikipedia.search.SearchResults findHistoryItem(org.wikipedia.history.db.HistoryEntryWithImageDao,java.lang.String)>
05-06 02:06:23.485  2686  3188 D GAPS    : METHOD=<kotlinx.coroutines.AwaitAll: kotlinx.coroutines.Deferred[] access$getDeferreds$p(kotlinx.coroutines.AwaitAll)>
05-06 02:06:23.485  2686  2831 D GAPS    : METHOD=<org.wikipedia.search.SearchResultsViewModel$SearchResultsPagingSource$load$2$3: java.lang.Object invokeSuspend(java.lang.Object)>
05-06 02:06:23.485  2686  3188 D GAPS    : CLASS=kotlinx.coroutines.AwaitAll$AwaitAllNode
05-06 02:06:23.485  2686  2832 D GAPS    : METHOD=<org.wikipedia.search.SearchResult$$serializer: kotlinx.serialization.descriptors.SerialDescriptor getDescriptor()>
05-06 02:06:23.485  2686  3188 D GAPS    : METHOD=<kotlinx.coroutines.AwaitAll$AwaitAllNode: void <clinit>()>
05-06 02:06:23.485  2686  2831 D GAPS    : METHOD=<org.wikipedia.database.AppDatabase_Impl: org.wikipedia.readinglist.db.ReadingListPageDao readingListPageDao()>
05-06 02:06:23.485  2686  2686 D GAPS    : METHOD=<com.google.android.material.progressindicator.BaseProgressIndicator: void onDraw(android.graphics.Canvas)>
05-06 02:06:23.485  2686  3188 D GAPS    : METHOD=<kotlinx.coroutines.AwaitAll$AwaitAllNode: void <init>(kotlinx.coroutines.AwaitAll,kotlinx.coroutines.CancellableContinuation)>
05-06 02:06:23.485  2686  2832 D GAPS    : METHOD=<org.wikipedia.search.SearchResults: void <init>(java.util.List,org.wikipedia.dataclient.mwapi.MwQueryResponse$Continuation,int,kotlin.jvm.internal.DefaultConstructorMarker)>
05-06 02:06:23.485  2686  2686 D GAPS    : METHOD=<com.google.android.material.progressindicator.IndeterminateDrawable: void draw(android.graphics.Canvas)>
05-06 02:06:23.486  2686  2832 D GAPS    : METHOD=<org.wikipedia.search.SearchResults: void <init>(java.util.List,org.wikipedia.dataclient.mwapi.MwQueryResponse$Continuation)>
05-06 02:06:23.486  2686  3188 D GAPS    : METHOD=<kotlinx.coroutines.AwaitAll$AwaitAllNode: void setHandle(kotlinx.coroutines.DisposableHandle)>
05-06 02:06:23.486  2686  2686 D GAPS    : METHOD=<com.google.android.material.progressindicator.DrawableWithAnimatedVisibilityChange: float getGrowFraction()>
05-06 02:06:23.486  2686  2831 D GAPS    : CLASS=org.wikipedia.readinglist.db.ReadingListPageDao_Impl
05-06 02:06:23.486  2686  2831 D GAPS    : METHOD=<org.wikipedia.readinglist.db.ReadingListPageDao_Impl: void <init>(androidx.room.RoomDatabase)>
05-06 02:06:23.486  2686  2832 D GAPS    : METHOD=<kotlinx.coroutines.AwaitAll$AwaitAllNode: void invoke(java.lang.Throwable)>
05-06 02:06:23.486  2686  2686 D GAPS    : METHOD=<com.google.android.material.progressindicator.BaseProgressIndicatorSpec: boolean isHideAnimationEnabled()>
05-06 02:06:23.486  2686  2832 D GAPS    : METHOD=<kotlinx.coroutines.AwaitAll: java.util.concurrent.atomic.AtomicIntegerFieldUpdater access$getNotCompletedCount$FU$p()>
05-06 02:06:23.486  2686  2686 D GAPS    : METHOD=<com.google.android.material.progressindicator.DrawingDelegate: void validateSpecAndAdjustCanvas(android.graphics.Canvas,android.graphics.Rect,float)>
05-06 02:06:23.486  2686  3188 D GAPS    : CLASS=kotlinx.coroutines.AwaitAll$DisposeHandlersOnCancel
05-06 02:06:23.486  2686  2686 D GAPS    : METHOD=<com.google.android.material.progressindicator.LinearDrawingDelegate: void adjustCanvas(android.graphics.Canvas,android.graphics.Rect,float)>
05-06 02:06:23.486  2686  3188 D GAPS    : METHOD=<kotlinx.coroutines.AwaitAll$DisposeHandlersOnCancel: void <init>(kotlinx.coroutines.AwaitAll,kotlinx.coroutines.AwaitAll$AwaitAllNode[])>
05-06 02:06:23.486  2686  2831 D GAPS    : CLASS=org.wikipedia.database.WikiSiteTypeConverter
05-06 02:06:23.486  2686  3188 D GAPS    : METHOD=<kotlinx.coroutines.AwaitAll$AwaitAllNode: void setDisposer(kotlinx.coroutines.AwaitAll$DisposeHandlersOnCancel)>
05-06 02:06:23.486  2686  2686 D GAPS    : METHOD=<com.google.android.material.progressindicator.LinearDrawingDelegate: void fillTrack(android.graphics.Canvas,android.graphics.Paint)>
05-06 02:06:23.486  2686  2831 D GAPS    : METHOD=<org.wikipedia.database.WikiSiteTypeConverter: void <init>()>
05-06 02:06:23.486  2686  2831 D GAPS    : CLASS=org.wikipedia.database.NamespaceTypeConverter
05-06 02:06:23.486  2686  2686 D GAPS    : METHOD=<com.google.android.material.progressindicator.LinearDrawingDelegate: void fillIndicator(android.graphics.Canvas,android.graphics.Paint,float,float,int)>
05-06 02:06:23.486  2686  2831 D GAPS    : METHOD=<org.wikipedia.database.NamespaceTypeConverter: void <init>()>
05-06 02:06:23.486  2686  3188 D GAPS    : METHOD=<kotlinx.coroutines.scheduling.WorkQueue: kotlinx.coroutines.scheduling.Task poll()>
05-06 02:06:23.486  2686  2831 D GAPS    : CLASS=org.wikipedia.readinglist.db.ReadingListPageDao_Impl$1
05-06 02:06:23.486  2686  2831 D GAPS    : METHOD=<org.wikipedia.readinglist.db.ReadingListPageDao_Impl$1: void <init>(org.wikipedia.readinglist.db.ReadingListPageDao_Impl,androidx.room.RoomDatabase)>
05-06 02:06:23.486  2686  2831 D GAPS    : CLASS=org.wikipedia.readinglist.db.ReadingListPageDao_Impl$2
05-06 02:06:23.486  2686  2831 D GAPS    : METHOD=<org.wikipedia.readinglist.db.ReadingListPageDao_Impl$2: void <init>(org.wikipedia.readinglist.db.ReadingListPageDao_Impl,androidx.room.RoomDatabase)>
05-06 02:06:23.487  2686  2831 D GAPS    : CLASS=org.wikipedia.readinglist.db.ReadingListPageDao_Impl$3
05-06 02:06:23.487  2686  2831 D GAPS    : METHOD=<org.wikipedia.readinglist.db.ReadingListPageDao_Impl$3: void <init>(org.wikipedia.readinglist.db.ReadingListPageDao_Impl,androidx.room.RoomDatabase)>
05-06 02:06:23.487  2686  2831 D GAPS    : CLASS=org.wikipedia.readinglist.db.ReadingListPageDao_Impl$4
05-06 02:06:23.487  2686  2831 D GAPS    : METHOD=<org.wikipedia.readinglist.db.ReadingListPageDao_Impl$4: void <init>(org.wikipedia.readinglist.db.ReadingListPageDao_Impl,androidx.room.RoomDatabase)>
05-06 02:06:23.487  2686  2831 D GAPS    : CLASS=org.wikipedia.readinglist.db.ReadingListPageDao_Impl$5
05-06 02:06:23.487  2686  2831 D GAPS    : METHOD=<org.wikipedia.readinglist.db.ReadingListPageDao_Impl$5: void <init>(org.wikipedia.readinglist.db.ReadingListPageDao_Impl,androidx.room.RoomDatabase)>
05-06 02:06:23.487  2686  2831 D GAPS    : CLASS=org.wikipedia.readinglist.db.ReadingListPageDao_Impl$6
05-06 02:06:23.487  2686  2831 D GAPS    : METHOD=<org.wikipedia.readinglist.db.ReadingListPageDao_Impl$6: void <init>(org.wikipedia.readinglist.db.ReadingListPageDao_Impl,androidx.room.RoomDatabase)>
05-06 02:06:23.487  2686  2831 D GAPS    : CLASS=org.wikipedia.readinglist.db.ReadingListPageDao_Impl$7
05-06 02:06:23.487  2686  2831 D GAPS    : METHOD=<org.wikipedia.readinglist.db.ReadingListPageDao_Impl$7: void <init>(org.wikipedia.readinglist.db.ReadingListPageDao_Impl,androidx.room.RoomDatabase)>
05-06 02:06:23.487  2686  2831 D GAPS    : METHOD=<org.wikipedia.readinglist.db.ReadingListPageDao_Impl: org.wikipedia.search.SearchResults findPageForSearchQueryInAnyList(java.lang.String)>
05-06 02:06:23.487  2686  2831 D GAPS    : METHOD=<org.wikipedia.readinglist.db.ReadingListPageDao$DefaultImpls: org.wikipedia.search.SearchResults findPageForSearchQueryInAnyList(org.wikipedia.readinglist.db.ReadingListPageDao,java.lang.String)>
05-06 02:06:23.488  2686  2831 D GAPS    : METHOD=<org.wikipedia.readinglist.db.ReadingListPageDao_Impl: java.util.List findPageBySearchTerm(java.lang.String)>
05-06 02:06:23.489  2686  2831 D GAPS    : METHOD=<kotlinx.coroutines.DeferredCoroutine: java.lang.Object getCompleted()>
05-06 02:06:23.489  2686  2831 D GAPS    : METHOD=<kotlinx.coroutines.JobSupport: java.lang.Object getCompletedInternal$kotlinx_coroutines_core()>
05-06 02:06:23.490  2686  2831 D GAPS    : METHOD=<org.wikipedia.search.SearchResults: java.util.List getResults()>
05-06 02:06:23.490  2686  2831 D GAPS    : METHOD=<kotlin.collections.EmptyList: java.lang.Object[] toArray()>
05-06 02:06:23.490  2686  2686 D GAPS    : METHOD=<org.wikipedia.search.SearchResultsViewModel$SearchResultsPagingSource$load$1: java.lang.Object invokeSuspend(java.lang.Object)>
05-06 02:06:23.490  2686  2686 D GAPS    : METHOD=<androidx.paging.PagingSource$LoadParams: int getLoadSize()>
05-06 02:06:23.490  2686  2686 D GAPS    : METHOD=<androidx.paging.PagingSource$LoadParams$Refresh: java.lang.Object getKey()>
05-06 02:06:23.500  2686  2686 D GAPS    : CLASS=androidx.paging.PagingSource$LoadResult$Error
05-06 02:06:23.500  2686  2686 D GAPS    : METHOD=<androidx.paging.PagingSource$LoadResult$Error: void <init>(java.lang.Throwable)>
05-06 02:06:23.500  2686  2686 D GAPS    : METHOD=<androidx.paging.PageFetcherSnapshot$doInitialLoad$1: java.lang.Object invokeSuspend(java.lang.Object)>
05-06 02:06:23.500  2686  2686 D GAPS    : METHOD=<androidx.paging.PagingSource$LoadResult$Error: java.lang.Throwable getThrowable()>
05-06 02:06:23.500  2686  2686 D GAPS    : CLASS=androidx.paging.LoadState$Error
05-06 02:06:23.500  2686  2686 D GAPS    : METHOD=<androidx.paging.LoadState$Error: void <init>(java.lang.Throwable)>
05-06 02:06:23.500  2686  2686 D GAPS    : METHOD=<androidx.paging.PageFetcherSnapshot: java.lang.Object setError(androidx.paging.PageFetcherSnapshotState,androidx.paging.LoadType,androidx.paging.LoadState$Error,kotlin.coroutines.Continuation)>
05-06 02:06:26.206  2686  2686 D GAPS    : METHOD=<org.wikipedia.search.RecentSearchesFragment$NamespaceItemViewHolder: void onClick(android.view.View)>
05-06 02:06:26.206  2686  2686 D GAPS    : METHOD=<org.wikipedia.search.SearchFragment: void switchToSearch(java.lang.String)>
05-06 02:06:26.207  2686  2686 D GAPS    : METHOD=<androidx.appcompat.widget.SearchView: void setQuery(java.lang.CharSequence,boolean)>
05-06 02:06:26.434  2686  2686 D GAPS    : METHOD=<androidx.paging.LoadState$Error: boolean equals(java.lang.Object)>
05-06 02:06:27.207  2686  2686 D GAPS    : METHOD=<androidx.emoji2.viewsintegration.EmojiInputConnection: boolean deleteSurroundingText(int,int)>
05-06 02:06:27.207  2686  2686 D GAPS    : METHOD=<androidx.emoji2.viewsintegration.EmojiInputConnection: android.text.Editable getEditable()>
05-06 02:06:27.207  2686  2686 D GAPS    : METHOD=<androidx.emoji2.viewsintegration.EmojiInputConnection$EmojiCompatDeleteHelper: boolean handleDeleteSurroundingText(android.view.inputmethod.InputConnection,android.text.Editable,int,int,boolean)>
05-06 02:06:27.207  2686  2686 D GAPS    : METHOD=<androidx.emoji2.text.EmojiCompat: boolean handleDeleteSurroundingText(android.view.inputmethod.InputConnection,android.text.Editable,int,int,boolean)>
05-06 02:06:27.207  2686  2686 D GAPS    : METHOD=<androidx.emoji2.text.EmojiProcessor: boolean handleDeleteSurroundingText(android.view.inputmethod.InputConnection,android.text.Editable,int,int,boolean)>
05-06 02:06:27.664  2686  2831 D GAPS    : METHOD=<kotlinx.coroutines.AwaitAll$AwaitAllNode: java.lang.Object invoke(java.lang.Object)>
