--------- beginning of system
--------- beginning of main
05-06 02:05:40.614  2686  2686 D GAPS    : METHOD=<org.wikipedia.history.HistoryFragment$SearchCardViewHolder$$ExternalSyntheticLambda3: void onClick(android.view.View)>
05-06 02:05:40.614  2686  2686 D GAPS    : METHOD=<org.wikipedia.history.HistoryFragment$SearchCardViewHolder: void $r8$lambda$ayufN6d0CNlM-uxyXVzGmG-lzwQ(org.wikipedia.history.HistoryFragment,android.view.View)>
05-06 02:05:40.614  2686  2686 D GAPS    : METHOD=<org.wikipedia.history.HistoryFragment$SearchCardViewHolder: void _init_$lambda$3(org.wikipedia.history.HistoryFragment,android.view.View)>
05-06 02:05:43.360  2686  2686 D GAPS    : METHOD=<androidx.core.widget.NestedScrollView$SavedState: void writeToParcel(android.os.Parcel,int)>
05-06 02:05:44.717  2686  2686 D GAPS    : METHOD=<androidx.emoji2.viewsintegration.EmojiKeyListener: boolean onKeyOther(android.view.View,android.text.Editable,android.view.KeyEvent)>
05-06 02:05:57.893  2686  2686 D GAPS    : METHOD=<org.wikipedia.history.HistoryFragment$SearchCardViewHolder$$ExternalSyntheticLambda2: void onClick(android.view.View)>
05-06 02:05:57.893  2686  2686 D GAPS    : METHOD=<org.wikipedia.history.HistoryFragment$SearchCardViewHolder: void $r8$lambda$7VinDC4aG0Y2cxPhij0avIdwAO8(org.wikipedia.history.HistoryFragment,android.view.View)>
05-06 02:05:57.893  2686  2686 D GAPS    : METHOD=<org.wikipedia.history.HistoryFragment$SearchCardViewHolder: void _init_$lambda$2(org.wikipedia.history.HistoryFragment,android.view.View)>
05-06 02:05:58.079  2686  2686 D GAPS    : METHOD=<com.google.android.material.card.MaterialCardView: void onInitializeAccessibilityEvent(android.view.accessibility.AccessibilityEvent)>
05-06 02:05:59.703  2686  2686 D GAPS    : METHOD=<org.wikipedia.search.RecentSearchesFragment$$ExternalSyntheticLambda1: void onClick(android.view.View)>
05-06 02:05:59.703  2686  2686 D GAPS    : METHOD=<org.wikipedia.search.RecentSearchesFragment: void $r8$lambda$uX_SFEVPz22DUoxBpRHZ2KR8TLA(org.wikipedia.search.RecentSearchesFragment,android.view.View)>
05-06 02:05:59.703  2686  2686 D GAPS    : METHOD=<org.wikipedia.search.RecentSearchesFragment: void onCreateView$lambda$2(org.wikipedia.search.RecentSearchesFragment,android.view.View)>
05-06 02:05:59.704  2686  2686 D GAPS    : METHOD=<com.google.android.material.dialog.MaterialAlertDialogBuilder: com.google.android.material.dialog.MaterialAlertDialogBuilder setMessage(java.lang.CharSequence)>
05-06 02:05:59.704  2686  2686 D GAPS    : METHOD=<androidx.appcompat.app.AlertDialog$Builder: androidx.appcompat.app.AlertDialog$Builder setMessage(java.lang.CharSequence)>
05-06 02:05:59.705  2686  2686 D GAPS    : CLASS=org.wikipedia.search.RecentSearchesFragment$$ExternalSyntheticLambda0
05-06 02:05:59.705  2686  2686 D GAPS    : METHOD=<org.wikipedia.search.RecentSearchesFragment$$ExternalSyntheticLambda0: void <init>(org.wikipedia.search.RecentSearchesFragment)>
05-06 02:05:59.705  2686  2686 D GAPS    : METHOD=<com.google.android.material.dialog.MaterialAlertDialogBuilder: com.google.android.material.dialog.MaterialAlertDialogBuilder setPositiveButton(java.lang.CharSequence,android.content.DialogInterface$OnClickListener)>
05-06 02:05:59.705  2686  2686 D GAPS    : METHOD=<androidx.appcompat.app.AlertDialog$Builder: androidx.appcompat.app.AlertDialog$Builder setPositiveButton(java.lang.CharSequence,android.content.DialogInterface$OnClickListener)>
05-06 02:05:59.705  2686  2686 D GAPS    : METHOD=<com.google.android.material.dialog.MaterialAlertDialogBuilder: com.google.android.material.dialog.MaterialAlertDialogBuilder setNegativeButton(java.lang.CharSequence,android.content.DialogInterface$OnClickListener)>
05-06 02:05:59.705  2686  2686 D GAPS    : METHOD=<androidx.appcompat.app.AlertDialog$Builder: androidx.appcompat.app.AlertDialog$Builder setNegativeButton(java.lang.CharSequence,android.content.DialogInterface$OnClickListener)>
05-06 02:06:01.190  2686  2686 D GAPS    : METHOD=<org.wikipedia.search.RecentSearchesFragment$$ExternalSyntheticLambda0: void onClick(android.content.DialogInterface,int)>
05-06 02:06:01.190  2686  2686 D GAPS    : METHOD=<org.wikipedia.search.RecentSearchesFragment: void $r8$lambda$Rn-PO_NvjxjTjxegUCYSWxrNjzU(org.wikipedia.search.RecentSearchesFragment,android.content.DialogInterface,int)>
05-06 02:06:01.190  2686  2686 D GAPS    : METHOD=<org.wikipedia.search.RecentSearchesFragment: void onCreateView$lambda$2$lambda$1(org.wikipedia.search.RecentSearchesFragment,android.content.DialogInterface,int)>
05-06 02:06:01.190  2686  2686 D GAPS    : CLASS=org.wikipedia.search.RecentSearchesFragment$onCreateView$1$1$1
05-06 02:06:01.190  2686  2686 D GAPS    : METHOD=<org.wikipedia.search.RecentSearchesFragment$onCreateView$1$1$1: void <init>(org.wikipedia.search.RecentSearchesFragment,kotlin.coroutines.Continuation)>
05-06 02:06:01.191  2686  2686 D GAPS    : METHOD=<org.wikipedia.search.RecentSearchesFragment$onCreateView$1$1$1: kotlin.coroutines.Continuation create(java.lang.Object,kotlin.coroutines.Continuation)>
05-06 02:06:01.191  2686  2686 D GAPS    : METHOD=<org.wikipedia.search.RecentSearchesFragment$onCreateView$1$1$1: java.lang.Object invokeSuspend(java.lang.Object)>
05-06 02:06:01.191  2686  2686 D GAPS    : METHOD=<org.wikipedia.database.AppDatabase_Impl: org.wikipedia.search.db.RecentSearchDao recentSearchDao()>
05-06 02:06:01.191  2686  2686 D GAPS    : CLASS=org.wikipedia.search.db.RecentSearchDao_Impl
05-06 02:06:01.191  2686  2686 D GAPS    : METHOD=<org.wikipedia.search.db.RecentSearchDao_Impl: void <init>(androidx.room.RoomDatabase)>
05-06 02:06:01.191  2686  2686 D GAPS    : CLASS=org.wikipedia.search.db.RecentSearchDao_Impl$1
05-06 02:06:01.191  2686  2686 D GAPS    : METHOD=<org.wikipedia.search.db.RecentSearchDao_Impl$1: void <init>(org.wikipedia.search.db.RecentSearchDao_Impl,androidx.room.RoomDatabase)>
05-06 02:06:01.191  2686  2686 D GAPS    : CLASS=org.wikipedia.search.db.RecentSearchDao_Impl$2
05-06 02:06:01.191  2686  2686 D GAPS    : METHOD=<org.wikipedia.search.db.RecentSearchDao_Impl$2: void <init>(org.wikipedia.search.db.RecentSearchDao_Impl,androidx.room.RoomDatabase)>
05-06 02:06:01.192  2686  2686 D GAPS    : CLASS=org.wikipedia.search.db.RecentSearchDao_Impl$3
05-06 02:06:01.192  2686  2686 D GAPS    : METHOD=<org.wikipedia.search.db.RecentSearchDao_Impl$3: void <init>(org.wikipedia.search.db.RecentSearchDao_Impl,androidx.room.RoomDatabase)>
05-06 02:06:01.192  2686  2686 D GAPS    : METHOD=<org.wikipedia.search.db.RecentSearchDao_Impl: java.lang.Object deleteAll(kotlin.coroutines.Continuation)>
05-06 02:06:01.192  2686  2686 D GAPS    : CLASS=org.wikipedia.search.db.RecentSearchDao_Impl$5
05-06 02:06:01.192  2686  2686 D GAPS    : METHOD=<org.wikipedia.search.db.RecentSearchDao_Impl$5: void <init>(org.wikipedia.search.db.RecentSearchDao_Impl)>
05-06 02:06:01.192  2686  2686 D GAPS    : CLASS=androidx.room.CoroutinesRoom
05-06 02:06:01.192  2686  2686 D GAPS    : METHOD=<androidx.room.CoroutinesRoom: void <clinit>()>
05-06 02:06:01.192  2686  2686 D GAPS    : CLASS=androidx.room.CoroutinesRoom$Companion
05-06 02:06:01.192  2686  2686 D GAPS    : METHOD=<androidx.room.CoroutinesRoom$Companion: void <init>(kotlin.jvm.internal.DefaultConstructorMarker)>
05-06 02:06:01.192  2686  2686 D GAPS    : METHOD=<androidx.room.CoroutinesRoom$Companion: void <init>()>
05-06 02:06:01.192  2686  2686 D GAPS    : METHOD=<androidx.room.CoroutinesRoom: java.lang.Object execute(androidx.room.RoomDatabase,boolean,java.util.concurrent.Callable,kotlin.coroutines.Continuation)>
05-06 02:06:01.192  2686  2686 D GAPS    : METHOD=<androidx.room.CoroutinesRoom$Companion: java.lang.Object execute(androidx.room.RoomDatabase,boolean,java.util.concurrent.Callable,kotlin.coroutines.Continuation)>
05-06 02:06:01.193  2686  2686 D GAPS    : CLASS=androidx.room.TransactionElement
05-06 02:06:01.193  2686  2686 D GAPS    : METHOD=<androidx.room.TransactionElement: void <clinit>()>
05-06 02:06:01.193  2686  2686 D GAPS    : CLASS=androidx.room.TransactionElement$Key
05-06 02:06:01.193  2686  2686 D GAPS    : METHOD=<androidx.room.TransactionElement$Key: void <init>(kotlin.jvm.internal.DefaultConstructorMarker)>
05-06 02:06:01.193  2686  2686 D GAPS    : METHOD=<androidx.room.TransactionElement$Key: void <init>()>
05-06 02:06:01.193  2686  2686 D GAPS    : METHOD=<androidx.room.CoroutinesRoomKt: kotlinx.coroutines.CoroutineDispatcher getTransactionDispatcher(androidx.room.RoomDatabase)>
05-06 02:06:01.193  2686  2686 D GAPS    : METHOD=<androidx.room.RoomDatabase: java.util.Map getBackingFieldMap()>
05-06 02:06:01.193  2686  2686 D GAPS    : METHOD=<j$.util.DesugarCollections$SynchronizedMap: java.lang.Object get(java.lang.Object)>
05-06 02:06:01.193  2686  2686 D GAPS    : METHOD=<androidx.room.RoomDatabase: java.util.concurrent.Executor getTransactionExecutor()>
05-06 02:06:01.193  2686  2686 D GAPS    : METHOD=<kotlinx.coroutines.ExecutorsKt: kotlinx.coroutines.CoroutineDispatcher 'from'(java.util.concurrent.Executor)>
05-06 02:06:01.193  2686  2686 D GAPS    : CLASS=kotlinx.coroutines.ExecutorCoroutineDispatcherImpl
05-06 02:06:01.193  2686  2686 D GAPS    : METHOD=<kotlinx.coroutines.ExecutorCoroutineDispatcherImpl: void <init>(java.util.concurrent.Executor)>
05-06 02:06:01.193  2686  2686 D GAPS    : METHOD=<kotlinx.coroutines.ExecutorCoroutineDispatcherImpl: java.util.concurrent.Executor getExecutor()>
05-06 02:06:01.193  2686  2686 D GAPS    : CLASS=kotlinx.coroutines.internal.ConcurrentKt
05-06 02:06:01.193  2686  2686 D GAPS    : METHOD=<kotlinx.coroutines.internal.ConcurrentKt: void <clinit>()>
05-06 02:06:01.194  2686  2686 D GAPS    : METHOD=<kotlinx.coroutines.internal.ConcurrentKt: boolean removeFutureOnCancel(java.util.concurrent.Executor)>
05-06 02:06:01.194  2686  2686 D GAPS    : METHOD=<j$.util.DesugarCollections$SynchronizedMap: java.lang.Object put(java.lang.Object,java.lang.Object)>
05-06 02:06:01.194  2686  2686 D GAPS    : CLASS=androidx.room.CoroutinesRoom$Companion$execute$2
05-06 02:06:01.194  2686  2686 D GAPS    : METHOD=<androidx.room.CoroutinesRoom$Companion$execute$2: void <init>(java.util.concurrent.Callable,kotlin.coroutines.Continuation)>
05-06 02:06:01.194  2686  2686 D GAPS    : METHOD=<kotlinx.coroutines.ExecutorCoroutineDispatcherImpl: boolean equals(java.lang.Object)>
05-06 02:06:01.194  2686  2686 D GAPS    : METHOD=<androidx.room.CoroutinesRoom$Companion$execute$2: kotlin.coroutines.Continuation create(java.lang.Object,kotlin.coroutines.Continuation)>
05-06 02:06:01.194  2686  2686 D GAPS    : METHOD=<kotlinx.coroutines.ExecutorCoroutineDispatcherImpl: void dispatch(kotlin.coroutines.CoroutineContext,java.lang.Runnable)>
05-06 02:06:01.194  2686  2686 D GAPS    : METHOD=<androidx.room.TransactionExecutor: void execute(java.lang.Runnable)>
05-06 02:06:01.194  2686  2686 D GAPS    : CLASS=androidx.room.TransactionExecutor$$ExternalSyntheticLambda0
05-06 02:06:01.194  2686  2686 D GAPS    : METHOD=<androidx.room.TransactionExecutor$$ExternalSyntheticLambda0: void <init>(java.lang.Runnable,androidx.room.TransactionExecutor)>
05-06 02:06:01.194  2686  2686 D GAPS    : METHOD=<androidx.room.TransactionExecutor: void scheduleNext()>
05-06 02:06:01.194  2686  2686 D GAPS    : METHOD=<androidx.arch.core.executor.ArchTaskExecutor$$ExternalSyntheticLambda1: void execute(java.lang.Runnable)>
05-06 02:06:01.194  2686  2686 D GAPS    : METHOD=<androidx.arch.core.executor.ArchTaskExecutor: void $r8$lambda$660dvPX9TmFUAes_5pIFbpOEa8M(java.lang.Runnable)>
05-06 02:06:01.195  2686  2686 D GAPS    : METHOD=<androidx.arch.core.executor.ArchTaskExecutor: void lambda$static$1(java.lang.Runnable)>
05-06 02:06:01.195  2686  2686 D GAPS    : METHOD=<androidx.arch.core.executor.ArchTaskExecutor: void executeOnDiskIO(java.lang.Runnable)>
05-06 02:06:01.195  2686  2686 D GAPS    : METHOD=<androidx.arch.core.executor.DefaultTaskExecutor: void executeOnDiskIO(java.lang.Runnable)>
05-06 02:06:01.195  2686  2686 D GAPS    : METHOD=<androidx.arch.core.executor.DefaultTaskExecutor$1: java.lang.Thread newThread(java.lang.Runnable)>
05-06 02:06:01.195  2686  3220 D GAPS    : METHOD=<androidx.room.TransactionExecutor$$ExternalSyntheticLambda0: void run()>
05-06 02:06:01.195  2686  3220 D GAPS    : METHOD=<androidx.room.TransactionExecutor: void $r8$lambda$AympDHYBb78s7_N_9gRsXF0sHiw(java.lang.Runnable,androidx.room.TransactionExecutor)>
05-06 02:06:01.195  2686  3220 D GAPS    : METHOD=<androidx.room.TransactionExecutor: void execute$lambda$1$lambda$0(java.lang.Runnable,androidx.room.TransactionExecutor)>
05-06 02:06:01.195  2686  3220 D GAPS    : METHOD=<androidx.room.CoroutinesRoom$Companion$execute$2: java.lang.Object invokeSuspend(java.lang.Object)>
05-06 02:06:01.195  2686  3220 D GAPS    : METHOD=<org.wikipedia.search.db.RecentSearchDao_Impl$5: java.lang.Object call()>
05-06 02:06:01.195  2686  3220 D GAPS    : METHOD=<org.wikipedia.search.db.RecentSearchDao_Impl$5: kotlin.Unit call()>
05-06 02:06:01.195  2686  3220 D GAPS    : METHOD=<org.wikipedia.search.db.RecentSearchDao_Impl: androidx.room.SharedSQLiteStatement '-$$Nest$fget__preparedStmtOfDeleteAll'(org.wikipedia.search.db.RecentSearchDao_Impl)>
05-06 02:06:01.196  2686  3220 D GAPS    : METHOD=<org.wikipedia.search.db.RecentSearchDao_Impl$2: java.lang.String createQuery()>
05-06 02:06:01.196  2686  3220 D GAPS    : METHOD=<org.wikipedia.search.db.RecentSearchDao_Impl: androidx.room.RoomDatabase '-$$Nest$fget__db'(org.wikipedia.search.db.RecentSearchDao_Impl)>
05-06 02:06:01.207  2686  2686 D GAPS    : METHOD=<org.wikipedia.search.db.RecentSearchDao_Impl: java.lang.Object getRecentSearches(kotlin.coroutines.Continuation)>
05-06 02:06:01.207  2686  2686 D GAPS    : METHOD=<androidx.room.util.DBUtil: android.os.CancellationSignal createCancellationSignal()>
05-06 02:06:01.207  2686  2686 D GAPS    : METHOD=<androidx.sqlite.db.SupportSQLiteCompat$Api16Impl: android.os.CancellationSignal createCancellationSignal()>
05-06 02:06:01.207  2686  2686 D GAPS    : CLASS=org.wikipedia.search.db.RecentSearchDao_Impl$7
05-06 02:06:01.207  2686  2686 D GAPS    : METHOD=<org.wikipedia.search.db.RecentSearchDao_Impl$7: void <init>(org.wikipedia.search.db.RecentSearchDao_Impl,androidx.room.RoomSQLiteQuery)>
05-06 02:06:01.207  2686  2686 D GAPS    : METHOD=<androidx.room.CoroutinesRoom: java.lang.Object execute(androidx.room.RoomDatabase,boolean,android.os.CancellationSignal,java.util.concurrent.Callable,kotlin.coroutines.Continuation)>
05-06 02:06:01.207  2686  2686 D GAPS    : METHOD=<androidx.room.CoroutinesRoom$Companion: java.lang.Object execute(androidx.room.RoomDatabase,boolean,android.os.CancellationSignal,java.util.concurrent.Callable,kotlin.coroutines.Continuation)>
05-06 02:06:01.208  2686  2686 D GAPS    : METHOD=<androidx.room.CoroutinesRoomKt: kotlinx.coroutines.CoroutineDispatcher getQueryDispatcher(androidx.room.RoomDatabase)>
05-06 02:06:01.208  2686  2686 D GAPS    : CLASS=kotlinx.coroutines.GlobalScope
05-06 02:06:01.208  2686  2686 D GAPS    : METHOD=<kotlinx.coroutines.GlobalScope: void <clinit>()>
05-06 02:06:01.208  2686  2686 D GAPS    : METHOD=<kotlinx.coroutines.GlobalScope: void <init>()>
05-06 02:06:01.208  2686  2686 D GAPS    : CLASS=androidx.room.CoroutinesRoom$Companion$execute$4$job$1
05-06 02:06:01.208  2686  2686 D GAPS    : METHOD=<androidx.room.CoroutinesRoom$Companion$execute$4$job$1: void <init>(java.util.concurrent.Callable,kotlinx.coroutines.CancellableContinuation,kotlin.coroutines.Continuation)>
05-06 02:06:01.208  2686  2686 D GAPS    : METHOD=<kotlinx.coroutines.GlobalScope: kotlin.coroutines.CoroutineContext getCoroutineContext()>
05-06 02:06:01.208  2686  2686 D GAPS    : METHOD=<androidx.room.CoroutinesRoom$Companion$execute$4$job$1: kotlin.coroutines.Continuation create(java.lang.Object,kotlin.coroutines.Continuation)>
05-06 02:06:01.209  2686  2686 D GAPS    : CLASS=androidx.room.CoroutinesRoom$Companion$execute$4$1
05-06 02:06:01.209  2686  2686 D GAPS    : METHOD=<androidx.room.CoroutinesRoom$Companion$execute$4$1: void <init>(android.os.CancellationSignal,kotlinx.coroutines.Job)>
05-06 02:06:01.209  2686  3222 D GAPS    : METHOD=<androidx.room.CoroutinesRoom$Companion$execute$4$job$1: java.lang.Object invokeSuspend(java.lang.Object)>
05-06 02:06:01.209  2686  3222 D GAPS    : METHOD=<org.wikipedia.search.db.RecentSearchDao_Impl$7: java.lang.Object call()>
05-06 02:06:01.209  2686  3222 D GAPS    : METHOD=<org.wikipedia.search.db.RecentSearchDao_Impl$7: java.util.List call()>
05-06 02:06:01.211  2686  2686 D GAPS    : CLASS=org.wikipedia.search.RecentSearchesFragment$NamespaceAdapter
05-06 02:06:01.211  2686  2686 D GAPS    : METHOD=<org.wikipedia.search.RecentSearchesFragment$NamespaceAdapter: void <init>(org.wikipedia.search.RecentSearchesFragment)>
05-06 02:06:01.211  2686  2686 D GAPS    : METHOD=<org.wikipedia.search.RecentSearchesFragment: void updateSearchEmptyView(boolean)>
05-06 02:06:01.226  2686  2686 D GAPS    : METHOD=<org.wikipedia.search.RecentSearchesFragment$NamespaceAdapter: int getItemCount()>
05-06 02:06:01.226  2686  2686 D GAPS    : METHOD=<org.wikipedia.search.RecentSearchesFragment: java.util.List access$getNamespaceHints$p(org.wikipedia.search.RecentSearchesFragment)>
05-06 02:06:01.226  2686  2686 D GAPS    : METHOD=<org.wikipedia.search.RecentSearchesFragment$NamespaceAdapter: androidx.recyclerview.widget.RecyclerView$ViewHolder onCreateViewHolder(android.view.ViewGroup,int)>
05-06 02:06:01.226  2686  2686 D GAPS    : METHOD=<org.wikipedia.search.RecentSearchesFragment$NamespaceAdapter: org.wikipedia.search.RecentSearchesFragment$NamespaceItemViewHolder onCreateViewHolder(android.view.ViewGroup,int)>
05-06 02:06:01.228  2686  2686 D GAPS    : CLASS=org.wikipedia.search.RecentSearchesFragment$NamespaceItemViewHolder
05-06 02:06:01.228  2686  2686 D GAPS    : METHOD=<org.wikipedia.search.RecentSearchesFragment$NamespaceItemViewHolder: void <init>(org.wikipedia.search.RecentSearchesFragment,android.view.View)>
05-06 02:06:01.228  2686  2686 D GAPS    : METHOD=<org.wikipedia.search.RecentSearchesFragment$NamespaceAdapter: void onBindViewHolder(androidx.recyclerview.widget.RecyclerView$ViewHolder,int)>
05-06 02:06:01.228  2686  2686 D GAPS    : METHOD=<org.wikipedia.search.RecentSearchesFragment$NamespaceAdapter: void onBindViewHolder(org.wikipedia.search.RecentSearchesFragment$NamespaceItemViewHolder,int)>
05-06 02:06:01.228  2686  2686 D GAPS    : METHOD=<org.wikipedia.search.RecentSearchesFragment$NamespaceItemViewHolder: void bindItem(org.wikipedia.page.Namespace)>
05-06 02:06:01.229  2686  2686 D GAPS    : METHOD=<org.wikipedia.search.RecentSearchesFragment: j$.util.concurrent.ConcurrentHashMap access$getNamespaceMap$p(org.wikipedia.search.RecentSearchesFragment)>
05-06 02:06:01.229  2686  2686 D GAPS    : METHOD=<org.wikipedia.search.RecentSearchesFragment: org.wikipedia.search.RecentSearchesFragment$Callback getCallback()>
05-06 02:06:01.232  2686  2686 D GAPS    : METHOD=<androidx.recyclerview.widget.OrientationHelper$1: int getEnd()>
05-06 02:06:01.232  2686  2686 D GAPS    : METHOD=<androidx.recyclerview.widget.OrientationHelper$1: void offsetChildren(int)>
05-06 02:06:01.232  2686  2686 D GAPS    : METHOD=<androidx.recyclerview.widget.RecyclerView$LayoutManager: void offsetChildrenHorizontal(int)>
05-06 02:06:01.232  2686  2686 D GAPS    : METHOD=<androidx.recyclerview.widget.RecyclerView: void offsetChildrenHorizontal(int)>
05-06 02:06:01.232  2686  2686 D GAPS    : METHOD=<androidx.recyclerview.widget.RecyclerView$LayoutManager: void getDecoratedBoundsWithMargins(android.view.View,android.graphics.Rect)>
05-06 02:06:01.232  2686  2686 D GAPS    : METHOD=<androidx.recyclerview.widget.RecyclerView: void getDecoratedBoundsWithMarginsInt(android.view.View,android.graphics.Rect)>
05-06 02:06:01.233  2686  2686 D GAPS    : METHOD=<androidx.recyclerview.widget.RecyclerView$LayoutManager: void setMeasuredDimension(android.graphics.Rect,int,int)>
05-06 02:06:01.233  2686  2686 D GAPS    : METHOD=<androidx.recyclerview.widget.RecyclerView$LayoutManager: int getMinimumWidth()>
05-06 02:06:01.233  2686  2686 D GAPS    : METHOD=<androidx.recyclerview.widget.RecyclerView$LayoutManager: int getMinimumHeight()>
05-06 02:06:01.233  2686  2686 D GAPS    : METHOD=<androidx.recyclerview.widget.RecyclerView$LayoutManager: void setMeasuredDimension(int,int)>
05-06 02:06:01.233  2686  2686 D GAPS    : METHOD=<androidx.recyclerview.widget.RecyclerView: void access$500(androidx.recyclerview.widget.RecyclerView,int,int)>
05-06 02:06:07.130  2686  2686 D GAPS    : METHOD=<org.wikipedia.suggestededits.SuggestedEditsTasksFragment: void onDestroyView()>
05-06 02:06:07.438  2686  2686 D GAPS    : METHOD=<androidx.recyclerview.widget.AdapterHelper: void applyRemove(androidx.recyclerview.widget.AdapterHelper$UpdateOp)>
05-06 02:06:07.438  2686  2686 D GAPS    : METHOD=<androidx.recyclerview.widget.RecyclerView$6: void offsetPositionsForRemovingLaidOutOrNewView(int,int)>
05-06 02:06:07.438  2686  2686 D GAPS    : METHOD=<androidx.recyclerview.widget.RecyclerView: void offsetPositionRecordsForRemove(int,int,boolean)>
05-06 02:06:07.438  2686  2686 D GAPS    : METHOD=<androidx.recyclerview.widget.RecyclerView$ViewHolder: void flagRemovedAndOffsetPosition(int,int,boolean)>
05-06 02:06:07.439  2686  2686 D GAPS    : METHOD=<androidx.recyclerview.widget.RecyclerView$Recycler: void offsetPositionRecordsForRemove(int,int,boolean)>
05-06 02:06:07.439  2686  2686 D GAPS    : METHOD=<androidx.recyclerview.widget.StaggeredGridLayoutManager: void onItemsRemoved(androidx.recyclerview.widget.RecyclerView,int,int)>
05-06 02:06:07.440  2686  2686 D GAPS    : METHOD=<androidx.recyclerview.widget.StaggeredGridLayoutManager$LazySpanLookup: void offsetForRemoval(int,int)>
05-06 02:06:07.440  2686  2686 D GAPS    : METHOD=<androidx.recyclerview.widget.StaggeredGridLayoutManager$LazySpanLookup: void offsetFullSpansForRemoval(int,int)>
05-06 02:06:07.440  2686  2686 D GAPS    : METHOD=<androidx.recyclerview.widget.RecyclerView$4: void processDisappeared(androidx.recyclerview.widget.RecyclerView$ViewHolder,androidx.recyclerview.widget.RecyclerView$ItemAnimator$ItemHolderInfo,androidx.recyclerview.widget.RecyclerView$ItemAnimator$ItemHolderInfo)>
05-06 02:06:07.440  2686  2686 D GAPS    : METHOD=<androidx.recyclerview.widget.RecyclerView: void animateDisappearance(androidx.recyclerview.widget.RecyclerView$ViewHolder,androidx.recyclerview.widget.RecyclerView$ItemAnimator$ItemHolderInfo,androidx.recyclerview.widget.RecyclerView$ItemAnimator$ItemHolderInfo)>
05-06 02:06:07.440  2686  2686 D GAPS    : METHOD=<androidx.recyclerview.widget.RecyclerView: void addAnimatingView(androidx.recyclerview.widget.RecyclerView$ViewHolder)>
05-06 02:06:07.440  2686  2686 D GAPS    : METHOD=<androidx.recyclerview.widget.ChildHelper$Bucket: void set(int)>
05-06 02:06:07.440  2686  2686 D GAPS    : METHOD=<androidx.recyclerview.widget.ChildHelper: void hideViewInternal(android.view.View)>
05-06 02:06:07.440  2686  2686 D GAPS    : METHOD=<androidx.recyclerview.widget.RecyclerView$5: void onEnteredHiddenState(android.view.View)>
05-06 02:06:07.440  2686  2686 D GAPS    : METHOD=<androidx.recyclerview.widget.RecyclerView$ViewHolder: void onEnteredHiddenState(androidx.recyclerview.widget.RecyclerView)>
05-06 02:06:07.440  2686  2686 D GAPS    : METHOD=<androidx.recyclerview.widget.RecyclerView: boolean setChildImportantForAccessibilityInternal(androidx.recyclerview.widget.RecyclerView$ViewHolder,int)>
05-06 02:06:07.441  2686  2686 D GAPS    : METHOD=<androidx.recyclerview.widget.SimpleItemAnimator: boolean animateDisappearance(androidx.recyclerview.widget.RecyclerView$ViewHolder,androidx.recyclerview.widget.RecyclerView$ItemAnimator$ItemHolderInfo,androidx.recyclerview.widget.RecyclerView$ItemAnimator$ItemHolderInfo)>
05-06 02:06:07.441  2686  2686 D GAPS    : METHOD=<androidx.recyclerview.widget.DefaultItemAnimator: boolean animateRemove(androidx.recyclerview.widget.RecyclerView$ViewHolder)>
05-06 02:06:07.441  2686  2686 D GAPS    : METHOD=<androidx.recyclerview.widget.DefaultItemAnimator$6: void onAnimationCancel(android.animation.Animator)>
05-06 02:06:07.454  2686  2686 D GAPS    : METHOD=<androidx.recyclerview.widget.DefaultItemAnimator: void animateRemoveImpl(androidx.recyclerview.widget.RecyclerView$ViewHolder)>
05-06 02:06:07.454  2686  2686 D GAPS    : METHOD=<androidx.recyclerview.widget.RecyclerView$ItemAnimator: long getRemoveDuration()>
05-06 02:06:07.454  2686  2686 D GAPS    : CLASS=androidx.recyclerview.widget.DefaultItemAnimator$4
05-06 02:06:07.454  2686  2686 D GAPS    : METHOD=<androidx.recyclerview.widget.DefaultItemAnimator$4: void <init>(androidx.recyclerview.widget.DefaultItemAnimator,androidx.recyclerview.widget.RecyclerView$ViewHolder,android.view.ViewPropertyAnimator,android.view.View)>
05-06 02:06:07.454  2686  2686 D GAPS    : METHOD=<androidx.recyclerview.widget.DefaultItemAnimator$4: void onAnimationStart(android.animation.Animator)>
05-06 02:06:07.455  2686  2686 D GAPS    : METHOD=<androidx.recyclerview.widget.SimpleItemAnimator: void dispatchRemoveStarting(androidx.recyclerview.widget.RecyclerView$ViewHolder)>
05-06 02:06:07.455  2686  2686 D GAPS    : METHOD=<androidx.recyclerview.widget.SimpleItemAnimator: void onRemoveStarting(androidx.recyclerview.widget.RecyclerView$ViewHolder)>
05-06 02:06:07.596  2686  2686 D GAPS    : METHOD=<androidx.recyclerview.widget.DefaultItemAnimator: void cancelAll(java.util.List)>
05-06 02:06:07.597  2686  2686 D GAPS    : METHOD=<androidx.recyclerview.widget.DefaultItemAnimator$4: void onAnimationEnd(android.animation.Animator)>
05-06 02:06:07.597  2686  2686 D GAPS    : METHOD=<androidx.recyclerview.widget.SimpleItemAnimator: void dispatchRemoveFinished(androidx.recyclerview.widget.RecyclerView$ViewHolder)>
05-06 02:06:07.597  2686  2686 D GAPS    : METHOD=<androidx.recyclerview.widget.SimpleItemAnimator: void onRemoveFinished(androidx.recyclerview.widget.RecyclerView$ViewHolder)>
05-06 02:06:07.597  2686  2686 D GAPS    : METHOD=<androidx.recyclerview.widget.ChildHelper: boolean unhideViewInternal(android.view.View)>
05-06 02:06:07.597  2686  2686 D GAPS    : METHOD=<androidx.recyclerview.widget.RecyclerView$5: void onLeftHiddenState(android.view.View)>
05-06 02:06:07.597  2686  2686 D GAPS    : METHOD=<androidx.recyclerview.widget.RecyclerView$ViewHolder: void onLeftHiddenState(androidx.recyclerview.widget.RecyclerView)>
05-06 02:06:08.629  2686  2686 D GAPS    : METHOD=<org.wikipedia.feed.searchbar.SearchCardView$$ExternalSyntheticLambda0: void onClick(android.view.View)>
05-06 02:06:08.629  2686  2686 D GAPS    : METHOD=<org.wikipedia.feed.searchbar.SearchCardView: void $r8$lambda$8CnyEdL9QCEK1qOEP0_bKjDbPRM(org.wikipedia.feed.searchbar.SearchCardView,android.view.View)>
05-06 02:06:08.630  2686  2686 D GAPS    : METHOD=<org.wikipedia.feed.searchbar.SearchCardView: void _init_$lambda$0(org.wikipedia.feed.searchbar.SearchCardView,android.view.View)>
05-06 02:06:08.630  2686  2686 D GAPS    : METHOD=<org.wikipedia.feed.FeedFragment$FeedCallback: void onSearchRequested(android.view.View)>
05-06 02:06:08.630  2686  2686 D GAPS    : METHOD=<org.wikipedia.main.MainFragment: void onFeedSearchRequested(android.view.View)>
05-06 02:06:10.485  2686  2686 D GAPS    : METHOD=<org.wikipedia.search.SearchFragment$$ExternalSyntheticLambda7: void onClick(android.view.View)>
05-06 02:06:10.485  2686  2686 D GAPS    : METHOD=<org.wikipedia.search.SearchFragment: void $r8$lambda$lx_e0Al2VL-xHDFxr1juw3t2Idk(org.wikipedia.search.SearchFragment,android.view.View)>
05-06 02:06:10.485  2686  2686 D GAPS    : METHOD=<org.wikipedia.search.SearchFragment: void onCreateView$lambda$5(org.wikipedia.search.SearchFragment,android.view.View)>
05-06 02:06:10.485  2686  2686 D GAPS    : METHOD=<org.wikipedia.search.SearchFragment: void onLangButtonClick()>
05-06 02:06:10.485  2686  2686 D GAPS    : METHOD=<androidx.fragment.app.Fragment$10: void launch(java.lang.Object,androidx.core.app.ActivityOptionsCompat)>
05-06 02:06:11.004  2686  2686 D GAPS    : METHOD=<androidx.appcompat.widget.SearchView$SavedState: void writeToParcel(android.os.Parcel,int)>
05-06 02:06:12.017  2686  2686 D GAPS    : CLASS=org.wikipedia.search.SearchFragment$$ExternalSyntheticLambda3
05-06 02:06:12.017  2686  2686 D GAPS    : METHOD=<org.wikipedia.search.SearchFragment$$ExternalSyntheticLambda3: void <init>(org.wikipedia.search.SearchFragment,java.lang.String,boolean)>
05-06 02:06:12.017  2686  2686 D GAPS    : METHOD=<org.wikipedia.search.SearchFragment$$ExternalSyntheticLambda2: void onActivityResult(java.lang.Object)>
05-06 02:06:12.017  2686  2686 D GAPS    : METHOD=<org.wikipedia.search.SearchFragment: void $r8$lambda$C1gEFu0e38ke9gOEIdUbUZDbcQ4(org.wikipedia.search.SearchFragment,androidx.activity.result.ActivityResult)>
05-06 02:06:12.017  2686  2686 D GAPS    : METHOD=<org.wikipedia.search.SearchFragment: void requestAddLanguageLauncher$lambda$2(org.wikipedia.search.SearchFragment,androidx.activity.result.ActivityResult)>
05-06 02:06:12.047  2686  2686 D GAPS    : METHOD=<org.wikipedia.search.SearchFragment$$ExternalSyntheticLambda3: void run()>
05-06 02:06:12.047  2686  2686 D GAPS    : METHOD=<org.wikipedia.search.SearchFragment: void $r8$lambda$djCwQgIdy8ZpVCY7CWBL8I3accE(org.wikipedia.search.SearchFragment,java.lang.String,boolean)>
05-06 02:06:12.047  2686  2686 D GAPS    : METHOD=<org.wikipedia.search.SearchFragment: void startSearch$lambda$8(org.wikipedia.search.SearchFragment,java.lang.String,boolean)>
05-06 02:06:12.047  2686  2686 D GAPS    : METHOD=<org.wikipedia.search.SearchResultsFragment: void startSearch(java.lang.String,boolean)>
05-06 02:06:12.047  2686  2686 D GAPS    : METHOD=<org.wikipedia.search.SearchResultsViewModel: void setSearchTerm(java.lang.String)>
05-06 02:06:12.047  2686  2686 D GAPS    : METHOD=<org.wikipedia.search.SearchResultsFragment: java.lang.String getSearchLanguageCode()>
05-06 02:06:12.047  2686  2686 D GAPS    : METHOD=<org.wikipedia.search.SearchFragment: java.lang.String getSearchLanguageCode()>
05-06 02:06:12.047  2686  2686 D GAPS    : METHOD=<org.wikipedia.search.SearchResultsViewModel: void setLanguageCode(java.lang.String)>
05-06 02:06:12.047  2686  2686 D GAPS    : METHOD=<org.wikipedia.search.SearchResultsFragment: void clearResults()>
05-06 02:06:12.047  2686  2686 D GAPS    : METHOD=<org.wikipedia.search.SearchResultsViewModel: void clearResults()>
05-06 02:06:15.035  2686  2686 D GAPS    : METHOD=<org.wikipedia.search.SearchFragment$$ExternalSyntheticLambda6: void onClick(android.view.View)>
05-06 02:06:15.035  2686  2686 D GAPS    : METHOD=<org.wikipedia.search.SearchFragment: void $r8$lambda$STuEsbpKlbpaEurq1J_WJmgy5Bo(org.wikipedia.search.SearchFragment,android.view.View)>
05-06 02:06:15.035  2686  2686 D GAPS    : METHOD=<org.wikipedia.search.SearchFragment: void onCreateView$lambda$4(org.wikipedia.search.SearchFragment,android.view.View)>
05-06 02:06:15.035  2686  2686 D GAPS    : METHOD=<org.wikipedia.search.SearchFragment: void onSearchContainerClick()>
05-06 02:06:15.035  2686  2686 D GAPS    : METHOD=<androidx.appcompat.widget.ActionMenuView: boolean dispatchPopulateAccessibilityEvent(android.view.accessibility.AccessibilityEvent)>
05-06 02:06:15.680  2686  2686 D GAPS    : METHOD=<org.wikipedia.search.RecentSearchesFragment$$ExternalSyntheticLambda2: void onClick(android.view.View)>
05-06 02:06:15.680  2686  2686 D GAPS    : METHOD=<org.wikipedia.search.RecentSearchesFragment: void $r8$lambda$hwh_dxWtKwMi1xC6EOO6Gg989a0(org.wikipedia.search.RecentSearchesFragment,android.view.View)>
05-06 02:06:15.680  2686  2686 D GAPS    : METHOD=<org.wikipedia.search.RecentSearchesFragment: void onCreateView$lambda$3(org.wikipedia.search.RecentSearchesFragment,android.view.View)>
05-06 02:06:15.680  2686  2686 D GAPS    : METHOD=<org.wikipedia.search.RecentSearchesFragment: void onAddLangButtonClick()>
05-06 02:06:15.680  2686  2686 D GAPS    : METHOD=<org.wikipedia.search.SearchFragment: void onAddLanguageClicked()>
05-06 02:06:23.136  2686  2686 D GAPS    : METHOD=<org.wikipedia.search.SearchFragment$searchQueryListener$1: boolean onQueryTextChange(java.lang.String)>
05-06 02:06:23.137  2686  2686 D GAPS    : METHOD=<org.wikipedia.search.SearchFragment: org.wikipedia.databinding.FragmentSearchBinding access$getBinding(org.wikipedia.search.SearchFragment)>
05-06 02:06:23.138  2686  2686 D GAPS    : METHOD=<org.wikipedia.search.SearchFragment: void access$startSearch(org.wikipedia.search.SearchFragment,java.lang.String,boolean)>
05-06 02:06:23.138  2686  2686 D GAPS    : METHOD=<org.wikipedia.search.SearchFragment: int getActivePanel()>
05-06 02:06:23.138  2686  2686 D GAPS    : METHOD=<org.wikipedia.search.SearchResultsFragment: boolean isShowing()>
05-06 02:06:23.139  2686  2686 D GAPS    : METHOD=<org.wikipedia.search.RecentSearchesFragment: void hide()>
05-06 02:06:23.139  2686  2686 D GAPS    : METHOD=<org.wikipedia.search.SearchResultsFragment: void show()>
05-06 02:06:23.155  2686  2686 D GAPS    : METHOD=<androidx.paging.PagingDataAdapter: void refresh()>
05-06 02:06:23.155  2686  2686 D GAPS    : METHOD=<androidx.paging.AsyncPagingDataDiffer: void refresh()>
05-06 02:06:23.155  2686  2686 D GAPS    : METHOD=<androidx.paging.PagingDataDiffer: void refresh()>
05-06 02:06:23.155  2686  2686 D GAPS    : METHOD=<androidx.paging.PageFetcher$PagerUiReceiver: void refresh()>
05-06 02:06:23.155  2686  2686 D GAPS    : METHOD=<androidx.paging.PageFetcher: void refresh()>
05-06 02:06:23.155  2686  2686 D GAPS    : METHOD=<androidx.paging.ConflatedEventBus: void send(java.lang.Object)>
05-06 02:06:23.155  2686  2686 D GAPS    : METHOD=<kotlin.Pair: boolean equals(java.lang.Object)>
05-06 02:06:23.156  2686  2686 D GAPS    : METHOD=<androidx.paging.PageFetcherSnapshot: androidx.paging.PagingSource getPagingSource$paging_common()>
05-06 02:06:23.156  2686  2686 D GAPS    : CLASS=androidx.paging.PageFetcher$generateNewPagingSource$4
05-06 02:06:23.156  2686  2686 D GAPS    : METHOD=<androidx.paging.PageFetcher$generateNewPagingSource$4: void <init>(java.lang.Object)>
05-06 02:06:23.156  2686  2686 D GAPS    : METHOD=<androidx.paging.PagingSource: void unregisterInvalidatedCallback(kotlin.jvm.functions.Function0)>
05-06 02:06:23.157  2686  2686 D GAPS    : METHOD=<androidx.paging.InvalidateCallbackTracker: void unregisterInvalidatedCallback$paging_common(java.lang.Object)>
05-06 02:06:23.157  2686  2686 D GAPS    : METHOD=<kotlin.jvm.internal.FunctionReference: boolean equals(java.lang.Object)>
05-06 02:06:23.157  2686  2686 D GAPS    : METHOD=<kotlin.jvm.internal.CallableReference: java.lang.String getName()>
05-06 02:06:23.157  2686  2686 D GAPS    : METHOD=<kotlin.jvm.internal.CallableReference: java.lang.String getSignature()>
05-06 02:06:23.157  2686  2686 D GAPS    : METHOD=<kotlin.jvm.internal.CallableReference: java.lang.Object getBoundReceiver()>
05-06 02:06:23.157  2686  2686 D GAPS    : METHOD=<kotlin.jvm.internal.CallableReference: kotlin.reflect.KDeclarationContainer getOwner()>
05-06 02:06:23.157  2686  2686 D GAPS    : METHOD=<kotlin.jvm.internal.ClassReference: boolean equals(java.lang.Object)>
05-06 02:06:23.157  2686  2686 D GAPS    : METHOD=<kotlin.jvm.JvmClassMappingKt: java.lang.Class getJavaObjectType(kotlin.reflect.KClass)>
05-06 02:06:23.157  2686  2686 D GAPS    : METHOD=<androidx.paging.PagingSource: void invalidate()>
05-06 02:06:23.157  2686  2686 D GAPS    : METHOD=<androidx.paging.InvalidateCallbackTracker: boolean invalidate$paging_common()>
05-06 02:06:23.157  2686  2686 D GAPS    : METHOD=<androidx.paging.PageFetcherSnapshot: java.lang.Object currentPagingState(kotlin.coroutines.Continuation)>
05-06 02:06:23.157  2686  2686 D GAPS    : CLASS=androidx.paging.PageFetcherSnapshot$currentPagingState$1
05-06 02:06:23.157  2686  2686 D GAPS    : METHOD=<androidx.paging.PageFetcherSnapshot$currentPagingState$1: void <init>(androidx.paging.PageFetcherSnapshot,kotlin.coroutines.Continuation)>
05-06 02:06:23.158  2686  2686 D GAPS    : METHOD=<androidx.paging.HintHandler: androidx.paging.ViewportHint$Access getLastAccessHint()>
05-06 02:06:23.158  2686  2686 D GAPS    : METHOD=<androidx.paging.HintHandler$State: androidx.paging.ViewportHint$Access getLastAccessHint()>
05-06 02:06:23.158  2686  2686 D GAPS    : METHOD=<androidx.paging.PageFetcherSnapshotState: androidx.paging.PagingState currentPagingState$paging_common(androidx.paging.ViewportHint$Access)>
05-06 02:06:23.158  2686  2686 D GAPS    : CLASS=androidx.paging.PagingState
05-06 02:06:23.158  2686  2686 D GAPS    : METHOD=<androidx.paging.PagingState: void <init>(java.util.List,java.lang.Integer,androidx.paging.PagingConfig,int)>
05-06 02:06:23.158  2686  2686 D GAPS    : METHOD=<androidx.paging.PagingState: java.util.List getPages()>
05-06 02:06:23.158  2686  2686 D GAPS    : METHOD=<androidx.paging.PagingState: java.lang.Integer getAnchorPosition()>
05-06 02:06:23.158  2686  2686 D GAPS    : METHOD=<androidx.paging.PageFetcher$GenerationInfo: androidx.paging.PagingState getState()>
05-06 02:06:23.158  2686  2686 D GAPS    : METHOD=<org.wikipedia.search.SearchResultsViewModel$SearchResultsPagingSource: java.lang.Object getRefreshKey(androidx.paging.PagingState)>
05-06 02:06:23.158  2686  2686 D GAPS    : METHOD=<org.wikipedia.search.SearchResultsViewModel$SearchResultsPagingSource: org.wikipedia.dataclient.mwapi.MwQueryResponse$Continuation getRefreshKey(androidx.paging.PagingState)>
05-06 02:06:23.158  2686  2686 D GAPS    : METHOD=<androidx.paging.PageFetcherSnapshot: void close()>
05-06 02:06:23.159  2686  2686 D GAPS    : METHOD=<androidx.paging.CancelableChannelFlowKt$cancelableChannelFlow$1$1: java.lang.Object invoke(java.lang.Object)>
05-06 02:06:23.159  2686  2686 D GAPS    : METHOD=<androidx.paging.CancelableChannelFlowKt$cancelableChannelFlow$1$1: void invoke(java.lang.Throwable)>
05-06 02:06:23.159  2686  2686 D GAPS    : METHOD=<kotlinx.coroutines.channels.SendChannel$DefaultImpls: boolean close$default(kotlinx.coroutines.channels.SendChannel,java.lang.Throwable,int,java.lang.Object)>
05-06 02:06:23.159  2686  2686 D GAPS    : METHOD=<androidx.paging.SimpleProducerScopeImpl: boolean close(java.lang.Throwable)>
05-06 02:06:23.163  2686  2686 D GAPS    : METHOD=<kotlin.collections.ArrayDeque$Companion: int newCapacity$kotlin_stdlib(int,int)>
05-06 02:06:23.163  2686  2686 D GAPS    : METHOD=<kotlin.collections.ArrayDeque: void copyElements(int)>
05-06 02:06:23.168  2686  2686 D GAPS    : METHOD=<kotlinx.coroutines.channels.ProducerCoroutine: void onCompleted(java.lang.Object)>
05-06 02:06:23.168  2686  2686 D GAPS    : METHOD=<kotlinx.coroutines.channels.ProducerCoroutine: void onCompleted(kotlin.Unit)>
05-06 02:06:23.168  2686  2686 D GAPS    : METHOD=<kotlinx.coroutines.channels.BufferedChannel: int updateCellSendSlow(kotlinx.coroutines.channels.ChannelSegment,int,java.lang.Object,long,java.lang.Object,boolean)>
05-06 02:06:23.169  2686  2686 D GAPS    : METHOD=<kotlinx.coroutines.channels.ChannelCoroutine: void cancelInternal(java.lang.Throwable)>
05-06 02:06:23.169  2686  2686 D GAPS    : METHOD=<kotlinx.coroutines.JobSupport: boolean cancelCoroutine(java.lang.Throwable)>
05-06 02:06:23.212  2686  2686 D GAPS    : METHOD=<kotlinx.coroutines.android.HandlerContext$$ExternalSyntheticLambda0: void dispose()>
05-06 02:06:23.212  2686  2686 D GAPS    : METHOD=<kotlinx.coroutines.android.HandlerContext: void $r8$lambda$uWNO1FUkgOtv52K5-E4QlFYJYR0(kotlinx.coroutines.android.HandlerContext,java.lang.Runnable)>
05-06 02:06:23.212  2686  2686 D GAPS    : METHOD=<kotlinx.coroutines.android.HandlerContext: void invokeOnTimeout$lambda$3(kotlinx.coroutines.android.HandlerContext,java.lang.Runnable)>
05-06 02:06:23.285  2686  2686 D GAPS    : METHOD=<org.wikipedia.search.SearchFragment$searchQueryListener$1: boolean onQueryTextSubmit(java.lang.String)>
05-06 02:06:23.473  2686  2686 D GAPS    : METHOD=<androidx.paging.CachedPagingDataKt$cachedIn$2: java.lang.Object invoke(java.lang.Object,java.lang.Object,java.lang.Object)>
05-06 02:06:23.473  2686  2686 D GAPS    : METHOD=<androidx.paging.CachedPagingDataKt$cachedIn$2: java.lang.Object invoke(androidx.paging.MulticastedPagingData,androidx.paging.MulticastedPagingData,kotlin.coroutines.Continuation)>
05-06 02:06:23.473  2686  2686 D GAPS    : METHOD=<androidx.paging.CachedPagingDataKt$cachedIn$2: java.lang.Object invokeSuspend(java.lang.Object)>
05-06 02:06:23.473  2686  2686 D GAPS    : METHOD=<androidx.paging.MulticastedPagingData: java.lang.Object close(kotlin.coroutines.Continuation)>
05-06 02:06:23.473  2686  2686 D GAPS    : METHOD=<androidx.paging.CachedPageEventFlow: void close()>
05-06 02:06:23.480  2686  2686 D GAPS    : METHOD=<androidx.recyclerview.widget.ConcatAdapterController: int countItemsBefore(androidx.recyclerview.widget.NestedAdapterWrapper)>
05-06 02:06:23.480  2686  2686 D GAPS    : METHOD=<androidx.recyclerview.widget.RecyclerView$Adapter: void notifyItemRangeRemoved(int,int)>
05-06 02:06:23.480  2686  2686 D GAPS    : METHOD=<androidx.recyclerview.widget.NestedAdapterWrapper: void dispose()>
05-06 02:06:23.480  2686  2686 D GAPS    : METHOD=<androidx.recyclerview.widget.ViewTypeStorage$IsolatedViewTypeStorage$WrapperViewTypeLookup: void dispose()>
05-06 02:06:23.480  2686  2686 D GAPS    : METHOD=<androidx.recyclerview.widget.ViewTypeStorage$IsolatedViewTypeStorage: void removeWrapper(androidx.recyclerview.widget.NestedAdapterWrapper)>
05-06 02:06:23.482  2686  2686 D GAPS    : CLASS=org.wikipedia.search.SearchResultsViewModel$SearchResultsPagingSource$load$2
05-06 02:06:23.482  2686  2686 D GAPS    : METHOD=<org.wikipedia.search.SearchResultsViewModel$SearchResultsPagingSource$load$2: void <init>(org.wikipedia.search.SearchResultsViewModel$SearchResultsPagingSource,java.util.List,kotlin.coroutines.Continuation)>
05-06 02:06:23.482  2686  2686 D GAPS    : METHOD=<org.wikipedia.search.SearchResultsViewModel$SearchResultsPagingSource$load$2: kotlin.coroutines.Continuation create(java.lang.Object,kotlin.coroutines.Continuation)>
05-06 02:06:23.483  2686  3188 D GAPS    : METHOD=<org.wikipedia.search.SearchResultsViewModel$SearchResultsPagingSource$load$2: java.lang.Object invokeSuspend(java.lang.Object)>
05-06 02:06:23.483  2686  3188 D GAPS    : CLASS=org.wikipedia.search.SearchResultsViewModel$SearchResultsPagingSource$load$2$1
05-06 02:06:23.483  2686  3188 D GAPS    : METHOD=<org.wikipedia.search.SearchResultsViewModel$SearchResultsPagingSource$load$2$1: void <init>(org.wikipedia.search.SearchResultsViewModel$SearchResultsPagingSource,kotlin.coroutines.Continuation)>
05-06 02:06:23.483  2686  3188 D GAPS    : METHOD=<kotlinx.coroutines.BuildersKt: kotlinx.coroutines.Deferred async$default(kotlinx.coroutines.CoroutineScope,kotlin.coroutines.CoroutineContext,kotlinx.coroutines.CoroutineStart,kotlin.jvm.functions.Function2,int,java.lang.Object)>
05-06 02:06:23.483  2686  3188 D GAPS    : METHOD=<kotlinx.coroutines.BuildersKt__Builders_commonKt: kotlinx.coroutines.Deferred async$default(kotlinx.coroutines.CoroutineScope,kotlin.coroutines.CoroutineContext,kotlinx.coroutines.CoroutineStart,kotlin.jvm.functions.Function2,int,java.lang.Object)>
05-06 02:06:23.483  2686  3188 D GAPS    : METHOD=<kotlinx.coroutines.BuildersKt: kotlinx.coroutines.Deferred async(kotlinx.coroutines.CoroutineScope,kotlin.coroutines.CoroutineContext,kotlinx.coroutines.CoroutineStart,kotlin.jvm.functions.Function2)>
05-06 02:06:23.483  2686  3188 D GAPS    : METHOD=<kotlinx.coroutines.BuildersKt__Builders_commonKt: kotlinx.coroutines.Deferred async(kotlinx.coroutines.CoroutineScope,kotlin.coroutines.CoroutineContext,kotlinx.coroutines.CoroutineStart,kotlin.jvm.functions.Function2)>
05-06 02:06:23.484  2686  3188 D GAPS    : CLASS=kotlinx.coroutines.DeferredCoroutine
05-06 02:06:23.484  2686  3188 D GAPS    : METHOD=<kotlinx.coroutines.DeferredCoroutine: void <init>(kotlin.coroutines.CoroutineContext,boolean)>
05-06 02:06:23.484  2686  3188 D GAPS    : METHOD=<org.wikipedia.search.SearchResultsViewModel$SearchResultsPagingSource$load$2$1: kotlin.coroutines.Continuation create(java.lang.Object,kotlin.coroutines.Continuation)>
05-06 02:06:23.484  2686  3188 D GAPS    : METHOD=<kotlinx.coroutines.scheduling.CoroutineScheduler$Worker: kotlinx.coroutines.scheduling.CoroutineScheduler access$getThis$0$p(kotlinx.coroutines.scheduling.CoroutineScheduler$Worker)>
05-06 02:06:23.484  2686  2686 D GAPS    : METHOD=<com.google.android.material.progressindicator.BaseProgressIndicator: void onMeasure(int,int)>
05-06 02:06:23.484  2686  3188 D GAPS    : METHOD=<kotlinx.coroutines.scheduling.WorkQueue: kotlinx.coroutines.scheduling.Task add(kotlinx.coroutines.scheduling.Task,boolean)>
05-06 02:06:23.484  2686  2686 D GAPS    : METHOD=<com.google.android.material.progressindicator.BaseProgressIndicator: com.google.android.material.progressindicator.DrawingDelegate getCurrentDrawingDelegate()>
05-06 02:06:23.484  2686  2686 D GAPS    : METHOD=<com.google.android.material.progressindicator.IndeterminateDrawable: com.google.android.material.progressindicator.DrawingDelegate getDrawingDelegate()>
05-06 02:06:23.484  2686  2686 D GAPS    : METHOD=<com.google.android.material.progressindicator.LinearDrawingDelegate: int getPreferredWidth()>
05-06 02:06:23.484  2686  3188 D GAPS    : CLASS=org.wikipedia.search.SearchResultsViewModel$SearchResultsPagingSource$load$2$2
05-06 02:06:23.484  2686  3188 D GAPS    : METHOD=<org.wikipedia.search.SearchResultsViewModel$SearchResultsPagingSource$load$2$2: void <init>(org.wikipedia.search.SearchResultsViewModel$SearchResultsPagingSource,kotlin.coroutines.Continuation)>
05-06 02:06:23.484  2686  2832 D GAPS    : METHOD=<org.wikipedia.search.SearchResultsViewModel$SearchResultsPagingSource$load$2$1: java.lang.Object invokeSuspend(java.lang.Object)>
05-06 02:06:23.484  2686  2832 D GAPS    : METHOD=<org.wikipedia.search.SearchResultsViewModel$SearchResultsPagingSource: java.lang.String access$getSearchTerm$p(org.wikipedia.search.SearchResultsViewModel$SearchResultsPagingSource)>
05-06 02:06:23.484  2686  3188 D GAPS    : METHOD=<org.wikipedia.search.SearchResultsViewModel$SearchResultsPagingSource$load$2$2: kotlin.coroutines.Continuation create(java.lang.Object,kotlin.coroutines.Continuation)>
05-06 02:06:23.484  2686  2832 D GAPS    : METHOD=<org.wikipedia.search.SearchResultsViewModel$SearchResultsPagingSource: org.wikipedia.search.SearchResults access$getSearchResultsFromTabs(org.wikipedia.search.SearchResultsViewModel$SearchResultsPagingSource,java.lang.String)>
05-06 02:06:23.484  2686  2686 D GAPS    : METHOD=<com.google.android.material.progressindicator.LinearProgressIndicator: void onSizeChanged(int,int,int,int)>
05-06 02:06:23.484  2686  2832 D GAPS    : METHOD=<org.wikipedia.search.SearchResultsViewModel$SearchResultsPagingSource: org.wikipedia.search.SearchResults getSearchResultsFromTabs(java.lang.String)>
05-06 02:06:23.484  2686  2832 D GAPS    : METHOD=<org.wikipedia.WikipediaApp: java.util.List getTabList()>
05-06 02:06:23.484  2686  2832 D GAPS    : METHOD=<org.wikipedia.page.tabs.Tab: org.wikipedia.page.PageTitle getBackStackPositionTitle()>
05-06 02:06:23.484  2686  2686 D GAPS    : METHOD=<com.google.android.material.progressindicator.LinearProgressIndicator: void onLayout(boolean,int,int,int,int)>
05-06 02:06:23.484  2686  3188 D GAPS    : CLASS=org.wikipedia.search.SearchResultsViewModel$SearchResultsPagingSource$load$2$3
05-06 02:06:23.484  2686  3188 D GAPS    : METHOD=<org.wikipedia.search.SearchResultsViewModel$SearchResultsPagingSource$load$2$3: void <init>(org.wikipedia.search.SearchResultsViewModel$SearchResultsPagingSource,kotlin.coroutines.Continuation)>
05-06 02:06:23.484  2686  2832 D GAPS    : CLASS=org.wikipedia.search.SearchResults
05-06 02:06:23.484  2686  3188 D GAPS    : METHOD=<org.wikipedia.search.SearchResultsViewModel$SearchResultsPagingSource$load$2$3: kotlin.coroutines.Continuation create(java.lang.Object,kotlin.coroutines.Continuation)>
05-06 02:06:23.484  2686  2832 D GAPS    : METHOD=<org.wikipedia.search.SearchResults: void <clinit>()>
05-06 02:06:23.485  2686  2832 D GAPS    : CLASS=org.wikipedia.search.SearchResults$Companion
05-06 02:06:23.485  2686  2832 D GAPS    : METHOD=<org.wikipedia.search.SearchResults$Companion: void <init>(kotlin.jvm.internal.DefaultConstructorMarker)>
05-06 02:06:23.485  2686  2832 D GAPS    : METHOD=<org.wikipedia.search.SearchResults$Companion: void <init>()>
05-06 02:06:23.485  2686  2720 D GAPS    : METHOD=<org.wikipedia.search.SearchResultsViewModel$SearchResultsPagingSource$load$2$2: java.lang.Object invokeSuspend(java.lang.Object)>
05-06 02:06:23.485  2686  2686 D GAPS    : METHOD=<androidx.recyclerview.widget.ConcatAdapter: int getItemCount()>
05-06 02:06:23.485  2686  3188 D GAPS    : METHOD=<kotlinx.coroutines.AwaitKt: java.lang.Object awaitAll(java.util.Collection,kotlin.coroutines.Continuation)>
05-06 02:06:23.485  2686  2832 D GAPS    : CLASS=org.wikipedia.search.SearchResult$$serializer
05-06 02:06:23.485  2686  2686 D GAPS    : METHOD=<androidx.recyclerview.widget.ConcatAdapterController: int getTotalCount()>
05-06 02:06:23.485  2686  2832 D GAPS    : METHOD=<org.wikipedia.search.SearchResult$$serializer: void <clinit>()>
05-06 02:06:23.485  2686  2832 D GAPS    : METHOD=<org.wikipedia.search.SearchResult$$serializer: void <init>()>
05-06 02:06:23.485  2686  3188 D GAPS    : CLASS=kotlinx.coroutines.AwaitAll
05-06 02:06:23.485  2686  3188 D GAPS    : METHOD=<kotlinx.coroutines.AwaitAll: void <clinit>()>
05-06 02:06:23.485  2686  3188 D GAPS    : METHOD=<kotlinx.coroutines.AwaitAll: void <init>(kotlinx.coroutines.Deferred[])>
05-06 02:06:23.485  2686  2720 D GAPS    : METHOD=<org.wikipedia.history.db.HistoryEntryWithImageDao_Impl: org.wikipedia.search.SearchResults findHistoryItem(java.lang.String)>
