--------- beginning of system
--------- beginning of main
05-06 04:40:00.891 30380 30380 D GAPS    : CLASS=com.smorgasbork.hotdeath.Main
05-06 04:40:00.891 30380 30380 D GAPS    : METHOD=<com.smorgasbork.hotdeath.Main: void <init>()>
05-06 04:40:00.894 30380 30380 D GAPS    : ACTIVITY=com.smorgasbork.hotdeath.Main
05-06 04:40:00.894 30380 30380 D GAPS    : METHOD=<com.smorgasbork.hotdeath.Main: void onCreate(android.os.Bundle)>
05-06 04:40:00.913 30380 30380 D GAPS    : METHOD=<com.smorgasbork.hotdeath.Main: void onResume()>
05-06 04:40:04.115 30380 30380 D GAPS    : METHOD=<com.smorgasbork.hotdeath.Main: void onClick(android.view.View)>
05-06 04:40:04.115 30380 30380 D GAPS    : METHOD=<com.smorgasbork.hotdeath.Main: android.app.Dialog onCreateDialog(int)>
05-06 04:40:04.117 30380 30380 D GAPS    : METHOD=<com.smorgasbork.hotdeath.Main: void onPrepareDialog(int,android.app.Dialog)>
05-06 04:40:10.462 30380 30380 D GAPS    : CLASS=com.smorgasbork.hotdeath.Prefs
05-06 04:40:10.462 30380 30380 D GAPS    : METHOD=<com.smorgasbork.hotdeath.Prefs: void <init>()>
05-06 04:40:10.463 30380 30380 D GAPS    : ACTIVITY=com.smorgasbork.hotdeath.Prefs
05-06 04:40:10.463 30380 30380 D GAPS    : METHOD=<com.smorgasbork.hotdeath.Prefs: void onCreate(android.os.Bundle)>
05-06 04:40:10.492 30380 30380 D GAPS    : METHOD=<com.smorgasbork.hotdeath.Prefs: void a(android.preference.Preference)>
05-06 04:40:10.492 30380 30380 D GAPS    : METHOD=<com.smorgasbork.hotdeath.Prefs: void b(android.preference.Preference)>
05-06 04:40:10.493 30380 30380 D GAPS    : METHOD=<com.smorgasbork.hotdeath.Prefs: void onResume()>
05-06 04:40:17.290 30380 30380 D GAPS    : METHOD=<com.smorgasbork.hotdeath.Prefs: void onSharedPreferenceChanged(android.content.SharedPreferences,java.lang.String)>
05-06 04:40:53.545 30380 30380 D GAPS    : METHOD=<com.smorgasbork.hotdeath.Prefs: void onPause()>
05-06 04:41:00.695 30380 30380 D GAPS    : CLASS=com.smorgasbork.hotdeath.GameActivity
05-06 04:41:00.695 30380 30380 D GAPS    : METHOD=<com.smorgasbork.hotdeath.GameActivity: void <init>()>
05-06 04:41:00.697 30380 30380 D GAPS    : ACTIVITY=com.smorgasbork.hotdeath.GameActivity
05-06 04:41:00.697 30380 30380 D GAPS    : METHOD=<com.smorgasbork.hotdeath.GameActivity: void onCreate(android.os.Bundle)>
05-06 04:41:00.697 30380 30380 D GAPS    : CLASS=com.smorgasbork.hotdeath.g
05-06 04:41:00.697 30380 30380 D GAPS    : METHOD=<com.smorgasbork.hotdeath.g: void <init>(com.smorgasbork.hotdeath.GameActivity)>
05-06 04:41:00.697 30380 30380 D GAPS    : CLASS=com.smorgasbork.hotdeath.f
05-06 04:41:00.697 30380 30380 D GAPS    : METHOD=<com.smorgasbork.hotdeath.f: void <init>(com.smorgasbork.hotdeath.GameActivity,com.smorgasbork.hotdeath.g)>
05-06 04:41:00.697 30380 30380 D GAPS    : METHOD=<com.smorgasbork.hotdeath.g: boolean b()>
05-06 04:41:00.697 30380 30380 D GAPS    : METHOD=<com.smorgasbork.hotdeath.Prefs: boolean c(android.content.Context)>
05-06 04:41:00.698 30380 30380 D GAPS    : CLASS=com.smorgasbork.hotdeath.e
05-06 04:41:00.699 30380 30380 D GAPS    : METHOD=<com.smorgasbork.hotdeath.e: void <init>(com.smorgasbork.hotdeath.f,com.smorgasbork.hotdeath.g)>
05-06 04:41:00.699 30380 30380 D GAPS    : CLASS=com.smorgasbork.hotdeath.l
05-06 04:41:00.699 30380 30380 D GAPS    : METHOD=<com.smorgasbork.hotdeath.l: void <init>(com.smorgasbork.hotdeath.f,com.smorgasbork.hotdeath.g)>
05-06 04:41:00.699 30380 30380 D GAPS    : METHOD=<com.smorgasbork.hotdeath.l: void c(int)>
05-06 04:41:00.699 30380 30380 D GAPS    : METHOD=<com.smorgasbork.hotdeath.l: void a(com.smorgasbork.hotdeath.l)>
05-06 04:41:00.699 30380 30380 D GAPS    : METHOD=<com.smorgasbork.hotdeath.l: void b(com.smorgasbork.hotdeath.l)>
05-06 04:41:00.699 30380 30380 D GAPS    : CLASS=com.smorgasbork.hotdeath.h
05-06 04:41:00.699 30380 30380 D GAPS    : METHOD=<com.smorgasbork.hotdeath.h: void <init>(android.content.Context,com.smorgasbork.hotdeath.f,com.smorgasbork.hotdeath.g)>
05-06 04:41:00.699 30380 30380 D GAPS    : CLASS=com.smorgasbork.hotdeath.h$a
05-06 04:41:00.699 30380 30380 D GAPS    : METHOD=<com.smorgasbork.hotdeath.h$a: void <init>(com.smorgasbork.hotdeath.h)>
05-06 04:41:00.713 30380 30380 D GAPS    : METHOD=<com.smorgasbork.hotdeath.f: void a(com.smorgasbork.hotdeath.h)>
05-06 04:41:00.714 30380 30380 D GAPS    : METHOD=<com.smorgasbork.hotdeath.h: void l()>
05-06 04:41:00.716 30380 30380 D GAPS    : CLASS=com.smorgasbork.hotdeath.a
05-06 04:41:00.716 30380 30380 D GAPS    : METHOD=<com.smorgasbork.hotdeath.a: void <init>(int,int,int,int,int,double)>
05-06 04:41:00.716 30380 30380 D GAPS    : METHOD=<com.smorgasbork.hotdeath.a: void <init>(int,int,int,int,int)>
05-06 04:41:00.772 30380 30380 D GAPS    : METHOD=<com.smorgasbork.hotdeath.g: boolean d()>
05-06 04:41:00.772 30380 30380 D GAPS    : METHOD=<com.smorgasbork.hotdeath.Prefs: java.lang.String a(android.content.Context)>
05-06 04:41:00.779 30380 30380 D GAPS    : METHOD=<com.smorgasbork.hotdeath.a: void <init>(int,int,int,int,int,double,int)>
05-06 04:41:00.784 30380 30380 D GAPS    : METHOD=<com.smorgasbork.hotdeath.a: void <init>(int,int,int,int,int,double,int,int)>
05-06 04:41:00.809 30380 30380 D GAPS    : CLASS=com.smorgasbork.hotdeath.GameActivity$a
05-06 04:41:00.809 30380 30380 D GAPS    : METHOD=<com.smorgasbork.hotdeath.GameActivity$a: void <init>(com.smorgasbork.hotdeath.GameActivity)>
05-06 04:41:00.811 30380 30380 D GAPS    : CLASS=com.smorgasbork.hotdeath.GameActivity$b
05-06 04:41:00.811 30380 30380 D GAPS    : METHOD=<com.smorgasbork.hotdeath.GameActivity$b: void <init>(com.smorgasbork.hotdeath.GameActivity)>
05-06 04:41:00.811 30380 30380 D GAPS    : CLASS=com.smorgasbork.hotdeath.GameActivity$c
05-06 04:41:00.811 30380 30380 D GAPS    : METHOD=<com.smorgasbork.hotdeath.GameActivity$c: void <init>(com.smorgasbork.hotdeath.GameActivity)>
05-06 04:41:00.811 30380 30380 D GAPS    : CLASS=com.smorgasbork.hotdeath.GameActivity$d
05-06 04:41:00.811 30380 30380 D GAPS    : METHOD=<com.smorgasbork.hotdeath.GameActivity$d: void <init>(com.smorgasbork.hotdeath.GameActivity)>
05-06 04:41:00.811 30380 30380 D GAPS    : METHOD=<com.smorgasbork.hotdeath.h: void setBottomMargin(int)>
05-06 04:41:00.812 30380 30380 D GAPS    : METHOD=<com.smorgasbork.hotdeath.h: void f()>
05-06 04:41:00.812 30380 30380 D GAPS    : METHOD=<com.smorgasbork.hotdeath.GameActivity: void onResume()>
05-06 04:41:00.812 30380 30380 D GAPS    : METHOD=<com.smorgasbork.hotdeath.f: void P()>
05-06 04:41:00.835 30380 30380 D GAPS    : METHOD=<com.smorgasbork.hotdeath.h: void onSizeChanged(int,int,int,int)>
05-06 04:41:00.836 30380 30520 D GAPS    : METHOD=<com.smorgasbork.hotdeath.f: void run()>
05-06 04:41:00.836 30380 30520 D GAPS    : METHOD=<com.smorgasbork.hotdeath.f: void M()>
05-06 04:41:00.836 30380 30520 D GAPS    : METHOD=<com.smorgasbork.hotdeath.f: void H()>
05-06 04:41:00.836 30380 30520 D GAPS    : METHOD=<com.smorgasbork.hotdeath.l: void t()>
05-06 04:41:00.836 30380 30520 D GAPS    : METHOD=<com.smorgasbork.hotdeath.l: void v()>
05-06 04:41:00.836 30380 30520 D GAPS    : CLASS=com.smorgasbork.hotdeath.i
05-06 04:41:00.836 30380 30520 D GAPS    : METHOD=<com.smorgasbork.hotdeath.i: void <init>(com.smorgasbork.hotdeath.l)>
05-06 04:41:00.836 30380 30520 D GAPS    : METHOD=<com.smorgasbork.hotdeath.f: void N()>
05-06 04:41:00.836 30380 30380 D GAPS    : METHOD=<com.smorgasbork.hotdeath.h: void onDraw(android.graphics.Canvas)>
05-06 04:41:00.836 30380 30380 D GAPS    : METHOD=<com.smorgasbork.hotdeath.f: int h()>
05-06 04:41:00.836 30380 30380 D GAPS    : METHOD=<com.smorgasbork.hotdeath.f: int o()>
05-06 04:41:00.837 30380 30520 D GAPS    : METHOD=<com.smorgasbork.hotdeath.f: void V()>
05-06 04:41:00.837 30380 30520 D GAPS    : METHOD=<com.smorgasbork.hotdeath.f: void I()>
05-06 04:41:00.837 30380 30520 D GAPS    : CLASS=com.smorgasbork.hotdeath.b
05-06 04:41:00.837 30380 30520 D GAPS    : METHOD=<com.smorgasbork.hotdeath.b: void <init>()>
05-06 04:41:00.837 30380 30520 D GAPS    : CLASS=com.smorgasbork.hotdeath.d
05-06 04:41:00.837 30380 30520 D GAPS    : METHOD=<com.smorgasbork.hotdeath.d: void <init>()>
05-06 04:41:00.837 30380 30520 D GAPS    : METHOD=<com.smorgasbork.hotdeath.l: com.smorgasbork.hotdeath.l j()>
05-06 04:41:00.837 30380 30520 D GAPS    : CLASS=com.smorgasbork.hotdeath.k
05-06 04:41:00.837 30380 30520 D GAPS    : METHOD=<com.smorgasbork.hotdeath.k: void <init>()>
05-06 04:41:00.837 30380 30520 D GAPS    : METHOD=<com.smorgasbork.hotdeath.k: void g()>
05-06 04:41:00.837 30380 30520 D GAPS    : METHOD=<com.smorgasbork.hotdeath.g: boolean m()>
05-06 04:41:00.837 30380 30520 D GAPS    : METHOD=<com.smorgasbork.hotdeath.g: boolean e()>
05-06 04:41:00.837 30380 30520 D GAPS    : METHOD=<com.smorgasbork.hotdeath.Prefs: boolean l(android.content.Context)>
05-06 04:41:00.837 30380 30520 D GAPS    : METHOD=<com.smorgasbork.hotdeath.b: void a(boolean,boolean)>
05-06 04:41:00.837 30380 30520 D GAPS    : METHOD=<com.smorgasbork.hotdeath.b: void c()>
05-06 04:41:00.837 30380 30520 D GAPS    : METHOD=<com.smorgasbork.hotdeath.a: void a(boolean)>
05-06 04:41:00.837 30380 30520 D GAPS    : METHOD=<com.smorgasbork.hotdeath.b: void b(int)>
05-06 04:41:00.837 30380 30520 D GAPS    : METHOD=<com.smorgasbork.hotdeath.l: com.smorgasbork.hotdeath.i f()>
05-06 04:41:00.838 30380 30520 D GAPS    : METHOD=<com.smorgasbork.hotdeath.i: void c()>
05-06 04:41:00.838 30380 30520 D GAPS    : METHOD=<com.smorgasbork.hotdeath.l: int k()>
05-06 04:41:00.838 30380 30520 D GAPS    : METHOD=<com.smorgasbork.hotdeath.f: void c()>
05-06 04:41:00.838 30380 30520 D GAPS    : METHOD=<com.smorgasbork.hotdeath.f: java.lang.String b(int)>
05-06 04:41:00.838 30380 30520 D GAPS    : METHOD=<com.smorgasbork.hotdeath.l: int n()>
05-06 04:41:00.838 30380 30520 D GAPS    : METHOD=<com.smorgasbork.hotdeath.f: java.lang.String e(int)>
05-06 04:41:00.838 30380 30520 D GAPS    : METHOD=<com.smorgasbork.hotdeath.f: void a(java.lang.String)>
05-06 04:41:00.838 30380 30520 D GAPS    : METHOD=<com.smorgasbork.hotdeath.f: void a(java.lang.String,boolean)>
05-06 04:41:00.838 30380 30520 D GAPS    : CLASS=com.smorgasbork.hotdeath.f$g
05-06 04:41:00.838 30380 30520 D GAPS    : METHOD=<com.smorgasbork.hotdeath.f$g: void <init>(com.smorgasbork.hotdeath.f,java.lang.String)>
05-06 04:41:00.838 30380 30520 D GAPS    : METHOD=<com.smorgasbork.hotdeath.f: void Q()>
05-06 04:41:00.838 30380 30520 D GAPS    : METHOD=<com.smorgasbork.hotdeath.f: int n()>
05-06 04:41:00.838 30380 30520 D GAPS    : METHOD=<com.smorgasbork.hotdeath.l: boolean d()>
05-06 04:41:00.838 30380 30520 D GAPS    : METHOD=<com.smorgasbork.hotdeath.g: int l()>
05-06 04:41:00.838 30380 30520 D GAPS    : METHOD=<com.smorgasbork.hotdeath.Prefs: int e(android.content.Context)>
05-06 04:41:00.843 30380 30380 D GAPS    : METHOD=<com.smorgasbork.hotdeath.f$g: void run()>
05-06 04:41:00.843 30380 30380 D GAPS    : METHOD=<com.smorgasbork.hotdeath.f: com.smorgasbork.hotdeath.h a(com.smorgasbork.hotdeath.f)>
05-06 04:41:00.843 30380 30380 D GAPS    : METHOD=<com.smorgasbork.hotdeath.h: void a(java.lang.String)>
05-06 04:41:02.038 30380 30520 D GAPS    : METHOD=<com.smorgasbork.hotdeath.b: com.smorgasbork.hotdeath.a a(int)>
05-06 04:41:02.039 30380 30520 D GAPS    : METHOD=<com.smorgasbork.hotdeath.e: void a(com.smorgasbork.hotdeath.a)>
05-06 04:41:02.039 30380 30520 D GAPS    : METHOD=<com.smorgasbork.hotdeath.l: void a(com.smorgasbork.hotdeath.a)>
05-06 04:41:02.039 30380 30520 D GAPS    : METHOD=<com.smorgasbork.hotdeath.i: void a(com.smorgasbork.hotdeath.a)>
05-06 04:41:02.039 30380 30520 D GAPS    : METHOD=<com.smorgasbork.hotdeath.a: void a(com.smorgasbork.hotdeath.i)>
05-06 04:41:02.039 30380 30520 D GAPS    : METHOD=<com.smorgasbork.hotdeath.e: void B()>
05-06 04:41:02.039 30380 30520 D GAPS    : METHOD=<com.smorgasbork.hotdeath.g: int f()>
05-06 04:41:02.039 30380 30520 D GAPS    : METHOD=<com.smorgasbork.hotdeath.Prefs: int f(android.content.Context)>
05-06 04:41:02.039 30380 30520 D GAPS    : METHOD=<com.smorgasbork.hotdeath.g: int g()>
05-06 04:41:02.039 30380 30520 D GAPS    : METHOD=<com.smorgasbork.hotdeath.Prefs: int g(android.content.Context)>
05-06 04:41:02.039 30380 30520 D GAPS    : METHOD=<com.smorgasbork.hotdeath.g: int h()>
05-06 04:41:02.039 30380 30520 D GAPS    : METHOD=<com.smorgasbork.hotdeath.Prefs: int h(android.content.Context)>
05-06 04:41:02.039 30380 30520 D GAPS    : METHOD=<com.smorgasbork.hotdeath.g: int i()>
05-06 04:41:02.039 30380 30520 D GAPS    : METHOD=<com.smorgasbork.hotdeath.Prefs: int i(android.content.Context)>
05-06 04:41:02.039 30380 30520 D GAPS    : METHOD=<com.smorgasbork.hotdeath.g: int j()>
05-06 04:41:02.039 30380 30520 D GAPS    : METHOD=<com.smorgasbork.hotdeath.Prefs: int j(android.content.Context)>
05-06 04:41:02.039 30380 30520 D GAPS    : METHOD=<com.smorgasbork.hotdeath.g: int k()>
05-06 04:41:02.039 30380 30520 D GAPS    : METHOD=<com.smorgasbork.hotdeath.Prefs: int k(android.content.Context)>
05-06 04:41:02.039 30380 30520 D GAPS    : METHOD=<com.smorgasbork.hotdeath.g: int a()>
05-06 04:41:02.039 30380 30520 D GAPS    : METHOD=<com.smorgasbork.hotdeath.Prefs: int b(android.content.Context)>
05-06 04:41:02.039 30380 30520 D GAPS    : METHOD=<com.smorgasbork.hotdeath.b: int b()>
05-06 04:41:02.039 30380 30520 D GAPS    : METHOD=<com.smorgasbork.hotdeath.a: int f()>
05-06 04:41:02.039 30380 30520 D GAPS    : METHOD=<com.smorgasbork.hotdeath.d: void a(com.smorgasbork.hotdeath.a)>
05-06 04:41:02.039 30380 30520 D GAPS    : METHOD=<com.smorgasbork.hotdeath.i: com.smorgasbork.hotdeath.a d(com.smorgasbork.hotdeath.a)>
05-06 04:41:02.040 30380 30520 D GAPS    : METHOD=<com.smorgasbork.hotdeath.f: void d(com.smorgasbork.hotdeath.i)>
05-06 04:41:02.040 30380 30520 D GAPS    : METHOD=<com.smorgasbork.hotdeath.b: com.smorgasbork.hotdeath.a[] a()>
05-06 04:41:02.040 30380 30520 D GAPS    : METHOD=<com.smorgasbork.hotdeath.g: boolean c()>
05-06 04:41:02.040 30380 30520 D GAPS    : METHOD=<com.smorgasbork.hotdeath.Prefs: boolean d(android.content.Context)>
05-06 04:41:02.040 30380 30520 D GAPS    : METHOD=<com.smorgasbork.hotdeath.a: com.smorgasbork.hotdeath.i e()>
05-06 04:41:02.040 30380 30520 D GAPS    : METHOD=<com.smorgasbork.hotdeath.a: boolean d()>
05-06 04:41:02.040 30380 30520 D GAPS    : METHOD=<com.smorgasbork.hotdeath.i: void a(com.smorgasbork.hotdeath.a[])>
05-06 04:41:02.040 30380 30520 D GAPS    : METHOD=<com.smorgasbork.hotdeath.f: void R()>
05-06 04:41:02.041 30380 30520 D GAPS    : METHOD=<com.smorgasbork.hotdeath.d: com.smorgasbork.hotdeath.a a()>
05-06 04:41:02.041 30380 30520 D GAPS    : METHOD=<com.smorgasbork.hotdeath.a: int a()>
05-06 04:41:02.041 30380 30520 D GAPS    : METHOD=<com.smorgasbork.hotdeath.f: void S()>
05-06 04:41:02.041 30380 30520 D GAPS    : CLASS=com.smorgasbork.hotdeath.f$a
05-06 04:41:02.041 30380 30520 D GAPS    : METHOD=<com.smorgasbork.hotdeath.f$a: void <init>(com.smorgasbork.hotdeath.f)>
05-06 04:41:02.041 30380 30520 D GAPS    : METHOD=<com.smorgasbork.hotdeath.f: boolean a(com.smorgasbork.hotdeath.i)>
05-06 04:41:02.041 30380 30520 D GAPS    : METHOD=<com.smorgasbork.hotdeath.i: int b()>
05-06 04:41:02.041 30380 30380 D GAPS    : METHOD=<com.smorgasbork.hotdeath.f$a: void run()>
05-06 04:41:02.041 30380 30520 D GAPS    : METHOD=<com.smorgasbork.hotdeath.i: com.smorgasbork.hotdeath.a b(int)>
05-06 04:41:02.041 30380 30380 D GAPS    : METHOD=<com.smorgasbork.hotdeath.h: void d()>
05-06 04:41:02.041 30380 30520 D GAPS    : METHOD=<com.smorgasbork.hotdeath.f: void T()>
05-06 04:41:02.041 30380 30520 D GAPS    : METHOD=<com.smorgasbork.hotdeath.f: org.json.JSONObject O()>
05-06 04:41:02.041 30380 30520 D GAPS    : METHOD=<com.smorgasbork.hotdeath.a: int c()>
05-06 04:41:02.041 30380 30520 D GAPS    : METHOD=<com.smorgasbork.hotdeath.b: org.json.JSONObject d()>
05-06 04:41:02.041 30380 30520 D GAPS    : METHOD=<com.smorgasbork.hotdeath.a: org.json.JSONObject i()>
05-06 04:41:02.042 30380 30520 D GAPS    : METHOD=<com.smorgasbork.hotdeath.d: org.json.JSONObject d()>
05-06 04:41:02.042 30380 30520 D GAPS    : METHOD=<com.smorgasbork.hotdeath.k: org.json.JSONObject h()>
05-06 04:41:02.042 30380 30520 D GAPS    : METHOD=<com.smorgasbork.hotdeath.l: org.json.JSONObject y()>
05-06 04:41:02.042 30380 30520 D GAPS    : METHOD=<com.smorgasbork.hotdeath.i: org.json.JSONObject d()>
05-06 04:41:02.042 30380 30520 D GAPS    : METHOD=<com.smorgasbork.hotdeath.f: boolean a()>
05-06 04:41:02.042 30380 30520 D GAPS    : METHOD=<com.smorgasbork.hotdeath.f: void c(boolean)>
05-06 04:41:02.042 30380 30520 D GAPS    : CLASS=com.smorgasbork.hotdeath.f$c
05-06 04:41:02.042 30380 30520 D GAPS    : METHOD=<com.smorgasbork.hotdeath.f$c: void <init>(com.smorgasbork.hotdeath.f,boolean)>
05-06 04:41:02.042 30380 30520 D GAPS    : METHOD=<com.smorgasbork.hotdeath.e: void x()>
05-06 04:41:02.052 30380 30380 D GAPS    : METHOD=<com.smorgasbork.hotdeath.h: void a(android.graphics.Canvas)>
05-06 04:41:02.052 30380 30380 D GAPS    : METHOD=<com.smorgasbork.hotdeath.f: boolean w()>
05-06 04:41:02.052 30380 30380 D GAPS    : METHOD=<com.smorgasbork.hotdeath.f: com.smorgasbork.hotdeath.l a(int)>
05-06 04:41:02.052 30380 30380 D GAPS    : METHOD=<com.smorgasbork.hotdeath.l: int o()>
05-06 04:41:02.052 30380 30380 D GAPS    : METHOD=<com.smorgasbork.hotdeath.h: void a(android.graphics.Canvas,int)>
05-06 04:41:02.052 30380 30380 D GAPS    : METHOD=<com.smorgasbork.hotdeath.h: void a(android.graphics.Canvas,com.smorgasbork.hotdeath.a,int,int,boolean)>
05-06 04:41:02.053 30380 30380 D GAPS    : METHOD=<com.smorgasbork.hotdeath.f: com.smorgasbork.hotdeath.l i()>
05-06 04:41:02.053 30380 30380 D GAPS    : METHOD=<com.smorgasbork.hotdeath.f: boolean r()>
05-06 04:41:02.053 30380 30380 D GAPS    : METHOD=<com.smorgasbork.hotdeath.f: com.smorgasbork.hotdeath.d p()>
05-06 04:41:02.053 30380 30380 D GAPS    : METHOD=<com.smorgasbork.hotdeath.d: int b()>
05-06 04:41:02.053 30380 30380 D GAPS    : METHOD=<com.smorgasbork.hotdeath.f: com.smorgasbork.hotdeath.b m()>
05-06 04:41:02.053 30380 30380 D GAPS    : METHOD=<com.smorgasbork.hotdeath.d: com.smorgasbork.hotdeath.a a(int)>
05-06 04:41:02.053 30380 30380 D GAPS    : METHOD=<com.smorgasbork.hotdeath.f: com.smorgasbork.hotdeath.d q()>
05-06 04:41:02.053 30380 30380 D GAPS    : METHOD=<com.smorgasbork.hotdeath.f: int z()>
05-06 04:41:02.053 30380 30380 D GAPS    : METHOD=<com.smorgasbork.hotdeath.h: void b(android.graphics.Canvas)>
05-06 04:41:02.053 30380 30380 D GAPS    : METHOD=<com.smorgasbork.hotdeath.f: com.smorgasbork.hotdeath.k v()>
05-06 04:41:02.053 30380 30380 D GAPS    : METHOD=<com.smorgasbork.hotdeath.k: int e()>
05-06 04:41:02.054 30380 30380 D GAPS    : METHOD=<com.smorgasbork.hotdeath.f$c: void run()>
05-06 04:41:02.054 30380 30380 D GAPS    : METHOD=<com.smorgasbork.hotdeath.h: void b(boolean)>
05-06 04:41:02.054 30380 30380 D GAPS    : METHOD=<com.smorgasbork.hotdeath.GameActivity: void d()>
05-06 04:41:02.083 30380 30380 D GAPS    : METHOD=<com.smorgasbork.hotdeath.GameActivity: void onPause()>
05-06 04:41:02.083 30380 30380 D GAPS    : METHOD=<com.smorgasbork.hotdeath.f: void D()>
05-06 04:41:02.083 30380 30380 D GAPS    : METHOD=<com.smorgasbork.hotdeath.f: java.lang.String x()>
05-06 04:41:02.543 30380 30380 D GAPS    : METHOD=<com.smorgasbork.hotdeath.GameActivity: void onDestroy()>
05-06 04:41:02.543 30380 30380 D GAPS    : METHOD=<com.smorgasbork.hotdeath.f: void L()>
05-06 04:41:03.242 30380 30520 D GAPS    : METHOD=<com.smorgasbork.hotdeath.i: boolean a(com.smorgasbork.hotdeath.f)>
05-06 04:41:03.243 30380 30520 D GAPS    : METHOD=<com.smorgasbork.hotdeath.f: boolean a(com.smorgasbork.hotdeath.i,com.smorgasbork.hotdeath.a,boolean)>
05-06 04:41:03.243 30380 30520 D GAPS    : METHOD=<com.smorgasbork.hotdeath.i: boolean b(com.smorgasbork.hotdeath.a)>
05-06 04:41:03.243 30380 30520 D GAPS    : METHOD=<com.smorgasbork.hotdeath.a: int h()>
05-06 04:41:03.243 30380 30520 D GAPS    : METHOD=<com.smorgasbork.hotdeath.i: boolean c(int)>
05-06 04:41:03.243 30380 30520 D GAPS    : METHOD=<com.smorgasbork.hotdeath.e: void A()>
05-06 04:41:03.243 30380 30520 D GAPS    : METHOD=<com.smorgasbork.hotdeath.i: int a()>
05-06 04:41:03.243 30380 30520 D GAPS    : METHOD=<com.smorgasbork.hotdeath.i: int a(boolean)>
05-06 04:41:03.243 30380 30520 D GAPS    : METHOD=<com.smorgasbork.hotdeath.i: int a(boolean,com.smorgasbork.hotdeath.a)>
05-06 04:41:03.243 30380 30520 D GAPS    : METHOD=<com.smorgasbork.hotdeath.a: int g()>
05-06 04:41:03.243 30380 30520 D GAPS    : METHOD=<com.smorgasbork.hotdeath.a: void a(int)>
05-06 04:41:03.243 30380 30520 D GAPS    : METHOD=<com.smorgasbork.hotdeath.e: int z()>
05-06 04:41:03.243 30380 30520 D GAPS    : METHOD=<com.smorgasbork.hotdeath.f: boolean s()>
05-06 04:41:03.243 30380 30520 D GAPS    : METHOD=<com.smorgasbork.hotdeath.a: int b()>
05-06 04:41:03.243 30380 30520 D GAPS    : METHOD=<com.smorgasbork.hotdeath.h: void e()>
05-06 04:41:03.243 30380 30520 D GAPS    : METHOD=<com.smorgasbork.hotdeath.g: void n()>
05-06 04:41:03.243 30380 30520 D GAPS    : METHOD=<com.smorgasbork.hotdeath.l: void w()>
05-06 04:42:12.100 30380 30380 D GAPS    : CLASS=com.smorgasbork.hotdeath.j
05-06 04:42:12.100 30380 30380 D GAPS    : METHOD=<com.smorgasbork.hotdeath.j: void <init>(com.smorgasbork.hotdeath.f,com.smorgasbork.hotdeath.g)>
05-06 04:42:14.625 30380 30624 D GAPS    : METHOD=<com.smorgasbork.hotdeath.e: double b(com.smorgasbork.hotdeath.a)>
05-06 04:42:14.625 30380 30624 D GAPS    : METHOD=<com.smorgasbork.hotdeath.e: double c(com.smorgasbork.hotdeath.a)>
05-06 04:43:37.306 30380 30852 D GAPS    : METHOD=<com.smorgasbork.hotdeath.f: int g()>
