05-06 05:21:12.355  9613  9613 D GAPS    : METHOD=<com.artfulbits.license.LicenseData: com.artfulbits.license.LicenseData fromPackage(java.lang.Class,java.lang.String,java.lang.String,byte[],byte[])>
05-06 05:21:12.355  9613  9613 D GAPS    : METHOD=<com.artfulbits.license.LicenseData: byte[] b(java.lang.Class,java.lang.String)>
05-06 05:21:12.356  9613  9613 D GAPS    : METHOD=<com.artfulbits.license.LicenseData: byte[] a(java.lang.Class,java.lang.String)>
05-06 05:21:12.356  9613  9613 D GAPS    : METHOD=<com.artfulbits.aiCharts.Base.r: com.artfulbits.aiCharts.Base.r a(com.artfulbits.license.LicenseData)>
05-06 05:21:12.356  9613  9613 D GAPS    : CLASS=com.artfulbits.aiCharts.Base.r
05-06 05:21:12.356  9613  9613 D GAPS    : METHOD=<com.artfulbits.aiCharts.Base.r: void <init>(java.lang.String)>
05-06 05:21:12.357  9613  9613 D GAPS    : METHOD=<com.artfulbits.aiCharts.Base.ChartEngine: void <init>()>
05-06 05:21:12.357  9613  9613 D GAPS    : CLASS=com.artfulbits.aiCharts.Base.f
05-06 05:21:12.357  9613  9613 D GAPS    : METHOD=<com.artfulbits.aiCharts.Base.f: void <init>()>
05-06 05:21:12.357  9613  9613 D GAPS    : CLASS=com.artfulbits.aiCharts.Base.ChartPalette
05-06 05:21:12.357  9613  9613 D GAPS    : METHOD=<com.artfulbits.aiCharts.Base.ChartPalette: void <clinit>()>
05-06 05:21:12.357  9613  9613 D GAPS    : METHOD=<com.artfulbits.aiCharts.Base.ChartPalette: void <init>(int[])>
05-06 05:21:12.357  9613  9613 D GAPS    : CLASS=com.artfulbits.aiCharts.Base.ChartGraph
05-06 05:21:12.357  9613  9613 D GAPS    : METHOD=<com.artfulbits.aiCharts.Base.ChartGraph: void <init>()>
05-06 05:21:12.357  9613  9613 D GAPS    : CLASS=com.artfulbits.aiCharts.Base.ChartGraph$b
05-06 05:21:12.358  9613  9613 D GAPS    : METHOD=<com.artfulbits.aiCharts.Base.ChartGraph$b: void <clinit>()>
05-06 05:21:12.358  9613  9613 D GAPS    : METHOD=<com.artfulbits.aiCharts.Base.ChartGraph$b: void <init>()>
05-06 05:21:12.358  9613  9613 D GAPS    : CLASS=com.artfulbits.aiCharts.Base.j
05-06 05:21:12.358  9613  9613 D GAPS    : METHOD=<com.artfulbits.aiCharts.Base.j: void <init>()>
05-06 05:21:12.358  9613  9613 D GAPS    : CLASS=com.artfulbits.aiCharts.Base.g
05-06 05:21:12.358  9613  9613 D GAPS    : METHOD=<com.artfulbits.aiCharts.Base.g: void <init>(com.artfulbits.aiCharts.Base.ChartEngine)>
05-06 05:21:12.358  9613  9613 D GAPS    : CLASS=com.artfulbits.aiCharts.Base.ChartEngine$3
05-06 05:21:12.358  9613  9613 D GAPS    : METHOD=<com.artfulbits.aiCharts.Base.ChartEngine$3: void <init>(com.artfulbits.aiCharts.Base.ChartEngine)>
05-06 05:21:12.358  9613  9613 D GAPS    : CLASS=com.artfulbits.aiCharts.Base.ChartEngine$4
05-06 05:21:12.358  9613  9613 D GAPS    : METHOD=<com.artfulbits.aiCharts.Base.ChartEngine$4: void <init>(com.artfulbits.aiCharts.Base.ChartEngine)>
05-06 05:21:12.358  9613  9613 D GAPS    : CLASS=com.artfulbits.aiCharts.Base.ChartEngine$a
05-06 05:21:12.358  9613  9613 D GAPS    : METHOD=<com.artfulbits.aiCharts.Base.ChartEngine$a: void <init>(com.artfulbits.aiCharts.Base.ChartEngine)>
05-06 05:21:12.358  9613  9613 D GAPS    : METHOD=<com.artfulbits.aiCharts.Base.ChartEngine$a: void <init>(com.artfulbits.aiCharts.Base.ChartEngine,byte)>
05-06 05:21:12.358  9613  9613 D GAPS    : CLASS=com.artfulbits.aiCharts.Base.ChartNamedCollection
05-06 05:21:12.358  9613  9613 D GAPS    : METHOD=<com.artfulbits.aiCharts.Base.ChartNamedCollection: void <init>(com.artfulbits.aiCharts.Base.ChartCollection$IChangeListener,java.lang.String)>
05-06 05:21:12.358  9613  9613 D GAPS    : CLASS=com.artfulbits.aiCharts.Base.ChartCollection
05-06 05:21:12.358  9613  9613 D GAPS    : METHOD=<com.artfulbits.aiCharts.Base.ChartCollection: void <init>(com.artfulbits.aiCharts.Base.ChartCollection$IChangeListener)>
05-06 05:21:12.358  9613  9613 D GAPS    : CLASS=com.artfulbits.aiCharts.Base.ChartEngine$c
05-06 05:21:12.358  9613  9613 D GAPS    : METHOD=<com.artfulbits.aiCharts.Base.ChartEngine$c: void <init>(com.artfulbits.aiCharts.Base.ChartEngine)>
05-06 05:21:12.358  9613  9613 D GAPS    : METHOD=<com.artfulbits.aiCharts.Base.ChartEngine$c: void <init>(com.artfulbits.aiCharts.Base.ChartEngine,byte)>
05-06 05:21:12.358  9613  9613 D GAPS    : CLASS=com.artfulbits.aiCharts.Base.ChartEngine$b
05-06 05:21:12.358  9613  9613 D GAPS    : METHOD=<com.artfulbits.aiCharts.Base.ChartEngine$b: void <init>(com.artfulbits.aiCharts.Base.ChartEngine)>
05-06 05:21:12.358  9613  9613 D GAPS    : METHOD=<com.artfulbits.aiCharts.Base.ChartEngine$b: void <init>(com.artfulbits.aiCharts.Base.ChartEngine,byte)>
05-06 05:21:12.358  9613  9613 D GAPS    : CLASS=com.artfulbits.aiCharts.Base.ChartEngine$1
05-06 05:21:12.358  9613  9613 D GAPS    : METHOD=<com.artfulbits.aiCharts.Base.ChartEngine$1: void <init>(com.artfulbits.aiCharts.Base.ChartEngine)>
05-06 05:21:12.359  9613  9613 D GAPS    : CLASS=com.artfulbits.aiCharts.Base.ChartEngine$2
05-06 05:21:12.359  9613  9613 D GAPS    : METHOD=<com.artfulbits.aiCharts.Base.ChartEngine$2: void <init>(com.artfulbits.aiCharts.Base.ChartEngine)>
05-06 05:21:12.359  9613  9613 D GAPS    : METHOD=<com.artfulbits.aiCharts.ChartView: void setChart(com.artfulbits.aiCharts.Base.ChartEngine)>
05-06 05:21:12.359  9613  9613 D GAPS    : METHOD=<com.artfulbits.aiCharts.Base.ChartEngine: void addInvalidateListener(com.artfulbits.aiCharts.Base.IInvalidateListener)>
05-06 05:21:12.371  9613  9613 D GAPS    : METHOD=<com.evancharlton.mileage.ChartActivity: void restoreLastNonConfigurationInstance()>
05-06 05:21:12.371  9613  9613 D GAPS    : METHOD=<com.evancharlton.mileage.charts.FuelEconomyChart: com.evancharlton.mileage.ChartActivity$ChartGenerator createChartGenerator()>
05-06 05:21:12.372  9613  9613 D GAPS    : METHOD=<com.evancharlton.mileage.charts.LineChart: com.evancharlton.mileage.dao.Vehicle getVehicle()>
05-06 05:21:12.374  9613  9613 D GAPS    : CLASS=com.evancharlton.mileage.charts.LineChart$LineChartGenerator
05-06 05:21:12.374  9613  9613 D GAPS    : METHOD=<com.evancharlton.mileage.charts.LineChart$LineChartGenerator: void <init>(com.evancharlton.mileage.charts.LineChart,com.evancharlton.mileage.dao.Vehicle,java.lang.String[])>
05-06 05:21:12.374  9613  9613 D GAPS    : CLASS=com.evancharlton.mileage.ChartActivity$ChartGenerator
05-06 05:21:12.374  9613  9613 D GAPS    : METHOD=<com.evancharlton.mileage.ChartActivity$ChartGenerator: void <init>()>
05-06 05:21:12.374  9613  9613 D GAPS    : METHOD=<com.evancharlton.mileage.ChartActivity$ChartGenerator: void attach(com.evancharlton.mileage.ChartActivity)>
05-06 05:21:12.374  9613  9613 D GAPS    : METHOD=<com.evancharlton.mileage.ChartActivity: android.app.ProgressDialog getProgressDialog()>
05-06 05:21:12.374  9613  9613 D GAPS    : METHOD=<com.evancharlton.mileage.charts.LineChart: java.lang.Object[] getExecuteParameters()>
05-06 05:21:12.374  9613  9613 D GAPS    : METHOD=<com.evancharlton.mileage.ChartActivity$ChartGenerator: void onPreExecute()>
05-06 05:21:12.374  9613  9613 D GAPS    : METHOD=<com.evancharlton.mileage.ChartActivity: android.app.Dialog onCreateDialog(int)>
05-06 05:21:12.389  9613  9613 D GAPS    : METHOD=<com.artfulbits.aiCharts.ChartView: void setPanning(int)>
05-06 05:21:12.390  9613  9668 D GAPS    : METHOD=<com.evancharlton.mileage.charts.LineChart$LineChartGenerator: java.lang.Object doInBackground(java.lang.Object[])>
05-06 05:21:12.390  9613  9668 D GAPS    : METHOD=<com.evancharlton.mileage.charts.LineChart$LineChartGenerator: com.artfulbits.aiCharts.Base.ChartSeries[] doInBackground(java.lang.Object[])>
05-06 05:21:12.390  9613  9668 D GAPS    : METHOD=<com.evancharlton.mileage.charts.LineChart: com.artfulbits.aiCharts.Base.ChartSeries createSeries()>
05-06 05:21:12.390  9613  9613 D GAPS    : CLASS=com.artfulbits.aiCharts.ChartGestureListener
05-06 05:21:12.390  9613  9613 D GAPS    : METHOD=<com.artfulbits.aiCharts.ChartGestureListener: void <init>(com.artfulbits.aiCharts.ChartView)>
05-06 05:21:12.390  9613  9613 D GAPS    : METHOD=<com.artfulbits.aiCharts.ChartGestureListener: void <init>(com.artfulbits.aiCharts.ChartView,int)>
05-06 05:21:12.390  9613  9668 D GAPS    : CLASS=com.artfulbits.aiCharts.Base.ChartPointAttributes
05-06 05:21:12.390  9613  9613 D GAPS    : CLASS=com.artfulbits.aiCharts.ChartGestureListener$a
05-06 05:21:12.390  9613  9668 D GAPS    : METHOD=<com.artfulbits.aiCharts.Base.ChartPointAttributes: void <clinit>()>
05-06 05:21:12.390  9613  9613 D GAPS    : METHOD=<com.artfulbits.aiCharts.ChartGestureListener$a: void <init>(com.artfulbits.aiCharts.ChartGestureListener,android.content.Context)>
05-06 05:21:12.390  9613  9668 D GAPS    : CLASS=com.artfulbits.aiCharts.Enums.Alignment
05-06 05:21:12.390  9613  9613 D GAPS    : METHOD=<com.artfulbits.aiCharts.ChartGestureListener: void setFlags(int)>
05-06 05:21:12.390  9613  9668 D GAPS    : METHOD=<com.artfulbits.aiCharts.Enums.Alignment: void <clinit>()>
05-06 05:21:12.390  9613  9613 D GAPS    : CLASS=com.evancharlton.mileage.ChartActivity$1
05-06 05:21:12.390  9613  9613 D GAPS    : METHOD=<com.evancharlton.mileage.ChartActivity$1: void <init>(com.evancharlton.mileage.ChartActivity)>
05-06 05:21:12.390  9613  9668 D GAPS    : METHOD=<com.artfulbits.aiCharts.Enums.Alignment: void <init>(java.lang.String,int)>
05-06 05:21:12.390  9613  9613 D GAPS    : CLASS=com.evancharlton.mileage.ChartActivity$2
05-06 05:21:12.390  9613  9613 D GAPS    : METHOD=<com.evancharlton.mileage.ChartActivity$2: void <init>(com.evancharlton.mileage.ChartActivity)>
05-06 05:21:12.390  9613  9668 D GAPS    : METHOD=<com.evancharlton.mileage.charts.WorstFuelEconomyChart: java.lang.String getAxisTitle()>
05-06 05:21:12.391  9613  9668 D GAPS    : CLASS=com.artfulbits.aiCharts.Types.ChartTypes
05-06 05:21:12.391  9613  9668 D GAPS    : METHOD=<com.artfulbits.aiCharts.Types.ChartTypes: void <clinit>()>
05-06 05:21:12.392  9613  9668 D GAPS    : CLASS=com.artfulbits.aiCharts.Base.ChartSeries
05-06 05:21:12.392  9613  9668 D GAPS    : METHOD=<com.artfulbits.aiCharts.Base.ChartSeries: void <init>(java.lang.String,java.lang.Class)>
05-06 05:21:12.392  9613  9668 D GAPS    : METHOD=<com.artfulbits.aiCharts.Types.ChartTypes: com.artfulbits.aiCharts.Base.ChartType get(java.lang.Class)>
05-06 05:21:12.392  9613  9668 D GAPS    : CLASS=com.artfulbits.aiCharts.Base.ChartType
05-06 05:21:12.392  9613  9668 D GAPS    : METHOD=<com.artfulbits.aiCharts.Base.ChartType: void <clinit>()>
05-06 05:21:12.392  9613  9668 D GAPS    : CLASS=com.artfulbits.aiCharts.Base.ChartCustomAttribute
05-06 05:21:12.392  9613  9668 D GAPS    : METHOD=<com.artfulbits.aiCharts.Base.ChartCustomAttribute: void <clinit>()>
05-06 05:21:12.392  9613  9668 D GAPS    : METHOD=<com.artfulbits.aiCharts.Base.ChartCustomAttribute: com.artfulbits.aiCharts.Base.ChartCustomAttribute register(java.lang.String,java.lang.Class,java.lang.Class,java.lang.Object)>
05-06 05:21:12.392  9613  9668 D GAPS    : METHOD=<com.artfulbits.aiCharts.Base.ChartCustomAttribute: com.artfulbits.aiCharts.Base.ChartCustomAttribute register(java.lang.String,java.lang.Class,java.lang.Class,java.lang.Object,int)>
05-06 05:21:12.392  9613  9668 D GAPS    : METHOD=<com.artfulbits.aiCharts.Base.ChartCustomAttribute: void <init>(java.lang.String,java.lang.Class,java.lang.Class,java.lang.Object,int)>
05-06 05:21:12.393  9613  9668 D GAPS    : CLASS=com.artfulbits.aiCharts.Types.ChartLineType
05-06 05:21:12.393  9613  9668 D GAPS    : METHOD=<com.artfulbits.aiCharts.Types.ChartLineType: void <clinit>()>
05-06 05:21:12.393  9613  9668 D GAPS    : CLASS=com.artfulbits.aiCharts.Types.ChartLineType$BreakMode
05-06 05:21:12.393  9613  9668 D GAPS    : METHOD=<com.artfulbits.aiCharts.Types.ChartLineType$BreakMode: void <clinit>()>
05-06 05:21:12.393  9613  9668 D GAPS    : METHOD=<com.artfulbits.aiCharts.Types.ChartLineType$BreakMode: void <init>(java.lang.String,int)>
05-06 05:21:12.393  9613  9668 D GAPS    : METHOD=<com.artfulbits.aiCharts.Types.ChartLineType: void <init>()>
05-06 05:21:12.393  9613  9668 D GAPS    : METHOD=<com.artfulbits.aiCharts.Base.ChartType: void <init>()>
05-06 05:21:12.393  9613  9668 D GAPS    : METHOD=<com.artfulbits.aiCharts.Base.ChartSeries: void <init>(java.lang.String,com.artfulbits.aiCharts.Base.ChartType)>
05-06 05:21:12.393  9613  9668 D GAPS    : METHOD=<com.artfulbits.aiCharts.Base.ChartPointAttributes: void <init>()>
05-06 05:21:12.393  9613  9668 D GAPS    : CLASS=com.artfulbits.aiCharts.Base.ChartPointDeclaration
05-06 05:21:12.393  9613  9668 D GAPS    : METHOD=<com.artfulbits.aiCharts.Base.ChartPointDeclaration: void <clinit>()>
05-06 05:21:12.393  9613  9668 D GAPS    : METHOD=<com.artfulbits.aiCharts.Base.ChartPointDeclaration: void <init>()>
05-06 05:21:12.393  9613  9668 D GAPS    : METHOD=<com.artfulbits.aiCharts.Types.ChartTypes: com.artfulbits.aiCharts.Base.ChartType getDefault()>
05-06 05:21:12.393  9613  9668 D GAPS    : CLASS=com.artfulbits.aiCharts.Types.ChartColumnType
05-06 05:21:12.393  9613  9668 D GAPS    : METHOD=<com.artfulbits.aiCharts.Types.ChartColumnType: void <clinit>()>
05-06 05:21:12.393  9613  9668 D GAPS    : CLASS=com.artfulbits.aiCharts.Enums.Shape3D
05-06 05:21:12.393  9613  9668 D GAPS    : METHOD=<com.artfulbits.aiCharts.Enums.Shape3D: void <clinit>()>
05-06 05:21:12.393  9613  9668 D GAPS    : METHOD=<com.artfulbits.aiCharts.Enums.Shape3D: void <init>(java.lang.String,int)>
05-06 05:21:12.394  9613  9668 D GAPS    : METHOD=<com.artfulbits.aiCharts.Types.ChartColumnType: void <init>()>
05-06 05:21:12.394  9613  9668 D GAPS    : CLASS=com.artfulbits.aiCharts.Base.DoubleRange
05-06 05:21:12.394  9613  9668 D GAPS    : METHOD=<com.artfulbits.aiCharts.Base.DoubleRange: void <init>()>
05-06 05:21:12.394  9613  9668 D GAPS    : METHOD=<com.artfulbits.aiCharts.Base.DoubleRange: void b()>
05-06 05:21:12.394  9613  9668 D GAPS    : CLASS=com.artfulbits.aiCharts.Base.ChartSeries$a
05-06 05:21:12.394  9613  9668 D GAPS    : METHOD=<com.artfulbits.aiCharts.Base.ChartSeries$a: void <init>()>
05-06 05:21:12.395  9613  9668 D GAPS    : CLASS=com.artfulbits.aiCharts.Base.ChartAxis$ValueType
05-06 05:21:12.395  9613  9668 D GAPS    : METHOD=<com.artfulbits.aiCharts.Base.ChartAxis$ValueType: void <clinit>()>
05-06 05:21:12.395  9613  9668 D GAPS    : METHOD=<com.artfulbits.aiCharts.Base.ChartAxis$ValueType: void <init>(java.lang.String,int)>
05-06 05:21:12.395  9613  9668 D GAPS    : CLASS=com.artfulbits.aiCharts.Base.ChartPointCollection
05-06 05:21:12.395  9613  9668 D GAPS    : METHOD=<com.artfulbits.aiCharts.Base.ChartPointCollection: void <init>(com.artfulbits.aiCharts.Base.ChartSeries)>
05-06 05:21:12.395  9613  9668 D GAPS    : METHOD=<com.artfulbits.aiCharts.Base.ChartSeries: com.artfulbits.aiCharts.Base.ChartPointCollection getPoints()>
05-06 05:21:12.395  9613  9668 D GAPS    : METHOD=<com.evancharlton.mileage.ChartActivity$ChartGenerator: com.evancharlton.mileage.ChartActivity getActivity()>
05-06 05:21:12.401  9613  9668 D GAPS    : METHOD=<com.evancharlton.mileage.charts.LineChart: void createSeries(com.evancharlton.mileage.charts.LineChart$LineChartGenerator,com.artfulbits.aiCharts.Base.ChartPointCollection,android.database.Cursor,com.evancharlton.mileage.dao.Vehicle)>
05-06 05:21:12.401  9613  9668 D GAPS    : METHOD=<com.evancharlton.mileage.charts.WorstFuelEconomyChart: void processCursor(com.evancharlton.mileage.charts.LineChart$LineChartGenerator,android.database.Cursor,com.evancharlton.mileage.dao.Vehicle)>
05-06 05:21:12.416  9613  9613 D GAPS    : METHOD=<com.artfulbits.aiCharts.ChartView: void onLayout(boolean,int,int,int,int)>
05-06 05:21:12.416  9613  9613 D GAPS    : METHOD=<com.artfulbits.aiCharts.Base.ChartEngine: void setBounds(int,int,int,int)>
05-06 05:21:12.423  9613  9613 D GAPS    : METHOD=<com.artfulbits.aiCharts.ChartView: void onDraw(android.graphics.Canvas)>
05-06 05:21:12.423  9613  9613 D GAPS    : METHOD=<com.artfulbits.aiCharts.Base.ChartEngine: void draw(android.graphics.Canvas)>
05-06 05:21:12.423  9613  9613 D GAPS    : METHOD=<com.artfulbits.aiCharts.Base.r: void a(android.graphics.Canvas,android.graphics.Rect)>
05-06 05:21:12.430  9613  9613 D GAPS    : METHOD=<com.evancharlton.mileage.ChartActivity$ChartGenerator: void onProgressUpdate(java.lang.Object[])>
05-06 05:21:12.430  9613  9613 D GAPS    : METHOD=<com.evancharlton.mileage.ChartActivity$ChartGenerator: void onProgressUpdate(java.lang.Integer[])>
05-06 05:21:12.431  9613  9613 D GAPS    : METHOD=<com.evancharlton.mileage.ChartActivity$ChartGenerator: void onPostExecute(java.lang.Object)>
05-06 05:21:12.431  9613  9613 D GAPS    : METHOD=<com.evancharlton.mileage.ChartActivity$ChartGenerator: void onPostExecute(com.artfulbits.aiCharts.Base.ChartSeries[])>
05-06 05:21:12.442  9613  9613 D GAPS    : METHOD=<com.evancharlton.mileage.ChartActivity: void addChartSeries(com.artfulbits.aiCharts.Base.ChartSeries)>
05-06 05:21:12.442  9613  9613 D GAPS    : CLASS=com.artfulbits.aiCharts.Base.ChartArea
05-06 05:21:12.442  9613  9613 D GAPS    : METHOD=<com.artfulbits.aiCharts.Base.ChartArea: void <init>()>
05-06 05:21:12.442  9613  9613 D GAPS    : CLASS=com.artfulbits.aiCharts.Base.ChartAxis
05-06 05:21:12.442  9613  9613 D GAPS    : METHOD=<com.artfulbits.aiCharts.Base.ChartAxis: void <clinit>()>
05-06 05:21:12.442  9613  9613 D GAPS    : CLASS=com.artfulbits.aiCharts.Base.b
05-06 05:21:12.442  9613  9613 D GAPS    : METHOD=<com.artfulbits.aiCharts.Base.b: void <init>()>
05-06 05:21:12.442  9613  9613 D GAPS    : CLASS=com.artfulbits.aiCharts.Base.c
05-06 05:21:12.442  9613  9613 D GAPS    : METHOD=<com.artfulbits.aiCharts.Base.c: void <init>()>
05-06 05:21:12.442  9613  9613 D GAPS    : CLASS=com.artfulbits.aiCharts.Base.d
05-06 05:21:12.442  9613  9613 D GAPS    : METHOD=<com.artfulbits.aiCharts.Base.d: void <init>()>
05-06 05:21:12.442  9613  9613 D GAPS    : CLASS=com.artfulbits.aiCharts.Base.ChartAxis$Position
05-06 05:21:12.442  9613  9613 D GAPS    : METHOD=<com.artfulbits.aiCharts.Base.ChartAxis$Position: void <clinit>()>
05-06 05:21:12.442  9613  9613 D GAPS    : METHOD=<com.artfulbits.aiCharts.Base.ChartAxis$Position: void <init>(java.lang.String,int,boolean,boolean,boolean)>
05-06 05:21:12.442  9613  9613 D GAPS    : METHOD=<com.artfulbits.aiCharts.Base.ChartAxis: void <init>(com.artfulbits.aiCharts.Base.ChartAxis$Position)>
05-06 05:21:12.443  9613  9613 D GAPS    : CLASS=com.artfulbits.aiCharts.Base.ChartAxis$LabelPosition
05-06 05:21:12.443  9613  9613 D GAPS    : METHOD=<com.artfulbits.aiCharts.Base.ChartAxis$LabelPosition: void <clinit>()>
05-06 05:21:12.443  9613  9613 D GAPS    : METHOD=<com.artfulbits.aiCharts.Base.ChartAxis$LabelPosition: void <init>(java.lang.String,int)>
05-06 05:21:12.443  9613  9613 D GAPS    : CLASS=com.artfulbits.aiCharts.Base.ChartAxis$TickMarkMode
05-06 05:21:12.443  9613  9613 D GAPS    : METHOD=<com.artfulbits.aiCharts.Base.ChartAxis$TickMarkMode: void <clinit>()>
05-06 05:21:12.443  9613  9613 D GAPS    : METHOD=<com.artfulbits.aiCharts.Base.ChartAxis$TickMarkMode: void <init>(java.lang.String,int)>
05-06 05:21:12.443  9613  9613 D GAPS    : CLASS=com.artfulbits.aiCharts.Base.n
05-06 05:21:12.443  9613  9613 D GAPS    : METHOD=<com.artfulbits.aiCharts.Base.n: void <init>(android.graphics.Paint)>
05-06 05:21:12.443  9613  9613 D GAPS    : CLASS=com.artfulbits.aiCharts.Base.ChartAxis$LabelLayoutMode
05-06 05:21:12.443  9613  9613 D GAPS    : METHOD=<com.artfulbits.aiCharts.Base.ChartAxis$LabelLayoutMode: void <clinit>()>
05-06 05:21:12.443  9613  9613 D GAPS    : METHOD=<com.artfulbits.aiCharts.Base.ChartAxis$LabelLayoutMode: void <init>(java.lang.String,int)>
05-06 05:21:12.443  9613  9613 D GAPS    : CLASS=com.artfulbits.aiCharts.Base.k
05-06 05:21:12.443  9613  9613 D GAPS    : METHOD=<com.artfulbits.aiCharts.Base.k: void <init>()>
05-06 05:21:12.443  9613  9613 D GAPS    : CLASS=com.artfulbits.aiCharts.Base.ChartAxisScale
05-06 05:21:12.443  9613  9613 D GAPS    : METHOD=<com.artfulbits.aiCharts.Base.ChartAxisScale: void <clinit>()>
05-06 05:21:12.443  9613  9613 D GAPS    : METHOD=<com.artfulbits.aiCharts.Base.ChartAxisScale: void <init>(com.artfulbits.aiCharts.Base.ChartAxis)>
05-06 05:21:12.443  9613  9613 D GAPS    : CLASS=com.artfulbits.aiCharts.Base.e
05-06 05:21:12.443  9613  9613 D GAPS    : METHOD=<com.artfulbits.aiCharts.Base.e: void <clinit>()>
05-06 05:21:12.443  9613  9613 D GAPS    : METHOD=<com.artfulbits.aiCharts.Base.e: void <init>(com.artfulbits.aiCharts.Base.ChartAxis)>
05-06 05:21:12.444  9613  9613 D GAPS    : CLASS=com.artfulbits.aiCharts.Base.ChartAxisScrollBar
05-06 05:21:12.444  9613  9613 D GAPS    : METHOD=<com.artfulbits.aiCharts.Base.ChartAxisScrollBar: void <init>(com.artfulbits.aiCharts.Base.ChartAxis)>
05-06 05:21:12.444  9613  9613 D GAPS    : METHOD=<com.artfulbits.aiCharts.Base.ChartAxis: void setPosition(com.artfulbits.aiCharts.Base.ChartAxis$Position)>
05-06 05:21:12.444  9613  9613 D GAPS    : CLASS=com.artfulbits.aiCharts.Base.ChartAxis$1
05-06 05:21:12.444  9613  9613 D GAPS    : METHOD=<com.artfulbits.aiCharts.Base.ChartAxis$1: void <init>(com.artfulbits.aiCharts.Base.ChartAxis)>
05-06 05:21:12.444  9613  9613 D GAPS    : CLASS=com.artfulbits.aiCharts.Base.ChartAxis$2
05-06 05:21:12.444  9613  9613 D GAPS    : METHOD=<com.artfulbits.aiCharts.Base.ChartAxis$2: void <init>(com.artfulbits.aiCharts.Base.ChartAxis)>
05-06 05:21:12.444  9613  9613 D GAPS    : METHOD=<com.artfulbits.aiCharts.Base.ChartArea: void <init>(com.artfulbits.aiCharts.Base.ChartAxis,com.artfulbits.aiCharts.Base.ChartAxis)>
05-06 05:21:12.444  9613  9613 D GAPS    : METHOD=<com.artfulbits.aiCharts.Base.ChartArea: void <init>(com.artfulbits.aiCharts.Base.ChartAxis,com.artfulbits.aiCharts.Base.ChartAxis,com.artfulbits.aiCharts.Base.ChartAxis)>
05-06 05:21:12.444  9613  9613 D GAPS    : CLASS=com.artfulbits.aiCharts.Base.l
05-06 05:21:12.444  9613  9613 D GAPS    : METHOD=<com.artfulbits.aiCharts.Base.l: void <init>()>
05-06 05:21:12.444  9613  9613 D GAPS    : CLASS=com.artfulbits.aiCharts.Base.a
05-06 05:21:12.444  9613  9613 D GAPS    : METHOD=<com.artfulbits.aiCharts.Base.a: void <init>(com.artfulbits.aiCharts.Base.ChartArea)>
05-06 05:21:12.444  9613  9613 D GAPS    : CLASS=com.artfulbits.aiCharts.Base.View3D
05-06 05:21:12.444  9613  9613 D GAPS    : METHOD=<com.artfulbits.aiCharts.Base.View3D: void <clinit>()>
05-06 05:21:12.444  9613  9613 D GAPS    : METHOD=<com.artfulbits.aiCharts.Base.View3D: void <init>(com.artfulbits.aiCharts.Base.ChartArea)>
05-06 05:21:12.444  9613  9613 D GAPS    : CLASS=com.artfulbits.aiCharts.Base.ChartArea$1
05-06 05:21:12.444  9613  9613 D GAPS    : METHOD=<com.artfulbits.aiCharts.Base.ChartArea$1: void <init>(com.artfulbits.aiCharts.Base.ChartArea)>
05-06 05:21:12.444  9613  9613 D GAPS    : METHOD=<com.artfulbits.aiCharts.Base.ChartCollection: boolean add(java.lang.Object)>
05-06 05:21:12.444  9613  9613 D GAPS    : METHOD=<com.artfulbits.aiCharts.Base.ChartCollection: void validate(java.lang.Object)>
05-06 05:21:12.444  9613  9613 D GAPS    : METHOD=<com.artfulbits.aiCharts.Base.ChartCollection: void onChanged(java.lang.Object,java.lang.Object,int)>
05-06 05:21:12.444  9613  9613 D GAPS    : METHOD=<com.artfulbits.aiCharts.Base.ChartArea$1: void onChanged(java.lang.Object,java.lang.Object,int)>
05-06 05:21:12.444  9613  9613 D GAPS    : METHOD=<com.artfulbits.aiCharts.Base.ChartAxis: void setArea(com.artfulbits.aiCharts.Base.ChartArea)>
05-06 05:21:12.444  9613  9613 D GAPS    : METHOD=<com.artfulbits.aiCharts.Base.ChartArea: com.artfulbits.aiCharts.Base.ChartAxis getDefaultXAxis()>
05-06 05:21:12.445  9613  9613 D GAPS    : METHOD=<com.artfulbits.aiCharts.Base.ChartAxis: void setFormat(java.text.Format)>
05-06 05:21:12.445  9613  9613 D GAPS    : METHOD=<com.artfulbits.aiCharts.Base.e: void a(java.text.Format)>
05-06 05:21:12.445  9613  9613 D GAPS    : METHOD=<com.artfulbits.aiCharts.Base.ChartAxis: void invalidate(int)>
05-06 05:21:12.445  9613  9613 D GAPS    : METHOD=<com.artfulbits.aiCharts.Base.ChartArea: void invalidate(int)>
05-06 05:21:12.445  9613  9613 D GAPS    : METHOD=<com.artfulbits.aiCharts.ChartView: com.artfulbits.aiCharts.Base.ChartNamedCollection getSeries()>
05-06 05:21:12.445  9613  9613 D GAPS    : METHOD=<com.artfulbits.aiCharts.Base.ChartEngine: com.artfulbits.aiCharts.Base.ChartNamedCollection getSeries()>
05-06 05:21:12.445  9613  9613 D GAPS    : METHOD=<com.artfulbits.aiCharts.Base.ChartNamedCollection: void validate(java.lang.Object)>
05-06 05:21:12.445  9613  9613 D GAPS    : METHOD=<com.artfulbits.aiCharts.Base.ChartNamedCollection: void validate(com.artfulbits.aiCharts.Base.o)>
05-06 05:21:12.445  9613  9613 D GAPS    : METHOD=<com.artfulbits.aiCharts.Base.ChartSeries: java.lang.String getName()>
05-06 05:21:12.445  9613  9613 D GAPS    : METHOD=<com.artfulbits.aiCharts.Base.ChartNamedCollection: void validateName(java.lang.String)>
05-06 05:21:12.445  9613  9613 D GAPS    : METHOD=<com.artfulbits.aiCharts.Base.ChartNamedCollection: boolean contains(java.lang.String)>
05-06 05:21:12.445  9613  9613 D GAPS    : METHOD=<com.artfulbits.aiCharts.Base.ChartNamedCollection: com.artfulbits.aiCharts.Base.o get(java.lang.String)>
05-06 05:21:12.445  9613  9613 D GAPS    : METHOD=<com.artfulbits.aiCharts.Base.ChartEngine$c: void onChanged(java.lang.Object,java.lang.Object,int)>
05-06 05:21:12.445  9613  9613 D GAPS    : METHOD=<com.artfulbits.aiCharts.Base.ChartSeries: void setChart(com.artfulbits.aiCharts.Base.ChartEngine)>
05-06 05:21:12.445  9613  9613 D GAPS    : METHOD=<com.artfulbits.aiCharts.Base.ChartPointAttributes: void setChart(com.artfulbits.aiCharts.Base.ChartEngine)>
05-06 05:21:12.445  9613  9613 D GAPS    : METHOD=<com.artfulbits.aiCharts.Base.ChartPointAttributes: void a(android.graphics.drawable.Drawable,com.artfulbits.aiCharts.Base.ChartEngine)>
05-06 05:21:12.445  9613  9613 D GAPS    : METHOD=<com.artfulbits.aiCharts.Base.ChartPointCollection: java.util.Iterator iterator()>
05-06 05:21:12.445  9613  9613 D GAPS    : METHOD=<com.artfulbits.aiCharts.Base.ChartSeries: void invalidate()>
05-06 05:21:12.445  9613  9613 D GAPS    : METHOD=<com.artfulbits.aiCharts.Base.ChartSeries: com.artfulbits.aiCharts.Base.ChartArea a()>
05-06 05:21:12.445  9613  9613 D GAPS    : METHOD=<com.artfulbits.aiCharts.Base.ChartEngine: com.artfulbits.aiCharts.Base.ChartNamedCollection getAreas()>
05-06 05:21:12.445  9613  9613 D GAPS    : METHOD=<com.artfulbits.aiCharts.Base.ChartEngine: com.artfulbits.aiCharts.Base.ChartSeriesStyle c(com.artfulbits.aiCharts.Base.ChartEngine)>
05-06 05:21:12.445  9613  9613 D GAPS    : METHOD=<com.artfulbits.aiCharts.Base.ChartPointAttributes: void setBaseAttributes(com.artfulbits.aiCharts.Base.ChartPointAttributes)>
05-06 05:21:12.445  9613  9613 D GAPS    : METHOD=<com.artfulbits.aiCharts.Base.ChartSeries: void onChanged(int,java.lang.Object,java.lang.Object)>
05-06 05:21:12.445  9613  9613 D GAPS    : METHOD=<com.artfulbits.aiCharts.Base.ChartPointAttributes: void onChanged(int,java.lang.Object,java.lang.Object)>
05-06 05:21:12.445  9613  9613 D GAPS    : METHOD=<com.artfulbits.aiCharts.Base.ChartEngine: void notify(int)>
05-06 05:21:12.445  9613  9613 D GAPS    : METHOD=<com.artfulbits.aiCharts.ChartView: com.artfulbits.aiCharts.Base.ChartNamedCollection getAreas()>
05-06 05:21:12.445  9613  9613 D GAPS    : METHOD=<com.artfulbits.aiCharts.Base.ChartArea: java.lang.String getName()>
05-06 05:21:12.445  9613  9613 D GAPS    : METHOD=<com.artfulbits.aiCharts.Base.ChartArea: void setName(java.lang.String)>
05-06 05:21:12.445  9613  9613 D GAPS    : METHOD=<com.artfulbits.aiCharts.Base.ChartEngine$a: void onChanged(java.lang.Object,java.lang.Object,int)>
05-06 05:21:12.445  9613  9613 D GAPS    : METHOD=<com.artfulbits.aiCharts.Base.ChartArea: void setChart(com.artfulbits.aiCharts.Base.ChartEngine)>
05-06 05:21:12.445  9613  9613 D GAPS    : METHOD=<com.artfulbits.aiCharts.Base.ChartEngine: void addNotificationListener(com.artfulbits.aiCharts.Base.p)>
05-06 05:21:12.445  9613  9613 D GAPS    : METHOD=<com.artfulbits.aiCharts.Base.ChartEngine: void invalidate(int)>
05-06 05:21:12.445  9613  9613 D GAPS    : METHOD=<com.artfulbits.aiCharts.Base.a: void a(int)>
05-06 05:21:12.445  9613  9613 D GAPS    : METHOD=<com.artfulbits.aiCharts.a: void onInvalidate()>
05-06 05:21:14.841  9613  9613 D GAPS    : METHOD=<com.evancharlton.mileage.ChartActivity$2: void onClick(android.view.View)>
05-06 05:21:14.841  9613  9613 D GAPS    : METHOD=<com.evancharlton.mileage.ChartActivity: void zoom(double)>
05-06 05:21:14.841  9613  9613 D GAPS    : METHOD=<com.evancharlton.mileage.ChartActivity: com.artfulbits.aiCharts.ChartView getChart()>
05-06 05:21:14.841  9613  9613 D GAPS    : METHOD=<com.artfulbits.aiCharts.Base.ChartAxis: com.artfulbits.aiCharts.Base.ChartAxisScale getScale()>
05-06 05:21:14.841  9613  9613 D GAPS    : METHOD=<com.artfulbits.aiCharts.Base.ChartAxisScale: void mulZoom(double)>
05-06 05:21:14.841  9613  9613 D GAPS    : METHOD=<com.artfulbits.aiCharts.Base.ChartAxis: com.artfulbits.aiCharts.Base.ChartArea getArea()>
05-06 05:21:14.841  9613  9613 D GAPS    : METHOD=<com.artfulbits.aiCharts.Base.ChartArea: void ensureRefresh()>
05-06 05:21:14.841  9613  9613 D GAPS    : METHOD=<com.artfulbits.aiCharts.Base.ChartArea: void refresh()>
05-06 05:21:14.841  9613  9613 D GAPS    : METHOD=<com.artfulbits.aiCharts.Base.View3D: int getMode()>
05-06 05:21:14.841  9613  9613 D GAPS    : METHOD=<com.artfulbits.aiCharts.Base.ChartSeries: com.artfulbits.aiCharts.Base.ChartType getType()>
05-06 05:21:14.841  9613  9613 D GAPS    : METHOD=<com.artfulbits.aiCharts.Base.ChartType: boolean isFlags(int)>
05-06 05:21:14.841  9613  9613 D GAPS    : METHOD=<com.artfulbits.aiCharts.Base.l: void a(java.util.ArrayList,boolean)>
05-06 05:21:14.841  9613  9613 D GAPS    : METHOD=<com.artfulbits.aiCharts.Base.ChartType: boolean isStacked()>
05-06 05:21:14.841  9613  9613 D GAPS    : METHOD=<com.artfulbits.aiCharts.Base.ChartType: boolean isSideBySide()>
05-06 05:21:14.841  9613  9613 D GAPS    : METHOD=<com.artfulbits.aiCharts.Base.ChartType: com.artfulbits.aiCharts.Enums.CoordinateSystem getRequiredCoordinateSystem()>
05-06 05:21:14.841  9613  9613 D GAPS    : CLASS=com.artfulbits.aiCharts.Enums.CoordinateSystem
05-06 05:21:14.841  9613  9613 D GAPS    : METHOD=<com.artfulbits.aiCharts.Enums.CoordinateSystem: void <clinit>()>
05-06 05:21:14.841  9613  9613 D GAPS    : METHOD=<com.artfulbits.aiCharts.Enums.CoordinateSystem: void <init>(java.lang.String,int)>
05-06 05:21:14.841  9613  9613 D GAPS    : METHOD=<com.artfulbits.aiCharts.Base.ChartAxisScale: boolean isAuto()>
05-06 05:21:14.841  9613  9613 D GAPS    : METHOD=<com.artfulbits.aiCharts.Base.ChartSeries: com.artfulbits.aiCharts.Base.ChartAxis getActualXAxis()>
05-06 05:21:14.841  9613  9613 D GAPS    : METHOD=<com.artfulbits.aiCharts.Base.ChartType: boolean isRotated()>
05-06 05:21:14.841  9613  9613 D GAPS    : METHOD=<com.artfulbits.aiCharts.Base.ChartSeries: com.artfulbits.aiCharts.Base.ChartAxis getXAxis()>
05-06 05:21:14.841  9613  9613 D GAPS    : METHOD=<com.artfulbits.aiCharts.Base.ChartSeries: com.artfulbits.aiCharts.Base.DoubleRange getXRange()>
05-06 05:21:14.841  9613  9613 D GAPS    : METHOD=<com.artfulbits.aiCharts.Base.DoubleRange: boolean a()>
05-06 05:21:14.841  9613  9613 D GAPS    : METHOD=<com.artfulbits.aiCharts.Base.ChartType: void getXRange(com.artfulbits.aiCharts.Base.ChartSeries,com.artfulbits.aiCharts.Base.DoubleRange)>
05-06 05:21:14.841  9613  9613 D GAPS    : METHOD=<com.artfulbits.aiCharts.Base.ChartType: void computeXRange(com.artfulbits.aiCharts.Base.ChartType,com.artfulbits.aiCharts.Base.ChartSeries,com.artfulbits.aiCharts.Base.DoubleRange)>
05-06 05:21:14.841  9613  9613 D GAPS    : METHOD=<com.artfulbits.aiCharts.Base.ChartPointCollection: int size()>
05-06 05:21:14.841  9613  9613 D GAPS    : METHOD=<com.artfulbits.aiCharts.Base.ChartType: boolean isIndexed()>
05-06 05:21:14.841  9613  9613 D GAPS    : METHOD=<com.artfulbits.aiCharts.Base.ChartAxisScale: void computeRange(double,double)>
05-06 05:21:14.841  9613  9613 D GAPS    : METHOD=<com.artfulbits.aiCharts.Base.ChartAxisScale: void recalculate()>
05-06 05:21:14.841  9613  9613 D GAPS    : METHOD=<com.artfulbits.aiCharts.Base.ChartAxis: int getValueTypeInternal()>
05-06 05:21:14.841  9613  9613 D GAPS    : METHOD=<com.artfulbits.aiCharts.Base.ChartAxis: boolean isIndexed()>
05-06 05:21:14.842  9613  9613 D GAPS    : METHOD=<com.artfulbits.aiCharts.Base.ChartAxisScale: double a(double)>
05-06 05:21:14.842  9613  9613 D GAPS    : METHOD=<com.artfulbits.aiCharts.Base.ChartAxis: boolean isPrimaryAxis()>
05-06 05:21:14.842  9613  9613 D GAPS    : METHOD=<com.artfulbits.aiCharts.Base.ChartArea: double b()>
05-06 05:21:14.842  9613  9613 D GAPS    : METHOD=<com.artfulbits.aiCharts.Base.ChartSeries: java.util.List getPointsCache()>
05-06 05:21:14.842  9613  9613 D GAPS    : METHOD=<com.artfulbits.aiCharts.Base.ChartAxis: void onScaleChanged()>
05-06 05:21:14.842  9613  9613 D GAPS    : METHOD=<com.artfulbits.aiCharts.Base.ChartAxis: void onScaleChanging()>
05-06 05:21:14.842  9613  9613 D GAPS    : METHOD=<com.artfulbits.aiCharts.Base.ChartSeries: com.artfulbits.aiCharts.Base.ChartAxis getActualYAxis()>
05-06 05:21:14.842  9613  9613 D GAPS    : METHOD=<com.artfulbits.aiCharts.Base.ChartSeries: com.artfulbits.aiCharts.Base.ChartAxis getYAxis()>
05-06 05:21:14.842  9613  9613 D GAPS    : METHOD=<com.artfulbits.aiCharts.Base.ChartArea: com.artfulbits.aiCharts.Base.ChartAxis getDefaultYAxis()>
05-06 05:21:14.842  9613  9613 D GAPS    : METHOD=<com.artfulbits.aiCharts.Base.ChartSeries: com.artfulbits.aiCharts.Base.DoubleRange getYRange()>
05-06 05:21:14.842  9613  9613 D GAPS    : METHOD=<com.artfulbits.aiCharts.Base.ChartType: void getYRange(com.artfulbits.aiCharts.Base.ChartSeries,com.artfulbits.aiCharts.Base.DoubleRange)>
05-06 05:21:14.842  9613  9613 D GAPS    : METHOD=<com.artfulbits.aiCharts.Base.ChartSeries: com.artfulbits.aiCharts.Base.ChartPointDeclaration getPointDeclaration()>
05-06 05:21:14.842  9613  9613 D GAPS    : METHOD=<com.artfulbits.aiCharts.Base.ChartType: void computeYRange(com.artfulbits.aiCharts.Base.ChartType,com.artfulbits.aiCharts.Base.ChartSeries,com.artfulbits.aiCharts.Base.DoubleRange,int[])>
05-06 05:21:14.842  9613  9613 D GAPS    : METHOD=<com.artfulbits.aiCharts.Base.MathUtils: double floorTo(double,double)>
05-06 05:21:14.842  9613  9613 D GAPS    : METHOD=<com.artfulbits.aiCharts.Base.MathUtils: double cellingTo(double,double)>
05-06 05:21:14.842  9613  9613 D GAPS    : METHOD=<com.artfulbits.aiCharts.Base.ChartSeries: com.artfulbits.aiCharts.Base.ChartAxis getActualZAxis()>
05-06 05:21:14.842  9613  9613 D GAPS    : METHOD=<com.artfulbits.aiCharts.Base.ChartArea: com.artfulbits.aiCharts.Base.ChartAxis getDefaultZAxis()>
05-06 05:21:14.842  9613  9613 D GAPS    : METHOD=<com.artfulbits.aiCharts.Base.ChartSeries: com.artfulbits.aiCharts.Base.DoubleRange getZRange()>
05-06 05:21:14.842  9613  9613 D GAPS    : METHOD=<com.artfulbits.aiCharts.Base.ChartType: void getZRange(com.artfulbits.aiCharts.Base.ChartSeries,com.artfulbits.aiCharts.Base.DoubleRange)>
05-06 05:21:14.842  9613  9613 D GAPS    : METHOD=<com.artfulbits.aiCharts.Base.DoubleRange: void set(double,double)>
05-06 05:21:14.842  9613  9613 D GAPS    : METHOD=<com.artfulbits.aiCharts.Base.ChartAxisScale: void setZoom(double,double)>
05-06 05:21:14.842  9613  9613 D GAPS    : METHOD=<com.artfulbits.aiCharts.Base.MathUtils: double clamp(double,double,double)>
05-06 05:21:15.758  9613  9613 D GAPS    : METHOD=<com.evancharlton.mileage.ChartActivity$1: void onClick(android.view.View)>
05-06 05:21:22.245  9613  9613 D GAPS    : CLASS=com.evancharlton.mileage.charts.MaximumPriceChart
05-06 05:21:22.245  9613  9613 D GAPS    : METHOD=<com.evancharlton.mileage.charts.MaximumPriceChart: void <init>()>
05-06 05:21:22.245  9613  9613 D GAPS    : CLASS=com.evancharlton.mileage.charts.PriceChart
05-06 05:21:22.245  9613  9613 D GAPS    : METHOD=<com.evancharlton.mileage.charts.PriceChart: void <init>()>
05-06 05:21:22.248  9613  9613 D GAPS    : METHOD=<com.evancharlton.mileage.charts.PriceChart: com.evancharlton.mileage.ChartActivity$ChartGenerator createChartGenerator()>
05-06 05:21:22.257  9613  9668 D GAPS    : METHOD=<com.evancharlton.mileage.charts.MaximumPriceChart: java.lang.String getAxisTitle()>
05-06 05:21:22.258  9613  9668 D GAPS    : METHOD=<com.evancharlton.mileage.charts.MaximumPriceChart: void processCursor(com.evancharlton.mileage.charts.LineChart$LineChartGenerator,android.database.Cursor,com.evancharlton.mileage.dao.Vehicle)>
05-06 05:21:28.374  9613  9613 D GAPS    : CLASS=com.evancharlton.mileage.charts.LastMonthCostChart
05-06 05:21:28.374  9613  9613 D GAPS    : METHOD=<com.evancharlton.mileage.charts.LastMonthCostChart: void <init>()>
05-06 05:21:28.374  9613  9613 D GAPS    : CLASS=com.evancharlton.mileage.charts.IntervalCostChart
05-06 05:21:28.374  9613  9613 D GAPS    : METHOD=<com.evancharlton.mileage.charts.IntervalCostChart: void <init>()>
05-06 05:21:28.374  9613  9613 D GAPS    : CLASS=com.evancharlton.mileage.charts.CostChart
05-06 05:21:28.374  9613  9613 D GAPS    : METHOD=<com.evancharlton.mileage.charts.CostChart: void <init>()>
05-06 05:21:28.377  9613  9613 D GAPS    : METHOD=<com.evancharlton.mileage.charts.CostChart: com.evancharlton.mileage.ChartActivity$ChartGenerator createChartGenerator()>
05-06 05:21:28.386  9613  9668 D GAPS    : METHOD=<com.evancharlton.mileage.charts.LastMonthCostChart: java.lang.String getAxisTitle()>
05-06 05:21:28.389  9613  9668 D GAPS    : METHOD=<com.evancharlton.mileage.charts.IntervalCostChart: void processCursor(com.evancharlton.mileage.charts.LineChart$LineChartGenerator,android.database.Cursor,com.evancharlton.mileage.dao.Vehicle)>
05-06 05:21:28.389  9613  9668 D GAPS    : METHOD=<com.evancharlton.mileage.charts.LastMonthCostChart: long getInterval()>
05-06 05:21:28.696  9613  9613 D GAPS    : METHOD=<com.artfulbits.aiCharts.ChartView: boolean onTouchEvent(android.view.MotionEvent)>
05-06 05:21:28.696  9613  9613 D GAPS    : METHOD=<com.artfulbits.aiCharts.ChartGestureListener: boolean onDown(android.view.MotionEvent)>
05-06 05:21:28.697  9613  9613 D GAPS    : METHOD=<com.artfulbits.aiCharts.ChartGestureListener: boolean onSingleTapUp(android.view.MotionEvent)>
--------- beginning of crash
05-06 05:21:41.420  9732  9732 D GAPS    : CLASS=com.evancharlton.mileage.provider.FillUpsProvider
05-06 05:21:41.420  9732  9732 D GAPS    : METHOD=<com.evancharlton.mileage.provider.FillUpsProvider: void <clinit>()>
05-06 05:21:41.420  9732  9732 D GAPS    : CLASS=com.evancharlton.mileage.provider.tables.ContentTable
05-06 05:21:41.420  9732  9732 D GAPS    : METHOD=<com.evancharlton.mileage.provider.tables.ContentTable: void <clinit>()>
05-06 05:21:41.420  9732  9732 D GAPS    : CLASS=com.evancharlton.mileage.provider.tables.FillupsTable
05-06 05:21:41.420  9732  9732 D GAPS    : METHOD=<com.evancharlton.mileage.provider.tables.FillupsTable: void <clinit>()>
05-06 05:21:41.420  9732  9732 D GAPS    : METHOD=<com.evancharlton.mileage.provider.tables.FillupsTable: void <init>()>
05-06 05:21:41.420  9732  9732 D GAPS    : METHOD=<com.evancharlton.mileage.provider.tables.ContentTable: void <init>()>
05-06 05:21:41.420  9732  9732 D GAPS    : CLASS=com.evancharlton.mileage.provider.tables.FillupsFieldsTable
05-06 05:21:41.420  9732  9732 D GAPS    : METHOD=<com.evancharlton.mileage.provider.tables.FillupsFieldsTable: void <clinit>()>
05-06 05:21:41.420  9732  9732 D GAPS    : METHOD=<com.evancharlton.mileage.provider.tables.FillupsFieldsTable: void <init>()>
05-06 05:21:41.421  9732  9732 D GAPS    : CLASS=com.evancharlton.mileage.provider.tables.FieldsTable
05-06 05:21:41.421  9732  9732 D GAPS    : METHOD=<com.evancharlton.mileage.provider.tables.FieldsTable: void <clinit>()>
05-06 05:21:41.421  9732  9732 D GAPS    : METHOD=<com.evancharlton.mileage.provider.tables.FieldsTable: void <init>()>
05-06 05:21:41.421  9732  9732 D GAPS    : CLASS=com.evancharlton.mileage.provider.tables.VehiclesTable
05-06 05:21:41.421  9732  9732 D GAPS    : METHOD=<com.evancharlton.mileage.provider.tables.VehiclesTable: void <clinit>()>
05-06 05:21:41.421  9732  9732 D GAPS    : METHOD=<com.evancharlton.mileage.provider.tables.VehiclesTable: void <init>()>
05-06 05:21:41.421  9732  9732 D GAPS    : CLASS=com.evancharlton.mileage.provider.tables.VehicleTypesTable
05-06 05:21:41.421  9732  9732 D GAPS    : METHOD=<com.evancharlton.mileage.provider.tables.VehicleTypesTable: void <clinit>()>
05-06 05:21:41.421  9732  9732 D GAPS    : METHOD=<com.evancharlton.mileage.provider.tables.VehicleTypesTable: void <init>()>
05-06 05:21:41.421  9732  9732 D GAPS    : CLASS=com.evancharlton.mileage.provider.tables.ServiceIntervalsTable
05-06 05:21:41.421  9732  9732 D GAPS    : METHOD=<com.evancharlton.mileage.provider.tables.ServiceIntervalsTable: void <clinit>()>
05-06 05:21:41.421  9732  9732 D GAPS    : METHOD=<com.evancharlton.mileage.provider.tables.ServiceIntervalsTable: void <init>()>
05-06 05:21:41.421  9732  9732 D GAPS    : CLASS=com.evancharlton.mileage.provider.tables.ServiceIntervalTemplatesTable
05-06 05:21:41.421  9732  9732 D GAPS    : METHOD=<com.evancharlton.mileage.provider.tables.ServiceIntervalTemplatesTable: void <clinit>()>
05-06 05:21:41.421  9732  9732 D GAPS    : METHOD=<com.evancharlton.mileage.provider.tables.ServiceIntervalTemplatesTable: android.content.ContentValues createInterval(java.lang.String,java.lang.String,long,long)>
05-06 05:21:41.421  9732  9732 D GAPS    : METHOD=<com.evancharlton.mileage.provider.tables.ServiceIntervalTemplatesTable: long miles(long)>
05-06 05:21:41.421  9732  9732 D GAPS    : METHOD=<com.evancharlton.mileage.provider.tables.ServiceIntervalTemplatesTable: long months(long)>
05-06 05:21:41.421  9732  9732 D GAPS    : METHOD=<com.evancharlton.mileage.provider.tables.ServiceIntervalTemplatesTable: void <init>()>
05-06 05:21:41.421  9732  9732 D GAPS    : CLASS=com.evancharlton.mileage.provider.tables.CacheTable
05-06 05:21:41.421  9732  9732 D GAPS    : METHOD=<com.evancharlton.mileage.provider.tables.CacheTable: void <clinit>()>
05-06 05:21:41.421  9732  9732 D GAPS    : METHOD=<com.evancharlton.mileage.provider.tables.CacheTable: void <init>()>
05-06 05:21:41.422  9732  9732 D GAPS    : METHOD=<com.evancharlton.mileage.provider.tables.FillupsTable: void registerUris()>
05-06 05:21:41.422  9732  9732 D GAPS    : METHOD=<com.evancharlton.mileage.provider.FillUpsProvider: void registerUri(com.evancharlton.mileage.provider.tables.ContentTable,java.lang.String,int)>
05-06 05:21:41.422  9732  9732 D GAPS    : METHOD=<com.evancharlton.mileage.provider.tables.FillupsFieldsTable: void registerUris()>
05-06 05:21:41.422  9732  9732 D GAPS    : METHOD=<com.evancharlton.mileage.provider.tables.FieldsTable: void registerUris()>
05-06 05:21:41.422  9732  9732 D GAPS    : METHOD=<com.evancharlton.mileage.provider.tables.VehiclesTable: void registerUris()>
05-06 05:21:41.422  9732  9732 D GAPS    : METHOD=<com.evancharlton.mileage.provider.tables.VehicleTypesTable: void registerUris()>
05-06 05:21:41.422  9732  9732 D GAPS    : METHOD=<com.evancharlton.mileage.provider.tables.ServiceIntervalsTable: void registerUris()>
05-06 05:21:41.422  9732  9732 D GAPS    : METHOD=<com.evancharlton.mileage.provider.tables.ServiceIntervalTemplatesTable: void registerUris()>
05-06 05:21:41.422  9732  9732 D GAPS    : METHOD=<com.evancharlton.mileage.provider.tables.CacheTable: void registerUris()>
05-06 05:21:41.422  9732  9732 D GAPS    : METHOD=<com.evancharlton.mileage.provider.FillUpsProvider: void <init>()>
05-06 05:21:41.422  9732  9732 D GAPS    : CONTENTPROVIDER=com.evancharlton.mileage.provider.FillUpsProvider
05-06 05:21:41.422  9732  9732 D GAPS    : METHOD=<com.evancharlton.mileage.provider.FillUpsProvider: boolean onCreate()>
05-06 05:21:41.422  9732  9732 D GAPS    : CLASS=com.evancharlton.mileage.provider.FillUpsProvider$DatabaseHelper
05-06 05:21:41.422  9732  9732 D GAPS    : METHOD=<com.evancharlton.mileage.provider.FillUpsProvider$DatabaseHelper: void <init>(android.content.Context)>
05-06 05:21:41.431  9732  9732 D GAPS    : CLASS=com.evancharlton.mileage.Mileage
05-06 05:21:41.431  9732  9732 D GAPS    : METHOD=<com.evancharlton.mileage.Mileage: void <init>()>
05-06 05:21:41.434  9732  9732 D GAPS    : ACTIVITY=com.evancharlton.mileage.Mileage
05-06 05:21:41.434  9732  9732 D GAPS    : METHOD=<com.evancharlton.mileage.Mileage: void onCreate(android.os.Bundle)>
05-06 05:21:41.443  9732  9732 D GAPS    : METHOD=<com.evancharlton.mileage.Mileage: android.widget.TabHost$TabSpec createTabSpec(java.lang.String,java.lang.Class,int,int)>
05-06 05:21:41.448  9732  9732 D GAPS    : CLASS=com.evancharlton.mileage.FillupActivity
05-06 05:21:41.448  9732  9732 D GAPS    : METHOD=<com.evancharlton.mileage.FillupActivity: void <init>()>
05-06 05:21:41.448  9732  9732 D GAPS    : CLASS=com.evancharlton.mileage.BaseFormActivity
05-06 05:21:41.448  9732  9732 D GAPS    : METHOD=<com.evancharlton.mileage.BaseFormActivity: void <init>()>
05-06 05:21:41.448  9732  9732 D GAPS    : CLASS=com.evancharlton.mileage.dao.Fillup
05-06 05:21:41.448  9732  9732 D GAPS    : METHOD=<com.evancharlton.mileage.dao.Fillup: void <init>(android.content.ContentValues)>
05-06 05:21:41.448  9732  9732 D GAPS    : CLASS=com.evancharlton.mileage.dao.Dao
05-06 05:21:41.448  9732  9732 D GAPS    : METHOD=<com.evancharlton.mileage.dao.Dao: void <init>(android.content.ContentValues)>
05-06 05:21:41.448  9732  9732 D GAPS    : METHOD=<com.evancharlton.mileage.dao.Dao: void load(android.content.ContentValues)>
05-06 05:21:41.450  9732  9732 D GAPS    : ACTIVITY=com.evancharlton.mileage.FillupActivity
05-06 05:21:41.450  9732  9732 D GAPS    : METHOD=<com.evancharlton.mileage.FillupActivity: void onCreate(android.os.Bundle)>
05-06 05:21:41.450  9732  9732 D GAPS    : METHOD=<com.evancharlton.mileage.BaseFormActivity: void onCreate(android.os.Bundle,int)>
05-06 05:21:41.455  9732  9732 D GAPS    : CLASS=com.evancharlton.mileage.views.CursorSpinner
05-06 05:21:41.455  9732  9732 D GAPS    : METHOD=<com.evancharlton.mileage.views.CursorSpinner: void <init>(android.content.Context,android.util.AttributeSet)>
05-06 05:21:41.459  9732  9732 D GAPS    : CLASS=com.evancharlton.mileage.R$styleable
05-06 05:21:41.459  9732  9732 D GAPS    : METHOD=<com.evancharlton.mileage.R$styleable: void <clinit>()>
05-06 05:21:41.459  9732  9732 D GAPS    : METHOD=<com.evancharlton.mileage.views.CursorSpinner: void filter(java.lang.String,java.lang.String[])>
05-06 05:21:41.459  9732  9732 D GAPS    : METHOD=<com.evancharlton.mileage.provider.FillUpsProvider: android.database.Cursor query(android.net.Uri,java.lang.String[],java.lang.String,java.lang.String[],java.lang.String)>
05-06 05:21:41.459  9732  9732 D GAPS    : METHOD=<com.evancharlton.mileage.util.Debugger: void checkQueryOnUiThread(android.content.Context)>
05-06 05:21:41.459  9732  9732 D GAPS    : METHOD=<com.evancharlton.mileage.util.Debugger: void ensureNotUiThread(android.content.Context,java.lang.String)>
05-06 05:21:41.459  9732  9732 D GAPS    : METHOD=<com.evancharlton.mileage.util.Debugger: boolean isOnUiThread()>
05-06 05:21:41.459  9732  9732 D GAPS    : METHOD=<com.evancharlton.mileage.provider.tables.VehiclesTable: boolean query(int,android.net.Uri,android.database.sqlite.SQLiteQueryBuilder,android.content.Context,java.lang.String[])>
05-06 05:21:41.459  9732  9732 D GAPS    : METHOD=<com.evancharlton.mileage.provider.tables.VehiclesTable: java.lang.String getTableName()>
05-06 05:21:41.459  9732  9732 D GAPS    : METHOD=<com.evancharlton.mileage.provider.tables.ContentTable: java.util.HashMap buildProjectionMap(java.lang.String[])>
05-06 05:21:41.459  9732  9732 D GAPS    : METHOD=<com.evancharlton.mileage.provider.tables.VehiclesTable: java.lang.String getDefaultSortOrder()>
05-06 05:21:41.464  9732  9732 D GAPS    : CLASS=com.evancharlton.mileage.adapters.SpinnerCursorAdapter
05-06 05:21:41.464  9732  9732 D GAPS    : METHOD=<com.evancharlton.mileage.adapters.SpinnerCursorAdapter: void <init>(android.content.Context,android.database.Cursor,java.lang.String)>
05-06 05:21:41.465  9732  9732 D GAPS    : CLASS=com.evancharlton.mileage.views.DividerView
05-06 05:21:41.465  9732  9732 D GAPS    : METHOD=<com.evancharlton.mileage.views.DividerView: void <init>(android.content.Context,android.util.AttributeSet)>
05-06 05:21:41.465  9732  9732 D GAPS    : METHOD=<com.evancharlton.mileage.views.DividerView: void <init>(android.content.Context,android.util.AttributeSet,int)>
05-06 05:21:41.472  9732  9732 D GAPS    : CLASS=com.evancharlton.mileage.views.DateButton
05-06 05:21:41.472  9732  9732 D GAPS    : METHOD=<com.evancharlton.mileage.views.DateButton: void <init>(android.content.Context,android.util.AttributeSet)>
05-06 05:21:41.472  9732  9732 D GAPS    : CLASS=com.evancharlton.mileage.views.DateButton$1
05-06 05:21:41.472  9732  9732 D GAPS    : METHOD=<com.evancharlton.mileage.views.DateButton$1: void <init>(com.evancharlton.mileage.views.DateButton)>
05-06 05:21:41.473  9732  9732 D GAPS    : CLASS=com.evancharlton.mileage.views.DateButton$2
05-06 05:21:41.473  9732  9732 D GAPS    : METHOD=<com.evancharlton.mileage.views.DateButton$2: void <init>(com.evancharlton.mileage.views.DateButton)>
05-06 05:21:41.473  9732  9732 D GAPS    : METHOD=<com.evancharlton.mileage.views.DateButton: void setDate(long)>
05-06 05:21:41.473  9732  9732 D GAPS    : METHOD=<com.evancharlton.mileage.views.DateButton: void setDate(java.sql.Date)>
05-06 05:21:41.484  9732  9732 D GAPS    : METHOD=<com.evancharlton.mileage.views.DateButton: void onRestoreInstanceState(android.os.Parcelable)>
05-06 05:21:41.490  9732  9732 D GAPS    : CLASS=com.evancharlton.mileage.Mileage$1
05-06 05:21:41.490  9732  9732 D GAPS    : METHOD=<com.evancharlton.mileage.Mileage$1: void <init>(com.evancharlton.mileage.Mileage)>
