--------- beginning of system
--------- beginning of main
05-06 05:20:52.856  9613  9613 D GAPS    : CLASS=com.evancharlton.mileage.provider.FillUpsProvider
05-06 05:20:52.856  9613  9613 D GAPS    : METHOD=<com.evancharlton.mileage.provider.FillUpsProvider: void <clinit>()>
05-06 05:20:52.856  9613  9613 D GAPS    : CLASS=com.evancharlton.mileage.provider.tables.ContentTable
05-06 05:20:52.856  9613  9613 D GAPS    : METHOD=<com.evancharlton.mileage.provider.tables.ContentTable: void <clinit>()>
05-06 05:20:52.856  9613  9613 D GAPS    : CLASS=com.evancharlton.mileage.provider.tables.FillupsTable
05-06 05:20:52.856  9613  9613 D GAPS    : METHOD=<com.evancharlton.mileage.provider.tables.FillupsTable: void <clinit>()>
05-06 05:20:52.857  9613  9613 D GAPS    : METHOD=<com.evancharlton.mileage.provider.tables.FillupsTable: void <init>()>
05-06 05:20:52.857  9613  9613 D GAPS    : METHOD=<com.evancharlton.mileage.provider.tables.ContentTable: void <init>()>
05-06 05:20:52.857  9613  9613 D GAPS    : CLASS=com.evancharlton.mileage.provider.tables.FillupsFieldsTable
05-06 05:20:52.857  9613  9613 D GAPS    : METHOD=<com.evancharlton.mileage.provider.tables.FillupsFieldsTable: void <clinit>()>
05-06 05:20:52.857  9613  9613 D GAPS    : METHOD=<com.evancharlton.mileage.provider.tables.FillupsFieldsTable: void <init>()>
05-06 05:20:52.857  9613  9613 D GAPS    : CLASS=com.evancharlton.mileage.provider.tables.FieldsTable
05-06 05:20:52.857  9613  9613 D GAPS    : METHOD=<com.evancharlton.mileage.provider.tables.FieldsTable: void <clinit>()>
05-06 05:20:52.857  9613  9613 D GAPS    : METHOD=<com.evancharlton.mileage.provider.tables.FieldsTable: void <init>()>
05-06 05:20:52.857  9613  9613 D GAPS    : CLASS=com.evancharlton.mileage.provider.tables.VehiclesTable
05-06 05:20:52.857  9613  9613 D GAPS    : METHOD=<com.evancharlton.mileage.provider.tables.VehiclesTable: void <clinit>()>
05-06 05:20:52.857  9613  9613 D GAPS    : METHOD=<com.evancharlton.mileage.provider.tables.VehiclesTable: void <init>()>
05-06 05:20:52.857  9613  9613 D GAPS    : CLASS=com.evancharlton.mileage.provider.tables.VehicleTypesTable
05-06 05:20:52.857  9613  9613 D GAPS    : METHOD=<com.evancharlton.mileage.provider.tables.VehicleTypesTable: void <clinit>()>
05-06 05:20:52.857  9613  9613 D GAPS    : METHOD=<com.evancharlton.mileage.provider.tables.VehicleTypesTable: void <init>()>
05-06 05:20:52.857  9613  9613 D GAPS    : CLASS=com.evancharlton.mileage.provider.tables.ServiceIntervalsTable
05-06 05:20:52.857  9613  9613 D GAPS    : METHOD=<com.evancharlton.mileage.provider.tables.ServiceIntervalsTable: void <clinit>()>
05-06 05:20:52.857  9613  9613 D GAPS    : METHOD=<com.evancharlton.mileage.provider.tables.ServiceIntervalsTable: void <init>()>
05-06 05:20:52.857  9613  9613 D GAPS    : CLASS=com.evancharlton.mileage.provider.tables.ServiceIntervalTemplatesTable
05-06 05:20:52.857  9613  9613 D GAPS    : METHOD=<com.evancharlton.mileage.provider.tables.ServiceIntervalTemplatesTable: void <clinit>()>
05-06 05:20:52.857  9613  9613 D GAPS    : METHOD=<com.evancharlton.mileage.provider.tables.ServiceIntervalTemplatesTable: android.content.ContentValues createInterval(java.lang.String,java.lang.String,long,long)>
05-06 05:20:52.858  9613  9613 D GAPS    : METHOD=<com.evancharlton.mileage.provider.tables.ServiceIntervalTemplatesTable: long miles(long)>
05-06 05:20:52.858  9613  9613 D GAPS    : METHOD=<com.evancharlton.mileage.provider.tables.ServiceIntervalTemplatesTable: long months(long)>
05-06 05:20:52.858  9613  9613 D GAPS    : METHOD=<com.evancharlton.mileage.provider.tables.ServiceIntervalTemplatesTable: void <init>()>
05-06 05:20:52.858  9613  9613 D GAPS    : CLASS=com.evancharlton.mileage.provider.tables.CacheTable
05-06 05:20:52.858  9613  9613 D GAPS    : METHOD=<com.evancharlton.mileage.provider.tables.CacheTable: void <clinit>()>
05-06 05:20:52.858  9613  9613 D GAPS    : METHOD=<com.evancharlton.mileage.provider.tables.CacheTable: void <init>()>
05-06 05:20:52.858  9613  9613 D GAPS    : METHOD=<com.evancharlton.mileage.provider.tables.FillupsTable: void registerUris()>
05-06 05:20:52.858  9613  9613 D GAPS    : METHOD=<com.evancharlton.mileage.provider.FillUpsProvider: void registerUri(com.evancharlton.mileage.provider.tables.ContentTable,java.lang.String,int)>
05-06 05:20:52.858  9613  9613 D GAPS    : METHOD=<com.evancharlton.mileage.provider.tables.FillupsFieldsTable: void registerUris()>
05-06 05:20:52.858  9613  9613 D GAPS    : METHOD=<com.evancharlton.mileage.provider.tables.FieldsTable: void registerUris()>
05-06 05:20:52.858  9613  9613 D GAPS    : METHOD=<com.evancharlton.mileage.provider.tables.VehiclesTable: void registerUris()>
05-06 05:20:52.858  9613  9613 D GAPS    : METHOD=<com.evancharlton.mileage.provider.tables.VehicleTypesTable: void registerUris()>
05-06 05:20:52.858  9613  9613 D GAPS    : METHOD=<com.evancharlton.mileage.provider.tables.ServiceIntervalsTable: void registerUris()>
05-06 05:20:52.858  9613  9613 D GAPS    : METHOD=<com.evancharlton.mileage.provider.tables.ServiceIntervalTemplatesTable: void registerUris()>
05-06 05:20:52.858  9613  9613 D GAPS    : METHOD=<com.evancharlton.mileage.provider.tables.CacheTable: void registerUris()>
05-06 05:20:52.858  9613  9613 D GAPS    : METHOD=<com.evancharlton.mileage.provider.FillUpsProvider: void <init>()>
05-06 05:20:52.858  9613  9613 D GAPS    : CONTENTPROVIDER=com.evancharlton.mileage.provider.FillUpsProvider
05-06 05:20:52.858  9613  9613 D GAPS    : METHOD=<com.evancharlton.mileage.provider.FillUpsProvider: boolean onCreate()>
05-06 05:20:52.858  9613  9613 D GAPS    : CLASS=com.evancharlton.mileage.provider.FillUpsProvider$DatabaseHelper
05-06 05:20:52.858  9613  9613 D GAPS    : METHOD=<com.evancharlton.mileage.provider.FillUpsProvider$DatabaseHelper: void <init>(android.content.Context)>
05-06 05:20:52.868  9613  9613 D GAPS    : CLASS=com.evancharlton.mileage.Mileage
05-06 05:20:52.868  9613  9613 D GAPS    : METHOD=<com.evancharlton.mileage.Mileage: void <init>()>
05-06 05:20:52.873  9613  9613 D GAPS    : ACTIVITY=com.evancharlton.mileage.Mileage
05-06 05:20:52.874  9613  9613 D GAPS    : METHOD=<com.evancharlton.mileage.Mileage: void onCreate(android.os.Bundle)>
05-06 05:20:52.883  9613  9613 D GAPS    : METHOD=<com.evancharlton.mileage.Mileage: android.widget.TabHost$TabSpec createTabSpec(java.lang.String,java.lang.Class,int,int)>
05-06 05:20:52.891  9613  9613 D GAPS    : CLASS=com.evancharlton.mileage.FillupActivity
05-06 05:20:52.892  9613  9613 D GAPS    : METHOD=<com.evancharlton.mileage.FillupActivity: void <init>()>
05-06 05:20:52.892  9613  9613 D GAPS    : CLASS=com.evancharlton.mileage.BaseFormActivity
05-06 05:20:52.892  9613  9613 D GAPS    : METHOD=<com.evancharlton.mileage.BaseFormActivity: void <init>()>
05-06 05:20:52.892  9613  9613 D GAPS    : CLASS=com.evancharlton.mileage.dao.Fillup
05-06 05:20:52.892  9613  9613 D GAPS    : METHOD=<com.evancharlton.mileage.dao.Fillup: void <init>(android.content.ContentValues)>
05-06 05:20:52.892  9613  9613 D GAPS    : CLASS=com.evancharlton.mileage.dao.Dao
05-06 05:20:52.892  9613  9613 D GAPS    : METHOD=<com.evancharlton.mileage.dao.Dao: void <init>(android.content.ContentValues)>
05-06 05:20:52.892  9613  9613 D GAPS    : METHOD=<com.evancharlton.mileage.dao.Dao: void load(android.content.ContentValues)>
05-06 05:20:52.893  9613  9613 D GAPS    : ACTIVITY=com.evancharlton.mileage.FillupActivity
05-06 05:20:52.893  9613  9613 D GAPS    : METHOD=<com.evancharlton.mileage.FillupActivity: void onCreate(android.os.Bundle)>
05-06 05:20:52.893  9613  9613 D GAPS    : METHOD=<com.evancharlton.mileage.BaseFormActivity: void onCreate(android.os.Bundle,int)>
05-06 05:20:52.898  9613  9613 D GAPS    : CLASS=com.evancharlton.mileage.views.CursorSpinner
05-06 05:20:52.898  9613  9613 D GAPS    : METHOD=<com.evancharlton.mileage.views.CursorSpinner: void <init>(android.content.Context,android.util.AttributeSet)>
05-06 05:20:52.908  9613  9613 D GAPS    : CLASS=com.evancharlton.mileage.R$styleable
05-06 05:20:52.908  9613  9613 D GAPS    : METHOD=<com.evancharlton.mileage.R$styleable: void <clinit>()>
05-06 05:20:52.908  9613  9613 D GAPS    : METHOD=<com.evancharlton.mileage.views.CursorSpinner: void filter(java.lang.String,java.lang.String[])>
05-06 05:20:52.908  9613  9613 D GAPS    : METHOD=<com.evancharlton.mileage.provider.FillUpsProvider: android.database.Cursor query(android.net.Uri,java.lang.String[],java.lang.String,java.lang.String[],java.lang.String)>
05-06 05:20:52.908  9613  9613 D GAPS    : METHOD=<com.evancharlton.mileage.util.Debugger: void checkQueryOnUiThread(android.content.Context)>
05-06 05:20:52.908  9613  9613 D GAPS    : METHOD=<com.evancharlton.mileage.util.Debugger: void ensureNotUiThread(android.content.Context,java.lang.String)>
05-06 05:20:52.908  9613  9613 D GAPS    : METHOD=<com.evancharlton.mileage.util.Debugger: boolean isOnUiThread()>
05-06 05:20:52.908  9613  9613 D GAPS    : METHOD=<com.evancharlton.mileage.provider.tables.VehiclesTable: boolean query(int,android.net.Uri,android.database.sqlite.SQLiteQueryBuilder,android.content.Context,java.lang.String[])>
05-06 05:20:52.908  9613  9613 D GAPS    : METHOD=<com.evancharlton.mileage.provider.tables.VehiclesTable: java.lang.String getTableName()>
05-06 05:20:52.908  9613  9613 D GAPS    : METHOD=<com.evancharlton.mileage.provider.tables.ContentTable: java.util.HashMap buildProjectionMap(java.lang.String[])>
05-06 05:20:52.908  9613  9613 D GAPS    : METHOD=<com.evancharlton.mileage.provider.tables.VehiclesTable: java.lang.String getDefaultSortOrder()>
05-06 05:20:52.925  9613  9613 D GAPS    : METHOD=<com.evancharlton.mileage.provider.FillUpsProvider$DatabaseHelper: void onCreate(android.database.sqlite.SQLiteDatabase)>
05-06 05:20:52.925  9613  9613 D GAPS    : METHOD=<com.evancharlton.mileage.provider.tables.ContentTable: java.lang.String create()>
05-06 05:20:52.925  9613  9613 D GAPS    : CLASS=com.evancharlton.mileage.provider.tables.ContentTable$TableBuilder
05-06 05:20:52.925  9613  9613 D GAPS    : METHOD=<com.evancharlton.mileage.provider.tables.ContentTable$TableBuilder: void <init>(com.evancharlton.mileage.provider.tables.ContentTable)>
05-06 05:20:52.925  9613  9613 D GAPS    : METHOD=<com.evancharlton.mileage.provider.tables.FillupsTable: java.lang.String getTableName()>
05-06 05:20:52.925  9613  9613 D GAPS    : METHOD=<com.evancharlton.mileage.provider.tables.FillupsTable: java.lang.Class getDaoType()>
05-06 05:20:52.925  9613  9613 D GAPS    : METHOD=<com.evancharlton.mileage.provider.tables.ContentTable$TableBuilder: com.evancharlton.mileage.provider.tables.ContentTable$TableBuilder addInteger(java.lang.String)>
05-06 05:20:52.925  9613  9613 D GAPS    : METHOD=<com.evancharlton.mileage.provider.tables.ContentTable$TableBuilder: com.evancharlton.mileage.provider.tables.ContentTable$TableBuilder addField(java.lang.String,java.lang.String)>
05-06 05:20:52.926  9613  9613 D GAPS    : METHOD=<com.evancharlton.mileage.provider.tables.ContentTable$TableBuilder: com.evancharlton.mileage.provider.tables.ContentTable$TableBuilder addDouble(java.lang.String)>
05-06 05:20:52.926  9613  9613 D GAPS    : METHOD=<com.evancharlton.mileage.provider.tables.ContentTable$TableBuilder: java.lang.String build()>
05-06 05:20:52.926  9613  9613 D GAPS    : METHOD=<com.evancharlton.mileage.provider.tables.FillupsFieldsTable: java.lang.String getTableName()>
05-06 05:20:52.927  9613  9613 D GAPS    : METHOD=<com.evancharlton.mileage.provider.tables.FillupsFieldsTable: java.lang.Class getDaoType()>
05-06 05:20:52.927  9613  9613 D GAPS    : METHOD=<com.evancharlton.mileage.provider.tables.ContentTable$TableBuilder: com.evancharlton.mileage.provider.tables.ContentTable$TableBuilder addText(java.lang.String)>
05-06 05:20:52.927  9613  9613 D GAPS    : METHOD=<com.evancharlton.mileage.provider.tables.FieldsTable: java.lang.String getTableName()>
05-06 05:20:52.927  9613  9613 D GAPS    : METHOD=<com.evancharlton.mileage.provider.tables.FieldsTable: java.lang.Class getDaoType()>
05-06 05:20:52.927  9613  9613 D GAPS    : METHOD=<com.evancharlton.mileage.provider.tables.VehiclesTable: java.lang.Class getDaoType()>
05-06 05:20:52.928  9613  9613 D GAPS    : METHOD=<com.evancharlton.mileage.provider.tables.VehicleTypesTable: java.lang.String getTableName()>
05-06 05:20:52.928  9613  9613 D GAPS    : METHOD=<com.evancharlton.mileage.provider.tables.VehicleTypesTable: java.lang.Class getDaoType()>
05-06 05:20:52.928  9613  9613 D GAPS    : METHOD=<com.evancharlton.mileage.provider.tables.ServiceIntervalsTable: java.lang.String getTableName()>
05-06 05:20:52.928  9613  9613 D GAPS    : METHOD=<com.evancharlton.mileage.provider.tables.ServiceIntervalsTable: java.lang.Class getDaoType()>
05-06 05:20:52.929  9613  9613 D GAPS    : METHOD=<com.evancharlton.mileage.provider.tables.ServiceIntervalTemplatesTable: java.lang.String getTableName()>
05-06 05:20:52.929  9613  9613 D GAPS    : METHOD=<com.evancharlton.mileage.provider.tables.ServiceIntervalTemplatesTable: java.lang.Class getDaoType()>
05-06 05:20:52.929  9613  9613 D GAPS    : METHOD=<com.evancharlton.mileage.provider.tables.CacheTable: java.lang.String getTableName()>
05-06 05:20:52.929  9613  9613 D GAPS    : METHOD=<com.evancharlton.mileage.provider.tables.CacheTable: java.lang.Class getDaoType()>
05-06 05:20:52.929  9613  9613 D GAPS    : METHOD=<com.evancharlton.mileage.provider.FillUpsProvider: void initTables(android.database.sqlite.SQLiteDatabase)>
05-06 05:20:52.930  9613  9613 D GAPS    : METHOD=<com.evancharlton.mileage.provider.tables.FillupsTable: java.lang.String[] init(boolean)>
05-06 05:20:52.930  9613  9613 D GAPS    : METHOD=<com.evancharlton.mileage.provider.tables.FillupsFieldsTable: java.lang.String[] init(boolean)>
05-06 05:20:52.930  9613  9613 D GAPS    : METHOD=<com.evancharlton.mileage.provider.tables.FieldsTable: java.lang.String[] init(boolean)>
05-06 05:20:52.930  9613  9613 D GAPS    : CLASS=com.evancharlton.mileage.provider.tables.ContentTable$InsertBuilder
05-06 05:20:52.930  9613  9613 D GAPS    : METHOD=<com.evancharlton.mileage.provider.tables.ContentTable$InsertBuilder: void <init>(com.evancharlton.mileage.provider.tables.ContentTable)>
05-06 05:20:52.930  9613  9613 D GAPS    : METHOD=<com.evancharlton.mileage.provider.tables.ContentTable$InsertBuilder: com.evancharlton.mileage.provider.tables.ContentTable$InsertBuilder add(java.lang.String,java.lang.String)>
05-06 05:20:52.930  9613  9613 D GAPS    : METHOD=<com.evancharlton.mileage.provider.tables.ContentTable$InsertBuilder: java.lang.String build()>
05-06 05:20:52.930  9613  9613 D GAPS    : METHOD=<com.evancharlton.mileage.provider.tables.VehiclesTable: java.lang.String[] init(boolean)>
05-06 05:20:52.930  9613  9613 D GAPS    : METHOD=<com.evancharlton.mileage.provider.tables.ContentTable$InsertBuilder: com.evancharlton.mileage.provider.tables.ContentTable$InsertBuilder add(java.lang.String,long)>
05-06 05:20:52.930  9613  9613 D GAPS    : METHOD=<com.evancharlton.mileage.provider.tables.VehicleTypesTable: java.lang.String[] init(boolean)>
05-06 05:20:52.930  9613  9613 D GAPS    : METHOD=<com.evancharlton.mileage.provider.tables.ServiceIntervalsTable: java.lang.String[] init(boolean)>
05-06 05:20:52.930  9613  9613 D GAPS    : METHOD=<com.evancharlton.mileage.provider.tables.ServiceIntervalTemplatesTable: java.lang.String[] init(boolean)>
05-06 05:20:52.930  9613  9613 D GAPS    : METHOD=<com.evancharlton.mileage.provider.tables.ServiceIntervalTemplatesTable: java.lang.String createIntervalSQL(android.content.ContentValues)>
05-06 05:20:52.931  9613  9613 D GAPS    : METHOD=<com.evancharlton.mileage.provider.tables.CacheTable: java.lang.String[] init(boolean)>
05-06 05:20:52.940  9613  9613 D GAPS    : CLASS=com.evancharlton.mileage.adapters.SpinnerCursorAdapter
05-06 05:20:52.941  9613  9613 D GAPS    : METHOD=<com.evancharlton.mileage.adapters.SpinnerCursorAdapter: void <init>(android.content.Context,android.database.Cursor,java.lang.String)>
05-06 05:20:52.941  9613  9613 D GAPS    : CLASS=com.evancharlton.mileage.views.DividerView
05-06 05:20:52.941  9613  9613 D GAPS    : METHOD=<com.evancharlton.mileage.views.DividerView: void <init>(android.content.Context,android.util.AttributeSet)>
05-06 05:20:52.941  9613  9613 D GAPS    : METHOD=<com.evancharlton.mileage.views.DividerView: void <init>(android.content.Context,android.util.AttributeSet,int)>
05-06 05:20:52.950  9613  9613 D GAPS    : CLASS=com.evancharlton.mileage.views.DateButton
05-06 05:20:52.950  9613  9613 D GAPS    : METHOD=<com.evancharlton.mileage.views.DateButton: void <init>(android.content.Context,android.util.AttributeSet)>
05-06 05:20:52.950  9613  9613 D GAPS    : CLASS=com.evancharlton.mileage.views.DateButton$1
05-06 05:20:52.950  9613  9613 D GAPS    : METHOD=<com.evancharlton.mileage.views.DateButton$1: void <init>(com.evancharlton.mileage.views.DateButton)>
05-06 05:20:52.950  9613  9613 D GAPS    : CLASS=com.evancharlton.mileage.views.DateButton$2
05-06 05:20:52.950  9613  9613 D GAPS    : METHOD=<com.evancharlton.mileage.views.DateButton$2: void <init>(com.evancharlton.mileage.views.DateButton)>
05-06 05:20:52.951  9613  9613 D GAPS    : METHOD=<com.evancharlton.mileage.views.DateButton: void setDate(long)>
05-06 05:20:52.951  9613  9613 D GAPS    : METHOD=<com.evancharlton.mileage.views.DateButton: void setDate(java.sql.Date)>
05-06 05:20:52.966  9613  9613 D GAPS    : CLASS=com.evancharlton.mileage.Mileage$1
05-06 05:20:52.966  9613  9613 D GAPS    : METHOD=<com.evancharlton.mileage.Mileage$1: void <init>(com.evancharlton.mileage.Mileage)>
05-06 05:20:52.966  9613  9613 D GAPS    : METHOD=<com.evancharlton.mileage.FillupActivity: void onResume()>
05-06 05:20:52.966  9613  9613 D GAPS    : ACTIVITY=com.evancharlton.mileage.BaseFormActivity
05-06 05:20:52.966  9613  9613 D GAPS    : METHOD=<com.evancharlton.mileage.BaseFormActivity: void onResume()>
05-06 05:20:52.967  9613  9613 D GAPS    : METHOD=<com.evancharlton.mileage.FillupActivity: void initUI()>
05-06 05:20:52.967  9613  9613 D GAPS    : CLASS=com.evancharlton.mileage.FillupActivity$1
05-06 05:20:52.967  9613  9613 D GAPS    : METHOD=<com.evancharlton.mileage.FillupActivity$1: void <init>(com.evancharlton.mileage.FillupActivity)>
05-06 05:20:52.967  9613  9613 D GAPS    : METHOD=<com.evancharlton.mileage.FillupActivity: void setDataFormats()>
05-06 05:20:52.967  9613  9613 D GAPS    : METHOD=<com.evancharlton.mileage.dao.Dao: boolean isExistingObject()>
05-06 05:20:52.967  9613  9613 D GAPS    : METHOD=<com.evancharlton.mileage.FillupActivity: com.evancharlton.mileage.dao.Vehicle getVehicle()>
05-06 05:20:52.967  9613  9613 D GAPS    : METHOD=<com.evancharlton.mileage.dao.Vehicle: com.evancharlton.mileage.dao.Vehicle loadById(android.content.Context,long)>
05-06 05:20:52.968  9613  9613 D GAPS    : CLASS=com.evancharlton.mileage.dao.Vehicle
05-06 05:20:52.968  9613  9613 D GAPS    : METHOD=<com.evancharlton.mileage.dao.Vehicle: void <init>(android.database.Cursor)>
05-06 05:20:52.968  9613  9613 D GAPS    : METHOD=<com.evancharlton.mileage.dao.Dao: void <init>(android.database.Cursor)>
05-06 05:20:52.968  9613  9613 D GAPS    : METHOD=<com.evancharlton.mileage.dao.Dao: void load(android.database.Cursor)>
05-06 05:20:52.969  9613  9613 D GAPS    : CLASS=com.evancharlton.mileage.math.Calculator
05-06 05:20:52.969  9613  9613 D GAPS    : METHOD=<com.evancharlton.mileage.math.Calculator: void <clinit>()>
05-06 05:20:52.969  9613  9613 D GAPS    : METHOD=<com.evancharlton.mileage.math.Calculator: java.lang.String getVolumeUnits(android.content.Context,com.evancharlton.mileage.dao.Vehicle)>
05-06 05:20:52.969  9613  9613 D GAPS    : METHOD=<com.evancharlton.mileage.dao.Vehicle: int getVolumeUnits()>
05-06 05:20:52.969  9613  9613 D GAPS    : METHOD=<com.evancharlton.mileage.FillupActivity: int getCreateString()>
05-06 05:20:52.969  9613  9613 D GAPS    : CLASS=com.evancharlton.mileage.BaseFormActivity$1
05-06 05:20:52.969  9613  9613 D GAPS    : METHOD=<com.evancharlton.mileage.BaseFormActivity$1: void <init>(com.evancharlton.mileage.BaseFormActivity)>
05-06 05:20:52.969  9613  9613 D GAPS    : METHOD=<com.evancharlton.mileage.FillupActivity: com.evancharlton.mileage.dao.Dao getDao()>
05-06 05:20:52.969  9613  9613 D GAPS    : METHOD=<com.evancharlton.mileage.dao.Dao: long getId()>
05-06 05:20:52.970  9613  9613 D GAPS    : METHOD=<com.evancharlton.mileage.provider.tables.FieldsTable: boolean query(int,android.net.Uri,android.database.sqlite.SQLiteQueryBuilder,android.content.Context,java.lang.String[])>
05-06 05:20:52.970  9613  9613 D GAPS    : METHOD=<com.evancharlton.mileage.provider.tables.FieldsTable: java.lang.String getDefaultSortOrder()>
05-06 05:20:52.971  9613  9613 D GAPS    : CLASS=com.evancharlton.mileage.views.FieldView
05-06 05:20:52.971  9613  9613 D GAPS    : METHOD=<com.evancharlton.mileage.views.FieldView: void <init>(android.content.Context,android.util.AttributeSet)>
05-06 05:20:52.973  9613  9613 D GAPS    : METHOD=<com.evancharlton.mileage.views.FieldView: void setFieldId(long)>
05-06 05:21:00.538  9613  9613 D GAPS    : METHOD=<com.evancharlton.mileage.BaseFormActivity$1: void onClick(android.view.View)>
05-06 05:21:00.538  9613  9613 D GAPS    : METHOD=<com.evancharlton.mileage.FillupActivity: void setFields()>
05-06 05:21:00.539  9613  9613 D GAPS    : CLASS=com.evancharlton.mileage.exceptions.InvalidFieldException
05-06 05:21:00.539  9613  9613 D GAPS    : METHOD=<com.evancharlton.mileage.exceptions.InvalidFieldException: void <init>(android.widget.TextView,int)>
05-06 05:21:00.539  9613  9613 D GAPS    : METHOD=<com.evancharlton.mileage.BaseFormActivity: void handleInvalidField(com.evancharlton.mileage.exceptions.InvalidFieldException)>
05-06 05:21:00.539  9613  9613 D GAPS    : METHOD=<com.evancharlton.mileage.exceptions.InvalidFieldException: android.widget.TextView getField()>
05-06 05:21:00.539  9613  9613 D GAPS    : METHOD=<com.evancharlton.mileage.exceptions.InvalidFieldException: int getErrorMessage()>
05-06 05:21:01.496  9613  9613 D GAPS    : METHOD=<com.evancharlton.mileage.FillupActivity: void onSaveInstanceState(android.os.Bundle)>
05-06 05:21:01.496  9613  9613 D GAPS    : METHOD=<com.evancharlton.mileage.views.DateButton: android.os.Parcelable onSaveInstanceState()>
05-06 05:21:01.497  9613  9613 D GAPS    : METHOD=<com.evancharlton.mileage.views.DateButton: long getTimestamp()>
05-06 05:21:01.497  9613  9613 D GAPS    : METHOD=<com.evancharlton.mileage.views.FieldView: java.lang.String getKey()>
05-06 05:21:01.497  9613  9613 D GAPS    : METHOD=<com.evancharlton.mileage.views.FieldView: long getFieldId()>
05-06 05:21:01.498  9613  9613 D GAPS    : CLASS=com.evancharlton.mileage.VehicleStatisticsActivity
05-06 05:21:01.498  9613  9613 D GAPS    : METHOD=<com.evancharlton.mileage.VehicleStatisticsActivity: void <clinit>()>
05-06 05:21:01.498  9613  9613 D GAPS    : CLASS=com.evancharlton.mileage.provider.Statistics
05-06 05:21:01.498  9613  9613 D GAPS    : METHOD=<com.evancharlton.mileage.provider.Statistics: void <clinit>()>
05-06 05:21:01.499  9613  9613 D GAPS    : CLASS=com.evancharlton.mileage.provider.Statistics$EconomyStatistic
05-06 05:21:01.499  9613  9613 D GAPS    : METHOD=<com.evancharlton.mileage.provider.Statistics$EconomyStatistic: void <init>(java.lang.String,java.lang.Class,int,com.evancharlton.mileage.provider.Statistics$1)>
05-06 05:21:01.499  9613  9613 D GAPS    : METHOD=<com.evancharlton.mileage.provider.Statistics$EconomyStatistic: void <init>(java.lang.String,java.lang.Class,int)>
05-06 05:21:01.499  9613  9613 D GAPS    : CLASS=com.evancharlton.mileage.provider.Statistic
05-06 05:21:01.499  9613  9613 D GAPS    : METHOD=<com.evancharlton.mileage.provider.Statistic: void <init>(java.lang.String,java.lang.Class,int)>
05-06 05:21:01.499  9613  9613 D GAPS    : CLASS=com.evancharlton.mileage.dao.CachedValue
05-06 05:21:01.499  9613  9613 D GAPS    : METHOD=<com.evancharlton.mileage.dao.CachedValue: void <init>(java.lang.String)>
05-06 05:21:01.499  9613  9613 D GAPS    : METHOD=<com.evancharlton.mileage.dao.CachedValue: void <init>(android.content.ContentValues)>
05-06 05:21:01.500  9613  9613 D GAPS    : METHOD=<com.evancharlton.mileage.dao.Dao: java.lang.String getString(android.content.ContentValues,java.lang.String,java.lang.String)>
05-06 05:21:01.500  9613  9613 D GAPS    : METHOD=<com.evancharlton.mileage.dao.Dao: double getDouble(android.content.ContentValues,java.lang.String,double)>
05-06 05:21:01.500  9613  9613 D GAPS    : METHOD=<com.evancharlton.mileage.dao.Dao: boolean getBoolean(android.content.ContentValues,java.lang.String,boolean)>
05-06 05:21:01.500  9613  9613 D GAPS    : METHOD=<com.evancharlton.mileage.dao.Dao: long getLong(android.content.ContentValues,java.lang.String,long)>
05-06 05:21:01.501  9613  9613 D GAPS    : CLASS=com.evancharlton.mileage.provider.Statistics$DistanceStatistic
05-06 05:21:01.501  9613  9613 D GAPS    : METHOD=<com.evancharlton.mileage.provider.Statistics$DistanceStatistic: void <init>(java.lang.String,java.lang.Class,int,com.evancharlton.mileage.provider.Statistics$1)>
05-06 05:21:01.501  9613  9613 D GAPS    : METHOD=<com.evancharlton.mileage.provider.Statistics$DistanceStatistic: void <init>(java.lang.String,java.lang.Class,int)>
05-06 05:21:01.502  9613  9613 D GAPS    : CLASS=com.evancharlton.mileage.provider.Statistics$CostStatistic
05-06 05:21:01.502  9613  9613 D GAPS    : METHOD=<com.evancharlton.mileage.provider.Statistics$CostStatistic: void <init>(java.lang.String,java.lang.Class,int,com.evancharlton.mileage.provider.Statistics$1)>
05-06 05:21:01.502  9613  9613 D GAPS    : METHOD=<com.evancharlton.mileage.provider.Statistics$CostStatistic: void <init>(java.lang.String,java.lang.Class,int)>
05-06 05:21:01.504  9613  9613 D GAPS    : CLASS=com.evancharlton.mileage.provider.Statistics$CostPerUnitStatistic
05-06 05:21:01.504  9613  9613 D GAPS    : METHOD=<com.evancharlton.mileage.provider.Statistics$CostPerUnitStatistic: void <init>(java.lang.String,int,int,com.evancharlton.mileage.provider.Statistics$1)>
05-06 05:21:01.504  9613  9613 D GAPS    : METHOD=<com.evancharlton.mileage.provider.Statistics$CostPerUnitStatistic: void <init>(java.lang.String,int,int)>
05-06 05:21:01.505  9613  9613 D GAPS    : CLASS=com.evancharlton.mileage.provider.Statistics$CostPerDistanceStatistic
05-06 05:21:01.505  9613  9613 D GAPS    : METHOD=<com.evancharlton.mileage.provider.Statistics$CostPerDistanceStatistic: void <init>(java.lang.String,int,com.evancharlton.mileage.provider.Statistics$1)>
05-06 05:21:01.505  9613  9613 D GAPS    : METHOD=<com.evancharlton.mileage.provider.Statistics$CostPerDistanceStatistic: void <init>(java.lang.String,int)>
05-06 05:21:01.506  9613  9613 D GAPS    : CLASS=com.evancharlton.mileage.provider.Statistics$PriceStatistic
05-06 05:21:01.506  9613  9613 D GAPS    : METHOD=<com.evancharlton.mileage.provider.Statistics$PriceStatistic: void <init>(java.lang.String,java.lang.Class,int,com.evancharlton.mileage.provider.Statistics$1)>
05-06 05:21:01.506  9613  9613 D GAPS    : METHOD=<com.evancharlton.mileage.provider.Statistics$PriceStatistic: void <init>(java.lang.String,java.lang.Class,int)>
05-06 05:21:01.507  9613  9613 D GAPS    : CLASS=com.evancharlton.mileage.provider.Statistics$FuelStatistic
05-06 05:21:01.507  9613  9613 D GAPS    : METHOD=<com.evancharlton.mileage.provider.Statistics$FuelStatistic: void <init>(java.lang.String,java.lang.Class,int,com.evancharlton.mileage.provider.Statistics$1)>
05-06 05:21:01.507  9613  9613 D GAPS    : METHOD=<com.evancharlton.mileage.provider.Statistics$FuelStatistic: void <init>(java.lang.String,java.lang.Class,int)>
05-06 05:21:01.508  9613  9613 D GAPS    : CLASS=com.evancharlton.mileage.provider.Statistics$1
05-06 05:21:01.508  9613  9613 D GAPS    : METHOD=<com.evancharlton.mileage.provider.Statistics$1: void <init>(java.lang.String,java.lang.Class,int)>
05-06 05:21:01.508  9613  9613 D GAPS    : CLASS=com.evancharlton.mileage.provider.Statistics$LocationStatistic
05-06 05:21:01.508  9613  9613 D GAPS    : METHOD=<com.evancharlton.mileage.provider.Statistics$LocationStatistic: void <init>(java.lang.String,java.lang.Class,int,com.evancharlton.mileage.provider.Statistics$1)>
05-06 05:21:01.508  9613  9613 D GAPS    : METHOD=<com.evancharlton.mileage.provider.Statistics$LocationStatistic: void <init>(java.lang.String,java.lang.Class,int)>
05-06 05:21:01.510  9613  9613 D GAPS    : CLASS=com.evancharlton.mileage.provider.StatisticsGroup
05-06 05:21:01.510  9613  9613 D GAPS    : METHOD=<com.evancharlton.mileage.provider.StatisticsGroup: void <init>(int,com.evancharlton.mileage.provider.Statistic[])>
05-06 05:21:01.510  9613  9613 D GAPS    : METHOD=<com.evancharlton.mileage.VehicleStatisticsActivity: void <init>()>
05-06 05:21:01.510  9613  9613 D GAPS    : METHOD=<com.evancharlton.mileage.dao.Vehicle: void <init>(android.content.ContentValues)>
05-06 05:21:01.510  9613  9613 D GAPS    : ACTIVITY=com.evancharlton.mileage.VehicleStatisticsActivity
05-06 05:21:01.510  9613  9613 D GAPS    : METHOD=<com.evancharlton.mileage.VehicleStatisticsActivity: void onCreate(android.os.Bundle)>
05-06 05:21:01.525  9613  9613 D GAPS    : CLASS=com.evancharlton.mileage.VehicleStatisticsActivity$1
05-06 05:21:01.525  9613  9613 D GAPS    : METHOD=<com.evancharlton.mileage.VehicleStatisticsActivity$1: void <init>(com.evancharlton.mileage.VehicleStatisticsActivity)>
05-06 05:21:01.525  9613  9613 D GAPS    : METHOD=<com.evancharlton.mileage.VehicleStatisticsActivity: void loadVehicle()>
05-06 05:21:01.527  9613  9613 D GAPS    : METHOD=<com.evancharlton.mileage.VehicleStatisticsActivity: void recalculate()>
05-06 05:21:01.527  9613  9613 D GAPS    : METHOD=<com.evancharlton.mileage.VehicleStatisticsActivity: android.database.Cursor getCacheCursor()>
05-06 05:21:01.528  9613  9613 D GAPS    : METHOD=<com.evancharlton.mileage.provider.tables.CacheTable: boolean query(int,android.net.Uri,android.database.sqlite.SQLiteQueryBuilder,android.content.Context,java.lang.String[])>
05-06 05:21:01.529  9613  9613 D GAPS    : METHOD=<com.evancharlton.mileage.VehicleStatisticsActivity: void calculate()>
05-06 05:21:01.530  9613  9613 D GAPS    : CLASS=com.evancharlton.mileage.tasks.VehicleStatisticsTask
05-06 05:21:01.530  9613  9613 D GAPS    : METHOD=<com.evancharlton.mileage.tasks.VehicleStatisticsTask: void <init>()>
05-06 05:21:01.530  9613  9613 D GAPS    : CLASS=com.evancharlton.mileage.tasks.AttachableAsyncTask
05-06 05:21:01.530  9613  9613 D GAPS    : METHOD=<com.evancharlton.mileage.tasks.AttachableAsyncTask: void <init>()>
05-06 05:21:01.530  9613  9613 D GAPS    : METHOD=<com.evancharlton.mileage.tasks.VehicleStatisticsTask: void attach(com.evancharlton.mileage.VehicleStatisticsActivity)>
05-06 05:21:01.530  9613  9613 D GAPS    : METHOD=<com.evancharlton.mileage.tasks.AttachableAsyncTask: void attach(java.lang.Object)>
05-06 05:21:01.530  9613  9613 D GAPS    : METHOD=<com.evancharlton.mileage.tasks.VehicleStatisticsTask: void onPreExecute()>
05-06 05:21:01.530  9613  9613 D GAPS    : METHOD=<com.evancharlton.mileage.tasks.AttachableAsyncTask: java.lang.Object getParent()>
05-06 05:21:01.530  9613  9613 D GAPS    : METHOD=<com.evancharlton.mileage.VehicleStatisticsActivity: void startCalculations()>
05-06 05:21:01.530  9613  9613 D GAPS    : METHOD=<com.evancharlton.mileage.VehicleStatisticsActivity: void setAdapter(android.database.Cursor)>
05-06 05:21:01.530  9613  9613 D GAPS    : CLASS=com.evancharlton.mileage.adapters.VehicleStatisticsAdapter
05-06 05:21:01.530  9613  9613 D GAPS    : METHOD=<com.evancharlton.mileage.adapters.VehicleStatisticsAdapter: void <init>(android.content.Context,com.evancharlton.mileage.dao.Vehicle,com.evancharlton.mileage.provider.StatisticsGroup[])>
05-06 05:21:01.530  9613  9613 D GAPS    : CLASS=com.evancharlton.mileage.adapters.VehicleStatisticsAdapter$StatisticHolder
05-06 05:21:01.530  9613  9613 D GAPS    : METHOD=<com.evancharlton.mileage.adapters.VehicleStatisticsAdapter$StatisticHolder: void <init>(android.content.Context,com.evancharlton.mileage.provider.StatisticsGroup)>
05-06 05:21:01.530  9613  9613 D GAPS    : METHOD=<com.evancharlton.mileage.provider.StatisticsGroup: int getLabel()>
05-06 05:21:01.530  9613  9613 D GAPS    : METHOD=<com.evancharlton.mileage.provider.StatisticsGroup: java.util.ArrayList getStatistics()>
05-06 05:21:01.530  9613  9613 D GAPS    : METHOD=<com.evancharlton.mileage.adapters.VehicleStatisticsAdapter$StatisticHolder: void <init>(android.content.Context,com.evancharlton.mileage.provider.Statistic,com.evancharlton.mileage.dao.Vehicle)>
05-06 05:21:01.531  9613  9613 D GAPS    : METHOD=<com.evancharlton.mileage.provider.Statistic: java.lang.String getKey()>
05-06 05:21:01.531  9613  9613 D GAPS    : METHOD=<com.evancharlton.mileage.dao.CachedValue: java.lang.String getKey()>
05-06 05:21:01.531  9613  9613 D GAPS    : METHOD=<com.evancharlton.mileage.provider.Statistic: java.lang.String getLabel(android.content.Context,com.evancharlton.mileage.dao.Vehicle)>
05-06 05:21:01.531  9613  9635 D GAPS    : METHOD=<com.evancharlton.mileage.tasks.VehicleStatisticsTask: java.lang.Object doInBackground(java.lang.Object[])>
05-06 05:21:01.531  9613  9635 D GAPS    : METHOD=<com.evancharlton.mileage.tasks.VehicleStatisticsTask: java.lang.Integer doInBackground(android.database.Cursor[])>
05-06 05:21:01.531  9613  9635 D GAPS    : METHOD=<com.evancharlton.mileage.VehicleStatisticsActivity: com.evancharlton.mileage.dao.Vehicle getVehicle()>
05-06 05:21:01.531  9613  9613 D GAPS    : METHOD=<com.evancharlton.mileage.provider.Statistics$CostPerDistanceStatistic: java.lang.String getLabel(android.content.Context,com.evancharlton.mileage.dao.Vehicle)>
05-06 05:21:01.531  9613  9635 D GAPS    : METHOD=<com.evancharlton.mileage.provider.FillUpsProvider: int delete(android.net.Uri,java.lang.String,java.lang.String[])>
05-06 05:21:01.531  9613  9635 D GAPS    : METHOD=<com.evancharlton.mileage.provider.tables.ContentTable: int delete(android.database.sqlite.SQLiteDatabase,android.net.Uri,java.lang.String,java.lang.String[])>
05-06 05:21:01.531  9613  9613 D GAPS    : METHOD=<com.evancharlton.mileage.math.Calculator: java.lang.String getDistanceUnitsAbbr(android.content.Context,com.evancharlton.mileage.dao.Vehicle)>
05-06 05:21:01.531  9613  9613 D GAPS    : METHOD=<com.evancharlton.mileage.dao.Vehicle: int getDistanceUnits()>
05-06 05:21:01.531  9613  9635 D GAPS    : METHOD=<com.evancharlton.mileage.provider.FillUpsProvider: void notifyListeners(android.net.Uri)>
05-06 05:21:01.532  9613  9613 D GAPS    : METHOD=<com.evancharlton.mileage.adapters.VehicleStatisticsAdapter: void changeCursor(android.database.Cursor)>
05-06 05:21:01.532  9613  9613 D GAPS    : METHOD=<com.evancharlton.mileage.adapters.VehicleStatisticsAdapter: int getCount()>
05-06 05:21:01.532  9613  9613 D GAPS    : METHOD=<com.evancharlton.mileage.adapters.VehicleStatisticsAdapter: int getViewTypeCount()>
05-06 05:21:01.532  9613  9613 D GAPS    : CLASS=com.evancharlton.mileage.VehicleStatisticsActivity$2
05-06 05:21:01.532  9613  9613 D GAPS    : METHOD=<com.evancharlton.mileage.VehicleStatisticsActivity$2: void <init>(com.evancharlton.mileage.VehicleStatisticsActivity)>
05-06 05:21:01.532  9613  9613 D GAPS    : CLASS=com.evancharlton.mileage.VehicleStatisticsActivity$3
05-06 05:21:01.532  9613  9613 D GAPS    : METHOD=<com.evancharlton.mileage.VehicleStatisticsActivity$3: void <init>(com.evancharlton.mileage.VehicleStatisticsActivity)>
05-06 05:21:01.533  9613  9635 D GAPS    : CLASS=com.evancharlton.mileage.services.AutomaticBackupService
05-06 05:21:01.533  9613  9635 D GAPS    : METHOD=<com.evancharlton.mileage.services.AutomaticBackupService: void <clinit>()>
05-06 05:21:01.533  9613  9635 D GAPS    : METHOD=<com.evancharlton.mileage.services.AutomaticBackupService: void run(android.content.Context)>
05-06 05:21:01.533  9613  9613 D GAPS    : METHOD=<com.evancharlton.mileage.VehicleStatisticsActivity: void onResume()>
05-06 05:21:01.535  9613  9635 D GAPS    : METHOD=<com.evancharlton.mileage.provider.tables.FillupsTable: boolean query(int,android.net.Uri,android.database.sqlite.SQLiteQueryBuilder,android.content.Context,java.lang.String[])>
05-06 05:21:01.541  9613  9613 D GAPS    : METHOD=<com.evancharlton.mileage.Mileage$1: void onTabChanged(java.lang.String)>
05-06 05:21:01.541  9613  9613 D GAPS    : METHOD=<com.evancharlton.mileage.Mileage: android.widget.TabHost access$000(com.evancharlton.mileage.Mileage)>
05-06 05:21:01.546  9613  9613 D GAPS    : METHOD=<com.evancharlton.mileage.adapters.VehicleStatisticsAdapter: int getItemViewType(int)>
05-06 05:21:01.546  9613  9613 D GAPS    : METHOD=<com.evancharlton.mileage.adapters.VehicleStatisticsAdapter: android.view.View getView(int,android.view.View,android.view.ViewGroup)>
05-06 05:21:01.547  9613  9613 D GAPS    : CLASS=com.evancharlton.mileage.adapters.VehicleStatisticsAdapter$ViewHolder
05-06 05:21:01.547  9613  9613 D GAPS    : METHOD=<com.evancharlton.mileage.adapters.VehicleStatisticsAdapter$ViewHolder: void <init>(android.view.View)>
05-06 05:21:01.547  9613  9613 D GAPS    : METHOD=<com.evancharlton.mileage.adapters.VehicleStatisticsAdapter: boolean isEnabled(int)>
05-06 05:21:01.581  9613  9613 D GAPS    : METHOD=<com.evancharlton.mileage.services.AutomaticBackupService: void <init>()>
05-06 05:21:01.582  9613  9661 D GAPS    : METHOD=<com.evancharlton.mileage.services.AutomaticBackupService: void onHandleIntent(android.content.Intent)>
05-06 05:21:01.583  9613  9613 D GAPS    : METHOD=<com.evancharlton.mileage.tasks.VehicleStatisticsTask: void onPostExecute(java.lang.Object)>
05-06 05:21:01.583  9613  9613 D GAPS    : METHOD=<com.evancharlton.mileage.tasks.VehicleStatisticsTask: void onPostExecute(java.lang.Integer)>
05-06 05:21:01.583  9613  9613 D GAPS    : METHOD=<com.evancharlton.mileage.VehicleStatisticsActivity: com.evancharlton.mileage.adapters.VehicleStatisticsAdapter getAdapter()>
05-06 05:21:01.583  9613  9613 D GAPS    : METHOD=<com.evancharlton.mileage.adapters.VehicleStatisticsAdapter: long getItemId(int)>
05-06 05:21:01.583  9613  9613 D GAPS    : METHOD=<com.evancharlton.mileage.VehicleStatisticsActivity: void stopCalculations()>
05-06 05:21:01.583  9613  9613 D GAPS    : METHOD=<com.evancharlton.mileage.adapters.VehicleStatisticsAdapter: void flush()>
05-06 05:21:01.583  9613  9613 D GAPS    : CLASS=com.evancharlton.mileage.adapters.VehicleStatisticsAdapter$1
05-06 05:21:01.583  9613  9613 D GAPS    : METHOD=<com.evancharlton.mileage.adapters.VehicleStatisticsAdapter$1: void <init>(com.evancharlton.mileage.adapters.VehicleStatisticsAdapter)>
05-06 05:21:01.584  9613  9663 D GAPS    : METHOD=<com.evancharlton.mileage.adapters.VehicleStatisticsAdapter$1: void run()>
05-06 05:21:01.584  9613  9664 D GAPS    : METHOD=<com.evancharlton.mileage.adapters.VehicleStatisticsAdapter$1: void run()>
05-06 05:21:01.584  9613  9663 D GAPS    : METHOD=<com.evancharlton.mileage.adapters.VehicleStatisticsAdapter: com.evancharlton.mileage.dao.Vehicle access$000(com.evancharlton.mileage.adapters.VehicleStatisticsAdapter)>
05-06 05:21:01.584  9613  9664 D GAPS    : METHOD=<com.evancharlton.mileage.adapters.VehicleStatisticsAdapter: com.evancharlton.mileage.dao.Vehicle access$000(com.evancharlton.mileage.adapters.VehicleStatisticsAdapter)>
05-06 05:21:01.584  9613  9663 D GAPS    : METHOD=<com.evancharlton.mileage.adapters.VehicleStatisticsAdapter: android.content.Context access$100(com.evancharlton.mileage.adapters.VehicleStatisticsAdapter)>
05-06 05:21:01.584  9613  9664 D GAPS    : METHOD=<com.evancharlton.mileage.adapters.VehicleStatisticsAdapter: android.content.Context access$100(com.evancharlton.mileage.adapters.VehicleStatisticsAdapter)>
05-06 05:21:01.585  9613  9663 D GAPS    : METHOD=<com.evancharlton.mileage.adapters.VehicleStatisticsAdapter: java.util.ArrayList access$200(com.evancharlton.mileage.adapters.VehicleStatisticsAdapter)>
05-06 05:21:01.585  9613  9663 D GAPS    : METHOD=<com.evancharlton.mileage.adapters.VehicleStatisticsAdapter: java.util.HashMap access$300(com.evancharlton.mileage.adapters.VehicleStatisticsAdapter)>
05-06 05:21:01.586  9613  9661 D GAPS    : METHOD=<com.evancharlton.mileage.util.Util: java.io.File getExternalFolder()>
05-06 05:21:01.586  9613  9663 D GAPS    : METHOD=<com.evancharlton.mileage.provider.FillUpsProvider: android.net.Uri insert(android.net.Uri,android.content.ContentValues)>
05-06 05:21:01.586  9613  9663 D GAPS    : METHOD=<com.evancharlton.mileage.provider.tables.CacheTable: long insert(int,android.database.sqlite.SQLiteDatabase,android.content.ContentValues)>
05-06 05:21:04.300  9613  9613 D GAPS    : CLASS=com.evancharlton.mileage.VehicleListActivity
05-06 05:21:04.300  9613  9613 D GAPS    : METHOD=<com.evancharlton.mileage.VehicleListActivity: void <init>()>
05-06 05:21:04.300  9613  9613 D GAPS    : CLASS=com.evancharlton.mileage.BaseListActivity
05-06 05:21:04.300  9613  9613 D GAPS    : METHOD=<com.evancharlton.mileage.BaseListActivity: void <init>()>
05-06 05:21:04.301  9613  9613 D GAPS    : ACTIVITY=com.evancharlton.mileage.BaseListActivity
05-06 05:21:04.301  9613  9613 D GAPS    : METHOD=<com.evancharlton.mileage.BaseListActivity: void onCreate(android.os.Bundle)>
05-06 05:21:04.301  9613  9613 D GAPS    : METHOD=<com.evancharlton.mileage.BaseListActivity: void onCreate(android.os.Bundle,int)>
05-06 05:21:04.305  9613  9613 D GAPS    : METHOD=<com.evancharlton.mileage.BaseListActivity: void onResume()>
05-06 05:21:04.305  9613  9613 D GAPS    : METHOD=<com.evancharlton.mileage.BaseListActivity: void initUI()>
05-06 05:21:04.305  9613  9613 D GAPS    : METHOD=<com.evancharlton.mileage.BaseListActivity: int getListLayout()>
05-06 05:21:04.305  9613  9613 D GAPS    : METHOD=<com.evancharlton.mileage.BaseListActivity: android.database.Cursor getCursor()>
05-06 05:21:04.306  9613  9613 D GAPS    : METHOD=<com.evancharlton.mileage.VehicleListActivity: android.net.Uri getUri()>
05-06 05:21:04.306  9613  9613 D GAPS    : METHOD=<com.evancharlton.mileage.BaseListActivity: java.lang.String[] getProjectionArray()>
05-06 05:21:04.306  9613  9613 D GAPS    : METHOD=<com.evancharlton.mileage.VehicleListActivity: java.lang.String[] getFrom()>
05-06 05:21:04.306  9613  9613 D GAPS    : METHOD=<com.evancharlton.mileage.BaseListActivity: java.lang.String getSelection()>
05-06 05:21:04.306  9613  9613 D GAPS    : METHOD=<com.evancharlton.mileage.BaseListActivity: java.lang.String[] getSelectionArgs()>
05-06 05:21:04.306  9613  9613 D GAPS    : METHOD=<com.evancharlton.mileage.BaseListActivity: java.lang.String getSortOrder()>
05-06 05:21:04.307  9613  9613 D GAPS    : METHOD=<com.evancharlton.mileage.BaseListActivity: int[] getTo()>
05-06 05:21:04.308  9613  9613 D GAPS    : METHOD=<com.evancharlton.mileage.BaseListActivity: void setupEmptyView()>
05-06 05:21:04.308  9613  9613 D GAPS    : METHOD=<com.evancharlton.mileage.BaseListActivity: void postUI()>
05-06 05:21:05.096  9613  9613 D GAPS    : CLASS=com.evancharlton.mileage.FillupListActivity
05-06 05:21:05.096  9613  9613 D GAPS    : METHOD=<com.evancharlton.mileage.FillupListActivity: void <init>()>
05-06 05:21:05.096  9613  9613 D GAPS    : CLASS=com.evancharlton.mileage.FillupListActivity$1
05-06 05:21:05.096  9613  9613 D GAPS    : METHOD=<com.evancharlton.mileage.FillupListActivity$1: void <init>(com.evancharlton.mileage.FillupListActivity)>
05-06 05:21:05.096  9613  9613 D GAPS    : ACTIVITY=com.evancharlton.mileage.FillupListActivity
05-06 05:21:05.096  9613  9613 D GAPS    : METHOD=<com.evancharlton.mileage.FillupListActivity: void onCreate(android.os.Bundle)>
05-06 05:21:05.103  9613  9613 D GAPS    : METHOD=<com.evancharlton.mileage.FillupListActivity: void initUI()>
05-06 05:21:05.103  9613  9613 D GAPS    : CLASS=com.evancharlton.mileage.FillupListActivity$2
05-06 05:21:05.103  9613  9613 D GAPS    : METHOD=<com.evancharlton.mileage.FillupListActivity$2: void <init>(com.evancharlton.mileage.FillupListActivity)>
05-06 05:21:05.103  9613  9613 D GAPS    : METHOD=<com.evancharlton.mileage.FillupListActivity: com.evancharlton.mileage.dao.Vehicle getVehicle()>
05-06 05:21:05.105  9613  9613 D GAPS    : CLASS=com.evancharlton.mileage.adapters.FillupAdapter
05-06 05:21:05.105  9613  9613 D GAPS    : METHOD=<com.evancharlton.mileage.adapters.FillupAdapter: void <clinit>()>
05-06 05:21:05.108  9613  9613 D GAPS    : METHOD=<com.evancharlton.mileage.adapters.FillupAdapter: void <init>(android.content.Context,com.evancharlton.mileage.dao.Vehicle)>
05-06 05:21:05.108  9613  9613 D GAPS    : CLASS=com.evancharlton.mileage.adapters.FillupAdapter$1
05-06 05:21:05.108  9613  9613 D GAPS    : METHOD=<com.evancharlton.mileage.adapters.FillupAdapter$1: void <init>(com.evancharlton.mileage.adapters.FillupAdapter,android.os.Handler)>
05-06 05:21:05.109  9613  9613 D GAPS    : METHOD=<com.evancharlton.mileage.adapters.FillupAdapter: void setVehicle(com.evancharlton.mileage.dao.Vehicle)>
05-06 05:21:05.110  9613  9613 D GAPS    : METHOD=<com.evancharlton.mileage.math.Calculator: java.lang.String getVolumeUnitsAbbr(android.content.Context,com.evancharlton.mileage.dao.Vehicle)>
05-06 05:21:05.110  9613  9613 D GAPS    : METHOD=<com.evancharlton.mileage.math.Calculator: java.lang.String getEconomyUnitsAbbr(android.content.Context,com.evancharlton.mileage.dao.Vehicle)>
05-06 05:21:05.110  9613  9613 D GAPS    : METHOD=<com.evancharlton.mileage.dao.Vehicle: int getEconomyUnits()>
05-06 05:21:05.110  9613  9613 D GAPS    : METHOD=<com.evancharlton.mileage.adapters.FillupAdapter: int getCount()>
05-06 05:21:05.110  9613  9613 D GAPS    : CLASS=com.evancharlton.mileage.FillupListActivity$3
05-06 05:21:05.110  9613  9613 D GAPS    : METHOD=<com.evancharlton.mileage.FillupListActivity$3: void <init>(com.evancharlton.mileage.FillupListActivity)>
05-06 05:21:05.110  9613  9613 D GAPS    : METHOD=<com.evancharlton.mileage.FillupListActivity: void calculate()>
05-06 05:21:05.111  9613  9613 D GAPS    : METHOD=<com.evancharlton.mileage.services.RecalculateEconomyService: void run(android.content.Context,com.evancharlton.mileage.dao.Vehicle)>
05-06 05:21:05.112  9613  9613 D GAPS    : METHOD=<com.evancharlton.mileage.FillupListActivity: void onResume()>
05-06 05:21:05.112  9613  9613 D GAPS    : METHOD=<com.evancharlton.mileage.adapters.FillupAdapter: void requery()>
05-06 05:21:05.133  9613  9613 D GAPS    : CLASS=com.evancharlton.mileage.services.RecalculateEconomyService
05-06 05:21:05.133  9613  9613 D GAPS    : METHOD=<com.evancharlton.mileage.services.RecalculateEconomyService: void <init>()>
05-06 05:21:05.134  9613  9667 D GAPS    : METHOD=<com.evancharlton.mileage.services.RecalculateEconomyService: void onHandleIntent(android.content.Intent)>
05-06 05:21:06.579  9613  9613 D GAPS    : METHOD=<com.evancharlton.mileage.FillupListActivity: void onPause()>
05-06 05:21:12.314  9613  9613 D GAPS    : METHOD=<com.evancharlton.mileage.VehicleStatisticsActivity$2: void onItemClick(android.widget.AdapterView,android.view.View,int,long)>
05-06 05:21:12.314  9613  9613 D GAPS    : METHOD=<com.evancharlton.mileage.VehicleStatisticsActivity: com.evancharlton.mileage.adapters.VehicleStatisticsAdapter access$400(com.evancharlton.mileage.VehicleStatisticsActivity)>
05-06 05:21:12.314  9613  9613 D GAPS    : METHOD=<com.evancharlton.mileage.adapters.VehicleStatisticsAdapter: int getNumHeadersAbove(int)>
05-06 05:21:12.314  9613  9613 D GAPS    : METHOD=<com.evancharlton.mileage.provider.Statistic: java.lang.Class getChartClass()>
05-06 05:21:12.314  9613  9613 D GAPS    : METHOD=<com.evancharlton.mileage.VehicleStatisticsActivity: com.evancharlton.mileage.dao.Vehicle access$000(com.evancharlton.mileage.VehicleStatisticsActivity)>
05-06 05:21:12.350  9613  9613 D GAPS    : CLASS=com.evancharlton.mileage.charts.WorstFuelEconomyChart
05-06 05:21:12.350  9613  9613 D GAPS    : METHOD=<com.evancharlton.mileage.charts.WorstFuelEconomyChart: void <init>()>
05-06 05:21:12.350  9613  9613 D GAPS    : CLASS=com.evancharlton.mileage.charts.FuelEconomyChart
05-06 05:21:12.350  9613  9613 D GAPS    : METHOD=<com.evancharlton.mileage.charts.FuelEconomyChart: void <init>()>
05-06 05:21:12.351  9613  9613 D GAPS    : CLASS=com.evancharlton.mileage.charts.LineChart
05-06 05:21:12.351  9613  9613 D GAPS    : METHOD=<com.evancharlton.mileage.charts.LineChart: void <init>()>
05-06 05:21:12.351  9613  9613 D GAPS    : CLASS=com.evancharlton.mileage.ChartActivity
05-06 05:21:12.351  9613  9613 D GAPS    : METHOD=<com.evancharlton.mileage.ChartActivity: void <init>()>
05-06 05:21:12.351  9613  9613 D GAPS    : ACTIVITY=com.evancharlton.mileage.ChartActivity
05-06 05:21:12.351  9613  9613 D GAPS    : METHOD=<com.evancharlton.mileage.ChartActivity: void onCreate(android.os.Bundle)>
05-06 05:21:12.354  9613  9613 D GAPS    : CLASS=com.artfulbits.aiCharts.ChartView
05-06 05:21:12.355  9613  9613 D GAPS    : METHOD=<com.artfulbits.aiCharts.ChartView: void <init>(android.content.Context,android.util.AttributeSet)>
05-06 05:21:12.355  9613  9613 D GAPS    : METHOD=<com.artfulbits.aiCharts.ChartView: void <init>(android.content.Context,android.util.AttributeSet,int)>
05-06 05:21:12.355  9613  9613 D GAPS    : METHOD=<com.artfulbits.aiCharts.ChartView: void <init>(android.content.Context,android.util.AttributeSet,int,int)>
05-06 05:21:12.355  9613  9613 D GAPS    : CLASS=com.artfulbits.aiCharts.a
05-06 05:21:12.355  9613  9613 D GAPS    : METHOD=<com.artfulbits.aiCharts.a: void <init>(com.artfulbits.aiCharts.ChartView)>
05-06 05:21:12.355  9613  9613 D GAPS    : CLASS=com.artfulbits.aiCharts.Base.ChartEngine
05-06 05:21:12.355  9613  9613 D GAPS    : METHOD=<com.artfulbits.aiCharts.Base.ChartEngine: void <clinit>()>
