--------- beginning of system
--------- beginning of main
05-06 05:56:32.355 19440 19440 D GAPS    : METHOD=<androidx.compose.ui.platform.WindowRecomposer_androidKt$getAnimationScaleFlowFor$1$1$1: kotlin.coroutines.Continuation create(java.lang.Object,kotlin.coroutines.Continuation)>
05-06 05:56:32.355 19440 19440 D GAPS    : METHOD=<androidx.compose.ui.platform.WindowRecomposer_androidKt$getAnimationScaleFlowFor$1$1$1: java.lang.Object invokeSuspend(java.lang.Object)>
05-06 05:56:32.355 19440 19540 D GAPS    : METHOD=<org.totschnig.myexpenses.preference.LiveLiterals$PrefHandlerKt: java.lang.String String$else$if$fun-$get-collate$$get$val-collate$class-PrefHandler()>
05-06 05:56:32.355 19440 19540 D GAPS    : METHOD=<org.totschnig.myexpenses.model.Sort$Companion: java.lang.String preferredOrderByForAccounts(org.totschnig.myexpenses.preference.PrefKey,org.totschnig.myexpenses.preference.PrefHandler,org.totschnig.myexpenses.model.Sort,java.lang.String)>
05-06 05:56:32.355 19440 19540 D GAPS    : METHOD=<org.totschnig.myexpenses.model.Sort: org.totschnig.myexpenses.model.Sort[] access$getAccountSort$cp()>
05-06 05:56:32.355 19440 19540 D GAPS    : METHOD=<org.totschnig.myexpenses.model.Sort$Companion: java.lang.String preferredOrderByRestricted(org.totschnig.myexpenses.preference.PrefKey,org.totschnig.myexpenses.preference.PrefHandler,org.totschnig.myexpenses.model.Sort,org.totschnig.myexpenses.model.Sort[],java.lang.String)>
05-06 05:56:32.355 19440 19540 D GAPS    : METHOD=<kotlin.collections.ArraysKt___ArraysKt: boolean contains(java.lang.Object[],java.lang.Object)>
05-06 05:56:32.355 19440 19540 D GAPS    : METHOD=<kotlin.collections.ArraysKt___ArraysKt: int indexOf(java.lang.Object[],java.lang.Object)>
05-06 05:56:32.356 19440 19540 D GAPS    : METHOD=<org.totschnig.myexpenses.model.Sort: java.lang.String toOrderBy(java.lang.String)>
05-06 05:56:32.356 19440 19540 D GAPS    : METHOD=<org.totschnig.myexpenses.model.Sort: java.lang.String toDatabaseColumn(java.lang.String)>
05-06 05:56:32.356 19440 19540 D GAPS    : CLASS=org.totschnig.myexpenses.model.Sort$WhenMappings
05-06 05:56:32.356 19440 19540 D GAPS    : METHOD=<org.totschnig.myexpenses.model.Sort$WhenMappings: void <clinit>()>
05-06 05:56:32.356 19440 19540 D GAPS    : METHOD=<org.totschnig.myexpenses.model.LiveLiterals$SortKt: java.lang.String String$0$str$arg-0$call-plus$branch-4$when$fun-toDatabaseColumn$class-Sort()>
05-06 05:56:32.356 19440 19540 D GAPS    : METHOD=<org.totschnig.myexpenses.provider.BaseTransactionProvider: java.lang.String buildAccountQuery(boolean,java.lang.String,java.lang.String,java.lang.String)>
05-06 05:56:32.356 19440 19540 D GAPS    : CLASS=org.totschnig.myexpenses.provider.BaseTransactionProvider$buildAccountQuery$futureStartsNow$1
05-06 05:56:32.356 19440 19540 D GAPS    : METHOD=<org.totschnig.myexpenses.provider.BaseTransactionProvider$buildAccountQuery$futureStartsNow$1: void <init>(org.totschnig.myexpenses.provider.BaseTransactionProvider,kotlin.coroutines.Continuation)>
05-06 05:56:32.356 19440 19540 D GAPS    : METHOD=<kotlinx.coroutines.BuildersKt: java.lang.Object runBlocking$default(kotlin.coroutines.CoroutineContext,kotlin.jvm.functions.Function2,int,java.lang.Object)>
05-06 05:56:32.357 19440 19540 D GAPS    : METHOD=<kotlinx.coroutines.BuildersKt__BuildersKt: java.lang.Object runBlocking$default(kotlin.coroutines.CoroutineContext,kotlin.jvm.functions.Function2,int,java.lang.Object)>
05-06 05:56:32.357 19440 19540 D GAPS    : METHOD=<kotlinx.coroutines.BuildersKt: java.lang.Object runBlocking(kotlin.coroutines.CoroutineContext,kotlin.jvm.functions.Function2)>
05-06 05:56:32.357 19440 19540 D GAPS    : METHOD=<kotlinx.coroutines.BuildersKt__BuildersKt: java.lang.Object runBlocking(kotlin.coroutines.CoroutineContext,kotlin.jvm.functions.Function2)>
05-06 05:56:32.357 19440 19540 D GAPS    : CLASS=kotlinx.coroutines.BlockingCoroutine
05-06 05:56:32.357 19440 19540 D GAPS    : METHOD=<kotlinx.coroutines.BlockingCoroutine: void <init>(kotlin.coroutines.CoroutineContext,java.lang.Thread,kotlinx.coroutines.EventLoop)>
05-06 05:56:32.357 19440 19540 D GAPS    : METHOD=<org.totschnig.myexpenses.provider.BaseTransactionProvider$buildAccountQuery$futureStartsNow$1: kotlin.coroutines.Continuation create(java.lang.Object,kotlin.coroutines.Continuation)>
05-06 05:56:32.357 19440 19540 D GAPS    : METHOD=<kotlinx.coroutines.EventLoopImplBase: void dispatch(kotlin.coroutines.CoroutineContext,java.lang.Runnable)>
05-06 05:56:32.357 19440 19540 D GAPS    : METHOD=<kotlinx.coroutines.EventLoopImplBase: void enqueue(java.lang.Runnable)>
05-06 05:56:32.357 19440 19540 D GAPS    : METHOD=<kotlinx.coroutines.EventLoopImplBase: boolean enqueueImpl(java.lang.Runnable)>
05-06 05:56:32.357 19440 19540 D GAPS    : METHOD=<kotlinx.coroutines.EventLoopImplBase: boolean isCompleted()>
05-06 05:56:32.357 19440 19540 D GAPS    : METHOD=<kotlinx.coroutines.EventLoopImplPlatform: void unpark()>
05-06 05:56:32.358 19440 19540 D GAPS    : METHOD=<kotlinx.coroutines.BlockingEventLoop: java.lang.Thread getThread()>
05-06 05:56:32.358 19440 19540 D GAPS    : METHOD=<kotlinx.coroutines.BlockingCoroutine: java.lang.Object joinBlocking()>
05-06 05:56:32.358 19440 19540 D GAPS    : METHOD=<kotlinx.coroutines.EventLoopImplBase: long processNextEvent()>
05-06 05:56:32.358 19440 19540 D GAPS    : METHOD=<kotlinx.coroutines.EventLoopImplBase: java.lang.Runnable dequeue()>
05-06 05:56:32.358 19440 19540 D GAPS    : CLASS=kotlinx.coroutines.EventLoop_commonKt
05-06 05:56:32.358 19440 19540 D GAPS    : METHOD=<kotlinx.coroutines.EventLoop_commonKt: void <clinit>()>
05-06 05:56:32.358 19440 19540 D GAPS    : METHOD=<kotlinx.coroutines.EventLoop_commonKt: kotlinx.coroutines.internal.Symbol access$getCLOSED_EMPTY$p()>
05-06 05:56:32.358 19440 19540 D GAPS    : METHOD=<org.totschnig.myexpenses.provider.BaseTransactionProvider$buildAccountQuery$futureStartsNow$1: java.lang.Object invokeSuspend(java.lang.Object)>
05-06 05:56:32.358 19440 19540 D GAPS    : METHOD=<org.totschnig.myexpenses.provider.BaseTransactionProvider: androidx.datastore.core.DataStore getDataStore()>
05-06 05:56:32.358 19440 19540 D GAPS    : METHOD=<androidx.datastore.preferences.core.PreferenceDataStore: kotlinx.coroutines.flow.Flow getData()>
05-06 05:56:32.358 19440 19540 D GAPS    : METHOD=<androidx.datastore.core.SingleProcessDataStore: kotlinx.coroutines.flow.Flow getData()>
05-06 05:56:32.358 19440 19540 D GAPS    : METHOD=<kotlinx.coroutines.flow.FlowKt: java.lang.Object first(kotlinx.coroutines.flow.Flow,kotlin.coroutines.Continuation)>
05-06 05:56:32.358 19440 19540 D GAPS    : METHOD=<kotlinx.coroutines.flow.FlowKt__ReduceKt: java.lang.Object first(kotlinx.coroutines.flow.Flow,kotlin.coroutines.Continuation)>
05-06 05:56:32.358 19440 19540 D GAPS    : CLASS=kotlinx.coroutines.flow.FlowKt__ReduceKt$first$1
05-06 05:56:32.358 19440 19540 D GAPS    : METHOD=<kotlinx.coroutines.flow.FlowKt__ReduceKt$first$1: void <init>(kotlin.coroutines.Continuation)>
05-06 05:56:32.358 19440 19540 D GAPS    : CLASS=kotlinx.coroutines.flow.FlowKt__ReduceKt$first$$inlined$collectWhile$1
05-06 05:56:32.358 19440 19540 D GAPS    : METHOD=<kotlinx.coroutines.flow.FlowKt__ReduceKt$first$$inlined$collectWhile$1: void <init>(kotlin.jvm.internal.Ref$ObjectRef)>
05-06 05:56:32.358 19440 19540 D GAPS    : METHOD=<androidx.datastore.core.SingleProcessDataStore$data$1: java.lang.Object invoke(java.lang.Object,java.lang.Object)>
05-06 05:56:32.358 19440 19540 D GAPS    : METHOD=<androidx.datastore.core.SingleProcessDataStore$data$1: java.lang.Object invoke(kotlinx.coroutines.flow.FlowCollector,kotlin.coroutines.Continuation)>
05-06 05:56:32.358 19440 19540 D GAPS    : METHOD=<androidx.datastore.core.SingleProcessDataStore$data$1: kotlin.coroutines.Continuation create(java.lang.Object,kotlin.coroutines.Continuation)>
05-06 05:56:32.358 19440 19540 D GAPS    : METHOD=<androidx.datastore.core.SingleProcessDataStore$data$1: java.lang.Object invokeSuspend(java.lang.Object)>
05-06 05:56:32.358 19440 19540 D GAPS    : METHOD=<androidx.datastore.core.SingleProcessDataStore: kotlinx.coroutines.flow.MutableStateFlow access$getDownstreamFlow$p(androidx.datastore.core.SingleProcessDataStore)>
05-06 05:56:32.358 19440 19540 D GAPS    : METHOD=<androidx.datastore.core.SingleProcessDataStore: androidx.datastore.core.SimpleActor access$getActor$p(androidx.datastore.core.SingleProcessDataStore)>
05-06 05:56:32.359 19440 19540 D GAPS    : CLASS=androidx.datastore.core.SingleProcessDataStore$Message$Read
05-06 05:56:32.359 19440 19540 D GAPS    : METHOD=<androidx.datastore.core.SingleProcessDataStore$Message$Read: void <init>(androidx.datastore.core.State)>
05-06 05:56:32.359 19440 19540 D GAPS    : CLASS=androidx.datastore.core.SingleProcessDataStore$Message
05-06 05:56:32.359 19440 19540 D GAPS    : METHOD=<androidx.datastore.core.SingleProcessDataStore$Message: void <init>(kotlin.jvm.internal.DefaultConstructorMarker)>
05-06 05:56:32.359 19440 19540 D GAPS    : METHOD=<androidx.datastore.core.SingleProcessDataStore$Message: void <init>()>
05-06 05:56:32.359 19440 19540 D GAPS    : METHOD=<androidx.datastore.core.SimpleActor: void offer(java.lang.Object)>
05-06 05:56:32.359 19440 19540 D GAPS    : METHOD=<kotlinx.coroutines.channels.LinkedListChannel: java.lang.Object offerInternal(java.lang.Object)>
05-06 05:56:32.359 19440 19540 D GAPS    : METHOD=<kotlinx.coroutines.channels.AbstractSendChannel: java.lang.Object offerInternal(java.lang.Object)>
05-06 05:56:32.359 19440 19540 D GAPS    : METHOD=<kotlinx.coroutines.channels.AbstractSendChannel: kotlinx.coroutines.channels.ReceiveOrClosed sendBuffered(java.lang.Object)>
05-06 05:56:32.359 19440 19540 D GAPS    : CLASS=kotlinx.coroutines.channels.AbstractSendChannel$SendBuffered
05-06 05:56:32.359 19440 19540 D GAPS    : METHOD=<kotlinx.coroutines.channels.AbstractSendChannel$SendBuffered: void <init>(java.lang.Object)>
05-06 05:56:32.359 19440 19540 D GAPS    : CLASS=kotlinx.coroutines.channels.Send
05-06 05:56:32.359 19440 19540 D GAPS    : METHOD=<kotlinx.coroutines.channels.Send: void <init>()>
05-06 05:56:32.359 19440 19540 D GAPS    : METHOD=<kotlinx.coroutines.channels.ChannelResult: boolean isSuccess-impl(java.lang.Object)>
05-06 05:56:32.359 19440 19540 D GAPS    : CLASS=androidx.datastore.core.SimpleActor$offer$2
05-06 05:56:32.359 19440 19540 D GAPS    : METHOD=<androidx.datastore.core.SimpleActor$offer$2: void <init>(androidx.datastore.core.SimpleActor,kotlin.coroutines.Continuation)>
05-06 05:56:32.360 19440 19540 D GAPS    : METHOD=<androidx.datastore.core.SimpleActor$offer$2: kotlin.coroutines.Continuation create(java.lang.Object,kotlin.coroutines.Continuation)>
05-06 05:56:32.360 19440 19540 D GAPS    : METHOD=<kotlinx.coroutines.scheduling.CoroutineScheduler$Worker: kotlinx.coroutines.scheduling.CoroutineScheduler access$getThis$0$p(kotlinx.coroutines.scheduling.CoroutineScheduler$Worker)>
05-06 05:56:32.360 19440 19540 D GAPS    : METHOD=<kotlinx.coroutines.scheduling.WorkQueue: kotlinx.coroutines.scheduling.Task add(kotlinx.coroutines.scheduling.Task,boolean)>
05-06 05:56:32.360 19440 19540 D GAPS    : METHOD=<kotlinx.coroutines.scheduling.CoroutineScheduler: int parkedWorkersStackNextIndex(kotlinx.coroutines.scheduling.CoroutineScheduler$Worker)>
05-06 05:56:32.360 19440 19540 D GAPS    : CLASS=androidx.datastore.core.SingleProcessDataStore$data$1$1
05-06 05:56:32.360 19440 19542 D GAPS    : METHOD=<kotlinx.coroutines.scheduling.WorkQueue: kotlinx.coroutines.scheduling.Task add$default(kotlinx.coroutines.scheduling.WorkQueue,kotlinx.coroutines.scheduling.Task,boolean,int,java.lang.Object)>
05-06 05:56:32.360 19440 19542 D GAPS    : METHOD=<kotlinx.coroutines.scheduling.WorkQueue: kotlinx.coroutines.scheduling.Task poll()>
05-06 05:56:32.360 19440 19540 D GAPS    : METHOD=<androidx.datastore.core.SingleProcessDataStore$data$1$1: void <init>(androidx.datastore.core.State,kotlin.coroutines.Continuation)>
05-06 05:56:32.361 19440 19542 D GAPS    : METHOD=<androidx.datastore.core.SimpleActor$offer$2: java.lang.Object invokeSuspend(java.lang.Object)>
05-06 05:56:32.361 19440 19542 D GAPS    : METHOD=<androidx.datastore.core.SimpleActor: java.util.concurrent.atomic.AtomicInteger access$getRemainingMessages$p(androidx.datastore.core.SimpleActor)>
05-06 05:56:32.361 19440 19542 D GAPS    : METHOD=<androidx.datastore.core.SimpleActor: kotlinx.coroutines.CoroutineScope access$getScope$p(androidx.datastore.core.SimpleActor)>
05-06 05:56:32.361 19440 19542 D GAPS    : METHOD=<kotlinx.coroutines.CoroutineScopeKt: void ensureActive(kotlinx.coroutines.CoroutineScope)>
05-06 05:56:32.361 19440 19542 D GAPS    : METHOD=<androidx.datastore.core.SimpleActor: kotlin.jvm.functions.Function2 access$getConsumeMessage$p(androidx.datastore.core.SimpleActor)>
05-06 05:56:32.361 19440 19542 D GAPS    : METHOD=<androidx.datastore.core.SimpleActor: kotlinx.coroutines.channels.Channel access$getMessageQueue$p(androidx.datastore.core.SimpleActor)>
05-06 05:56:32.361 19440 19540 D GAPS    : CLASS=androidx.datastore.core.SingleProcessDataStore$data$1$invokeSuspend$$inlined$map$1
05-06 05:56:32.361 19440 19542 D GAPS    : METHOD=<kotlinx.coroutines.channels.AbstractChannel: java.lang.Object receive(kotlin.coroutines.Continuation)>
05-06 05:56:32.361 19440 19540 D GAPS    : METHOD=<androidx.datastore.core.SingleProcessDataStore$data$1$invokeSuspend$$inlined$map$1: void <init>(kotlinx.coroutines.flow.Flow)>
05-06 05:56:32.361 19440 19540 D GAPS    : METHOD=<kotlinx.coroutines.flow.FlowKt: java.lang.Object emitAll(kotlinx.coroutines.flow.FlowCollector,kotlinx.coroutines.flow.Flow,kotlin.coroutines.Continuation)>
05-06 05:56:32.361 19440 19540 D GAPS    : METHOD=<kotlinx.coroutines.flow.FlowKt__CollectKt: java.lang.Object emitAll(kotlinx.coroutines.flow.FlowCollector,kotlinx.coroutines.flow.Flow,kotlin.coroutines.Continuation)>
05-06 05:56:32.361 19440 19542 D GAPS    : METHOD=<kotlinx.coroutines.channels.AbstractSendChannel$SendBuffered: kotlinx.coroutines.internal.Symbol tryResumeSend(kotlinx.coroutines.internal.LockFreeLinkedListNode$PrepareOp)>
05-06 05:56:32.361 19440 19540 D GAPS    : METHOD=<androidx.datastore.core.SingleProcessDataStore$data$1$invokeSuspend$$inlined$map$1: java.lang.Object collect(kotlinx.coroutines.flow.FlowCollector,kotlin.coroutines.Continuation)>
05-06 05:56:32.361 19440 19542 D GAPS    : METHOD=<kotlinx.coroutines.channels.AbstractSendChannel$SendBuffered: void completeResumeSend()>
05-06 05:56:32.361 19440 19542 D GAPS    : METHOD=<kotlinx.coroutines.channels.AbstractSendChannel$SendBuffered: java.lang.Object getPollResult()>
05-06 05:56:32.361 19440 19542 D GAPS    : METHOD=<androidx.datastore.core.SingleProcessDataStore$actor$3: java.lang.Object invoke(java.lang.Object,java.lang.Object)>
05-06 05:56:32.361 19440 19542 D GAPS    : METHOD=<androidx.datastore.core.SingleProcessDataStore$actor$3: java.lang.Object invoke(androidx.datastore.core.SingleProcessDataStore$Message,kotlin.coroutines.Continuation)>
05-06 05:56:32.361 19440 19542 D GAPS    : METHOD=<androidx.datastore.core.SingleProcessDataStore$actor$3: kotlin.coroutines.Continuation create(java.lang.Object,kotlin.coroutines.Continuation)>
05-06 05:56:32.361 19440 19542 D GAPS    : METHOD=<androidx.datastore.core.SingleProcessDataStore$actor$3: java.lang.Object invokeSuspend(java.lang.Object)>
05-06 05:56:32.361 19440 19542 D GAPS    : METHOD=<androidx.datastore.core.SingleProcessDataStore: java.lang.Object access$handleRead(androidx.datastore.core.SingleProcessDataStore,androidx.datastore.core.SingleProcessDataStore$Message$Read,kotlin.coroutines.Continuation)>
05-06 05:56:32.361 19440 19542 D GAPS    : METHOD=<androidx.datastore.core.SingleProcessDataStore: java.lang.Object handleRead(androidx.datastore.core.SingleProcessDataStore$Message$Read,kotlin.coroutines.Continuation)>
05-06 05:56:32.361 19440 19542 D GAPS    : METHOD=<androidx.datastore.core.SingleProcessDataStore: java.lang.Object readAndInitOrPropagateFailure(kotlin.coroutines.Continuation)>
05-06 05:56:32.361 19440 19542 D GAPS    : CLASS=androidx.datastore.core.SingleProcessDataStore$readAndInitOrPropagateFailure$1
05-06 05:56:32.361 19440 19542 D GAPS    : METHOD=<androidx.datastore.core.SingleProcessDataStore$readAndInitOrPropagateFailure$1: void <init>(androidx.datastore.core.SingleProcessDataStore,kotlin.coroutines.Continuation)>
05-06 05:56:32.361 19440 19542 D GAPS    : METHOD=<androidx.datastore.core.SingleProcessDataStore: java.lang.Object readAndInit(kotlin.coroutines.Continuation)>
05-06 05:56:32.361 19440 19542 D GAPS    : CLASS=androidx.datastore.core.SingleProcessDataStore$readAndInit$1
05-06 05:56:32.361 19440 19542 D GAPS    : METHOD=<androidx.datastore.core.SingleProcessDataStore$readAndInit$1: void <init>(androidx.datastore.core.SingleProcessDataStore,kotlin.coroutines.Continuation)>
05-06 05:56:32.362 19440 19542 D GAPS    : METHOD=<androidx.datastore.core.SingleProcessDataStore: java.lang.Object readDataOrHandleCorruption(kotlin.coroutines.Continuation)>
05-06 05:56:32.362 19440 19542 D GAPS    : CLASS=androidx.datastore.core.SingleProcessDataStore$readDataOrHandleCorruption$1
05-06 05:56:32.362 19440 19542 D GAPS    : METHOD=<androidx.datastore.core.SingleProcessDataStore$readDataOrHandleCorruption$1: void <init>(androidx.datastore.core.SingleProcessDataStore,kotlin.coroutines.Continuation)>
05-06 05:56:32.362 19440 19542 D GAPS    : METHOD=<androidx.datastore.core.SingleProcessDataStore: java.lang.Object readData(kotlin.coroutines.Continuation)>
05-06 05:56:32.362 19440 19540 D GAPS    : CLASS=androidx.datastore.core.SingleProcessDataStore$data$1$invokeSuspend$$inlined$map$1$2
05-06 05:56:32.362 19440 19540 D GAPS    : METHOD=<androidx.datastore.core.SingleProcessDataStore$data$1$invokeSuspend$$inlined$map$1$2: void <init>(kotlinx.coroutines.flow.FlowCollector)>
05-06 05:56:32.362 19440 19542 D GAPS    : CLASS=androidx.datastore.core.SingleProcessDataStore$readData$1
05-06 05:56:32.362 19440 19542 D GAPS    : METHOD=<androidx.datastore.core.SingleProcessDataStore$readData$1: void <init>(androidx.datastore.core.SingleProcessDataStore,kotlin.coroutines.Continuation)>
05-06 05:56:32.362 19440 19542 D GAPS    : METHOD=<androidx.datastore.core.SingleProcessDataStore: java.io.File getFile()>
05-06 05:56:32.362 19440 19542 D GAPS    : METHOD=<androidx.datastore.core.SingleProcessDataStore$file$2: java.lang.Object invoke()>
05-06 05:56:32.362 19440 19540 D GAPS    : METHOD=<androidx.datastore.core.SingleProcessDataStore$data$1$1: java.lang.Object invoke(java.lang.Object,java.lang.Object)>
05-06 05:56:32.362 19440 19440 D GAPS    : METHOD=<leakcanary.KeyedWeakReference: java.lang.String getKey()>
05-06 05:56:32.362 19440 19540 D GAPS    : METHOD=<androidx.datastore.core.SingleProcessDataStore$data$1$1: java.lang.Object invoke(androidx.datastore.core.State,kotlin.coroutines.Continuation)>
05-06 05:56:32.362 19440 19542 D GAPS    : METHOD=<androidx.datastore.core.SingleProcessDataStore$file$2: java.io.File invoke()>
05-06 05:56:32.362 19440 19540 D GAPS    : METHOD=<androidx.datastore.core.SingleProcessDataStore$data$1$1: kotlin.coroutines.Continuation create(java.lang.Object,kotlin.coroutines.Continuation)>
05-06 05:56:32.362 19440 19542 D GAPS    : METHOD=<androidx.datastore.core.SingleProcessDataStore: kotlin.jvm.functions.Function0 access$getProduceFile$p(androidx.datastore.core.SingleProcessDataStore)>
05-06 05:56:32.362 19440 19540 D GAPS    : METHOD=<androidx.datastore.core.SingleProcessDataStore$data$1$1: java.lang.Object invokeSuspend(java.lang.Object)>
05-06 05:56:32.362 19440 19542 D GAPS    : METHOD=<androidx.datastore.preferences.core.PreferenceDataStoreFactory$create$delegate$1: java.lang.Object invoke()>
05-06 05:56:32.362 19440 19542 D GAPS    : METHOD=<androidx.datastore.preferences.core.PreferenceDataStoreFactory$create$delegate$1: java.io.File invoke()>
05-06 05:56:32.362 19440 19542 D GAPS    : METHOD=<org.totschnig.myexpenses.di.DataModule$providePreferencesDataStore$1: java.lang.Object invoke()>
05-06 05:56:32.362 19440 19542 D GAPS    : METHOD=<org.totschnig.myexpenses.di.DataModule$providePreferencesDataStore$1: java.io.File invoke()>
05-06 05:56:32.362 19440 19542 D GAPS    : METHOD=<org.totschnig.myexpenses.di.LiveLiterals$DataModuleKt: java.lang.String String$arg-0$call-preferencesDataStoreFile$fun-$anonymous$$arg-3$call-create$fun-providePreferencesDataStore$class-DataModule()>
05-06 05:56:32.362 19440 19540 D GAPS    : METHOD=<kotlinx.coroutines.EventLoopImplBase: long getNextTime()>
05-06 05:56:32.362 19440 19540 D GAPS    : METHOD=<kotlinx.coroutines.EventLoop: long getNextTime()>
05-06 05:56:32.362 19440 19542 D GAPS    : METHOD=<androidx.datastore.preferences.PreferenceDataStoreFile: java.io.File preferencesDataStoreFile(android.content.Context,java.lang.String)>
05-06 05:56:32.362 19440 19542 D GAPS    : METHOD=<androidx.datastore.DataStoreFile: java.io.File dataStoreFile(android.content.Context,java.lang.String)>
05-06 05:56:32.368 19440 19542 D GAPS    : METHOD=<kotlin.io.FilesKt__UtilsKt: java.lang.String getExtension(java.io.File)>
05-06 05:56:32.369 19440 19542 D GAPS    : METHOD=<androidx.datastore.preferences.core.PreferencesSerializer: java.lang.String getFileExtension()>
05-06 05:56:32.369 19440 19542 D GAPS    : METHOD=<androidx.datastore.core.SingleProcessDataStore$Companion: java.lang.Object getActiveFilesLock$datastore_core()>
05-06 05:56:32.369 19440 19542 D GAPS    : METHOD=<androidx.datastore.core.SingleProcessDataStore: java.lang.Object access$getActiveFilesLock$cp()>
05-06 05:56:32.369 19440 19542 D GAPS    : METHOD=<androidx.datastore.core.SingleProcessDataStore$Companion: java.util.Set getActiveFiles$datastore_core()>
05-06 05:56:32.369 19440 19542 D GAPS    : METHOD=<androidx.datastore.core.SingleProcessDataStore: java.util.Set access$getActiveFiles$cp()>
05-06 05:56:32.369 19440 19542 D GAPS    : METHOD=<androidx.datastore.preferences.core.PreferencesSerializer: java.lang.Object readFrom(java.io.InputStream,kotlin.coroutines.Continuation)>
05-06 05:56:32.369 19440 19542 D GAPS    : CLASS=androidx.datastore.preferences.PreferencesMapCompat
05-06 05:56:32.369 19440 19542 D GAPS    : METHOD=<androidx.datastore.preferences.PreferencesMapCompat: void <clinit>()>
05-06 05:56:32.370 19440 19542 D GAPS    : CLASS=androidx.datastore.preferences.PreferencesMapCompat$Companion
05-06 05:56:32.370 19440 19542 D GAPS    : METHOD=<androidx.datastore.preferences.PreferencesMapCompat$Companion: void <init>(kotlin.jvm.internal.DefaultConstructorMarker)>
05-06 05:56:32.370 19440 19542 D GAPS    : METHOD=<androidx.datastore.preferences.PreferencesMapCompat$Companion: void <init>()>
05-06 05:56:32.370 19440 19542 D GAPS    : METHOD=<androidx.datastore.preferences.PreferencesMapCompat$Companion: androidx.datastore.preferences.PreferencesProto$PreferenceMap readFrom(java.io.InputStream)>
05-06 05:56:32.376 19440 19542 D GAPS    : CLASS=androidx.datastore.preferences.protobuf.GeneratedMessageLite
05-06 05:56:32.376 19440 19542 D GAPS    : METHOD=<androidx.datastore.preferences.protobuf.GeneratedMessageLite: void <clinit>()>
05-06 05:56:32.376 19440 19542 D GAPS    : CLASS=androidx.datastore.preferences.PreferencesProto$PreferenceMap
05-06 05:56:32.377 19440 19542 D GAPS    : METHOD=<androidx.datastore.preferences.PreferencesProto$PreferenceMap: void <clinit>()>
05-06 05:56:32.377 19440 19542 D GAPS    : METHOD=<androidx.datastore.preferences.PreferencesProto$PreferenceMap: void <init>()>
05-06 05:56:32.377 19440 19542 D GAPS    : METHOD=<androidx.datastore.preferences.protobuf.GeneratedMessageLite: void <init>()>
05-06 05:56:32.377 19440 19542 D GAPS    : CLASS=androidx.datastore.preferences.protobuf.AbstractMessageLite
05-06 05:56:32.377 19440 19542 D GAPS    : METHOD=<androidx.datastore.preferences.protobuf.AbstractMessageLite: void <init>()>
05-06 05:56:32.378 19440 19542 D GAPS    : CLASS=androidx.datastore.preferences.protobuf.UnknownFieldSetLite
05-06 05:56:32.378 19440 19542 D GAPS    : METHOD=<androidx.datastore.preferences.protobuf.UnknownFieldSetLite: void <clinit>()>
05-06 05:56:32.378 19440 19542 D GAPS    : METHOD=<androidx.datastore.preferences.protobuf.UnknownFieldSetLite: void <init>(int,int[],java.lang.Object[],boolean)>
05-06 05:56:32.378 19440 19542 D GAPS    : METHOD=<androidx.datastore.preferences.protobuf.UnknownFieldSetLite: androidx.datastore.preferences.protobuf.UnknownFieldSetLite getDefaultInstance()>
05-06 05:56:32.378 19440 19542 D GAPS    : CLASS=androidx.datastore.preferences.protobuf.MapFieldLite
05-06 05:56:32.378 19440 19542 D GAPS    : METHOD=<androidx.datastore.preferences.protobuf.MapFieldLite: void <clinit>()>
05-06 05:56:32.378 19440 19542 D GAPS    : METHOD=<androidx.datastore.preferences.protobuf.MapFieldLite: void <init>()>
05-06 05:56:32.378 19440 19542 D GAPS    : METHOD=<androidx.datastore.preferences.protobuf.MapFieldLite: void makeImmutable()>
05-06 05:56:32.378 19440 19542 D GAPS    : METHOD=<androidx.datastore.preferences.protobuf.MapFieldLite: androidx.datastore.preferences.protobuf.MapFieldLite emptyMapField()>
05-06 05:56:32.379 19440 19542 D GAPS    : METHOD=<androidx.datastore.preferences.protobuf.GeneratedMessageLite: void registerDefaultInstance(java.lang.Class,androidx.datastore.preferences.protobuf.GeneratedMessageLite)>
05-06 05:56:32.379 19440 19542 D GAPS    : METHOD=<androidx.datastore.preferences.PreferencesProto$PreferenceMap: androidx.datastore.preferences.PreferencesProto$PreferenceMap parseFrom(java.io.InputStream)>
05-06 05:56:32.379 19440 19542 D GAPS    : METHOD=<androidx.datastore.preferences.protobuf.GeneratedMessageLite: androidx.datastore.preferences.protobuf.GeneratedMessageLite parseFrom(androidx.datastore.preferences.protobuf.GeneratedMessageLite,java.io.InputStream)>
05-06 05:56:32.380 19440 19542 D GAPS    : METHOD=<androidx.datastore.preferences.protobuf.CodedInputStream: androidx.datastore.preferences.protobuf.CodedInputStream newInstance(java.io.InputStream)>
05-06 05:56:32.380 19440 19542 D GAPS    : METHOD=<androidx.datastore.preferences.protobuf.CodedInputStream: androidx.datastore.preferences.protobuf.CodedInputStream newInstance(java.io.InputStream,int)>
05-06 05:56:32.381 19440 19542 D GAPS    : CLASS=androidx.datastore.preferences.protobuf.CodedInputStream$StreamDecoder
05-06 05:56:32.381 19440 19542 D GAPS    : METHOD=<androidx.datastore.preferences.protobuf.CodedInputStream$StreamDecoder: void <init>(java.io.InputStream,int,androidx.datastore.preferences.protobuf.CodedInputStream$1)>
05-06 05:56:32.381 19440 19542 D GAPS    : METHOD=<androidx.datastore.preferences.protobuf.CodedInputStream$StreamDecoder: void <init>(java.io.InputStream,int)>
05-06 05:56:32.381 19440 19542 D GAPS    : CLASS=androidx.datastore.preferences.protobuf.CodedInputStream
05-06 05:56:32.381 19440 19542 D GAPS    : METHOD=<androidx.datastore.preferences.protobuf.CodedInputStream: void <init>(androidx.datastore.preferences.protobuf.CodedInputStream$1)>
05-06 05:56:32.381 19440 19542 D GAPS    : METHOD=<androidx.datastore.preferences.protobuf.CodedInputStream: void <init>()>
05-06 05:56:32.382 19440 19542 D GAPS    : CLASS=androidx.datastore.preferences.protobuf.Internal
05-06 05:56:32.382 19440 19542 D GAPS    : METHOD=<androidx.datastore.preferences.protobuf.Internal: void <clinit>()>
05-06 05:56:32.382 19440 19542 D GAPS    : METHOD=<androidx.datastore.preferences.protobuf.CodedInputStream: androidx.datastore.preferences.protobuf.CodedInputStream newInstance(byte[])>
05-06 05:56:32.382 19440 19542 D GAPS    : METHOD=<androidx.datastore.preferences.protobuf.CodedInputStream: androidx.datastore.preferences.protobuf.CodedInputStream newInstance(byte[],int,int)>
05-06 05:56:32.382 19440 19542 D GAPS    : METHOD=<androidx.datastore.preferences.protobuf.CodedInputStream: androidx.datastore.preferences.protobuf.CodedInputStream newInstance(byte[],int,int,boolean)>
05-06 05:56:32.382 19440 19542 D GAPS    : CLASS=androidx.datastore.preferences.protobuf.CodedInputStream$ArrayDecoder
05-06 05:56:32.383 19440 19542 D GAPS    : METHOD=<androidx.datastore.preferences.protobuf.CodedInputStream$ArrayDecoder: void <init>(byte[],int,int,boolean,androidx.datastore.preferences.protobuf.CodedInputStream$1)>
05-06 05:56:32.383 19440 19542 D GAPS    : METHOD=<androidx.datastore.preferences.protobuf.CodedInputStream$ArrayDecoder: void <init>(byte[],int,int,boolean)>
05-06 05:56:32.383 19440 19542 D GAPS    : METHOD=<androidx.datastore.preferences.protobuf.CodedInputStream$ArrayDecoder: int pushLimit(int)>
05-06 05:56:32.383 19440 19542 D GAPS    : METHOD=<androidx.datastore.preferences.protobuf.CodedInputStream$ArrayDecoder: int getTotalBytesRead()>
05-06 05:56:32.383 19440 19542 D GAPS    : METHOD=<androidx.datastore.preferences.protobuf.CodedInputStream$ArrayDecoder: void recomputeBufferSizeAfterLimit()>
05-06 05:56:32.383 19440 19542 D GAPS    : METHOD=<androidx.datastore.preferences.protobuf.Internal: java.lang.Object checkNotNull(java.lang.Object,java.lang.String)>
05-06 05:56:32.383 19440 19542 D GAPS    : CLASS=androidx.datastore.preferences.protobuf.ExtensionRegistryLite
05-06 05:56:32.383 19440 19542 D GAPS    : METHOD=<androidx.datastore.preferences.protobuf.ExtensionRegistryLite: void <clinit>()>
05-06 05:56:32.383 19440 19542 D GAPS    : METHOD=<androidx.datastore.preferences.protobuf.ExtensionRegistryLite: java.lang.Class resolveExtensionClass()>
05-06 05:56:32.383 19440 19542 D GAPS    : METHOD=<androidx.datastore.preferences.protobuf.ExtensionRegistryLite: void <init>(boolean)>
05-06 05:56:32.383 19440 19542 D GAPS    : METHOD=<androidx.datastore.preferences.protobuf.ExtensionRegistryLite: androidx.datastore.preferences.protobuf.ExtensionRegistryLite getEmptyRegistry()>
05-06 05:56:32.384 19440 19542 D GAPS    : CLASS=androidx.datastore.preferences.protobuf.ExtensionRegistryFactory
05-06 05:56:32.384 19440 19542 D GAPS    : METHOD=<androidx.datastore.preferences.protobuf.ExtensionRegistryFactory: void <clinit>()>
05-06 05:56:32.384 19440 19542 D GAPS    : METHOD=<androidx.datastore.preferences.protobuf.ExtensionRegistryFactory: java.lang.Class reflectExtensionRegistry()>
05-06 05:56:32.384 19440 19542 D GAPS    : METHOD=<androidx.datastore.preferences.protobuf.ExtensionRegistryFactory: androidx.datastore.preferences.protobuf.ExtensionRegistryLite createEmpty()>
05-06 05:56:32.384 19440 19542 D GAPS    : METHOD=<androidx.datastore.preferences.protobuf.GeneratedMessageLite: androidx.datastore.preferences.protobuf.GeneratedMessageLite parsePartialFrom(androidx.datastore.preferences.protobuf.GeneratedMessageLite,androidx.datastore.preferences.protobuf.CodedInputStream,androidx.datastore.preferences.protobuf.ExtensionRegistryLite)>
05-06 05:56:32.384 19440 19542 D GAPS    : CLASS=androidx.datastore.preferences.protobuf.GeneratedMessageLite$MethodToInvoke
05-06 05:56:32.384 19440 19542 D GAPS    : METHOD=<androidx.datastore.preferences.protobuf.GeneratedMessageLite$MethodToInvoke: void <clinit>()>
05-06 05:56:32.384 19440 19542 D GAPS    : METHOD=<androidx.datastore.preferences.protobuf.GeneratedMessageLite$MethodToInvoke: void <init>(java.lang.String,int)>
05-06 05:56:32.384 19440 19542 D GAPS    : METHOD=<androidx.datastore.preferences.protobuf.GeneratedMessageLite: java.lang.Object dynamicMethod(androidx.datastore.preferences.protobuf.GeneratedMessageLite$MethodToInvoke)>
05-06 05:56:32.384 19440 19542 D GAPS    : METHOD=<androidx.datastore.preferences.PreferencesProto$PreferenceMap: java.lang.Object dynamicMethod(androidx.datastore.preferences.protobuf.GeneratedMessageLite$MethodToInvoke,java.lang.Object,java.lang.Object)>
05-06 05:56:32.384 19440 19542 D GAPS    : CLASS=androidx.datastore.preferences.PreferencesProto$1
05-06 05:56:32.384 19440 19542 D GAPS    : METHOD=<androidx.datastore.preferences.PreferencesProto$1: void <clinit>()>
05-06 05:56:32.384 19440 19542 D GAPS    : METHOD=<androidx.datastore.preferences.protobuf.GeneratedMessageLite$MethodToInvoke: androidx.datastore.preferences.protobuf.GeneratedMessageLite$MethodToInvoke[] values()>
05-06 05:56:32.385 19440 19542 D GAPS    : CLASS=androidx.datastore.preferences.protobuf.Protobuf
05-06 05:56:32.385 19440 19542 D GAPS    : METHOD=<androidx.datastore.preferences.protobuf.Protobuf: void <clinit>()>
05-06 05:56:32.385 19440 19542 D GAPS    : METHOD=<androidx.datastore.preferences.protobuf.Protobuf: void <init>()>
05-06 05:56:32.385 19440 19542 D GAPS    : CLASS=androidx.datastore.preferences.protobuf.ManifestSchemaFactory
05-06 05:56:32.386 19440 19542 D GAPS    : METHOD=<androidx.datastore.preferences.protobuf.ManifestSchemaFactory: void <clinit>()>
05-06 05:56:32.386 19440 19542 D GAPS    : CLASS=androidx.datastore.preferences.protobuf.ManifestSchemaFactory$1
05-06 05:56:32.386 19440 19542 D GAPS    : METHOD=<androidx.datastore.preferences.protobuf.ManifestSchemaFactory$1: void <init>()>
05-06 05:56:32.386 19440 19542 D GAPS    : METHOD=<androidx.datastore.preferences.protobuf.ManifestSchemaFactory: void <init>()>
05-06 05:56:32.386 19440 19542 D GAPS    : METHOD=<androidx.datastore.preferences.protobuf.ManifestSchemaFactory: androidx.datastore.preferences.protobuf.MessageInfoFactory getDefaultMessageInfoFactory()>
05-06 05:56:32.386 19440 19542 D GAPS    : CLASS=androidx.datastore.preferences.protobuf.GeneratedMessageInfoFactory
05-06 05:56:32.386 19440 19542 D GAPS    : METHOD=<androidx.datastore.preferences.protobuf.GeneratedMessageInfoFactory: void <clinit>()>
05-06 05:56:32.386 19440 19542 D GAPS    : METHOD=<androidx.datastore.preferences.protobuf.GeneratedMessageInfoFactory: void <init>()>
05-06 05:56:32.386 19440 19542 D GAPS    : METHOD=<androidx.datastore.preferences.protobuf.GeneratedMessageInfoFactory: androidx.datastore.preferences.protobuf.GeneratedMessageInfoFactory getInstance()>
05-06 05:56:32.386 19440 19542 D GAPS    : METHOD=<androidx.datastore.preferences.protobuf.ManifestSchemaFactory: androidx.datastore.preferences.protobuf.MessageInfoFactory getDescriptorMessageInfoFactory()>
05-06 05:56:32.386 19440 19542 D GAPS    : CLASS=androidx.datastore.preferences.protobuf.ManifestSchemaFactory$CompositeMessageInfoFactory
05-06 05:56:32.386 19440 19542 D GAPS    : METHOD=<androidx.datastore.preferences.protobuf.ManifestSchemaFactory$CompositeMessageInfoFactory: void <init>(androidx.datastore.preferences.protobuf.MessageInfoFactory[])>
05-06 05:56:32.386 19440 19542 D GAPS    : METHOD=<androidx.datastore.preferences.protobuf.ManifestSchemaFactory: void <init>(androidx.datastore.preferences.protobuf.MessageInfoFactory)>
05-06 05:56:32.386 19440 19542 D GAPS    : METHOD=<androidx.datastore.preferences.protobuf.Protobuf: androidx.datastore.preferences.protobuf.Protobuf getInstance()>
05-06 05:56:32.386 19440 19542 D GAPS    : METHOD=<androidx.datastore.preferences.protobuf.Protobuf: androidx.datastore.preferences.protobuf.Schema schemaFor(java.lang.Object)>
05-06 05:56:32.386 19440 19542 D GAPS    : METHOD=<androidx.datastore.preferences.protobuf.Protobuf: androidx.datastore.preferences.protobuf.Schema schemaFor(java.lang.Class)>
05-06 05:56:32.386 19440 19542 D GAPS    : METHOD=<androidx.datastore.preferences.protobuf.ManifestSchemaFactory: androidx.datastore.preferences.protobuf.Schema createSchema(java.lang.Class)>
05-06 05:56:32.388 19440 19542 D GAPS    : CLASS=androidx.datastore.preferences.protobuf.SchemaUtil
05-06 05:56:32.388 19440 19542 D GAPS    : METHOD=<androidx.datastore.preferences.protobuf.SchemaUtil: void <clinit>()>
05-06 05:56:32.388 19440 19542 D GAPS    : METHOD=<androidx.datastore.preferences.protobuf.SchemaUtil: java.lang.Class getGeneratedMessageClass()>
05-06 05:56:32.388 19440 19542 D GAPS    : METHOD=<androidx.datastore.preferences.protobuf.SchemaUtil: androidx.datastore.preferences.protobuf.UnknownFieldSchema getUnknownFieldSetSchema(boolean)>
05-06 05:56:32.388 19440 19542 D GAPS    : METHOD=<androidx.datastore.preferences.protobuf.SchemaUtil: java.lang.Class getUnknownFieldSetSchemaClass()>
05-06 05:56:32.389 19440 19542 D GAPS    : CLASS=androidx.datastore.preferences.protobuf.UnknownFieldSetLiteSchema
05-06 05:56:32.389 19440 19542 D GAPS    : METHOD=<androidx.datastore.preferences.protobuf.UnknownFieldSetLiteSchema: void <init>()>
05-06 05:56:32.389 19440 19542 D GAPS    : CLASS=androidx.datastore.preferences.protobuf.UnknownFieldSchema
05-06 05:56:32.389 19440 19542 D GAPS    : METHOD=<androidx.datastore.preferences.protobuf.UnknownFieldSchema: void <init>()>
05-06 05:56:32.389 19440 19542 D GAPS    : METHOD=<androidx.datastore.preferences.protobuf.SchemaUtil: void requireGeneratedMessage(java.lang.Class)>
05-06 05:56:32.389 19440 19542 D GAPS    : METHOD=<androidx.datastore.preferences.protobuf.ManifestSchemaFactory$CompositeMessageInfoFactory: androidx.datastore.preferences.protobuf.MessageInfo messageInfoFor(java.lang.Class)>
05-06 05:56:32.389 19440 19542 D GAPS    : METHOD=<androidx.datastore.preferences.protobuf.GeneratedMessageInfoFactory: boolean isSupported(java.lang.Class)>
05-06 05:56:32.389 19440 19542 D GAPS    : METHOD=<androidx.datastore.preferences.protobuf.GeneratedMessageInfoFactory: androidx.datastore.preferences.protobuf.MessageInfo messageInfoFor(java.lang.Class)>
05-06 05:56:32.389 19440 19542 D GAPS    : METHOD=<androidx.datastore.preferences.protobuf.GeneratedMessageLite: androidx.datastore.preferences.protobuf.GeneratedMessageLite getDefaultInstance(java.lang.Class)>
05-06 05:56:32.389 19440 19542 D GAPS    : METHOD=<androidx.datastore.preferences.protobuf.GeneratedMessageLite: java.lang.Object buildMessageInfo()>
05-06 05:56:32.389 19440 19542 D GAPS    : CLASS=androidx.datastore.preferences.PreferencesProto$PreferenceMap$PreferencesDefaultEntryHolder
05-06 05:56:32.389 19440 19542 D GAPS    : METHOD=<androidx.datastore.preferences.PreferencesProto$PreferenceMap$PreferencesDefaultEntryHolder: void <clinit>()>
05-06 05:56:32.390 19440 19542 D GAPS    : CLASS=androidx.datastore.preferences.protobuf.WireFormat$FieldType
05-06 05:56:32.390 19440 19542 D GAPS    : METHOD=<androidx.datastore.preferences.protobuf.WireFormat$FieldType: void <clinit>()>
05-06 05:56:32.390 19440 19542 D GAPS    : CLASS=androidx.datastore.preferences.protobuf.WireFormat$JavaType
05-06 05:56:32.390 19440 19542 D GAPS    : METHOD=<androidx.datastore.preferences.protobuf.WireFormat$JavaType: void <clinit>()>
05-06 05:56:32.390 19440 19542 D GAPS    : METHOD=<androidx.datastore.preferences.protobuf.WireFormat$JavaType: void <init>(java.lang.String,int,java.lang.Object)>
05-06 05:56:32.391 19440 19542 D GAPS    : CLASS=androidx.datastore.preferences.protobuf.ByteString
05-06 05:56:32.391 19440 19542 D GAPS    : METHOD=<androidx.datastore.preferences.protobuf.ByteString: void <clinit>()>
05-06 05:56:32.392 19440 19542 D GAPS    : CLASS=androidx.datastore.preferences.protobuf.ByteString$LiteralByteString
05-06 05:56:32.392 19440 19542 D GAPS    : METHOD=<androidx.datastore.preferences.protobuf.ByteString$LiteralByteString: void <init>(byte[])>
05-06 05:56:32.392 19440 19542 D GAPS    : CLASS=androidx.datastore.preferences.protobuf.ByteString$LeafByteString
05-06 05:56:32.392 19440 19542 D GAPS    : METHOD=<androidx.datastore.preferences.protobuf.ByteString$LeafByteString: void <init>()>
05-06 05:56:32.392 19440 19542 D GAPS    : METHOD=<androidx.datastore.preferences.protobuf.ByteString: void <init>()>
05-06 05:56:32.392 19440 19542 D GAPS    : CLASS=androidx.datastore.preferences.protobuf.Android
05-06 05:56:32.392 19440 19542 D GAPS    : METHOD=<androidx.datastore.preferences.protobuf.Android: void <clinit>()>
05-06 05:56:32.392 19440 19542 D GAPS    : METHOD=<androidx.datastore.preferences.protobuf.Android: java.lang.Class getClassForName(java.lang.String)>
05-06 05:56:32.392 19440 19542 D GAPS    : METHOD=<androidx.datastore.preferences.protobuf.Android: boolean isOnAndroidDevice()>
05-06 05:56:32.392 19440 19542 D GAPS    : CLASS=androidx.datastore.preferences.protobuf.ByteString$SystemByteArrayCopier
05-06 05:56:32.392 19440 19542 D GAPS    : METHOD=<androidx.datastore.preferences.protobuf.ByteString$SystemByteArrayCopier: void <init>(androidx.datastore.preferences.protobuf.ByteString$1)>
05-06 05:56:32.392 19440 19542 D GAPS    : METHOD=<androidx.datastore.preferences.protobuf.ByteString$SystemByteArrayCopier: void <init>()>
05-06 05:56:32.392 19440 19542 D GAPS    : CLASS=androidx.datastore.preferences.protobuf.ByteString$2
05-06 05:56:32.392 19440 19542 D GAPS    : METHOD=<androidx.datastore.preferences.protobuf.ByteString$2: void <init>()>
05-06 05:56:32.392 19440 19542 D GAPS    : METHOD=<androidx.datastore.preferences.protobuf.WireFormat$FieldType: void <init>(java.lang.String,int,androidx.datastore.preferences.protobuf.WireFormat$JavaType,int)>
05-06 05:56:32.393 19440 19542 D GAPS    : CLASS=androidx.datastore.preferences.protobuf.WireFormat$FieldType$1
05-06 05:56:32.393 19440 19542 D GAPS    : METHOD=<androidx.datastore.preferences.protobuf.WireFormat$FieldType$1: void <init>(java.lang.String,int,androidx.datastore.preferences.protobuf.WireFormat$JavaType,int)>
05-06 05:56:32.393 19440 19542 D GAPS    : METHOD=<androidx.datastore.preferences.protobuf.WireFormat$FieldType: void <init>(java.lang.String,int,androidx.datastore.preferences.protobuf.WireFormat$JavaType,int,androidx.datastore.preferences.protobuf.WireFormat$1)>
05-06 05:56:32.393 19440 19542 D GAPS    : CLASS=androidx.datastore.preferences.protobuf.WireFormat$FieldType$2
05-06 05:56:32.393 19440 19542 D GAPS    : METHOD=<androidx.datastore.preferences.protobuf.WireFormat$FieldType$2: void <init>(java.lang.String,int,androidx.datastore.preferences.protobuf.WireFormat$JavaType,int)>
05-06 05:56:32.393 19440 19542 D GAPS    : CLASS=androidx.datastore.preferences.protobuf.WireFormat$FieldType$3
05-06 05:56:32.393 19440 19542 D GAPS    : METHOD=<androidx.datastore.preferences.protobuf.WireFormat$FieldType$3: void <init>(java.lang.String,int,androidx.datastore.preferences.protobuf.WireFormat$JavaType,int)>
05-06 05:56:32.393 19440 19542 D GAPS    : CLASS=androidx.datastore.preferences.protobuf.WireFormat$FieldType$4
05-06 05:56:32.393 19440 19542 D GAPS    : METHOD=<androidx.datastore.preferences.protobuf.WireFormat$FieldType$4: void <init>(java.lang.String,int,androidx.datastore.preferences.protobuf.WireFormat$JavaType,int)>
05-06 05:56:32.393 19440 19542 D GAPS    : CLASS=androidx.datastore.preferences.PreferencesProto$Value
05-06 05:56:32.394 19440 19542 D GAPS    : METHOD=<androidx.datastore.preferences.PreferencesProto$Value: void <clinit>()>
05-06 05:56:32.394 19440 19542 D GAPS    : METHOD=<androidx.datastore.preferences.PreferencesProto$Value: void <init>()>
05-06 05:56:32.394 19440 19542 D GAPS    : METHOD=<androidx.datastore.preferences.PreferencesProto$Value: androidx.datastore.preferences.PreferencesProto$Value getDefaultInstance()>
05-06 05:56:32.394 19440 19542 D GAPS    : METHOD=<androidx.datastore.preferences.protobuf.MapEntryLite: androidx.datastore.preferences.protobuf.MapEntryLite newDefaultInstance(androidx.datastore.preferences.protobuf.WireFormat$FieldType,java.lang.Object,androidx.datastore.preferences.protobuf.WireFormat$FieldType,java.lang.Object)>
05-06 05:56:32.394 19440 19542 D GAPS    : CLASS=androidx.datastore.preferences.protobuf.MapEntryLite
05-06 05:56:32.394 19440 19542 D GAPS    : METHOD=<androidx.datastore.preferences.protobuf.MapEntryLite: void <init>(androidx.datastore.preferences.protobuf.WireFormat$FieldType,java.lang.Object,androidx.datastore.preferences.protobuf.WireFormat$FieldType,java.lang.Object)>
05-06 05:56:32.394 19440 19542 D GAPS    : CLASS=androidx.datastore.preferences.protobuf.MapEntryLite$Metadata
05-06 05:56:32.394 19440 19542 D GAPS    : METHOD=<androidx.datastore.preferences.protobuf.MapEntryLite$Metadata: void <init>(androidx.datastore.preferences.protobuf.WireFormat$FieldType,java.lang.Object,androidx.datastore.preferences.protobuf.WireFormat$FieldType,java.lang.Object)>
05-06 05:56:32.394 19440 19542 D GAPS    : METHOD=<androidx.datastore.preferences.protobuf.GeneratedMessageLite: java.lang.Object newMessageInfo(androidx.datastore.preferences.protobuf.MessageLite,java.lang.String,java.lang.Object[])>
05-06 05:56:32.394 19440 19542 D GAPS    : CLASS=androidx.datastore.preferences.protobuf.RawMessageInfo
05-06 05:56:32.394 19440 19542 D GAPS    : METHOD=<androidx.datastore.preferences.protobuf.RawMessageInfo: void <init>(androidx.datastore.preferences.protobuf.MessageLite,java.lang.String,java.lang.Object[])>
05-06 05:56:32.394 19440 19542 D GAPS    : METHOD=<androidx.datastore.preferences.protobuf.RawMessageInfo: boolean isMessageSetWireFormat()>
05-06 05:56:32.394 19440 19542 D GAPS    : METHOD=<androidx.datastore.preferences.protobuf.ManifestSchemaFactory: androidx.datastore.preferences.protobuf.Schema newSchema(java.lang.Class,androidx.datastore.preferences.protobuf.MessageInfo)>
05-06 05:56:32.394 19440 19542 D GAPS    : METHOD=<androidx.datastore.preferences.protobuf.ManifestSchemaFactory: boolean isProto2(androidx.datastore.preferences.protobuf.MessageInfo)>
05-06 05:56:32.394 19440 19542 D GAPS    : METHOD=<androidx.datastore.preferences.protobuf.RawMessageInfo: androidx.datastore.preferences.protobuf.ProtoSyntax getSyntax()>
05-06 05:56:32.395 19440 19542 D GAPS    : CLASS=androidx.datastore.preferences.protobuf.ProtoSyntax
05-06 05:56:32.395 19440 19542 D GAPS    : METHOD=<androidx.datastore.preferences.protobuf.ProtoSyntax: void <clinit>()>
05-06 05:56:32.395 19440 19542 D GAPS    : METHOD=<androidx.datastore.preferences.protobuf.ProtoSyntax: void <init>(java.lang.String,int)>
05-06 05:56:32.395 19440 19542 D GAPS    : CLASS=androidx.datastore.preferences.protobuf.NewInstanceSchemas
05-06 05:56:32.395 19440 19542 D GAPS    : METHOD=<androidx.datastore.preferences.protobuf.NewInstanceSchemas: void <clinit>()>
05-06 05:56:32.395 19440 19542 D GAPS    : METHOD=<androidx.datastore.preferences.protobuf.NewInstanceSchemas: androidx.datastore.preferences.protobuf.NewInstanceSchema loadSchemaForFullRuntime()>
05-06 05:56:32.395 19440 19542 D GAPS    : CLASS=androidx.datastore.preferences.protobuf.NewInstanceSchemaLite
05-06 05:56:32.395 19440 19542 D GAPS    : METHOD=<androidx.datastore.preferences.protobuf.NewInstanceSchemaLite: void <init>()>
05-06 05:56:32.395 19440 19542 D GAPS    : METHOD=<androidx.datastore.preferences.protobuf.NewInstanceSchemas: androidx.datastore.preferences.protobuf.NewInstanceSchema lite()>
05-06 05:56:32.395 19440 19542 D GAPS    : CLASS=androidx.datastore.preferences.protobuf.ListFieldSchema
05-06 05:56:32.396 19440 19542 D GAPS    : METHOD=<androidx.datastore.preferences.protobuf.ListFieldSchema: void <clinit>()>
05-06 05:56:32.396 19440 19542 D GAPS    : CLASS=androidx.datastore.preferences.protobuf.ListFieldSchema$ListFieldSchemaFull
05-06 05:56:32.396 19440 19542 D GAPS    : METHOD=<androidx.datastore.preferences.protobuf.ListFieldSchema$ListFieldSchemaFull: void <clinit>()>
05-06 05:56:32.396 19440 19542 D GAPS    : METHOD=<androidx.datastore.preferences.protobuf.ListFieldSchema$ListFieldSchemaFull: void <init>(androidx.datastore.preferences.protobuf.ListFieldSchema$1)>
05-06 05:56:32.396 19440 19542 D GAPS    : METHOD=<androidx.datastore.preferences.protobuf.ListFieldSchema$ListFieldSchemaFull: void <init>()>
05-06 05:56:32.396 19440 19542 D GAPS    : METHOD=<androidx.datastore.preferences.protobuf.ListFieldSchema: void <init>(androidx.datastore.preferences.protobuf.ListFieldSchema$1)>
05-06 05:56:32.396 19440 19542 D GAPS    : METHOD=<androidx.datastore.preferences.protobuf.ListFieldSchema: void <init>()>
05-06 05:56:32.396 19440 19542 D GAPS    : CLASS=androidx.datastore.preferences.protobuf.ListFieldSchema$ListFieldSchemaLite
05-06 05:56:32.396 19440 19542 D GAPS    : METHOD=<androidx.datastore.preferences.protobuf.ListFieldSchema$ListFieldSchemaLite: void <init>(androidx.datastore.preferences.protobuf.ListFieldSchema$1)>
05-06 05:56:32.396 19440 19542 D GAPS    : METHOD=<androidx.datastore.preferences.protobuf.ListFieldSchema$ListFieldSchemaLite: void <init>()>
05-06 05:56:32.396 19440 19542 D GAPS    : METHOD=<androidx.datastore.preferences.protobuf.ListFieldSchema: androidx.datastore.preferences.protobuf.ListFieldSchema lite()>
05-06 05:56:32.396 19440 19542 D GAPS    : METHOD=<androidx.datastore.preferences.protobuf.SchemaUtil: androidx.datastore.preferences.protobuf.UnknownFieldSchema unknownFieldSetLiteSchema()>
05-06 05:56:32.397 19440 19542 D GAPS    : CLASS=androidx.datastore.preferences.protobuf.ExtensionSchemas
05-06 05:56:32.397 19440 19542 D GAPS    : METHOD=<androidx.datastore.preferences.protobuf.ExtensionSchemas: void <clinit>()>
05-06 05:56:32.398 19440 19542 D GAPS    : CLASS=androidx.datastore.preferences.protobuf.ExtensionSchemaLite
05-06 05:56:32.398 19440 19542 D GAPS    : METHOD=<androidx.datastore.preferences.protobuf.ExtensionSchemaLite: void <init>()>
05-06 05:56:32.398 19440 19542 D GAPS    : CLASS=androidx.datastore.preferences.protobuf.ExtensionSchema
05-06 05:56:32.398 19440 19542 D GAPS    : METHOD=<androidx.datastore.preferences.protobuf.ExtensionSchema: void <init>()>
05-06 05:56:32.398 19440 19542 D GAPS    : METHOD=<androidx.datastore.preferences.protobuf.ExtensionSchemas: androidx.datastore.preferences.protobuf.ExtensionSchema loadSchemaForFullRuntime()>
05-06 05:56:32.398 19440 19542 D GAPS    : METHOD=<androidx.datastore.preferences.protobuf.ExtensionSchemas: androidx.datastore.preferences.protobuf.ExtensionSchema lite()>
05-06 05:56:32.398 19440 19542 D GAPS    : CLASS=androidx.datastore.preferences.protobuf.MapFieldSchemas
05-06 05:56:32.398 19440 19542 D GAPS    : METHOD=<androidx.datastore.preferences.protobuf.MapFieldSchemas: void <clinit>()>
05-06 05:56:32.398 19440 19542 D GAPS    : METHOD=<androidx.datastore.preferences.protobuf.MapFieldSchemas: androidx.datastore.preferences.protobuf.MapFieldSchema loadSchemaForFullRuntime()>
