05-06 05:56:32.449 19440 19540 D GAPS    : METHOD=<ch.qos.logback.core.AsyncAppenderBase: void putUninterruptibly(java.lang.Object)>
05-06 05:56:32.449 19440 19476 D GAPS    : METHOD=<ch.qos.logback.core.OutputStreamAppender: void append(java.lang.Object)>
05-06 05:56:32.449 19440 19476 D GAPS    : METHOD=<ch.qos.logback.core.rolling.RollingFileAppender: void subAppend(java.lang.Object)>
05-06 05:56:32.449 19440 19540 D GAPS    : METHOD=<org.totschnig.myexpenses.provider.BaseTransactionProvider: android.os.Bundle hiddenAccountCount(androidx.sqlite.db.SupportSQLiteDatabase)>
05-06 05:56:32.449 19440 19476 D GAPS    : METHOD=<ch.qos.logback.core.rolling.TimeBasedRollingPolicy: boolean isTriggeringEvent(java.io.File,java.lang.Object)>
05-06 05:56:32.449 19440 19540 D GAPS    : METHOD=<org.totschnig.myexpenses.provider.LiveLiterals$BaseTransactionProviderKt: int Int$arg-0$call-$init$$$$this$call-apply$fun-hiddenAccountCount$class-BaseTransactionProvider()>
05-06 05:56:32.449 19440 19476 D GAPS    : METHOD=<ch.qos.logback.core.rolling.SizeAndTimeBasedFNATP: boolean isTriggeringEvent(java.io.File,java.lang.Object)>
05-06 05:56:32.449 19440 19540 D GAPS    : METHOD=<org.totschnig.myexpenses.provider.LiveLiterals$BaseTransactionProviderKt: java.lang.String String$0$str$arg-0$call-query$$$this$call-use$arg-1$call-putInt$fun-$anonymous$$arg-0$call-apply$fun-hiddenAccountCount$class-BaseTransactionProvider()>
05-06 05:56:32.449 19440 19540 D GAPS    : METHOD=<org.totschnig.myexpenses.provider.LiveLiterals$BaseTransactionProviderKt: java.lang.String String$2$str$arg-0$call-query$$$this$call-use$arg-1$call-putInt$fun-$anonymous$$arg-0$call-apply$fun-hiddenAccountCount$class-BaseTransactionProvider()>
05-06 05:56:32.449 19440 19476 D GAPS    : METHOD=<ch.qos.logback.core.util.DefaultInvocationGate: boolean isTooSoon(long)>
05-06 05:56:32.449 19440 19540 D GAPS    : METHOD=<org.totschnig.myexpenses.provider.LiveLiterals$BaseTransactionProviderKt: java.lang.String String$4$str$arg-0$call-query$$$this$call-use$arg-1$call-putInt$fun-$anonymous$$arg-0$call-apply$fun-hiddenAccountCount$class-BaseTransactionProvider()>
05-06 05:56:32.449 19440 19476 D GAPS    : METHOD=<ch.qos.logback.core.util.DefaultInvocationGate: void decreaseMask()>
05-06 05:56:32.449 19440 19476 D GAPS    : METHOD=<ch.qos.logback.core.util.DefaultInvocationGate: void updateLimits(long)>
05-06 05:56:32.450 19440 19476 D GAPS    : METHOD=<ch.qos.logback.core.FileAppender: void subAppend(java.lang.Object)>
05-06 05:56:32.450 19440 19476 D GAPS    : METHOD=<ch.qos.logback.core.OutputStreamAppender: void subAppend(java.lang.Object)>
05-06 05:56:32.450 19440 19476 D GAPS    : METHOD=<ch.qos.logback.core.encoder.LayoutWrappingEncoder: byte[] encode(java.lang.Object)>
05-06 05:56:32.450 19440 19476 D GAPS    : METHOD=<ch.qos.logback.classic.PatternLayout: java.lang.String doLayout(java.lang.Object)>
05-06 05:56:32.450 19440 19476 D GAPS    : METHOD=<ch.qos.logback.classic.PatternLayout: java.lang.String doLayout(ch.qos.logback.classic.spi.ILoggingEvent)>
05-06 05:56:32.450 19440 19476 D GAPS    : METHOD=<ch.qos.logback.core.LayoutBase: boolean isStarted()>
05-06 05:56:32.450 19440 19476 D GAPS    : METHOD=<ch.qos.logback.core.pattern.PatternLayoutBase: java.lang.String writeLoopOnConverters(java.lang.Object)>
05-06 05:56:32.450 19440 19476 D GAPS    : METHOD=<ch.qos.logback.core.pattern.FormattingConverter: void write(java.lang.StringBuilder,java.lang.Object)>
05-06 05:56:32.450 19440 19476 D GAPS    : METHOD=<ch.qos.logback.classic.pattern.DateConverter: java.lang.String convert(java.lang.Object)>
05-06 05:56:32.450 19440 19476 D GAPS    : METHOD=<ch.qos.logback.classic.pattern.DateConverter: java.lang.String convert(ch.qos.logback.classic.spi.ILoggingEvent)>
05-06 05:56:32.450 19440 19476 D GAPS    : METHOD=<ch.qos.logback.classic.spi.LoggingEvent: long getTimeStamp()>
05-06 05:56:32.450 19440 19540 D GAPS    : METHOD=<org.totschnig.myexpenses.provider.LiveLiterals$BaseTransactionProviderKt: int Int$arg-0$call-getInt$fun-$anonymous$$arg-0$call-use$arg-1$call-putInt$fun-$anonymous$$arg-0$call-apply$fun-hiddenAccountCount$class-BaseTransactionProvider()>
05-06 05:56:32.451 19440 19540 D GAPS    : METHOD=<org.totschnig.myexpenses.provider.BaseTransactionProvider: android.database.Cursor wrapWithResultCompat(android.database.Cursor,android.os.Bundle)>
05-06 05:56:32.452 19440 19476 D GAPS    : METHOD=<ch.qos.logback.core.pattern.Converter: void write(java.lang.StringBuilder,java.lang.Object)>
05-06 05:56:32.452 19440 19476 D GAPS    : METHOD=<ch.qos.logback.classic.pattern.LevelConverter: java.lang.String convert(java.lang.Object)>
05-06 05:56:32.452 19440 19476 D GAPS    : METHOD=<ch.qos.logback.classic.pattern.LevelConverter: java.lang.String convert(ch.qos.logback.classic.spi.ILoggingEvent)>
05-06 05:56:32.452 19440 19476 D GAPS    : METHOD=<ch.qos.logback.classic.spi.LoggingEvent: ch.qos.logback.classic.Level getLevel()>
05-06 05:56:32.452 19440 19476 D GAPS    : METHOD=<ch.qos.logback.classic.Level: java.lang.String toString()>
05-06 05:56:32.452 19440 19476 D GAPS    : METHOD=<ch.qos.logback.classic.pattern.ThreadConverter: java.lang.String convert(java.lang.Object)>
05-06 05:56:32.452 19440 19476 D GAPS    : METHOD=<ch.qos.logback.classic.pattern.ThreadConverter: java.lang.String convert(ch.qos.logback.classic.spi.ILoggingEvent)>
05-06 05:56:32.452 19440 19476 D GAPS    : METHOD=<ch.qos.logback.classic.pattern.MessageConverter: java.lang.String convert(java.lang.Object)>
05-06 05:56:32.452 19440 19476 D GAPS    : METHOD=<ch.qos.logback.classic.pattern.MessageConverter: java.lang.String convert(ch.qos.logback.classic.spi.ILoggingEvent)>
05-06 05:56:32.452 19440 19476 D GAPS    : METHOD=<ch.qos.logback.classic.pattern.LineSeparatorConverter: java.lang.String convert(java.lang.Object)>
05-06 05:56:32.452 19440 19476 D GAPS    : METHOD=<ch.qos.logback.classic.pattern.LineSeparatorConverter: java.lang.String convert(ch.qos.logback.classic.spi.ILoggingEvent)>
05-06 05:56:32.452 19440 19476 D GAPS    : METHOD=<ch.qos.logback.classic.pattern.ThrowableProxyConverter: java.lang.String convert(java.lang.Object)>
05-06 05:56:32.453 19440 19476 D GAPS    : METHOD=<ch.qos.logback.classic.pattern.ThrowableProxyConverter: java.lang.String convert(ch.qos.logback.classic.spi.ILoggingEvent)>
05-06 05:56:32.453 19440 19476 D GAPS    : METHOD=<ch.qos.logback.classic.spi.LoggingEvent: ch.qos.logback.classic.spi.IThrowableProxy getThrowableProxy()>
05-06 05:56:32.453 19440 19476 D GAPS    : METHOD=<ch.qos.logback.core.recovery.ResilientOutputStreamBase: void write(byte[],int,int)>
05-06 05:56:32.453 19440 19476 D GAPS    : METHOD=<ch.qos.logback.core.recovery.ResilientOutputStreamBase: boolean isPresumedInError()>
05-06 05:56:32.453 19440 19476 D GAPS    : METHOD=<ch.qos.logback.core.recovery.ResilientOutputStreamBase: void postSuccessfulWrite()>
05-06 05:56:32.453 19440 19476 D GAPS    : METHOD=<ch.qos.logback.core.recovery.ResilientOutputStreamBase: void flush()>
05-06 05:56:32.456 19440 19540 D GAPS    : METHOD=<kotlin.collections.CollectionsKt__CollectionsJVMKt: java.util.List createListBuilder()>
05-06 05:56:32.458 19440 19540 D GAPS    : CLASS=kotlin.collections.builders.ListBuilder
05-06 05:56:32.458 19440 19540 D GAPS    : METHOD=<kotlin.collections.builders.ListBuilder: void <init>()>
05-06 05:56:32.458 19440 19540 D GAPS    : METHOD=<kotlin.collections.builders.ListBuilder: void <init>(int)>
05-06 05:56:32.458 19440 19540 D GAPS    : METHOD=<kotlin.collections.builders.ListBuilder: void <init>(java.lang.Object[],int,int,boolean,kotlin.collections.builders.ListBuilder,kotlin.collections.builders.ListBuilder)>
05-06 05:56:32.458 19440 19540 D GAPS    : METHOD=<org.totschnig.myexpenses.viewmodel.MyExpensesViewModel$accountData$1: java.lang.Object invoke(java.lang.Object)>
05-06 05:56:32.458 19440 19540 D GAPS    : METHOD=<org.totschnig.myexpenses.viewmodel.MyExpensesViewModel$accountData$1: org.totschnig.myexpenses.viewmodel.data.FullAccount invoke(android.database.Cursor)>
05-06 05:56:32.460 19440 19540 D GAPS    : CLASS=org.totschnig.myexpenses.provider.DataBaseAccount
05-06 05:56:32.460 19440 19540 D GAPS    : METHOD=<org.totschnig.myexpenses.provider.DataBaseAccount: void <clinit>()>
05-06 05:56:32.460 19440 19540 D GAPS    : CLASS=org.totschnig.myexpenses.provider.DataBaseAccount$Companion
05-06 05:56:32.460 19440 19540 D GAPS    : METHOD=<org.totschnig.myexpenses.provider.DataBaseAccount$Companion: void <init>(kotlin.jvm.internal.DefaultConstructorMarker)>
05-06 05:56:32.460 19440 19540 D GAPS    : METHOD=<org.totschnig.myexpenses.provider.DataBaseAccount$Companion: void <init>()>
05-06 05:56:32.461 19440 19540 D GAPS    : CLASS=org.totschnig.myexpenses.provider.LiveLiterals$DataBaseAccountKt
05-06 05:56:32.461 19440 19540 D GAPS    : METHOD=<org.totschnig.myexpenses.provider.LiveLiterals$DataBaseAccountKt: void <clinit>()>
05-06 05:56:32.461 19440 19540 D GAPS    : METHOD=<org.totschnig.myexpenses.provider.LiveLiterals$DataBaseAccountKt: void <init>()>
05-06 05:56:32.461 19440 19540 D GAPS    : METHOD=<org.totschnig.myexpenses.provider.LiveLiterals$DataBaseAccountKt: int Int$class-DataBaseAccount()>
05-06 05:56:32.461 19440 19540 D GAPS    : CLASS=org.totschnig.myexpenses.viewmodel.data.BaseAccount
05-06 05:56:32.461 19440 19540 D GAPS    : METHOD=<org.totschnig.myexpenses.viewmodel.data.BaseAccount: void <clinit>()>
05-06 05:56:32.463 19440 19540 D GAPS    : CLASS=org.totschnig.myexpenses.viewmodel.data.LiveLiterals$FullAccountKt
05-06 05:56:32.463 19440 19540 D GAPS    : METHOD=<org.totschnig.myexpenses.viewmodel.data.LiveLiterals$FullAccountKt: void <clinit>()>
05-06 05:56:32.463 19440 19540 D GAPS    : METHOD=<org.totschnig.myexpenses.viewmodel.data.LiveLiterals$FullAccountKt: void <init>()>
05-06 05:56:32.463 19440 19540 D GAPS    : METHOD=<org.totschnig.myexpenses.viewmodel.data.LiveLiterals$FullAccountKt: int Int$class-BaseAccount()>
05-06 05:56:32.463 19440 19540 D GAPS    : CLASS=org.totschnig.myexpenses.viewmodel.data.FullAccount
05-06 05:56:32.463 19440 19540 D GAPS    : METHOD=<org.totschnig.myexpenses.viewmodel.data.FullAccount: void <clinit>()>
05-06 05:56:32.463 19440 19540 D GAPS    : CLASS=org.totschnig.myexpenses.viewmodel.data.FullAccount$Companion
05-06 05:56:32.463 19440 19540 D GAPS    : METHOD=<org.totschnig.myexpenses.viewmodel.data.FullAccount$Companion: void <init>(kotlin.jvm.internal.DefaultConstructorMarker)>
05-06 05:56:32.463 19440 19540 D GAPS    : METHOD=<org.totschnig.myexpenses.viewmodel.data.FullAccount$Companion: void <init>()>
05-06 05:56:32.463 19440 19540 D GAPS    : METHOD=<org.totschnig.myexpenses.viewmodel.data.LiveLiterals$FullAccountKt: int Int$class-FullAccount()>
05-06 05:56:32.463 19440 19540 D GAPS    : METHOD=<org.totschnig.myexpenses.viewmodel.ContentResolvingAndroidViewModel: org.totschnig.myexpenses.model.CurrencyContext getCurrencyContext()>
05-06 05:56:32.464 19440 19540 D GAPS    : METHOD=<org.totschnig.myexpenses.viewmodel.data.FullAccount$Companion: org.totschnig.myexpenses.viewmodel.data.FullAccount fromCursor(android.database.Cursor,org.totschnig.myexpenses.model.CurrencyContext)>
05-06 05:56:32.464 19440 19540 D GAPS    : METHOD=<org.totschnig.myexpenses.provider.MoreDbUtilsKt: long getLong(android.database.Cursor,java.lang.String)>
05-06 05:56:32.464 19440 19540 D GAPS    : METHOD=<org.totschnig.myexpenses.provider.MoreDbUtilsKt: java.lang.String getString(android.database.Cursor,java.lang.String)>
05-06 05:56:32.464 19440 19540 D GAPS    : METHOD=<org.totschnig.myexpenses.provider.MoreDbUtilsKt: java.lang.String requireString(android.database.Cursor,int)>
05-06 05:56:32.464 19440 19540 D GAPS    : METHOD=<org.totschnig.myexpenses.provider.MoreDbUtilsKt: java.lang.String getStringOrNull(android.database.Cursor,java.lang.String)>
05-06 05:56:32.464 19440 19540 D GAPS    : METHOD=<org.totschnig.myexpenses.provider.MoreDbUtilsKt: int getInt(android.database.Cursor,java.lang.String)>
05-06 05:56:32.464 19440 19540 D GAPS    : METHOD=<org.totschnig.myexpenses.model.AccountType: org.totschnig.myexpenses.model.AccountType valueOf(java.lang.String)>
05-06 05:56:32.464 19440 19540 D GAPS    : METHOD=<org.totschnig.myexpenses.viewmodel.data.LiveLiterals$FullAccountKt: int Int$arg-1$call-EQEQ$arg-6$call-$init$$fun-fromCursor$class-Companion$class-FullAccount()>
05-06 05:56:32.464 19440 19540 D GAPS    : METHOD=<org.totschnig.myexpenses.model.Grouping: org.totschnig.myexpenses.model.Grouping valueOf(java.lang.String)>
05-06 05:56:32.464 19440 19540 D GAPS    : CLASS=org.totschnig.myexpenses.model.SortDirection
05-06 05:56:32.464 19440 19540 D GAPS    : METHOD=<org.totschnig.myexpenses.model.SortDirection: void <clinit>()>
05-06 05:56:32.464 19440 19540 D GAPS    : METHOD=<org.totschnig.myexpenses.model.SortDirection: void <init>(java.lang.String,int)>
05-06 05:56:32.464 19440 19540 D GAPS    : METHOD=<org.totschnig.myexpenses.model.SortDirection: org.totschnig.myexpenses.model.SortDirection[] $values()>
05-06 05:56:32.464 19440 19540 D GAPS    : METHOD=<org.totschnig.myexpenses.model.SortDirection: org.totschnig.myexpenses.model.SortDirection valueOf(java.lang.String)>
05-06 05:56:32.464 19440 19540 D GAPS    : METHOD=<org.totschnig.myexpenses.model.SortDirection: org.totschnig.myexpenses.model.SortDirection[] values()>
05-06 05:56:32.464 19440 19540 D GAPS    : METHOD=<org.totschnig.myexpenses.viewmodel.data.LiveLiterals$FullAccountKt: int Int$arg-1$call-greater$arg-17$call-$init$$fun-fromCursor$class-Companion$class-FullAccount()>
05-06 05:56:32.465 19440 19540 D GAPS    : METHOD=<org.totschnig.myexpenses.viewmodel.data.LiveLiterals$FullAccountKt: long Long$arg-1$call-EQEQ$$this$call-not$fun-$anonymous$$arg-0$call-takeIf$arg-19$call-$init$$fun-fromCursor$class-Companion$class-FullAccount()>
05-06 05:56:32.465 19440 19540 D GAPS    : METHOD=<org.totschnig.myexpenses.provider.MoreDbUtilsKt: boolean getBoolean(android.database.Cursor,java.lang.String)>
05-06 05:56:32.465 19440 19540 D GAPS    : METHOD=<org.totschnig.myexpenses.provider.LiveLiterals$MoreDbUtilsKt: int Int$arg-1$call-EQEQ$fun-getBoolean()>
05-06 05:56:32.465 19440 19540 D GAPS    : METHOD=<org.totschnig.myexpenses.viewmodel.data.FullAccount: void <init>(long,java.lang.String,java.lang.String,org.totschnig.myexpenses.model.CurrencyUnit,int,org.totschnig.myexpenses.model.AccountType,boolean,long,long,long,long,long,org.totschnig.myexpenses.model.Grouping,org.totschnig.myexpenses.model.SortDirection,java.lang.String,long,long,boolean,java.lang.String,java.lang.Long,java.lang.Long,boolean)>
05-06 05:56:32.465 19440 19540 D GAPS    : METHOD=<org.totschnig.myexpenses.viewmodel.data.BaseAccount: void <init>()>
05-06 05:56:32.465 19440 19540 D GAPS    : METHOD=<org.totschnig.myexpenses.provider.DataBaseAccount: void <init>()>
05-06 05:56:32.465 19440 19540 D GAPS    : METHOD=<org.totschnig.myexpenses.model.CurrencyUnit: java.lang.String getCode()>
05-06 05:56:32.465 19440 19540 D GAPS    : METHOD=<kotlin.collections.builders.ListBuilder: boolean add(java.lang.Object)>
05-06 05:56:32.465 19440 19540 D GAPS    : METHOD=<kotlin.collections.builders.ListBuilder: void checkIsMutable()>
05-06 05:56:32.465 19440 19540 D GAPS    : METHOD=<kotlin.collections.builders.ListBuilder: boolean isEffectivelyReadOnly()>
05-06 05:56:32.465 19440 19540 D GAPS    : METHOD=<kotlin.collections.builders.ListBuilder: void addAtInternal(int,java.lang.Object)>
05-06 05:56:32.465 19440 19540 D GAPS    : METHOD=<kotlin.collections.builders.ListBuilder: void insertAtInternal(int,int)>
05-06 05:56:32.465 19440 19540 D GAPS    : METHOD=<kotlin.collections.builders.ListBuilder: void ensureExtraCapacity(int)>
05-06 05:56:32.465 19440 19540 D GAPS    : METHOD=<kotlin.collections.builders.ListBuilder: void ensureCapacity(int)>
05-06 05:56:32.465 19440 19540 D GAPS    : METHOD=<kotlin.collections.CollectionsKt__CollectionsJVMKt: java.util.List build(java.util.List)>
05-06 05:56:32.465 19440 19540 D GAPS    : METHOD=<kotlin.collections.builders.ListBuilder: java.util.List build()>
05-06 05:56:32.466 19440 19540 D GAPS    : METHOD=<kotlin.Result: kotlin.Result box-impl(java.lang.Object)>
05-06 05:56:32.466 19440 19540 D GAPS    : METHOD=<kotlin.Result: void <init>(java.lang.Object)>
05-06 05:56:32.466 19440 19540 D GAPS    : METHOD=<kotlinx.coroutines.DispatchedCoroutine: void afterResume(java.lang.Object)>
05-06 05:56:32.466 19440 19540 D GAPS    : METHOD=<kotlinx.coroutines.DispatchedCoroutine: boolean tryResume()>
05-06 05:56:32.466 19440 19540 D GAPS    : METHOD=<kotlinx.coroutines.CompletionStateKt: java.lang.Object recoverResult(java.lang.Object,kotlin.coroutines.Continuation)>
05-06 05:56:32.466 19440 19540 D GAPS    : METHOD=<kotlinx.coroutines.internal.DispatchedContinuationKt: void resumeCancellableWith$default(kotlin.coroutines.Continuation,java.lang.Object,kotlin.jvm.functions.Function1,int,java.lang.Object)>
05-06 05:56:32.466 19440 19440 D GAPS    : METHOD=<org.totschnig.myexpenses.provider.FlowContentExtKt$mapToListCatchingWithExtra$$inlined$transform$1$1$1: java.lang.Object invokeSuspend(java.lang.Object)>
05-06 05:56:32.466 19440 19440 D GAPS    : METHOD=<kotlin.Result: java.lang.Object unbox-impl()>
05-06 05:56:32.466 19440 19440 D GAPS    : METHOD=<kotlinx.coroutines.flow.FlowKt__TransformKt$onEach$$inlined$unsafeTransform$1$2: java.lang.Object emit(java.lang.Object,kotlin.coroutines.Continuation)>
05-06 05:56:32.467 19440 19440 D GAPS    : CLASS=kotlinx.coroutines.flow.FlowKt__TransformKt$onEach$$inlined$unsafeTransform$1$2$1
05-06 05:56:32.467 19440 19440 D GAPS    : METHOD=<kotlinx.coroutines.flow.FlowKt__TransformKt$onEach$$inlined$unsafeTransform$1$2$1: void <init>(kotlinx.coroutines.flow.FlowKt__TransformKt$onEach$$inlined$unsafeTransform$1$2,kotlin.coroutines.Continuation)>
05-06 05:56:32.467 19440 19440 D GAPS    : METHOD=<org.totschnig.myexpenses.viewmodel.MyExpensesViewModel$accountData$2: java.lang.Object invoke(java.lang.Object,java.lang.Object)>
05-06 05:56:32.467 19440 19440 D GAPS    : METHOD=<org.totschnig.myexpenses.viewmodel.MyExpensesViewModel$accountData$2: java.lang.Object invoke(java.lang.Object,kotlin.coroutines.Continuation)>
05-06 05:56:32.467 19440 19440 D GAPS    : METHOD=<org.totschnig.myexpenses.viewmodel.MyExpensesViewModel$accountData$2: kotlin.coroutines.Continuation create(java.lang.Object,kotlin.coroutines.Continuation)>
05-06 05:56:32.467 19440 19440 D GAPS    : METHOD=<org.totschnig.myexpenses.viewmodel.MyExpensesViewModel$accountData$2: java.lang.Object invokeSuspend(java.lang.Object)>
05-06 05:56:32.467 19440 19440 D GAPS    : METHOD=<org.totschnig.myexpenses.viewmodel.MyExpensesViewModel: kotlinx.coroutines.flow.MutableStateFlow access$getHiddenAccountsInternal$p(org.totschnig.myexpenses.viewmodel.MyExpensesViewModel)>
05-06 05:56:32.467 19440 19440 D GAPS    : METHOD=<kotlin.coroutines.jvm.internal.Boxing: java.lang.Integer boxInt(int)>
05-06 05:56:32.467 19440 19440 D GAPS    : METHOD=<org.totschnig.myexpenses.viewmodel.MyExpensesViewModel$special$$inlined$map$1$2: java.lang.Object emit(java.lang.Object,kotlin.coroutines.Continuation)>
05-06 05:56:32.467 19440 19440 D GAPS    : CLASS=org.totschnig.myexpenses.viewmodel.MyExpensesViewModel$special$$inlined$map$1$2$1
05-06 05:56:32.467 19440 19440 D GAPS    : METHOD=<org.totschnig.myexpenses.viewmodel.MyExpensesViewModel$special$$inlined$map$1$2$1: void <init>(org.totschnig.myexpenses.viewmodel.MyExpensesViewModel$special$$inlined$map$1$2,kotlin.coroutines.Continuation)>
05-06 05:56:32.467 19440 19440 D GAPS    : METHOD=<kotlinx.coroutines.flow.StateFlowImpl: java.lang.Object emit(java.lang.Object,kotlin.coroutines.Continuation)>
05-06 05:56:32.467 19440 19440 D GAPS    : METHOD=<kotlinx.coroutines.flow.internal.SafeCollector: java.lang.Object invokeSuspend(java.lang.Object)>
05-06 05:56:32.467 19440 19440 D GAPS    : METHOD=<kotlinx.coroutines.channels.ChannelKt: kotlinx.coroutines.channels.Channel Channel(int)>
05-06 05:56:32.468 19440 19440 D GAPS    : METHOD=<app.cash.copper.flow.FlowContentResolver: android.os.Handler access$getMainThread$p()>
05-06 05:56:32.468 19440 19440 D GAPS    : CLASS=app.cash.copper.flow.FlowContentResolver$observeQuery$1$observer$1
05-06 05:56:32.468 19440 19440 D GAPS    : METHOD=<app.cash.copper.flow.FlowContentResolver$observeQuery$1$observer$1: void <init>(kotlinx.coroutines.channels.Channel,android.os.Handler)>
05-06 05:56:32.479 19440 19440 D GAPS    : METHOD=<androidx.compose.runtime.collection.IdentityArraySet: boolean isEmpty()>
05-06 05:56:32.479 19440 19440 D GAPS    : METHOD=<androidx.compose.runtime.collection.IdentityArraySet: java.util.Iterator iterator()>
05-06 05:56:32.479 19440 19440 D GAPS    : CLASS=androidx.compose.runtime.collection.IdentityArraySet$iterator$1
05-06 05:56:32.479 19440 19440 D GAPS    : METHOD=<androidx.compose.runtime.collection.IdentityArraySet$iterator$1: void <init>(androidx.compose.runtime.collection.IdentityArraySet)>
05-06 05:56:32.479 19440 19440 D GAPS    : METHOD=<androidx.compose.runtime.collection.IdentityArraySet$iterator$1: boolean hasNext()>
05-06 05:56:32.479 19440 19440 D GAPS    : METHOD=<androidx.compose.runtime.collection.IdentityArraySet$iterator$1: java.lang.Object next()>
05-06 05:56:32.479 19440 19440 D GAPS    : METHOD=<org.totschnig.myexpenses.activity.BaseMyExpenses$MainContent$3: java.lang.Object invoke(java.lang.Object,java.lang.Object)>
05-06 05:56:32.479 19440 19440 D GAPS    : METHOD=<org.totschnig.myexpenses.activity.BaseMyExpenses$MainContent$3: void invoke(androidx.compose.runtime.Composer,int)>
05-06 05:56:32.480 19440 19440 D GAPS    : METHOD=<androidx.compose.runtime.collection.IdentityArraySet: boolean remove(java.lang.Object)>
05-06 05:56:32.481 19440 19440 D GAPS    : METHOD=<org.totschnig.myexpenses.activity.LiveLiterals$BaseMyExpensesKt: boolean Boolean$arg-1$call-EQEQ$cond$if$fun-MainContent$class-BaseMyExpenses()>
05-06 05:56:32.483 19440 19440 D GAPS    : CLASS=org.totschnig.myexpenses.activity.BaseMyExpenses$MainContent$2
05-06 05:56:32.483 19440 19440 D GAPS    : METHOD=<org.totschnig.myexpenses.activity.BaseMyExpenses$MainContent$2: void <init>(java.util.List,org.totschnig.myexpenses.activity.BaseMyExpenses)>
05-06 05:56:32.484 19440 19440 D GAPS    : CLASS=androidx.compose.runtime.ComposerImpl$realizeOperationLocation$2
05-06 05:56:32.484 19440 19440 D GAPS    : METHOD=<androidx.compose.runtime.ComposerImpl$realizeOperationLocation$2: void <init>(int)>
05-06 05:56:32.484 19440 19440 D GAPS    : METHOD=<androidx.compose.runtime.ComposerKt: kotlin.jvm.functions.Function3 access$getStartRootGroup$p()>
05-06 05:56:32.484 19440 19440 D GAPS    : METHOD=<androidx.compose.runtime.ComposerImpl: void recordSlotTableOperation$default(androidx.compose.runtime.ComposerImpl,boolean,kotlin.jvm.functions.Function3,int,java.lang.Object)>
05-06 05:56:32.484 19440 19440 D GAPS    : METHOD=<androidx.compose.runtime.ComposerImpl: void recordSlotTableOperation(boolean,kotlin.jvm.functions.Function3)>
05-06 05:56:32.484 19440 19440 D GAPS    : CLASS=androidx.compose.runtime.ComposerImpl$recordSlotEditing$1
05-06 05:56:32.484 19440 19440 D GAPS    : METHOD=<androidx.compose.runtime.ComposerImpl$recordSlotEditing$1: void <init>(androidx.compose.runtime.Anchor)>
05-06 05:56:32.484 19440 19440 D GAPS    : METHOD=<androidx.compose.runtime.ComposerImpl: void updateNodeCount(int,int)>
05-06 05:56:32.484 19440 19440 D GAPS    : METHOD=<androidx.compose.runtime.ComposerImpl: void updateNodeCountOverrides(int,int)>
05-06 05:56:32.517 19440 19440 D GAPS    : METHOD=<org.totschnig.myexpenses.activity.BaseMyExpenses$MainContent$2: java.lang.Object invoke(java.lang.Object,java.lang.Object)>
05-06 05:56:32.517 19440 19440 D GAPS    : METHOD=<org.totschnig.myexpenses.activity.BaseMyExpenses$MainContent$2: void invoke(androidx.compose.runtime.Composer,int)>
05-06 05:56:32.518 19440 19440 D GAPS    : CLASS=org.totschnig.myexpenses.activity.BaseMyExpenses$MainContent$2$1
05-06 05:56:32.518 19440 19440 D GAPS    : METHOD=<org.totschnig.myexpenses.activity.BaseMyExpenses$MainContent$2$1: void <init>(java.util.List,org.totschnig.myexpenses.activity.BaseMyExpenses,kotlin.coroutines.Continuation)>
05-06 05:56:32.519 19440 19440 D GAPS    : METHOD=<kotlin.collections.builders.ListBuilder: boolean isEmpty()>
05-06 05:56:32.522 19440 19440 D GAPS    : METHOD=<androidx.compose.foundation.BackgroundKt: androidx.compose.ui.Modifier background-bw27NRU$default(androidx.compose.ui.Modifier,long,androidx.compose.ui.graphics.Shape,int,java.lang.Object)>
05-06 05:56:32.522 19440 19440 D GAPS    : METHOD=<androidx.compose.foundation.BackgroundKt: androidx.compose.ui.Modifier background-bw27NRU(androidx.compose.ui.Modifier,long,androidx.compose.ui.graphics.Shape)>
05-06 05:56:32.523 19440 19440 D GAPS    : METHOD=<androidx.compose.ui.platform.InspectableValueKt: boolean isDebugInspectorInfoEnabled()>
05-06 05:56:32.523 19440 19440 D GAPS    : CLASS=androidx.compose.foundation.Background
05-06 05:56:32.523 19440 19440 D GAPS    : METHOD=<androidx.compose.foundation.Background: void <init>(androidx.compose.ui.graphics.Color,androidx.compose.ui.graphics.Brush,float,androidx.compose.ui.graphics.Shape,kotlin.jvm.functions.Function1,int,kotlin.jvm.internal.DefaultConstructorMarker)>
05-06 05:56:32.523 19440 19440 D GAPS    : METHOD=<androidx.compose.foundation.Background: void <init>(androidx.compose.ui.graphics.Color,androidx.compose.ui.graphics.Brush,float,androidx.compose.ui.graphics.Shape,kotlin.jvm.functions.Function1,kotlin.jvm.internal.DefaultConstructorMarker)>
05-06 05:56:32.523 19440 19440 D GAPS    : METHOD=<androidx.compose.foundation.Background: void <init>(androidx.compose.ui.graphics.Color,androidx.compose.ui.graphics.Brush,float,androidx.compose.ui.graphics.Shape,kotlin.jvm.functions.Function1)>
05-06 05:56:32.523 19440 19440 D GAPS    : METHOD=<androidx.compose.ui.platform.TestTagKt: androidx.compose.ui.Modifier testTag(androidx.compose.ui.Modifier,java.lang.String)>
05-06 05:56:32.523 19440 19440 D GAPS    : CLASS=androidx.compose.ui.platform.TestTagKt$testTag$1
05-06 05:56:32.523 19440 19440 D GAPS    : METHOD=<androidx.compose.ui.platform.TestTagKt$testTag$1: void <init>(java.lang.String)>
05-06 05:56:32.523 19440 19440 D GAPS    : METHOD=<androidx.compose.ui.semantics.SemanticsModifierKt: androidx.compose.ui.Modifier semantics$default(androidx.compose.ui.Modifier,boolean,kotlin.jvm.functions.Function1,int,java.lang.Object)>
05-06 05:56:32.523 19440 19440 D GAPS    : METHOD=<androidx.compose.ui.semantics.SemanticsModifierKt: androidx.compose.ui.Modifier semantics(androidx.compose.ui.Modifier,boolean,kotlin.jvm.functions.Function1)>
05-06 05:56:32.524 19440 19440 D GAPS    : METHOD=<androidx.compose.ui.platform.TestTagKt$testTag$1: java.lang.Object invoke(java.lang.Object)>
05-06 05:56:32.524 19440 19440 D GAPS    : METHOD=<androidx.compose.ui.platform.TestTagKt$testTag$1: void invoke(androidx.compose.ui.semantics.SemanticsPropertyReceiver)>
05-06 05:56:32.525 19440 19440 D GAPS    : CLASS=androidx.compose.ui.semantics.SemanticsPropertiesKt
05-06 05:56:32.525 19440 19440 D GAPS    : METHOD=<androidx.compose.ui.semantics.SemanticsPropertiesKt: void <clinit>()>
05-06 05:56:32.526 19440 19440 D GAPS    : METHOD=<kotlin.jvm.internal.Reflection: kotlin.reflect.KDeclarationContainer getOrCreateKotlinPackage(java.lang.Class)>
05-06 05:56:32.526 19440 19440 D GAPS    : METHOD=<kotlin.reflect.jvm.internal.ReflectionFactoryImpl: kotlin.reflect.KDeclarationContainer getOrCreateKotlinPackage(java.lang.Class,java.lang.String)>
05-06 05:56:32.526 19440 19440 D GAPS    : METHOD=<kotlin.reflect.jvm.internal.CachesKt: kotlin.reflect.KDeclarationContainer getOrCreateKotlinPackage(java.lang.Class)>
05-06 05:56:32.526 19440 19440 D GAPS    : METHOD=<kotlin.reflect.jvm.internal.CachesKt$K_PACKAGE_CACHE$1: java.lang.Object invoke(java.lang.Object)>
05-06 05:56:32.526 19440 19440 D GAPS    : METHOD=<kotlin.reflect.jvm.internal.CachesKt$K_PACKAGE_CACHE$1: kotlin.reflect.jvm.internal.KPackageImpl invoke(java.lang.Class)>
05-06 05:56:32.527 19440 19440 D GAPS    : CLASS=kotlin.reflect.jvm.internal.KPackageImpl
05-06 05:56:32.527 19440 19440 D GAPS    : METHOD=<kotlin.reflect.jvm.internal.KPackageImpl: void <init>(java.lang.Class)>
05-06 05:56:32.528 19440 19440 D GAPS    : CLASS=kotlin.reflect.jvm.internal.KPackageImpl$data$1
05-06 05:56:32.528 19440 19440 D GAPS    : METHOD=<kotlin.reflect.jvm.internal.KPackageImpl$data$1: void <init>(kotlin.reflect.jvm.internal.KPackageImpl)>
05-06 05:56:32.530 19440 19440 D GAPS    : METHOD=<androidx.compose.ui.semantics.SemanticsProperties: androidx.compose.ui.semantics.SemanticsPropertyKey getStateDescription()>
05-06 05:56:32.530 19440 19440 D GAPS    : METHOD=<androidx.compose.ui.semantics.SemanticsProperties: androidx.compose.ui.semantics.SemanticsPropertyKey getProgressBarRangeInfo()>
05-06 05:56:32.530 19440 19440 D GAPS    : METHOD=<androidx.compose.ui.semantics.SemanticsProperties: androidx.compose.ui.semantics.SemanticsPropertyKey getPaneTitle()>
05-06 05:56:32.530 19440 19440 D GAPS    : METHOD=<androidx.compose.ui.semantics.SemanticsProperties: androidx.compose.ui.semantics.SemanticsPropertyKey getLiveRegion()>
05-06 05:56:32.530 19440 19440 D GAPS    : METHOD=<androidx.compose.ui.semantics.SemanticsProperties: androidx.compose.ui.semantics.SemanticsPropertyKey getFocused()>
05-06 05:56:32.530 19440 19440 D GAPS    : METHOD=<androidx.compose.ui.semantics.SemanticsProperties: androidx.compose.ui.semantics.SemanticsPropertyKey getIsContainer()>
05-06 05:56:32.530 19440 19440 D GAPS    : METHOD=<androidx.compose.ui.semantics.SemanticsProperties: androidx.compose.ui.semantics.SemanticsPropertyKey getHorizontalScrollAxisRange()>
05-06 05:56:32.530 19440 19440 D GAPS    : METHOD=<androidx.compose.ui.semantics.SemanticsProperties: androidx.compose.ui.semantics.SemanticsPropertyKey getVerticalScrollAxisRange()>
05-06 05:56:32.530 19440 19440 D GAPS    : METHOD=<androidx.compose.ui.semantics.SemanticsProperties: androidx.compose.ui.semantics.SemanticsPropertyKey getTestTag()>
05-06 05:56:32.530 19440 19440 D GAPS    : METHOD=<androidx.compose.ui.semantics.SemanticsProperties: androidx.compose.ui.semantics.SemanticsPropertyKey getEditableText()>
05-06 05:56:32.530 19440 19440 D GAPS    : METHOD=<androidx.compose.ui.semantics.SemanticsProperties: androidx.compose.ui.semantics.SemanticsPropertyKey getTextSelectionRange()>
05-06 05:56:32.530 19440 19440 D GAPS    : METHOD=<androidx.compose.ui.semantics.SemanticsProperties: androidx.compose.ui.semantics.SemanticsPropertyKey getImeAction()>
05-06 05:56:32.530 19440 19440 D GAPS    : METHOD=<androidx.compose.ui.semantics.SemanticsProperties: androidx.compose.ui.semantics.SemanticsPropertyKey getSelected()>
05-06 05:56:32.530 19440 19440 D GAPS    : METHOD=<androidx.compose.ui.semantics.SemanticsProperties: androidx.compose.ui.semantics.SemanticsPropertyKey getCollectionInfo()>
05-06 05:56:32.530 19440 19440 D GAPS    : METHOD=<androidx.compose.ui.semantics.SemanticsProperties: androidx.compose.ui.semantics.SemanticsPropertyKey getCollectionItemInfo()>
05-06 05:56:32.530 19440 19440 D GAPS    : METHOD=<androidx.compose.ui.semantics.SemanticsProperties: androidx.compose.ui.semantics.SemanticsPropertyKey getToggleableState()>
05-06 05:56:32.531 19440 19440 D GAPS    : CLASS=androidx.compose.ui.semantics.SemanticsActions
05-06 05:56:32.531 19440 19440 D GAPS    : METHOD=<androidx.compose.ui.semantics.SemanticsActions: void <clinit>()>
05-06 05:56:32.531 19440 19440 D GAPS    : METHOD=<androidx.compose.ui.semantics.SemanticsActions: void <init>()>
05-06 05:56:32.531 19440 19440 D GAPS    : CLASS=androidx.compose.ui.semantics.SemanticsPropertiesKt$ActionPropertyKey$1
05-06 05:56:32.531 19440 19440 D GAPS    : METHOD=<androidx.compose.ui.semantics.SemanticsPropertiesKt$ActionPropertyKey$1: void <clinit>()>
05-06 05:56:32.531 19440 19440 D GAPS    : METHOD=<androidx.compose.ui.semantics.SemanticsPropertiesKt$ActionPropertyKey$1: void <init>()>
05-06 05:56:32.531 19440 19440 D GAPS    : METHOD=<androidx.compose.ui.semantics.SemanticsActions: androidx.compose.ui.semantics.SemanticsPropertyKey getCustomActions()>
05-06 05:56:32.531 19440 19440 D GAPS    : METHOD=<androidx.compose.ui.semantics.SemanticsPropertiesKt: void setTestTag(androidx.compose.ui.semantics.SemanticsPropertyReceiver,java.lang.String)>
05-06 05:56:32.531 19440 19440 D GAPS    : METHOD=<androidx.compose.ui.semantics.SemanticsPropertyKey: void setValue(androidx.compose.ui.semantics.SemanticsPropertyReceiver,kotlin.reflect.KProperty,java.lang.Object)>
05-06 05:56:32.531 19440 19440 D GAPS    : METHOD=<androidx.compose.ui.semantics.SemanticsConfiguration: void set(androidx.compose.ui.semantics.SemanticsPropertyKey,java.lang.Object)>
05-06 05:56:32.531 19440 19440 D GAPS    : METHOD=<androidx.compose.foundation.Background: androidx.compose.ui.Modifier then(androidx.compose.ui.Modifier)>
05-06 05:56:32.531 19440 19440 D GAPS    : CLASS=org.totschnig.myexpenses.activity.BaseMyExpenses$MainContent$2$2
05-06 05:56:32.531 19440 19440 D GAPS    : METHOD=<org.totschnig.myexpenses.activity.BaseMyExpenses$MainContent$2$2: void <init>(java.util.List)>
05-06 05:56:32.531 19440 19440 D GAPS    : METHOD=<org.totschnig.myexpenses.activity.BaseMyExpenses$MainContent$2$2: java.lang.Object invoke(java.lang.Object)>
05-06 05:56:32.531 19440 19440 D GAPS    : METHOD=<org.totschnig.myexpenses.activity.BaseMyExpenses$MainContent$2$2: void invoke(androidx.compose.ui.semantics.SemanticsPropertyReceiver)>
05-06 05:56:32.531 19440 19440 D GAPS    : CLASS=androidx.compose.ui.semantics.CollectionInfo
05-06 05:56:32.532 19440 19440 D GAPS    : METHOD=<androidx.compose.ui.semantics.CollectionInfo: void <clinit>()>
05-06 05:56:32.532 19440 19440 D GAPS    : METHOD=<org.totschnig.myexpenses.activity.LiveLiterals$BaseMyExpensesKt: int Int$arg-0$call-$init$$arg-0$call-$set-collectionInfo$$fun-$anonymous$$arg-1$call-semantics$val-tmp0_modifier$branch$if$fun-$anonymous$$arg-0$call-AppTheme$branch$if$fun-MainContent$class-BaseMyExpenses()>
05-06 05:56:32.532 19440 19440 D GAPS    : METHOD=<kotlin.collections.builders.ListBuilder: int getSize()>
05-06 05:56:32.532 19440 19440 D GAPS    : METHOD=<androidx.compose.ui.semantics.CollectionInfo: void <init>(int,int)>
05-06 05:56:32.532 19440 19440 D GAPS    : METHOD=<androidx.compose.ui.semantics.SemanticsPropertiesKt: void setCollectionInfo(androidx.compose.ui.semantics.SemanticsPropertyReceiver,androidx.compose.ui.semantics.CollectionInfo)>
05-06 05:56:32.532 19440 19440 D GAPS    : CLASS=androidx.compose.ui.Alignment
05-06 05:56:32.532 19440 19440 D GAPS    : METHOD=<androidx.compose.ui.Alignment: void <clinit>()>
05-06 05:56:32.532 19440 19440 D GAPS    : CLASS=androidx.compose.ui.Alignment$Companion
05-06 05:56:32.532 19440 19440 D GAPS    : METHOD=<androidx.compose.ui.Alignment$Companion: void <clinit>()>
05-06 05:56:32.532 19440 19440 D GAPS    : METHOD=<androidx.compose.ui.Alignment$Companion: void <init>()>
05-06 05:56:32.533 19440 19440 D GAPS    : CLASS=androidx.compose.ui.BiasAlignment
05-06 05:56:32.533 19440 19440 D GAPS    : METHOD=<androidx.compose.ui.BiasAlignment: void <clinit>()>
05-06 05:56:32.533 19440 19440 D GAPS    : METHOD=<androidx.compose.ui.BiasAlignment: void <init>(float,float)>
05-06 05:56:32.533 19440 19440 D GAPS    : CLASS=androidx.compose.ui.BiasAlignment$Vertical
05-06 05:56:32.533 19440 19440 D GAPS    : METHOD=<androidx.compose.ui.BiasAlignment$Vertical: void <clinit>()>
05-06 05:56:32.533 19440 19440 D GAPS    : METHOD=<androidx.compose.ui.BiasAlignment$Vertical: void <init>(float)>
05-06 05:56:32.533 19440 19440 D GAPS    : CLASS=androidx.compose.ui.BiasAlignment$Horizontal
05-06 05:56:32.533 19440 19440 D GAPS    : METHOD=<androidx.compose.ui.BiasAlignment$Horizontal: void <clinit>()>
05-06 05:56:32.533 19440 19440 D GAPS    : METHOD=<androidx.compose.ui.BiasAlignment$Horizontal: void <init>(float)>
05-06 05:56:32.533 19440 19440 D GAPS    : METHOD=<androidx.compose.ui.Alignment$Companion: androidx.compose.ui.Alignment$Vertical getTop()>
05-06 05:56:32.533 19440 19440 D GAPS    : METHOD=<org.totschnig.myexpenses.activity.LiveLiterals$BaseMyExpensesKt: int Int$$$this$call-$get-dp$$val-tmp4_pageSpacing$branch$if$fun-$anonymous$$arg-0$call-AppTheme$branch$if$fun-MainContent$class-BaseMyExpenses()>
05-06 05:56:32.533 19440 19440 D GAPS    : CLASS=org.totschnig.myexpenses.activity.BaseMyExpenses$MainContent$2$3
05-06 05:56:32.533 19440 19440 D GAPS    : METHOD=<org.totschnig.myexpenses.activity.BaseMyExpenses$MainContent$2$3: void <init>(java.util.List)>
05-06 05:56:32.533 19440 19440 D GAPS    : CLASS=org.totschnig.myexpenses.activity.BaseMyExpenses$MainContent$2$4
05-06 05:56:32.533 19440 19440 D GAPS    : METHOD=<org.totschnig.myexpenses.activity.BaseMyExpenses$MainContent$2$4: void <init>(org.totschnig.myexpenses.activity.BaseMyExpenses,java.util.List)>
05-06 05:56:32.536 19440 19440 D GAPS    : CLASS=androidx.compose.foundation.pager.PagerKt
05-06 05:56:32.536 19440 19440 D GAPS    : METHOD=<androidx.compose.foundation.pager.PagerKt: void <clinit>()>
05-06 05:56:32.537 19440 19440 D GAPS    : CLASS=androidx.compose.foundation.gestures.Orientation
05-06 05:56:32.537 19440 19440 D GAPS    : METHOD=<androidx.compose.foundation.gestures.Orientation: void <clinit>()>
05-06 05:56:32.537 19440 19440 D GAPS    : METHOD=<androidx.compose.foundation.gestures.Orientation: void <init>(java.lang.String,int)>
05-06 05:56:32.537 19440 19440 D GAPS    : METHOD=<androidx.compose.foundation.gestures.Orientation: androidx.compose.foundation.gestures.Orientation[] $values()>
05-06 05:56:32.537 19440 19440 D GAPS    : CLASS=androidx.compose.foundation.pager.ConsumeAllFlingOnDirection
05-06 05:56:32.537 19440 19440 D GAPS    : METHOD=<androidx.compose.foundation.pager.ConsumeAllFlingOnDirection: void <init>(androidx.compose.foundation.gestures.Orientation)>
05-06 05:56:32.537 19440 19440 D GAPS    : METHOD=<androidx.compose.foundation.pager.PagerKt: void HorizontalPager-AlbwjTQ(int,androidx.compose.ui.Modifier,androidx.compose.foundation.pager.PagerState,androidx.compose.foundation.layout.PaddingValues,androidx.compose.foundation.pager.PageSize,int,float,androidx.compose.ui.Alignment$Vertical,androidx.compose.foundation.gestures.snapping.SnapFlingBehavior,boolean,boolean,kotlin.jvm.functions.Function1,androidx.compose.ui.input.nestedscroll.NestedScrollConnection,kotlin.jvm.functions.Function3,androidx.compose.runtime.Composer,int,int,int)>
05-06 05:56:32.537 19440 19440 D GAPS    : METHOD=<androidx.compose.runtime.ComposerImpl: boolean changed(int)>
05-06 05:56:32.537 19440 19440 D GAPS    : METHOD=<androidx.compose.runtime.ComposerImpl: boolean changed(float)>
05-06 05:56:32.538 19440 19440 D GAPS    : METHOD=<androidx.compose.foundation.layout.PaddingKt: androidx.compose.foundation.layout.PaddingValues PaddingValues-0680j_4(float)>
05-06 05:56:32.539 19440 19440 D GAPS    : CLASS=androidx.compose.foundation.layout.PaddingValuesImpl
05-06 05:56:32.539 19440 19440 D GAPS    : METHOD=<androidx.compose.foundation.layout.PaddingValuesImpl: void <init>(float,float,float,float,kotlin.jvm.internal.DefaultConstructorMarker)>
05-06 05:56:32.539 19440 19440 D GAPS    : METHOD=<androidx.compose.foundation.layout.PaddingValuesImpl: void <init>(float,float,float,float)>
05-06 05:56:32.539 19440 19440 D GAPS    : CLASS=androidx.compose.foundation.pager.PageSize$Fill
05-06 05:56:32.539 19440 19440 D GAPS    : METHOD=<androidx.compose.foundation.pager.PageSize$Fill: void <clinit>()>
05-06 05:56:32.539 19440 19440 D GAPS    : METHOD=<androidx.compose.foundation.pager.PageSize$Fill: void <init>()>
05-06 05:56:32.539 19440 19440 D GAPS    : CLASS=androidx.compose.foundation.pager.PagerDefaults
05-06 05:56:32.539 19440 19440 D GAPS    : METHOD=<androidx.compose.foundation.pager.PagerDefaults: void <clinit>()>
05-06 05:56:32.539 19440 19440 D GAPS    : METHOD=<androidx.compose.foundation.pager.PagerDefaults: void <init>()>
05-06 05:56:32.539 19440 19440 D GAPS    : METHOD=<androidx.compose.foundation.pager.PagerDefaults: androidx.compose.foundation.gestures.snapping.SnapFlingBehavior flingBehavior(androidx.compose.foundation.pager.PagerState,androidx.compose.foundation.pager.PagerSnapDistance,androidx.compose.animation.core.AnimationSpec,androidx.compose.animation.core.DecayAnimationSpec,androidx.compose.animation.core.AnimationSpec,androidx.compose.runtime.Composer,int,int)>
05-06 05:56:32.539 19440 19440 D GAPS    : CLASS=androidx.compose.foundation.pager.PagerSnapDistance
05-06 05:56:32.539 19440 19440 D GAPS    : METHOD=<androidx.compose.foundation.pager.PagerSnapDistance: void <clinit>()>
05-06 05:56:32.539 19440 19440 D GAPS    : CLASS=androidx.compose.foundation.pager.PagerSnapDistance$Companion
05-06 05:56:32.539 19440 19440 D GAPS    : METHOD=<androidx.compose.foundation.pager.PagerSnapDistance$Companion: void <clinit>()>
05-06 05:56:32.540 19440 19440 D GAPS    : METHOD=<androidx.compose.foundation.pager.PagerSnapDistance$Companion: void <init>()>
05-06 05:56:32.540 19440 19440 D GAPS    : METHOD=<androidx.compose.foundation.pager.PagerSnapDistance$Companion: androidx.compose.foundation.pager.PagerSnapDistance atMost(int)>
05-06 05:56:32.540 19440 19440 D GAPS    : CLASS=androidx.compose.foundation.pager.PagerSnapDistanceMaxPages
05-06 05:56:32.540 19440 19440 D GAPS    : METHOD=<androidx.compose.foundation.pager.PagerSnapDistanceMaxPages: void <init>(int)>
05-06 05:56:32.540 19440 19440 D GAPS    : METHOD=<androidx.compose.animation.core.AnimationSpecKt: androidx.compose.animation.core.TweenSpec tween$default(int,int,androidx.compose.animation.core.Easing,int,java.lang.Object)>
05-06 05:56:32.540 19440 19440 D GAPS    : METHOD=<androidx.compose.animation.core.AnimationSpecKt: androidx.compose.animation.core.TweenSpec tween(int,int,androidx.compose.animation.core.Easing)>
05-06 05:56:32.541 19440 19440 D GAPS    : CLASS=androidx.compose.animation.SplineBasedFloatDecayAnimationSpec_androidKt
05-06 05:56:32.541 19440 19440 D GAPS    : METHOD=<androidx.compose.animation.SplineBasedFloatDecayAnimationSpec_androidKt: void <clinit>()>
05-06 05:56:32.541 19440 19440 D GAPS    : METHOD=<androidx.compose.animation.SplineBasedFloatDecayAnimationSpec_androidKt: androidx.compose.animation.core.DecayAnimationSpec rememberSplineBasedDecay(androidx.compose.runtime.Composer,int)>
05-06 05:56:32.541 19440 19440 D GAPS    : METHOD=<androidx.compose.ui.platform.CompositionLocalsKt: androidx.compose.runtime.ProvidableCompositionLocal getLocalDensity()>
05-06 05:56:32.542 19440 19440 D GAPS    : CLASS=androidx.compose.animation.SplineBasedFloatDecayAnimationSpec
05-06 05:56:32.542 19440 19440 D GAPS    : METHOD=<androidx.compose.animation.SplineBasedFloatDecayAnimationSpec: void <clinit>()>
05-06 05:56:32.542 19440 19440 D GAPS    : METHOD=<androidx.compose.animation.SplineBasedFloatDecayAnimationSpec: void <init>(androidx.compose.ui.unit.Density)>
05-06 05:56:32.542 19440 19440 D GAPS    : METHOD=<androidx.compose.animation.SplineBasedFloatDecayAnimationSpec_androidKt: float getPlatformFlingScrollFriction()>
05-06 05:56:32.542 19440 19440 D GAPS    : CLASS=androidx.compose.animation.FlingCalculator
05-06 05:56:32.542 19440 19440 D GAPS    : METHOD=<androidx.compose.animation.FlingCalculator: void <init>(float,androidx.compose.ui.unit.Density)>
05-06 05:56:32.542 19440 19440 D GAPS    : METHOD=<androidx.compose.animation.FlingCalculator: float computeDeceleration(androidx.compose.ui.unit.Density)>
05-06 05:56:32.542 19440 19440 D GAPS    : CLASS=androidx.compose.animation.FlingCalculatorKt
05-06 05:56:32.542 19440 19440 D GAPS    : METHOD=<androidx.compose.animation.FlingCalculatorKt: void <clinit>()>
05-06 05:56:32.542 19440 19440 D GAPS    : METHOD=<androidx.compose.animation.FlingCalculatorKt: float access$computeDeceleration(float,float)>
05-06 05:56:32.542 19440 19440 D GAPS    : METHOD=<androidx.compose.animation.FlingCalculatorKt: float computeDeceleration(float,float)>
05-06 05:56:32.543 19440 19440 D GAPS    : METHOD=<androidx.compose.animation.core.DecayAnimationSpecKt: androidx.compose.animation.core.DecayAnimationSpec generateDecayAnimationSpec(androidx.compose.animation.core.FloatDecayAnimationSpec)>
05-06 05:56:32.543 19440 19440 D GAPS    : CLASS=androidx.compose.animation.core.DecayAnimationSpecImpl
05-06 05:56:32.543 19440 19440 D GAPS    : METHOD=<androidx.compose.animation.core.DecayAnimationSpecImpl: void <init>(androidx.compose.animation.core.FloatDecayAnimationSpec)>
05-06 05:56:32.543 19440 19440 D GAPS    : METHOD=<androidx.compose.animation.core.AnimationSpecKt: androidx.compose.animation.core.SpringSpec spring$default(float,float,java.lang.Object,int,java.lang.Object)>
05-06 05:56:32.543 19440 19440 D GAPS    : METHOD=<androidx.compose.animation.core.AnimationSpecKt: androidx.compose.animation.core.SpringSpec spring(float,float,java.lang.Object)>
05-06 05:56:32.543 19440 19440 D GAPS    : CLASS=androidx.compose.animation.core.SpringSpec
05-06 05:56:32.543 19440 19440 D GAPS    : METHOD=<androidx.compose.animation.core.SpringSpec: void <clinit>()>
05-06 05:56:32.543 19440 19440 D GAPS    : METHOD=<androidx.compose.animation.core.SpringSpec: void <init>(float,float,java.lang.Object)>
05-06 05:56:32.544 19440 19440 D GAPS    : METHOD=<androidx.compose.foundation.pager.PagerKt: androidx.compose.foundation.gestures.snapping.SnapLayoutInfoProvider access$SnapLayoutInfoProvider(androidx.compose.foundation.pager.PagerState,androidx.compose.foundation.pager.PagerSnapDistance,androidx.compose.animation.core.DecayAnimationSpec)>
05-06 05:56:32.544 19440 19440 D GAPS    : METHOD=<androidx.compose.foundation.pager.PagerKt: androidx.compose.foundation.gestures.snapping.SnapLayoutInfoProvider SnapLayoutInfoProvider(androidx.compose.foundation.pager.PagerState,androidx.compose.foundation.pager.PagerSnapDistance,androidx.compose.animation.core.DecayAnimationSpec)>
05-06 05:56:32.544 19440 19440 D GAPS    : CLASS=androidx.compose.foundation.pager.PagerKt$SnapLayoutInfoProvider$1
05-06 05:56:32.544 19440 19440 D GAPS    : METHOD=<androidx.compose.foundation.pager.PagerKt$SnapLayoutInfoProvider$1: void <init>(androidx.compose.foundation.pager.PagerState,androidx.compose.animation.core.DecayAnimationSpec,androidx.compose.foundation.pager.PagerSnapDistance)>
05-06 05:56:32.546 19440 19440 D GAPS    : CLASS=androidx.compose.foundation.gestures.snapping.SnapFlingBehavior
05-06 05:56:32.546 19440 19440 D GAPS    : METHOD=<androidx.compose.foundation.gestures.snapping.SnapFlingBehavior: void <clinit>()>
05-06 05:56:32.546 19440 19440 D GAPS    : METHOD=<androidx.compose.foundation.gestures.snapping.SnapFlingBehavior: void <init>(androidx.compose.foundation.gestures.snapping.SnapLayoutInfoProvider,androidx.compose.animation.core.AnimationSpec,androidx.compose.animation.core.DecayAnimationSpec,androidx.compose.animation.core.AnimationSpec,androidx.compose.ui.unit.Density,float,int,kotlin.jvm.internal.DefaultConstructorMarker)>
05-06 05:56:32.547 19440 19440 D GAPS    : CLASS=androidx.compose.foundation.gestures.snapping.SnapFlingBehaviorKt
05-06 05:56:32.547 19440 19440 D GAPS    : METHOD=<androidx.compose.foundation.gestures.snapping.SnapFlingBehaviorKt: void <clinit>()>
05-06 05:56:32.547 19440 19440 D GAPS    : METHOD=<androidx.compose.foundation.gestures.snapping.SnapFlingBehaviorKt: float getMinFlingVelocityDp()>
05-06 05:56:32.547 19440 19440 D GAPS    : METHOD=<androidx.compose.foundation.gestures.snapping.SnapFlingBehavior: void <init>(androidx.compose.foundation.gestures.snapping.SnapLayoutInfoProvider,androidx.compose.animation.core.AnimationSpec,androidx.compose.animation.core.DecayAnimationSpec,androidx.compose.animation.core.AnimationSpec,androidx.compose.ui.unit.Density,float,kotlin.jvm.internal.DefaultConstructorMarker)>
05-06 05:56:32.547 19440 19440 D GAPS    : METHOD=<androidx.compose.foundation.gestures.snapping.SnapFlingBehavior: void <init>(androidx.compose.foundation.gestures.snapping.SnapLayoutInfoProvider,androidx.compose.animation.core.AnimationSpec,androidx.compose.animation.core.DecayAnimationSpec,androidx.compose.animation.core.AnimationSpec,androidx.compose.ui.unit.Density,float)>
05-06 05:56:32.548 19440 19440 D GAPS    : METHOD=<androidx.compose.ui.unit.DensityImpl: float toPx-0680j_4(float)>
05-06 05:56:32.548 19440 19440 D GAPS    : METHOD=<androidx.compose.ui.unit.Density$-CC: float $default$toPx-0680j_4(androidx.compose.ui.unit.Density,float)>
05-06 05:56:32.550 19440 19440 D GAPS    : CLASS=androidx.compose.foundation.gestures.ScrollableKt
05-06 05:56:32.550 19440 19440 D GAPS    : METHOD=<androidx.compose.foundation.gestures.ScrollableKt: void <clinit>()>
05-06 05:56:32.550 19440 19440 D GAPS    : CLASS=androidx.compose.foundation.gestures.ScrollableKt$NoOpScrollScope$1
05-06 05:56:32.550 19440 19440 D GAPS    : METHOD=<androidx.compose.foundation.gestures.ScrollableKt$NoOpScrollScope$1: void <init>()>
05-06 05:56:32.550 19440 19440 D GAPS    : CLASS=androidx.compose.foundation.gestures.ScrollableKt$ModifierLocalScrollableContainer$1
05-06 05:56:32.550 19440 19440 D GAPS    : METHOD=<androidx.compose.foundation.gestures.ScrollableKt$ModifierLocalScrollableContainer$1: void <clinit>()>
05-06 05:56:32.550 19440 19440 D GAPS    : METHOD=<androidx.compose.foundation.gestures.ScrollableKt$ModifierLocalScrollableContainer$1: void <init>()>
05-06 05:56:32.551 19440 19440 D GAPS    : METHOD=<androidx.compose.ui.modifier.ModifierLocalKt: androidx.compose.ui.modifier.ProvidableModifierLocal modifierLocalOf(kotlin.jvm.functions.Function0)>
05-06 05:56:32.551 19440 19440 D GAPS    : CLASS=androidx.compose.ui.modifier.ModifierLocal
05-06 05:56:32.551 19440 19440 D GAPS    : METHOD=<androidx.compose.ui.modifier.ModifierLocal: void <clinit>()>
